2025-12-28T12:06:38.358+0800 [INFO] [org.gradle.internal.nativeintegration.services.NativeServices] Initialized native services in: C:\Users\StesssQQy\.gradle\native
2025-12-28T12:06:38.454+0800 [INFO] [org.gradle.internal.nativeintegration.services.NativeServices] Initialized jansi services in: C:\Users\StesssQQy\.gradle\native
2025-12-28T12:06:38.495+0800 [LIFECYCLE] [org.gradle.launcher.cli.DebugLoggerWarningAction] 
#############################################################################
   WARNING WARNING WARNING WARNING WARNING WARNING WARNING WARNING WARNING

   Debug level logging will leak security sensitive information!

   For more details, please refer to https://docs.gradle.org/8.13/userguide/logging.html#sec:debug_security in the Gradle documentation.
#############################################################################

2025-12-28T12:06:38.567+0800 [DEBUG] [org.gradle.internal.nativeintegration.services.NativeServices] Native-platform posix files integration is not available. Continuing with fallback.
2025-12-28T12:06:38.890+0800 [DEBUG] [org.gradle.internal.remote.internal.inet.InetAddresses] Adding IP addresses for network interface Software Loopback Interface 1
2025-12-28T12:06:38.895+0800 [DEBUG] [org.gradle.internal.remote.internal.inet.InetAddresses] Is this a loopback interface? true
2025-12-28T12:06:38.898+0800 [DEBUG] [org.gradle.internal.remote.internal.inet.InetAddresses] Adding loopback address /127.0.0.1
2025-12-28T12:06:38.898+0800 [DEBUG] [org.gradle.internal.remote.internal.inet.InetAddresses] Adding loopback address /0:0:0:0:0:0:0:1
2025-12-28T12:06:38.898+0800 [DEBUG] [org.gradle.internal.remote.internal.inet.InetAddresses] Adding IP addresses for network interface Microsoft 6to4 Adapter
2025-12-28T12:06:38.904+0800 [DEBUG] [org.gradle.internal.remote.internal.inet.InetAddresses] Is this a loopback interface? false
2025-12-28T12:06:38.904+0800 [DEBUG] [org.gradle.internal.remote.internal.inet.InetAddresses] Adding IP addresses for network interface WAN Miniport (IKEv2)
2025-12-28T12:06:38.909+0800 [DEBUG] [org.gradle.internal.remote.internal.inet.InetAddresses] Is this a loopback interface? false
2025-12-28T12:06:38.910+0800 [DEBUG] [org.gradle.internal.remote.internal.inet.InetAddresses] Adding IP addresses for network interface WAN Miniport (SSTP)
2025-12-28T12:06:38.915+0800 [DEBUG] [org.gradle.internal.remote.internal.inet.InetAddresses] Is this a loopback interface? false
2025-12-28T12:06:38.916+0800 [DEBUG] [org.gradle.internal.remote.internal.inet.InetAddresses] Adding IP addresses for network interface Microsoft Wi-Fi Direct Virtual Adapter
2025-12-28T12:06:38.921+0800 [DEBUG] [org.gradle.internal.remote.internal.inet.InetAddresses] Is this a loopback interface? false
2025-12-28T12:06:38.921+0800 [DEBUG] [org.gradle.internal.remote.internal.inet.InetAddresses] Adding remote address /fe80:0:0:0:3bfd:5aa4:79a7:ada6%wlan0
2025-12-28T12:06:38.921+0800 [DEBUG] [org.gradle.internal.remote.internal.inet.InetAddresses] Adding IP addresses for network interface Microsoft IP-HTTPS Platform Adapter
2025-12-28T12:06:38.926+0800 [DEBUG] [org.gradle.internal.remote.internal.inet.InetAddresses] Is this a loopback interface? false
2025-12-28T12:06:38.926+0800 [DEBUG] [org.gradle.internal.remote.internal.inet.InetAddresses] Adding IP addresses for network interface WAN Miniport (Network Monitor)
2025-12-28T12:06:38.932+0800 [DEBUG] [org.gradle.internal.remote.internal.inet.InetAddresses] Is this a loopback interface? false
2025-12-28T12:06:38.932+0800 [DEBUG] [org.gradle.internal.remote.internal.inet.InetAddresses] Adding IP addresses for network interface Microsoft Teredo Tunneling Adapter
2025-12-28T12:06:38.938+0800 [DEBUG] [org.gradle.internal.remote.internal.inet.InetAddresses] Is this a loopback interface? false
2025-12-28T12:06:38.938+0800 [DEBUG] [org.gradle.internal.remote.internal.inet.InetAddresses] Adding remote address /2001:0:14c9:d502:30f9:9802:48cd:351e
2025-12-28T12:06:38.938+0800 [DEBUG] [org.gradle.internal.remote.internal.inet.InetAddresses] Adding remote address /fe80:0:0:0:30f9:9802:48cd:351e%net4
2025-12-28T12:06:38.938+0800 [DEBUG] [org.gradle.internal.remote.internal.inet.InetAddresses] Adding IP addresses for network interface WAN Miniport (IPv6)
2025-12-28T12:06:38.943+0800 [DEBUG] [org.gradle.internal.remote.internal.inet.InetAddresses] Is this a loopback interface? false
2025-12-28T12:06:38.944+0800 [DEBUG] [org.gradle.internal.remote.internal.inet.InetAddresses] Adding IP addresses for network interface Realtek 8822CE Wireless LAN 802.11ac PCI-E NIC
2025-12-28T12:06:38.949+0800 [DEBUG] [org.gradle.internal.remote.internal.inet.InetAddresses] Is this a loopback interface? false
2025-12-28T12:06:38.949+0800 [DEBUG] [org.gradle.internal.remote.internal.inet.InetAddresses] Adding remote address /192.168.0.101
2025-12-28T12:06:38.949+0800 [DEBUG] [org.gradle.internal.remote.internal.inet.InetAddresses] Adding remote address /fe80:0:0:0:3bfd:5aa4:79a7:ada6%wlan1
2025-12-28T12:06:38.949+0800 [DEBUG] [org.gradle.internal.remote.internal.inet.InetAddresses] Adding IP addresses for network interface Microsoft Kernel Debug Network Adapter
2025-12-28T12:06:38.954+0800 [DEBUG] [org.gradle.internal.remote.internal.inet.InetAddresses] Is this a loopback interface? false
2025-12-28T12:06:38.954+0800 [DEBUG] [org.gradle.internal.remote.internal.inet.InetAddresses] Adding IP addresses for network interface Microsoft Wi-Fi Direct Virtual Adapter #2
2025-12-28T12:06:38.959+0800 [DEBUG] [org.gradle.internal.remote.internal.inet.InetAddresses] Is this a loopback interface? false
2025-12-28T12:06:38.959+0800 [DEBUG] [org.gradle.internal.remote.internal.inet.InetAddresses] Adding remote address /fe80:0:0:0:b4b:98dc:cd2a:ef0f%wlan2
2025-12-28T12:06:38.959+0800 [DEBUG] [org.gradle.internal.remote.internal.inet.InetAddresses] Adding IP addresses for network interface WAN Miniport (PPPOE)
2025-12-28T12:06:38.964+0800 [DEBUG] [org.gradle.internal.remote.internal.inet.InetAddresses] Is this a loopback interface? false
2025-12-28T12:06:38.964+0800 [DEBUG] [org.gradle.internal.remote.internal.inet.InetAddresses] Adding IP addresses for network interface WAN Miniport (IP)
2025-12-28T12:06:38.968+0800 [DEBUG] [org.gradle.internal.remote.internal.inet.InetAddresses] Is this a loopback interface? false
2025-12-28T12:06:38.968+0800 [DEBUG] [org.gradle.internal.remote.internal.inet.InetAddresses] Adding IP addresses for network interface WAN Miniport (PPTP)
2025-12-28T12:06:38.973+0800 [DEBUG] [org.gradle.internal.remote.internal.inet.InetAddresses] Is this a loopback interface? false
2025-12-28T12:06:38.973+0800 [DEBUG] [org.gradle.internal.remote.internal.inet.InetAddresses] Adding IP addresses for network interface Famatech Radmin VPN Ethernet Adapter
2025-12-28T12:06:38.977+0800 [DEBUG] [org.gradle.internal.remote.internal.inet.InetAddresses] Is this a loopback interface? false
2025-12-28T12:06:38.977+0800 [DEBUG] [org.gradle.internal.remote.internal.inet.InetAddresses] Adding remote address /26.82.106.99
2025-12-28T12:06:38.977+0800 [DEBUG] [org.gradle.internal.remote.internal.inet.InetAddresses] Adding remote address /fdfd:0:0:0:0:0:1a52:6a63
2025-12-28T12:06:38.977+0800 [DEBUG] [org.gradle.internal.remote.internal.inet.InetAddresses] Adding remote address /fe80:0:0:0:ca58:365c:4b67:1a6e%eth4
2025-12-28T12:06:38.977+0800 [DEBUG] [org.gradle.internal.remote.internal.inet.InetAddresses] Adding IP addresses for network interface WAN Miniport (L2TP)
2025-12-28T12:06:38.982+0800 [DEBUG] [org.gradle.internal.remote.internal.inet.InetAddresses] Is this a loopback interface? false
2025-12-28T12:06:38.982+0800 [DEBUG] [org.gradle.internal.remote.internal.inet.InetAddresses] Adding IP addresses for network interface Bluetooth Device (Personal Area Network)
2025-12-28T12:06:38.987+0800 [DEBUG] [org.gradle.internal.remote.internal.inet.InetAddresses] Is this a loopback interface? false
2025-12-28T12:06:38.987+0800 [DEBUG] [org.gradle.internal.remote.internal.inet.InetAddresses] Adding IP addresses for network interface Famatech Radmin VPN Ethernet Adapter-WFP Native MAC Layer LightWeight Filter-0000
2025-12-28T12:06:38.991+0800 [DEBUG] [org.gradle.internal.remote.internal.inet.InetAddresses] Is this a loopback interface? false
2025-12-28T12:06:38.992+0800 [DEBUG] [org.gradle.internal.remote.internal.inet.InetAddresses] Adding IP addresses for network interface Famatech Radmin VPN Ethernet Adapter-QoS Packet Scheduler-0000
2025-12-28T12:06:38.996+0800 [DEBUG] [org.gradle.internal.remote.internal.inet.InetAddresses] Is this a loopback interface? false
2025-12-28T12:06:38.996+0800 [DEBUG] [org.gradle.internal.remote.internal.inet.InetAddresses] Adding IP addresses for network interface Famatech Radmin VPN Ethernet Adapter-WFP 802.3 MAC Layer LightWeight Filter-0000
2025-12-28T12:06:39.004+0800 [DEBUG] [org.gradle.internal.remote.internal.inet.InetAddresses] Is this a loopback interface? false
2025-12-28T12:06:39.010+0800 [DEBUG] [org.gradle.internal.remote.internal.inet.InetAddresses] Adding IP addresses for network interface Realtek 8822CE Wireless LAN 802.11ac PCI-E NIC-WFP Native MAC Layer LightWeight Filter-0000
2025-12-28T12:06:39.016+0800 [DEBUG] [org.gradle.internal.remote.internal.inet.InetAddresses] Is this a loopback interface? false
2025-12-28T12:06:39.016+0800 [DEBUG] [org.gradle.internal.remote.internal.inet.InetAddresses] Adding IP addresses for network interface Realtek 8822CE Wireless LAN 802.11ac PCI-E NIC-Virtual WiFi Filter Driver-0000
2025-12-28T12:06:39.021+0800 [DEBUG] [org.gradle.internal.remote.internal.inet.InetAddresses] Is this a loopback interface? false
2025-12-28T12:06:39.021+0800 [DEBUG] [org.gradle.internal.remote.internal.inet.InetAddresses] Adding IP addresses for network interface Realtek 8822CE Wireless LAN 802.11ac PCI-E NIC-Native WiFi Filter Driver-0000
2025-12-28T12:06:39.026+0800 [DEBUG] [org.gradle.internal.remote.internal.inet.InetAddresses] Is this a loopback interface? false
2025-12-28T12:06:39.026+0800 [DEBUG] [org.gradle.internal.remote.internal.inet.InetAddresses] Adding IP addresses for network interface Realtek 8822CE Wireless LAN 802.11ac PCI-E NIC-QoS Packet Scheduler-0000
2025-12-28T12:06:39.031+0800 [DEBUG] [org.gradle.internal.remote.internal.inet.InetAddresses] Is this a loopback interface? false
2025-12-28T12:06:39.031+0800 [DEBUG] [org.gradle.internal.remote.internal.inet.InetAddresses] Adding IP addresses for network interface Realtek 8822CE Wireless LAN 802.11ac PCI-E NIC-WFP 802.3 MAC Layer LightWeight Filter-0000
2025-12-28T12:06:39.037+0800 [DEBUG] [org.gradle.internal.remote.internal.inet.InetAddresses] Is this a loopback interface? false
2025-12-28T12:06:39.037+0800 [DEBUG] [org.gradle.internal.remote.internal.inet.InetAddresses] Adding IP addresses for network interface Microsoft Wi-Fi Direct Virtual Adapter-WFP Native MAC Layer LightWeight Filter-0000
2025-12-28T12:06:39.042+0800 [DEBUG] [org.gradle.internal.remote.internal.inet.InetAddresses] Is this a loopback interface? false
2025-12-28T12:06:39.042+0800 [DEBUG] [org.gradle.internal.remote.internal.inet.InetAddresses] Adding IP addresses for network interface Microsoft Wi-Fi Direct Virtual Adapter-Native WiFi Filter Driver-0000
2025-12-28T12:06:39.048+0800 [DEBUG] [org.gradle.internal.remote.internal.inet.InetAddresses] Is this a loopback interface? false
2025-12-28T12:06:39.048+0800 [DEBUG] [org.gradle.internal.remote.internal.inet.InetAddresses] Adding IP addresses for network interface Microsoft Wi-Fi Direct Virtual Adapter-QoS Packet Scheduler-0000
2025-12-28T12:06:39.054+0800 [DEBUG] [org.gradle.internal.remote.internal.inet.InetAddresses] Is this a loopback interface? false
2025-12-28T12:06:39.054+0800 [DEBUG] [org.gradle.internal.remote.internal.inet.InetAddresses] Adding IP addresses for network interface Microsoft Wi-Fi Direct Virtual Adapter-WFP 802.3 MAC Layer LightWeight Filter-0000
2025-12-28T12:06:39.059+0800 [DEBUG] [org.gradle.internal.remote.internal.inet.InetAddresses] Is this a loopback interface? false
2025-12-28T12:06:39.059+0800 [DEBUG] [org.gradle.internal.remote.internal.inet.InetAddresses] Adding IP addresses for network interface Microsoft Wi-Fi Direct Virtual Adapter #2-WFP Native MAC Layer LightWeight Filter-0000
2025-12-28T12:06:39.064+0800 [DEBUG] [org.gradle.internal.remote.internal.inet.InetAddresses] Is this a loopback interface? false
2025-12-28T12:06:39.064+0800 [DEBUG] [org.gradle.internal.remote.internal.inet.InetAddresses] Adding IP addresses for network interface Microsoft Wi-Fi Direct Virtual Adapter #2-Native WiFi Filter Driver-0000
2025-12-28T12:06:39.069+0800 [DEBUG] [org.gradle.internal.remote.internal.inet.InetAddresses] Is this a loopback interface? false
2025-12-28T12:06:39.069+0800 [DEBUG] [org.gradle.internal.remote.internal.inet.InetAddresses] Adding IP addresses for network interface Microsoft Wi-Fi Direct Virtual Adapter #2-QoS Packet Scheduler-0000
2025-12-28T12:06:39.074+0800 [DEBUG] [org.gradle.internal.remote.internal.inet.InetAddresses] Is this a loopback interface? false
2025-12-28T12:06:39.074+0800 [DEBUG] [org.gradle.internal.remote.internal.inet.InetAddresses] Adding IP addresses for network interface Microsoft Wi-Fi Direct Virtual Adapter #2-WFP 802.3 MAC Layer LightWeight Filter-0000
2025-12-28T12:06:39.079+0800 [DEBUG] [org.gradle.internal.remote.internal.inet.InetAddresses] Is this a loopback interface? false
2025-12-28T12:06:39.079+0800 [DEBUG] [org.gradle.internal.remote.internal.inet.InetAddresses] Adding IP addresses for network interface WAN Miniport (IP)-WFP Native MAC Layer LightWeight Filter-0000
2025-12-28T12:06:39.084+0800 [DEBUG] [org.gradle.internal.remote.internal.inet.InetAddresses] Is this a loopback interface? false
2025-12-28T12:06:39.084+0800 [DEBUG] [org.gradle.internal.remote.internal.inet.InetAddresses] Adding IP addresses for network interface WAN Miniport (IP)-QoS Packet Scheduler-0000
2025-12-28T12:06:39.089+0800 [DEBUG] [org.gradle.internal.remote.internal.inet.InetAddresses] Is this a loopback interface? false
2025-12-28T12:06:39.089+0800 [DEBUG] [org.gradle.internal.remote.internal.inet.InetAddresses] Adding IP addresses for network interface WAN Miniport (IPv6)-WFP Native MAC Layer LightWeight Filter-0000
2025-12-28T12:06:39.094+0800 [DEBUG] [org.gradle.internal.remote.internal.inet.InetAddresses] Is this a loopback interface? false
2025-12-28T12:06:39.094+0800 [DEBUG] [org.gradle.internal.remote.internal.inet.InetAddresses] Adding IP addresses for network interface WAN Miniport (IPv6)-QoS Packet Scheduler-0000
2025-12-28T12:06:39.099+0800 [DEBUG] [org.gradle.internal.remote.internal.inet.InetAddresses] Is this a loopback interface? false
2025-12-28T12:06:39.099+0800 [DEBUG] [org.gradle.internal.remote.internal.inet.InetAddresses] Adding IP addresses for network interface WAN Miniport (Network Monitor)-WFP Native MAC Layer LightWeight Filter-0000
2025-12-28T12:06:39.104+0800 [DEBUG] [org.gradle.internal.remote.internal.inet.InetAddresses] Is this a loopback interface? false
2025-12-28T12:06:39.104+0800 [DEBUG] [org.gradle.internal.remote.internal.inet.InetAddresses] Adding IP addresses for network interface WAN Miniport (Network Monitor)-QoS Packet Scheduler-0000
2025-12-28T12:06:39.110+0800 [DEBUG] [org.gradle.internal.remote.internal.inet.InetAddresses] Is this a loopback interface? false
2025-12-28T12:06:39.186+0800 [DEBUG] [org.gradle.cache.internal.DefaultCacheCoordinator] Creating new cache for metadata, path C:\Users\StesssQQy\.gradle\caches\8.13\jvms\metadata.bin, access org.gradle.cache.internal.DefaultCacheCoordinator@3697186
2025-12-28T12:06:39.247+0800 [LIFECYCLE] [org.gradle.launcher.daemon.client.SingleUseDaemonClient] To honour the JVM settings for this build a single-use Daemon process will be forked. For more on this, please refer to https://docs.gradle.org/8.13/userguide/gradle_daemon.html#sec:disabling_the_daemon in the Gradle documentation.
2025-12-28T12:06:39.522+0800 [DEBUG] [org.gradle.launcher.daemon.client.DefaultDaemonStarter] Using daemon args: [D:\Program Files\Java\jdk-17\bin\java.exe, --add-opens=java.base/java.lang=ALL-UNNAMED, --add-opens=java.base/java.lang.invoke=ALL-UNNAMED, --add-opens=java.base/java.util=ALL-UNNAMED, --add-opens=java.prefs/java.util.prefs=ALL-UNNAMED, --add-exports=jdk.compiler/com.sun.tools.javac.api=ALL-UNNAMED, --add-exports=jdk.compiler/com.sun.tools.javac.util=ALL-UNNAMED, --add-opens=java.base/java.util=ALL-UNNAMED, --add-opens=java.prefs/java.util.prefs=ALL-UNNAMED, --add-opens=java.base/java.nio.charset=ALL-UNNAMED, --add-opens=java.base/java.net=ALL-UNNAMED, --add-opens=java.base/java.util.concurrent.atomic=ALL-UNNAMED, --add-opens=java.xml/javax.xml.namespace=ALL-UNNAMED, -Xmx3G, -Dfile.encoding=GBK, -Duser.country=CN, -Duser.language=zh, -Duser.variant, -cp, C:\Users\StesssQQy\.trae-cn\tools\gradle\latest\lib\gradle-daemon-main-8.13.jar, -javaagent:C:\Users\StesssQQy\.trae-cn\tools\gradle\latest\lib\agents\gradle-instrumentation-agent-8.13.jar]
2025-12-28T12:06:39.529+0800 [DEBUG] [org.gradle.launcher.daemon.client.DefaultDaemonStarter] Starting daemon process: workingDir = C:\Users\StesssQQy\.gradle\daemon\8.13, daemonArgs: [D:\Program Files\Java\jdk-17\bin\java.exe, --add-opens=java.base/java.lang=ALL-UNNAMED, --add-opens=java.base/java.lang.invoke=ALL-UNNAMED, --add-opens=java.base/java.util=ALL-UNNAMED, --add-opens=java.prefs/java.util.prefs=ALL-UNNAMED, --add-exports=jdk.compiler/com.sun.tools.javac.api=ALL-UNNAMED, --add-exports=jdk.compiler/com.sun.tools.javac.util=ALL-UNNAMED, --add-opens=java.base/java.util=ALL-UNNAMED, --add-opens=java.prefs/java.util.prefs=ALL-UNNAMED, --add-opens=java.base/java.nio.charset=ALL-UNNAMED, --add-opens=java.base/java.net=ALL-UNNAMED, --add-opens=java.base/java.util.concurrent.atomic=ALL-UNNAMED, --add-opens=java.xml/javax.xml.namespace=ALL-UNNAMED, -Xmx3G, -Dfile.encoding=GBK, -Duser.country=CN, -Duser.language=zh, -Duser.variant, -cp, C:\Users\StesssQQy\.trae-cn\tools\gradle\latest\lib\gradle-daemon-main-8.13.jar, -javaagent:C:\Users\StesssQQy\.trae-cn\tools\gradle\latest\lib\agents\gradle-instrumentation-agent-8.13.jar, org.gradle.launcher.daemon.bootstrap.GradleDaemon, 8.13]
2025-12-28T12:06:39.566+0800 [INFO] [org.gradle.process.internal.DefaultExecHandle] Starting process 'Gradle build daemon'. Working directory: C:\Users\StesssQQy\.gradle\daemon\8.13 Command: D:\Program Files\Java\jdk-17\bin\java.exe --add-opens=java.base/java.lang=ALL-UNNAMED --add-opens=java.base/java.lang.invoke=ALL-UNNAMED --add-opens=java.base/java.util=ALL-UNNAMED --add-opens=java.prefs/java.util.prefs=ALL-UNNAMED --add-exports=jdk.compiler/com.sun.tools.javac.api=ALL-UNNAMED --add-exports=jdk.compiler/com.sun.tools.javac.util=ALL-UNNAMED --add-opens=java.base/java.util=ALL-UNNAMED --add-opens=java.prefs/java.util.prefs=ALL-UNNAMED --add-opens=java.base/java.nio.charset=ALL-UNNAMED --add-opens=java.base/java.net=ALL-UNNAMED --add-opens=java.base/java.util.concurrent.atomic=ALL-UNNAMED --add-opens=java.xml/javax.xml.namespace=ALL-UNNAMED -Xmx3G -Dfile.encoding=GBK -Duser.country=CN -Duser.language=zh -Duser.variant -cp C:\Users\StesssQQy\.trae-cn\tools\gradle\latest\lib\gradle-daemon-main-8.13.jar -javaagent:C:\Users\StesssQQy\.trae-cn\tools\gradle\latest\lib\agents\gradle-instrumentation-agent-8.13.jar org.gradle.launcher.daemon.bootstrap.GradleDaemon 8.13
2025-12-28T12:06:39.566+0800 [DEBUG] [org.gradle.process.internal.DefaultExecHandle] Changing state to: STARTING
2025-12-28T12:06:39.570+0800 [DEBUG] [org.gradle.process.internal.DefaultExecHandle] Waiting until process started: Gradle build daemon.
2025-12-28T12:06:39.593+0800 [DEBUG] [org.gradle.process.internal.DefaultExecHandle] Changing state to: STARTED
2025-12-28T12:06:39.593+0800 [DEBUG] [org.gradle.process.internal.ExecHandleRunner] waiting until streams are handled...
2025-12-28T12:06:39.593+0800 [INFO] [org.gradle.process.internal.DefaultExecHandle] Successfully started process 'Gradle build daemon'
2025-12-28T12:06:39.593+0800 [DEBUG] [org.gradle.launcher.daemon.client.DefaultDaemonStarter] Gradle daemon process is starting. Waiting for the daemon to detach...
2025-12-28T12:06:39.593+0800 [DEBUG] [org.gradle.launcher.daemon.bootstrap.DaemonOutputConsumer] Starting consuming the daemon process output.
2025-12-28T12:06:44.231+0800 [DEBUG] [org.gradle.launcher.daemon.bootstrap.DaemonOutputConsumer] daemon out: Daemon started. About to close the streams. Daemon details: 01000431313732002436626330616433302d633639352d346537322d393961392d61656161363865373532616253c410a04503443890bb6eac9001b78300001e5700000001000000047f000001003a433a5c55736572735c5374657373735151795c2e677261646c655c6461656d6f6e5c382e31335c6461656d6f6e2d313137322e6f75742e6c6f67
2025-12-28T12:06:44.233+0800 [DEBUG] [org.gradle.process.internal.DefaultExecHandle] Changing state to: DETACHED
2025-12-28T12:06:44.233+0800 [DEBUG] [org.gradle.process.internal.DefaultExecHandle] Process 'Gradle build daemon' finished with exit value 0 (state: DETACHED)
2025-12-28T12:06:44.233+0800 [DEBUG] [org.gradle.launcher.daemon.client.DefaultDaemonStarter] Gradle daemon process is now detached.
2025-12-28T12:06:44.240+0800 [INFO] [org.gradle.launcher.daemon.client.DefaultDaemonStarter] An attempt to start the daemon took 4.707 secs.
2025-12-28T12:06:44.240+0800 [DEBUG] [org.gradle.launcher.daemon.client.DefaultDaemonConnector] Started Gradle daemon DaemonStartupInfo{pid=1172, uid=6bc0ad30-c695-4e72-99a9-aeaa68e752ab, address=[53c410a0-4503-4438-90bb-6eac9001b783 port:7767, addresses:[/127.0.0.1]], diagnostics={pid=1172, daemonLog=C:\Users\StesssQQy\.gradle\daemon\8.13\daemon-1172.out.log}}
2025-12-28T12:06:44.252+0800 [DEBUG] [org.gradle.cache.internal.DefaultFileLockManager] Waiting to acquire shared lock on daemon addresses registry.
2025-12-28T12:06:44.255+0800 [DEBUG] [org.gradle.cache.internal.DefaultFileLockManager] Lock acquired on daemon addresses registry.
2025-12-28T12:06:44.258+0800 [DEBUG] [org.gradle.cache.internal.DefaultFileLockManager] Releasing lock on daemon addresses registry.
2025-12-28T12:06:44.259+0800 [DEBUG] [org.gradle.internal.remote.internal.inet.TcpOutgoingConnector] Attempting to connect to [53c410a0-4503-4438-90bb-6eac9001b783 port:7767, addresses:[/127.0.0.1]].
2025-12-28T12:06:44.259+0800 [DEBUG] [org.gradle.internal.remote.internal.inet.TcpOutgoingConnector] Trying to connect to address /127.0.0.1.
2025-12-28T12:06:44.267+0800 [DEBUG] [org.gradle.internal.remote.internal.inet.TcpOutgoingConnector] Connected to address /127.0.0.1:7767.
2025-12-28T12:06:44.407+0800 [DEBUG] [org.gradle.launcher.daemon.client.DaemonClient] Connected to daemon DaemonInfo{pid=1172, address=[53c410a0-4503-4438-90bb-6eac9001b783 port:7767, addresses:[/127.0.0.1]], state=Busy, lastBusy=1766894804221, context=DefaultDaemonContext[uid=6bc0ad30-c695-4e72-99a9-aeaa68e752ab,javaHome=D:\Program Files\Java\jdk-17,javaVersion=17,javaVendor=Oracle Corporation,daemonRegistryDir=C:\Users\StesssQQy\.gradle\daemon,pid=1172,idleTimeout=120000,priority=NORMAL,applyInstrumentationAgent=true,nativeServicesMode=ENABLED,daemonOpts=-Xmx3G,-Dfile.encoding=GBK,-Duser.country=CN,-Duser.language=zh,-Duser.variant]}. Dispatching request Build{id=81f075ce-bd17-48f2-9330-34a1f5d06635, currentDir=E:\Workpace\MOD\Neo Anomalous Might}.
2025-12-28T12:06:44.407+0800 [DEBUG] [org.gradle.launcher.daemon.client.DaemonClientConnection] thread 1: dispatching class org.gradle.launcher.daemon.protocol.Build
2025-12-28T12:06:44.488+0800 [DEBUG] [org.gradle.launcher.daemon.client.DaemonClient] Received result org.gradle.launcher.daemon.protocol.BuildStarted@6b54655f from daemon DaemonInfo{pid=1172, address=[53c410a0-4503-4438-90bb-6eac9001b783 port:7767, addresses:[/127.0.0.1]], state=Busy, lastBusy=1766894804221, context=DefaultDaemonContext[uid=6bc0ad30-c695-4e72-99a9-aeaa68e752ab,javaHome=D:\Program Files\Java\jdk-17,javaVersion=17,javaVendor=Oracle Corporation,daemonRegistryDir=C:\Users\StesssQQy\.gradle\daemon,pid=1172,idleTimeout=120000,priority=NORMAL,applyInstrumentationAgent=true,nativeServicesMode=ENABLED,daemonOpts=-Xmx3G,-Dfile.encoding=GBK,-Duser.country=CN,-Duser.language=zh,-Duser.variant]} (build should be starting).
2025-12-28T12:06:44.502+0800 [INFO] [org.gradle.launcher.daemon.server.exec.LogToClient] The client will now receive all logging from the daemon (pid: 1172). The daemon log file: C:\Users\StesssQQy\.gradle\daemon\8.13\daemon-1172.out.log
2025-12-28T12:06:44.505+0800 [DEBUG] [org.gradle.launcher.daemon.server.exec.RequestStopIfSingleUsedDaemon] Requesting daemon stop after processing Build{id=81f075ce-bd17-48f2-9330-34a1f5d06635, currentDir=E:\Workpace\MOD\Neo Anomalous Might}
2025-12-28T12:06:44.505+0800 [LIFECYCLE] [org.gradle.launcher.daemon.server.DaemonStateCoordinator] Daemon will be stopped at the end of the build 
2025-12-28T12:06:44.505+0800 [DEBUG] [org.gradle.launcher.daemon.server.DaemonStateCoordinator] Stop as soon as idle requested. The daemon is busy
2025-12-28T12:06:44.505+0800 [DEBUG] [org.gradle.launcher.daemon.server.DaemonStateCoordinator] daemon stop has been requested. Sleeping until state changes.
2025-12-28T12:06:44.508+0800 [DEBUG] [org.gradle.launcher.daemon.server.exec.ExecuteBuild] The daemon has started executing the build.
2025-12-28T12:06:44.508+0800 [DEBUG] [org.gradle.launcher.daemon.server.exec.ExecuteBuild] Executing build with daemon context: DefaultDaemonContext[uid=6bc0ad30-c695-4e72-99a9-aeaa68e752ab,javaHome=D:\Program Files\Java\jdk-17,javaVersion=17,javaVendor=Oracle Corporation,daemonRegistryDir=C:\Users\StesssQQy\.gradle\daemon,pid=1172,idleTimeout=120000,priority=NORMAL,applyInstrumentationAgent=true,nativeServicesMode=ENABLED,daemonOpts=-Xmx3G,-Dfile.encoding=GBK,-Duser.country=CN,-Duser.language=zh,-Duser.variant]
2025-12-28T12:06:45.042+0800 [DEBUG] [org.gradle.cache.internal.DefaultCacheCoordinator] Creating new cache for file-access, path C:\Users\StesssQQy\.gradle\caches\journal-1\file-access.bin, access org.gradle.cache.internal.DefaultCacheCoordinator@732bb73a
2025-12-28T12:06:45.057+0800 [DEBUG] [org.gradle.cache.internal.DefaultInMemoryCacheDecoratorFactory] Creating in-memory store for cache C:\Users\StesssQQy\.gradle\caches\journal-1\file-access.bin (max size: 38400)
2025-12-28T12:06:45.060+0800 [DEBUG] [org.gradle.cache.internal.LockOnDemandCrossProcessCacheAccess] Acquiring file lock for journal cache (C:\Users\StesssQQy\.gradle\caches\journal-1)
2025-12-28T12:06:45.066+0800 [DEBUG] [org.gradle.cache.internal.locklistener.DefaultFileLockContentionHandler] Starting file lock listener thread.
2025-12-28T12:06:45.066+0800 [DEBUG] [org.gradle.cache.internal.DefaultFileLockManager] Waiting to acquire exclusive lock on journal cache (C:\Users\StesssQQy\.gradle\caches\journal-1).
2025-12-28T12:06:45.067+0800 [DEBUG] [org.gradle.cache.internal.DefaultFileLockManager] Lock acquired on journal cache (C:\Users\StesssQQy\.gradle\caches\journal-1).
2025-12-28T12:06:45.103+0800 [DEBUG] [org.gradle.cache.internal.DefaultCacheCoordinator] Creating new cache for resourceHashesCache, path C:\Users\StesssQQy\.gradle\caches\8.13\fileHashes\resourceHashesCache.bin, access org.gradle.cache.internal.DefaultCacheCoordinator@625cb7a3
2025-12-28T12:06:45.104+0800 [DEBUG] [org.gradle.cache.internal.DefaultInMemoryCacheDecoratorFactory] Creating in-memory store for cache C:\Users\StesssQQy\.gradle\caches\8.13\fileHashes\resourceHashesCache.bin (max size: 1537800)
2025-12-28T12:06:45.104+0800 [DEBUG] [org.gradle.cache.internal.LockOnDemandCrossProcessCacheAccess] Acquiring file lock for file hash cache (C:\Users\StesssQQy\.gradle\caches\8.13\fileHashes)
2025-12-28T12:06:45.108+0800 [DEBUG] [org.gradle.cache.internal.DefaultFileLockManager] Waiting to acquire exclusive lock on file hash cache (C:\Users\StesssQQy\.gradle\caches\8.13\fileHashes).
2025-12-28T12:06:45.109+0800 [DEBUG] [org.gradle.cache.internal.DefaultFileLockManager] Lock acquired on file hash cache (C:\Users\StesssQQy\.gradle\caches\8.13\fileHashes).
2025-12-28T12:06:45.134+0800 [DEBUG] [org.gradle.cache.internal.DefaultCacheCoordinator] Creating new cache for fileHashes, path C:\Users\StesssQQy\.gradle\caches\8.13\fileHashes\fileHashes.bin, access org.gradle.cache.internal.DefaultCacheCoordinator@625cb7a3
2025-12-28T12:06:45.134+0800 [DEBUG] [org.gradle.cache.internal.DefaultInMemoryCacheDecoratorFactory] Creating in-memory store for cache C:\Users\StesssQQy\.gradle\caches\8.13\fileHashes\fileHashes.bin (max size: 1537800)
2025-12-28T12:06:45.277+0800 [INFO] [org.gradle.internal.work.DefaultWorkerLeaseService] Using 8 worker leases.
2025-12-28T12:06:45.306+0800 [DEBUG] [org.gradle.internal.resources.AbstractTrackedResourceLock] Daemon worker: acquired lock on worker lease
2025-12-28T12:06:45.316+0800 [DEBUG] [org.gradle.internal.operations.DefaultBuildOperationRunner] Build operation 'Run build' started
2025-12-28T12:06:46.003+0800 [INFO] [org.gradle.internal.jvm.inspection.DefaultJvmMetadataDetector] Received JVM installation metadata from 'D:\Program Files\Java\jdk-17': {JAVA_HOME=D:\Program Files\Java\jdk-17, JAVA_VERSION=17.0.12, JAVA_VENDOR=Oracle Corporation, RUNTIME_NAME=Java(TM) SE Runtime Environment, RUNTIME_VERSION=17.0.12+8-LTS-286, VM_NAME=Java HotSpot(TM) 64-Bit Server VM, VM_VERSION=17.0.12+8-LTS-286, VM_VENDOR=Oracle Corporation, OS_ARCH=amd64}
2025-12-28T12:06:46.341+0800 [DEBUG] [org.gradle.cache.internal.DefaultCacheCoordinator] Creating new cache for fileHashes, path E:\Workpace\MOD\Neo Anomalous Might\.gradle\8.13\fileHashes\fileHashes.bin, access org.gradle.cache.internal.DefaultCacheCoordinator@3e861413
2025-12-28T12:06:46.342+0800 [DEBUG] [org.gradle.cache.internal.DefaultInMemoryCacheDecoratorFactory] Creating in-memory store for cache E:\Workpace\MOD\Neo Anomalous Might\.gradle\8.13\fileHashes\fileHashes.bin (max size: 1537800)
2025-12-28T12:06:46.342+0800 [DEBUG] [org.gradle.cache.internal.LockOnDemandCrossProcessCacheAccess] Acquiring file lock for file hash cache (E:\Workpace\MOD\Neo Anomalous Might\.gradle\8.13\fileHashes)
2025-12-28T12:06:46.356+0800 [DEBUG] [org.gradle.cache.internal.DefaultFileLockManager] Waiting to acquire exclusive lock on file hash cache (E:\Workpace\MOD\Neo Anomalous Might\.gradle\8.13\fileHashes).
2025-12-28T12:06:46.357+0800 [DEBUG] [org.gradle.cache.internal.DefaultFileLockManager] Lock acquired on file hash cache (E:\Workpace\MOD\Neo Anomalous Might\.gradle\8.13\fileHashes).
2025-12-28T12:06:46.375+0800 [DEBUG] [org.gradle.cache.internal.DefaultCacheCoordinator] Creating new cache for outputFiles, path E:\Workpace\MOD\Neo Anomalous Might\.gradle\buildOutputCleanup\outputFiles.bin, access org.gradle.cache.internal.DefaultCacheCoordinator@f50f992
2025-12-28T12:06:46.376+0800 [DEBUG] [org.gradle.cache.internal.DefaultInMemoryCacheDecoratorFactory] Creating in-memory store for cache E:\Workpace\MOD\Neo Anomalous Might\.gradle\buildOutputCleanup\outputFiles.bin (max size: 384400)
2025-12-28T12:06:46.376+0800 [DEBUG] [org.gradle.cache.internal.LockOnDemandCrossProcessCacheAccess] Acquiring file lock for Build Output Cleanup Cache (E:\Workpace\MOD\Neo Anomalous Might\.gradle\buildOutputCleanup)
2025-12-28T12:06:46.393+0800 [DEBUG] [org.gradle.cache.internal.DefaultFileLockManager] Waiting to acquire exclusive lock on Build Output Cleanup Cache (E:\Workpace\MOD\Neo Anomalous Might\.gradle\buildOutputCleanup).
2025-12-28T12:06:46.394+0800 [DEBUG] [org.gradle.cache.internal.DefaultFileLockManager] Lock acquired on Build Output Cleanup Cache (E:\Workpace\MOD\Neo Anomalous Might\.gradle\buildOutputCleanup).
2025-12-28T12:06:46.522+0800 [DEBUG] [org.gradle.cache.internal.DefaultCacheCoordinator] Creating new cache for resourceHashesCache, path E:\Workpace\MOD\Neo Anomalous Might\.gradle\8.13\fileHashes\resourceHashesCache.bin, access org.gradle.cache.internal.DefaultCacheCoordinator@3e861413
2025-12-28T12:06:46.522+0800 [DEBUG] [org.gradle.cache.internal.DefaultInMemoryCacheDecoratorFactory] Creating in-memory store for cache E:\Workpace\MOD\Neo Anomalous Might\.gradle\8.13\fileHashes\resourceHashesCache.bin (max size: 3075700)
2025-12-28T12:06:46.773+0800 [INFO] [org.gradle.tooling.internal.provider.FileSystemWatchingBuildActionRunner] Watching the file system is configured to be enabled if available
2025-12-28T12:06:46.774+0800 [DEBUG] [org.gradle.tooling.internal.provider.FileSystemWatchingBuildActionRunner] Watching the file system computed to be enabled if available
2025-12-28T12:06:46.776+0800 [DEBUG] [org.gradle.internal.operations.DefaultBuildOperationRunner] Build operation 'Build started for file system watching' started
2025-12-28T12:06:46.782+0800 [DEBUG] [org.gradle.internal.watch.vfs.impl.DefaultWatchableFileSystemDetector] Detected NTFS: C:\ from \Device\HarddiskVolume3 (remote: false)
2025-12-28T12:06:46.782+0800 [DEBUG] [org.gradle.internal.watch.vfs.impl.DefaultWatchableFileSystemDetector] Detected NTFS: D:\ from \Device\HarddiskVolume4 (remote: false)
2025-12-28T12:06:46.783+0800 [DEBUG] [org.gradle.internal.watch.vfs.impl.DefaultWatchableFileSystemDetector] Detected NTFS: E:\ from \Device\HarddiskVolume5 (remote: false)
2025-12-28T12:06:46.801+0800 [DEBUG] [org.gradle.internal.watch.registry.impl.DefaultFileWatcherRegistry] Started listening to file system change events
2025-12-28T12:06:46.811+0800 [INFO] [org.gradle.internal.watch.registry.impl.WatchableHierarchies] Now considering [E:\Workpace\MOD\Neo Anomalous Might] as hierarchies to watch
2025-12-28T12:06:46.811+0800 [DEBUG] [org.gradle.internal.watch.registry.impl.DefaultFileWatcherProbeRegistry] Registering probe for E:\Workpace\MOD\Neo Anomalous Might
2025-12-28T12:06:46.818+0800 [DEBUG] [org.gradle.internal.operations.DefaultBuildOperationRunner] Completing Build operation 'Build started for file system watching'
2025-12-28T12:06:46.819+0800 [DEBUG] [org.gradle.internal.operations.DefaultBuildOperationRunner] Build operation 'Build started for file system watching' completed
2025-12-28T12:06:46.819+0800 [INFO] [org.gradle.tooling.internal.provider.FileSystemWatchingBuildActionRunner] File system watching is active
2025-12-28T12:06:46.849+0800 [DEBUG] [org.gradle.internal.operations.DefaultBuildOperationRunner] Build operation 'Load build' started
2025-12-28T12:06:46.886+0800 [DEBUG] [org.gradle.initialization.properties.DefaultProjectPropertiesLoader] Found env project properties: []
2025-12-28T12:06:46.886+0800 [DEBUG] [org.gradle.initialization.properties.DefaultProjectPropertiesLoader] Found system project properties: []
2025-12-28T12:06:46.894+0800 [DEBUG] [org.gradle.initialization.DefaultSettingsLoader] Loading build definition for build: ':'
2025-12-28T12:06:46.897+0800 [DEBUG] [org.gradle.internal.operations.DefaultBuildOperationRunner] Build operation 'Evaluate settings' started
2025-12-28T12:06:48.293+0800 [INFO] [org.gradle.internal.buildevents.BuildLogger] Starting Build
2025-12-28T12:06:48.294+0800 [DEBUG] [org.gradle.internal.buildevents.BuildLogger] Gradle user home: C:\Users\StesssQQy\.gradle
2025-12-28T12:06:48.294+0800 [DEBUG] [org.gradle.internal.buildevents.BuildLogger] Current dir: E:\Workpace\MOD\Neo Anomalous Might
2025-12-28T12:06:48.295+0800 [DEBUG] [org.gradle.internal.buildevents.BuildLogger] Settings file: null
2025-12-28T12:06:48.296+0800 [DEBUG] [org.gradle.internal.buildevents.BuildLogger] Build file: null
2025-12-28T12:06:48.372+0800 [DEBUG] [org.gradle.internal.operations.DefaultBuildOperationRunner] Build operation 'Apply settings file 'settings.gradle' to settings 'Neo Anomalous Might'' started
2025-12-28T12:06:48.429+0800 [DEBUG] [org.gradle.internal.operations.DefaultBuildOperationRunner] Build operation 'Identifying work' started
2025-12-28T12:06:48.448+0800 [DEBUG] [org.gradle.internal.operations.DefaultBuildOperationRunner] Completing Build operation 'Identifying work'
2025-12-28T12:06:48.449+0800 [DEBUG] [org.gradle.internal.operations.DefaultBuildOperationRunner] Build operation 'Identifying work' completed
2025-12-28T12:06:48.462+0800 [DEBUG] [org.gradle.cache.internal.btree.BTreePersistentIndexedCache] Opening cache file-access.bin (C:\Users\StesssQQy\.gradle\caches\journal-1\file-access.bin)
2025-12-28T12:06:48.491+0800 [DEBUG] [org.gradle.cache.internal.btree.BTreePersistentIndexedCache] Opening cache fileHashes.bin (C:\Users\StesssQQy\.gradle\caches\8.13\fileHashes\fileHashes.bin)
2025-12-28T12:06:48.569+0800 [DEBUG] [org.gradle.cache.internal.LockOnDemandCrossProcessCacheAccess] Acquiring file lock for jars (C:\Users\StesssQQy\.gradle\caches\jars-9)
2025-12-28T12:06:48.575+0800 [DEBUG] [org.gradle.cache.internal.DefaultFileLockManager] Waiting to acquire exclusive lock on jars (C:\Users\StesssQQy\.gradle\caches\jars-9).
2025-12-28T12:06:48.576+0800 [DEBUG] [org.gradle.cache.internal.DefaultFileLockManager] Lock acquired on jars (C:\Users\StesssQQy\.gradle\caches\jars-9).
2025-12-28T12:06:48.823+0800 [DEBUG] [org.gradle.cache.internal.DefaultCacheCoordinator] Creating new cache for md5-checksums, path E:\Workpace\MOD\Neo Anomalous Might\.gradle\8.13\checksums\md5-checksums.bin, access org.gradle.cache.internal.DefaultCacheCoordinator@700b8e83
2025-12-28T12:06:48.824+0800 [DEBUG] [org.gradle.cache.internal.DefaultInMemoryCacheDecoratorFactory] Creating in-memory store for cache E:\Workpace\MOD\Neo Anomalous Might\.gradle\8.13\checksums\md5-checksums.bin (max size: 3800)
2025-12-28T12:06:48.824+0800 [DEBUG] [org.gradle.cache.internal.LockOnDemandCrossProcessCacheAccess] Acquiring file lock for checksums cache (E:\Workpace\MOD\Neo Anomalous Might\.gradle\8.13\checksums)
2025-12-28T12:06:48.839+0800 [DEBUG] [org.gradle.cache.internal.DefaultFileLockManager] Waiting to acquire exclusive lock on checksums cache (E:\Workpace\MOD\Neo Anomalous Might\.gradle\8.13\checksums).
2025-12-28T12:06:48.840+0800 [DEBUG] [org.gradle.cache.internal.DefaultFileLockManager] Lock acquired on checksums cache (E:\Workpace\MOD\Neo Anomalous Might\.gradle\8.13\checksums).
2025-12-28T12:06:48.841+0800 [DEBUG] [org.gradle.cache.internal.DefaultCacheCoordinator] Creating new cache for sha1-checksums, path E:\Workpace\MOD\Neo Anomalous Might\.gradle\8.13\checksums\sha1-checksums.bin, access org.gradle.cache.internal.DefaultCacheCoordinator@700b8e83
2025-12-28T12:06:48.841+0800 [DEBUG] [org.gradle.cache.internal.DefaultInMemoryCacheDecoratorFactory] Creating in-memory store for cache E:\Workpace\MOD\Neo Anomalous Might\.gradle\8.13\checksums\sha1-checksums.bin (max size: 3800)
2025-12-28T12:06:48.841+0800 [DEBUG] [org.gradle.cache.internal.DefaultCacheCoordinator] Creating new cache for sha256-checksums, path E:\Workpace\MOD\Neo Anomalous Might\.gradle\8.13\checksums\sha256-checksums.bin, access org.gradle.cache.internal.DefaultCacheCoordinator@700b8e83
2025-12-28T12:06:48.842+0800 [DEBUG] [org.gradle.cache.internal.DefaultInMemoryCacheDecoratorFactory] Creating in-memory store for cache E:\Workpace\MOD\Neo Anomalous Might\.gradle\8.13\checksums\sha256-checksums.bin (max size: 3800)
2025-12-28T12:06:48.842+0800 [DEBUG] [org.gradle.cache.internal.DefaultCacheCoordinator] Creating new cache for sha512-checksums, path E:\Workpace\MOD\Neo Anomalous Might\.gradle\8.13\checksums\sha512-checksums.bin, access org.gradle.cache.internal.DefaultCacheCoordinator@700b8e83
2025-12-28T12:06:48.842+0800 [DEBUG] [org.gradle.cache.internal.DefaultInMemoryCacheDecoratorFactory] Creating in-memory store for cache E:\Workpace\MOD\Neo Anomalous Might\.gradle\8.13\checksums\sha512-checksums.bin (max size: 3800)
2025-12-28T12:06:48.870+0800 [DEBUG] [org.gradle.cache.internal.DefaultCacheCoordinator] Creating new cache for java-modules, path C:\Users\StesssQQy\.gradle\caches\8.13\fileContent\java-modules.bin, access org.gradle.cache.internal.DefaultCacheCoordinator@cdc7332
2025-12-28T12:06:48.871+0800 [DEBUG] [org.gradle.cache.internal.DefaultInMemoryCacheDecoratorFactory] Creating in-memory store for cache C:\Users\StesssQQy\.gradle\caches\8.13\fileContent\java-modules.bin (max size: 76800)
2025-12-28T12:06:48.871+0800 [DEBUG] [org.gradle.cache.internal.LockOnDemandCrossProcessCacheAccess] Acquiring file lock for file content cache (C:\Users\StesssQQy\.gradle\caches\8.13\fileContent)
2025-12-28T12:06:48.876+0800 [DEBUG] [org.gradle.cache.internal.DefaultFileLockManager] Waiting to acquire exclusive lock on file content cache (C:\Users\StesssQQy\.gradle\caches\8.13\fileContent).
2025-12-28T12:06:48.877+0800 [DEBUG] [org.gradle.cache.internal.DefaultFileLockManager] Lock acquired on file content cache (C:\Users\StesssQQy\.gradle\caches\8.13\fileContent).
2025-12-28T12:06:49.084+0800 [DEBUG] [org.gradle.cache.internal.DefaultCacheCoordinator] Creating new cache for workingDirs, path E:\Workpace\MOD\Neo Anomalous Might\.gradle\8.13\vcsMetadata\workingDirs.bin, access org.gradle.cache.internal.DefaultCacheCoordinator@404ab7f2
2025-12-28T12:06:49.120+0800 [DEBUG] [org.gradle.api.internal.artifacts.mvnsettings.DefaultLocalMavenRepositoryLocator] No local repository in Settings file defined. Using default path: C:\Users\StesssQQy\.m2\repository
2025-12-28T12:06:49.376+0800 [DEBUG] [org.gradle.cache.internal.DefaultCacheCoordinator] Creating new cache for md-supplier, path C:\Users\StesssQQy\.gradle\caches\8.13\md-supplier\md-supplier.bin, access org.gradle.cache.internal.DefaultCacheCoordinator@18e30037
2025-12-28T12:06:49.377+0800 [DEBUG] [org.gradle.cache.internal.DefaultInMemoryCacheDecoratorFactory] Creating in-memory store for cache C:\Users\StesssQQy\.gradle\caches\8.13\md-supplier\md-supplier.bin (max size: 7600)
2025-12-28T12:06:49.377+0800 [DEBUG] [org.gradle.cache.internal.LockOnDemandCrossProcessCacheAccess] Acquiring file lock for cache directory md-supplier (C:\Users\StesssQQy\.gradle\caches\8.13\md-supplier)
2025-12-28T12:06:49.381+0800 [DEBUG] [org.gradle.cache.internal.DefaultFileLockManager] Waiting to acquire exclusive lock on cache directory md-supplier (C:\Users\StesssQQy\.gradle\caches\8.13\md-supplier).
2025-12-28T12:06:49.382+0800 [DEBUG] [org.gradle.cache.internal.DefaultFileLockManager] Lock acquired on cache directory md-supplier (C:\Users\StesssQQy\.gradle\caches\8.13\md-supplier).
2025-12-28T12:06:49.460+0800 [DEBUG] [org.gradle.cache.internal.DefaultCacheCoordinator] Creating new cache for md-rule, path C:\Users\StesssQQy\.gradle\caches\8.13\md-rule\md-rule.bin, access org.gradle.cache.internal.DefaultCacheCoordinator@5ae4624d
2025-12-28T12:06:49.461+0800 [DEBUG] [org.gradle.cache.internal.DefaultInMemoryCacheDecoratorFactory] Creating in-memory store for cache C:\Users\StesssQQy\.gradle\caches\8.13\md-rule\md-rule.bin (max size: 7600)
2025-12-28T12:06:49.461+0800 [DEBUG] [org.gradle.cache.internal.LockOnDemandCrossProcessCacheAccess] Acquiring file lock for cache directory md-rule (C:\Users\StesssQQy\.gradle\caches\8.13\md-rule)
2025-12-28T12:06:49.466+0800 [DEBUG] [org.gradle.cache.internal.DefaultFileLockManager] Waiting to acquire exclusive lock on cache directory md-rule (C:\Users\StesssQQy\.gradle\caches\8.13\md-rule).
2025-12-28T12:06:49.467+0800 [DEBUG] [org.gradle.cache.internal.DefaultFileLockManager] Lock acquired on cache directory md-rule (C:\Users\StesssQQy\.gradle\caches\8.13\md-rule).
2025-12-28T12:06:50.042+0800 [DEBUG] [org.gradle.internal.operations.DefaultBuildOperationRunner] Build operation 'Resolve dependencies of detachedConfiguration1' started
2025-12-28T12:06:50.255+0800 [DEBUG] [org.gradle.api.internal.artifacts.ivyservice.modulecache.ResolvedArtifactCaches] Creating new in-memory cache for repo 'Gradle Central Plugin Repository' [2f8748e965ecb2135dad092e9ef808de].
2025-12-28T12:06:50.260+0800 [DEBUG] [org.gradle.api.internal.artifacts.ivyservice.modulecache.ResolvedArtifactCaches] Creating new in-memory cache for repo 'MinecraftForge' [bbcc39fda7348429f9d79784231d1237].
2025-12-28T12:06:50.303+0800 [DEBUG] [org.gradle.api.internal.artifacts.ivyservice.resolveengine.graph.builder.DependencyGraphBuilder] Visiting configuration unspecified:unspecified:unspecified(detachedConfiguration1).
2025-12-28T12:06:50.337+0800 [DEBUG] [org.gradle.cache.internal.DefaultCacheCoordinator] Creating new cache for metadata-2.107/module-metadata, path C:\Users\StesssQQy\.gradle\caches\modules-2\metadata-2.107\module-metadata.bin, access org.gradle.cache.internal.DefaultCacheCoordinator@52ac209a
2025-12-28T12:06:50.340+0800 [DEBUG] [org.gradle.cache.internal.LockOnDemandCrossProcessCacheAccess] Acquiring file lock for artifact cache (C:\Users\StesssQQy\.gradle\caches\modules-2)
2025-12-28T12:06:50.344+0800 [DEBUG] [org.gradle.cache.internal.DefaultFileLockManager] Waiting to acquire exclusive lock on artifact cache (C:\Users\StesssQQy\.gradle\caches\modules-2).
2025-12-28T12:06:50.345+0800 [DEBUG] [org.gradle.cache.internal.DefaultFileLockManager] Lock acquired on artifact cache (C:\Users\StesssQQy\.gradle\caches\modules-2).
2025-12-28T12:06:50.347+0800 [DEBUG] [org.gradle.cache.internal.btree.BTreePersistentIndexedCache] Opening cache module-metadata.bin (C:\Users\StesssQQy\.gradle\caches\modules-2\metadata-2.107\module-metadata.bin)
2025-12-28T12:06:50.412+0800 [DEBUG] [org.gradle.api.internal.artifacts.ivyservice.ivyresolve.RepositoryChainComponentMetaDataResolver] Attempting to resolve component for org.gradle.toolchains.foojay-resolver-convention:org.gradle.toolchains.foojay-resolver-convention.gradle.plugin:0.7.0 using repositories [Gradle Central Plugin Repository, MinecraftForge]
2025-12-28T12:06:50.415+0800 [DEBUG] [org.gradle.api.internal.artifacts.ivyservice.ivyresolve.CachingModuleComponentRepository] Using cached module metadata for module 'org.gradle.toolchains.foojay-resolver-convention:org.gradle.toolchains.foojay-resolver-convention.gradle.plugin:0.7.0' in 'Gradle Central Plugin Repository'
2025-12-28T12:06:50.418+0800 [DEBUG] [org.gradle.api.internal.artifacts.ivyservice.ivyresolve.RepositoryChainComponentMetaDataResolver] Using org.gradle.toolchains.foojay-resolver-convention:org.gradle.toolchains.foojay-resolver-convention.gradle.plugin:0.7.0 from Maven repository 'Gradle Central Plugin Repository'
2025-12-28T12:06:50.435+0800 [DEBUG] [org.gradle.api.internal.attributes.matching.DefaultAttributeMatcher] Selected matches [1] from candidates [{org.gradle.category=library, org.gradle.libraryelements=jar, org.gradle.status=release, org.gradle.usage=java-api}, {org.gradle.category=library, org.gradle.libraryelements=jar, org.gradle.status=release, org.gradle.usage=java-runtime}, {org.gradle.category=documentation, org.gradle.dependency.bundling=external, org.gradle.docstype=sources, org.gradle.status=release, org.gradle.usage=java-runtime}, {org.gradle.category=documentation, org.gradle.dependency.bundling=external, org.gradle.docstype=javadoc, org.gradle.status=release, org.gradle.usage=java-runtime}, {org.gradle.category=platform, org.gradle.status=release, org.gradle.usage=java-api}, {org.gradle.category=platform, org.gradle.status=release, org.gradle.usage=java-runtime}, {org.gradle.category=enforced-platform, org.gradle.status=release, org.gradle.usage=java-api}, {org.gradle.category=enforced-platform, org.gradle.status=release, org.gradle.usage=java-runtime}] for {}
2025-12-28T12:06:50.438+0800 [DEBUG] [org.gradle.api.internal.artifacts.ivyservice.resolveengine.graph.builder.DependencyGraphBuilder] Visiting configuration org.gradle.toolchains.foojay-resolver-convention:org.gradle.toolchains.foojay-resolver-convention.gradle.plugin:0.7.0(runtime).
2025-12-28T12:06:50.438+0800 [DEBUG] [org.gradle.api.internal.artifacts.ivyservice.resolveengine.graph.builder.NodeState] org.gradle.toolchains.foojay-resolver-convention:org.gradle.toolchains.foojay-resolver-convention.gradle.plugin:0.7.0(runtime) has no transitive incoming edges. ignoring outgoing edges.
2025-12-28T12:06:50.452+0800 [DEBUG] [org.gradle.api.internal.artifacts.ivyservice.resolveengine.oldresult.TransientConfigurationResultsBuilder] Flushing resolved configuration data in Binary store in C:\Users\StesssQQy\.gradle\.tmp\gradle10721875900379424049.bin. Wrote root 3.
2025-12-28T12:06:50.485+0800 [DEBUG] [org.gradle.internal.operations.DefaultBuildOperationRunner] Completing Build operation 'Resolve dependencies of detachedConfiguration1'
2025-12-28T12:06:50.486+0800 [DEBUG] [org.gradle.internal.operations.DefaultBuildOperationRunner] Build operation 'Resolve dependencies of detachedConfiguration1' completed
2025-12-28T12:06:50.494+0800 [DEBUG] [org.gradle.internal.component.model.LoggingAttributeMatchingExplanationBuilder] Selected match org.gradle.toolchains.foojay-resolver-convention:org.gradle.toolchains.foojay-resolver-convention.gradle.plugin:0.7.0 configuration runtime from candidates [org.gradle.toolchains.foojay-resolver-convention:org.gradle.toolchains.foojay-resolver-convention.gradle.plugin:0.7.0 configuration runtime] for {}
2025-12-28T12:06:50.503+0800 [DEBUG] [org.gradle.cache.internal.DefaultCacheCoordinator] Creating new cache for metadata-2.107/module-artifact, path C:\Users\StesssQQy\.gradle\caches\modules-2\metadata-2.107\module-artifact.bin, access org.gradle.cache.internal.DefaultCacheCoordinator@52ac209a
2025-12-28T12:06:50.504+0800 [DEBUG] [org.gradle.cache.internal.btree.BTreePersistentIndexedCache] Opening cache module-artifact.bin (C:\Users\StesssQQy\.gradle\caches\modules-2\metadata-2.107\module-artifact.bin)
2025-12-28T12:06:50.511+0800 [DEBUG] [org.gradle.api.internal.artifacts.ivyservice.ivyresolve.CachingModuleComponentRepository] Detected non-existence of artifact 'org.gradle.toolchains.foojay-resolver-convention.gradle.plugin-0.7.0.jar (org.gradle.toolchains.foojay-resolver-convention:org.gradle.toolchains.foojay-resolver-convention.gradle.plugin:0.7.0)' in resolver cache
2025-12-28T12:06:50.519+0800 [DEBUG] [org.gradle.internal.operations.DefaultBuildOperationRunner] Build operation 'Resolve files of configuration 'detachedConfiguration1'' started
2025-12-28T12:06:50.522+0800 [DEBUG] [org.gradle.internal.operations.DefaultBuildOperationRunner] Completing Build operation 'Resolve files of configuration 'detachedConfiguration1''
2025-12-28T12:06:50.522+0800 [DEBUG] [org.gradle.internal.operations.DefaultBuildOperationRunner] Build operation 'Resolve files of configuration 'detachedConfiguration1'' completed
2025-12-28T12:06:50.524+0800 [INFO] [org.gradle.plugin.use.internal.DefaultPluginRequestApplicator] Resolved plugin [id: 'org.gradle.toolchains.foojay-resolver-convention', version: '0.7.0']
2025-12-28T12:06:50.547+0800 [DEBUG] [org.gradle.internal.locking.LockFileReaderWriter] Lockfiles root: E:\Workpace\MOD\Neo Anomalous Might\gradle\dependency-locks
2025-12-28T12:06:50.790+0800 [DEBUG] [org.gradle.api.internal.artifacts.ivyservice.resolveengine.graph.builder.DependencyGraphBuilder] Visiting configuration unspecified:unspecified:unspecified(classpath).
2025-12-28T12:06:50.790+0800 [DEBUG] [org.gradle.api.internal.artifacts.ivyservice.resolveengine.graph.builder.NodeState] dependency: org.gradle.toolchains.foojay-resolver-convention:org.gradle.toolchains.foojay-resolver-convention.gradle.plugin:0.7.0 to-conf: null is filtered.
2025-12-28T12:06:50.791+0800 [DEBUG] [org.gradle.api.internal.artifacts.ivyservice.resolveengine.graph.builder.NodeState] dependency: org.apache.logging.log4j:log4j-core:{require 2.17.1; reject [2.0, 2.17.1)} to-conf: null is filtered.
2025-12-28T12:06:50.829+0800 [DEBUG] [org.gradle.internal.operations.DefaultBuildOperationRunner] Build operation 'Resolve dependencies of classpath' started
2025-12-28T12:06:50.832+0800 [DEBUG] [org.gradle.api.internal.artifacts.ivyservice.modulecache.ResolvedArtifactCaches] Reusing in-memory cache for repo 'Gradle Central Plugin Repository' [2f8748e965ecb2135dad092e9ef808de].
2025-12-28T12:06:50.833+0800 [DEBUG] [org.gradle.api.internal.artifacts.ivyservice.modulecache.ResolvedArtifactCaches] Reusing in-memory cache for repo 'MinecraftForge' [bbcc39fda7348429f9d79784231d1237].
2025-12-28T12:06:50.833+0800 [DEBUG] [org.gradle.api.internal.artifacts.ivyservice.resolveengine.graph.builder.DependencyGraphBuilder] Visiting configuration unspecified:unspecified:unspecified(classpath).
2025-12-28T12:06:50.834+0800 [DEBUG] [org.gradle.api.internal.artifacts.ivyservice.ivyresolve.RepositoryChainComponentMetaDataResolver] Attempting to resolve component for org.gradle.toolchains.foojay-resolver-convention:org.gradle.toolchains.foojay-resolver-convention.gradle.plugin:0.7.0 using repositories [Gradle Central Plugin Repository, MinecraftForge]
2025-12-28T12:06:50.834+0800 [DEBUG] [org.gradle.api.internal.artifacts.ivyservice.ivyresolve.CachingModuleComponentRepository] Using cached module metadata for module 'org.gradle.toolchains.foojay-resolver-convention:org.gradle.toolchains.foojay-resolver-convention.gradle.plugin:0.7.0' in 'Gradle Central Plugin Repository'
2025-12-28T12:06:50.834+0800 [DEBUG] [org.gradle.api.internal.artifacts.ivyservice.ivyresolve.RepositoryChainComponentMetaDataResolver] Using org.gradle.toolchains.foojay-resolver-convention:org.gradle.toolchains.foojay-resolver-convention.gradle.plugin:0.7.0 from Maven repository 'Gradle Central Plugin Repository'
2025-12-28T12:06:50.837+0800 [DEBUG] [org.gradle.internal.component.model.LoggingAttributeMatchingExplanationBuilder] Candidate {org.gradle.category=library, org.gradle.libraryelements=jar, org.gradle.status=release, org.gradle.usage=java-api} attribute org.gradle.usage value {org.gradle.status=release, org.gradle.usage=java-api} doesn't requested value java-runtime
2025-12-28T12:06:50.838+0800 [DEBUG] [org.gradle.internal.component.model.LoggingAttributeMatchingExplanationBuilder] Candidate {org.gradle.category=library, org.gradle.libraryelements=jar, org.gradle.status=release, org.gradle.usage=java-runtime} doesn't have attribute org.gradle.dependency.bundling
2025-12-28T12:06:50.838+0800 [DEBUG] [org.gradle.internal.component.model.LoggingAttributeMatchingExplanationBuilder] Candidate {org.gradle.category=library, org.gradle.libraryelements=jar, org.gradle.status=release, org.gradle.usage=java-runtime} doesn't have attribute org.gradle.jvm.version
2025-12-28T12:06:50.838+0800 [DEBUG] [org.gradle.internal.component.model.LoggingAttributeMatchingExplanationBuilder] Candidate {org.gradle.category=library, org.gradle.libraryelements=jar, org.gradle.status=release, org.gradle.usage=java-runtime} doesn't have attribute org.gradle.plugin.api-version
2025-12-28T12:06:50.839+0800 [DEBUG] [org.gradle.internal.component.model.LoggingAttributeMatchingExplanationBuilder] Candidate {org.gradle.category=documentation, org.gradle.dependency.bundling=external, org.gradle.docstype=sources, org.gradle.status=release, org.gradle.usage=java-runtime} attribute org.gradle.category value {org.gradle.category=documentation, org.gradle.status=release} doesn't requested value library
2025-12-28T12:06:50.839+0800 [DEBUG] [org.gradle.internal.component.model.LoggingAttributeMatchingExplanationBuilder] Candidate {org.gradle.category=documentation, org.gradle.dependency.bundling=external, org.gradle.docstype=javadoc, org.gradle.status=release, org.gradle.usage=java-runtime} attribute org.gradle.category value {org.gradle.category=documentation, org.gradle.status=release} doesn't requested value library
2025-12-28T12:06:50.839+0800 [DEBUG] [org.gradle.internal.component.model.LoggingAttributeMatchingExplanationBuilder] Candidate {org.gradle.category=platform, org.gradle.status=release, org.gradle.usage=java-api} attribute org.gradle.usage value {org.gradle.status=release, org.gradle.usage=java-api} doesn't requested value java-runtime
2025-12-28T12:06:50.839+0800 [DEBUG] [org.gradle.internal.component.model.LoggingAttributeMatchingExplanationBuilder] Candidate {org.gradle.category=platform, org.gradle.status=release, org.gradle.usage=java-runtime} attribute org.gradle.category value {org.gradle.category=platform, org.gradle.status=release, org.gradle.usage=java-runtime} doesn't requested value library
2025-12-28T12:06:50.839+0800 [DEBUG] [org.gradle.internal.component.model.LoggingAttributeMatchingExplanationBuilder] Candidate {org.gradle.category=enforced-platform, org.gradle.status=release, org.gradle.usage=java-api} attribute org.gradle.usage value {org.gradle.status=release, org.gradle.usage=java-api} doesn't requested value java-runtime
2025-12-28T12:06:50.840+0800 [DEBUG] [org.gradle.internal.component.model.LoggingAttributeMatchingExplanationBuilder] Candidate {org.gradle.category=enforced-platform, org.gradle.status=release, org.gradle.usage=java-runtime} attribute org.gradle.category value {org.gradle.category=enforced-platform, org.gradle.status=release, org.gradle.usage=java-runtime} doesn't requested value library
2025-12-28T12:06:50.840+0800 [DEBUG] [org.gradle.api.internal.attributes.matching.DefaultAttributeMatcher] Selected matches [1] from candidates [{org.gradle.category=library, org.gradle.libraryelements=jar, org.gradle.status=release, org.gradle.usage=java-api}, {org.gradle.category=library, org.gradle.libraryelements=jar, org.gradle.status=release, org.gradle.usage=java-runtime}, {org.gradle.category=documentation, org.gradle.dependency.bundling=external, org.gradle.docstype=sources, org.gradle.status=release, org.gradle.usage=java-runtime}, {org.gradle.category=documentation, org.gradle.dependency.bundling=external, org.gradle.docstype=javadoc, org.gradle.status=release, org.gradle.usage=java-runtime}, {org.gradle.category=platform, org.gradle.status=release, org.gradle.usage=java-api}, {org.gradle.category=platform, org.gradle.status=release, org.gradle.usage=java-runtime}, {org.gradle.category=enforced-platform, org.gradle.status=release, org.gradle.usage=java-api}, {org.gradle.category=enforced-platform, org.gradle.status=release, org.gradle.usage=java-runtime}] for {org.gradle.category=library, org.gradle.dependency.bundling=external, org.gradle.jvm.version=17, org.gradle.libraryelements=jar, org.gradle.plugin.api-version=8.13, org.gradle.usage=java-runtime}
2025-12-28T12:06:50.840+0800 [DEBUG] [org.gradle.api.internal.artifacts.ivyservice.resolveengine.graph.builder.DependencyGraphBuilder] Visiting configuration org.gradle.toolchains.foojay-resolver-convention:org.gradle.toolchains.foojay-resolver-convention.gradle.plugin:0.7.0(runtime).
2025-12-28T12:06:50.861+0800 [DEBUG] [org.gradle.api.internal.artifacts.ivyservice.ivyresolve.RepositoryChainComponentMetaDataResolver] Attempting to resolve component for org.gradle.toolchains:foojay-resolver:0.7.0 using repositories [Gradle Central Plugin Repository, MinecraftForge]
2025-12-28T12:06:50.861+0800 [DEBUG] [org.gradle.api.internal.artifacts.ivyservice.ivyresolve.CachingModuleComponentRepository] Using cached module metadata for module 'org.gradle.toolchains:foojay-resolver:0.7.0' in 'Gradle Central Plugin Repository'
2025-12-28T12:06:50.862+0800 [DEBUG] [org.gradle.api.internal.artifacts.ivyservice.ivyresolve.RepositoryChainComponentMetaDataResolver] Using org.gradle.toolchains:foojay-resolver:0.7.0 from Maven repository 'Gradle Central Plugin Repository'
2025-12-28T12:06:50.862+0800 [DEBUG] [org.gradle.internal.component.model.LoggingAttributeMatchingExplanationBuilder] Candidate {org.gradle.category=library, org.gradle.dependency.bundling=external, org.gradle.jvm.environment=standard-jvm, org.gradle.jvm.version=8, org.gradle.libraryelements=jar, org.gradle.status=release, org.gradle.usage=java-api, org.jetbrains.kotlin.platform.type=jvm} attribute org.gradle.usage value {org.gradle.category=library, org.gradle.dependency.bundling=external, org.gradle.jvm.environment=standard-jvm, org.gradle.jvm.version=8, org.gradle.libraryelements=jar, org.gradle.usage=java-api} doesn't requested value java-runtime
2025-12-28T12:06:50.863+0800 [DEBUG] [org.gradle.internal.component.model.LoggingAttributeMatchingExplanationBuilder] Candidate {org.gradle.category=library, org.gradle.dependency.bundling=external, org.gradle.jvm.environment=standard-jvm, org.gradle.jvm.version=8, org.gradle.libraryelements=jar, org.gradle.status=release, org.gradle.usage=java-runtime, org.jetbrains.kotlin.platform.type=jvm} doesn't have attribute org.gradle.plugin.api-version
2025-12-28T12:06:50.863+0800 [DEBUG] [org.gradle.internal.component.model.LoggingAttributeMatchingExplanationBuilder] Candidate {org.gradle.category=documentation, org.gradle.dependency.bundling=external, org.gradle.docstype=javadoc, org.gradle.status=release, org.gradle.usage=java-runtime} attribute org.gradle.category value {org.gradle.category=documentation} doesn't requested value library
2025-12-28T12:06:50.863+0800 [DEBUG] [org.gradle.internal.component.model.LoggingAttributeMatchingExplanationBuilder] Candidate {org.gradle.category=documentation, org.gradle.dependency.bundling=external, org.gradle.docstype=sources, org.gradle.status=release, org.gradle.usage=java-runtime} attribute org.gradle.category value {org.gradle.category=documentation} doesn't requested value library
2025-12-28T12:06:50.863+0800 [DEBUG] [org.gradle.api.internal.attributes.matching.DefaultAttributeMatcher] Selected matches [1] from candidates [{org.gradle.category=library, org.gradle.dependency.bundling=external, org.gradle.jvm.environment=standard-jvm, org.gradle.jvm.version=8, org.gradle.libraryelements=jar, org.gradle.status=release, org.gradle.usage=java-api, org.jetbrains.kotlin.platform.type=jvm}, {org.gradle.category=library, org.gradle.dependency.bundling=external, org.gradle.jvm.environment=standard-jvm, org.gradle.jvm.version=8, org.gradle.libraryelements=jar, org.gradle.status=release, org.gradle.usage=java-runtime, org.jetbrains.kotlin.platform.type=jvm}, {org.gradle.category=documentation, org.gradle.dependency.bundling=external, org.gradle.docstype=javadoc, org.gradle.status=release, org.gradle.usage=java-runtime}, {org.gradle.category=documentation, org.gradle.dependency.bundling=external, org.gradle.docstype=sources, org.gradle.status=release, org.gradle.usage=java-runtime}] for {org.gradle.category=library, org.gradle.dependency.bundling=external, org.gradle.jvm.version=17, org.gradle.libraryelements=jar, org.gradle.plugin.api-version=8.13, org.gradle.usage=java-runtime}
2025-12-28T12:06:50.864+0800 [DEBUG] [org.gradle.api.internal.artifacts.ivyservice.resolveengine.graph.builder.DependencyGraphBuilder] Visiting configuration org.gradle.toolchains:foojay-resolver:0.7.0(runtimeElements).
2025-12-28T12:06:50.867+0800 [DEBUG] [org.gradle.api.internal.artifacts.ivyservice.ivyresolve.RepositoryChainComponentMetaDataResolver] Attempting to resolve component for com.google.code.gson:gson:2.9.1 using repositories [Gradle Central Plugin Repository, MinecraftForge]
2025-12-28T12:06:50.867+0800 [DEBUG] [org.gradle.api.internal.artifacts.ivyservice.ivyresolve.CachingModuleComponentRepository] Using cached module metadata for module 'com.google.code.gson:gson:2.9.1' in 'Gradle Central Plugin Repository'
2025-12-28T12:06:50.867+0800 [DEBUG] [org.gradle.api.internal.artifacts.ivyservice.ivyresolve.RepositoryChainComponentMetaDataResolver] Using com.google.code.gson:gson:2.9.1 from Maven repository 'Gradle Central Plugin Repository'
2025-12-28T12:06:50.868+0800 [DEBUG] [org.gradle.api.internal.artifacts.ivyservice.resolveengine.graph.builder.DependencyGraphBuilder] Visiting configuration com.google.code.gson:gson:2.9.1(runtime).
2025-12-28T12:06:50.868+0800 [DEBUG] [org.gradle.api.internal.artifacts.ivyservice.resolveengine.oldresult.TransientConfigurationResultsBuilder] Flushing resolved configuration data in Binary store in C:\Users\StesssQQy\.gradle\.tmp\gradle10721875900379424049.bin. Wrote root 22.
2025-12-28T12:06:50.869+0800 [DEBUG] [org.gradle.internal.operations.DefaultBuildOperationRunner] Completing Build operation 'Resolve dependencies of classpath'
2025-12-28T12:06:50.869+0800 [DEBUG] [org.gradle.internal.operations.DefaultBuildOperationRunner] Build operation 'Resolve dependencies of classpath' completed
2025-12-28T12:06:50.870+0800 [DEBUG] [org.gradle.internal.component.model.LoggingAttributeMatchingExplanationBuilder] Selected match org.gradle.toolchains.foojay-resolver-convention:org.gradle.toolchains.foojay-resolver-convention.gradle.plugin:0.7.0 configuration runtime from candidates [org.gradle.toolchains.foojay-resolver-convention:org.gradle.toolchains.foojay-resolver-convention.gradle.plugin:0.7.0 configuration runtime] for {org.gradle.category=library, org.gradle.dependency.bundling=external, org.gradle.jvm.version=17, org.gradle.libraryelements=jar, org.gradle.plugin.api-version=8.13, org.gradle.usage=java-runtime}
2025-12-28T12:06:50.872+0800 [DEBUG] [org.gradle.internal.component.model.LoggingAttributeMatchingExplanationBuilder] Selected match org.gradle.toolchains:foojay-resolver:0.7.0 variant runtimeElements from candidates [org.gradle.toolchains:foojay-resolver:0.7.0 variant runtimeElements] for {org.gradle.category=library, org.gradle.dependency.bundling=external, org.gradle.jvm.version=17, org.gradle.libraryelements=jar, org.gradle.plugin.api-version=8.13, org.gradle.usage=java-runtime}
2025-12-28T12:06:50.874+0800 [DEBUG] [org.gradle.internal.component.model.LoggingAttributeMatchingExplanationBuilder] Selected match com.google.code.gson:gson:2.9.1 configuration runtime from candidates [com.google.code.gson:gson:2.9.1 configuration runtime] for {org.gradle.category=library, org.gradle.dependency.bundling=external, org.gradle.jvm.version=17, org.gradle.libraryelements=jar, org.gradle.plugin.api-version=8.13, org.gradle.usage=java-runtime}
2025-12-28T12:06:50.874+0800 [DEBUG] [org.gradle.internal.operations.DefaultBuildOperationRunner] Build operation 'Resolve files of configuration 'classpath'' started
2025-12-28T12:06:50.882+0800 [DEBUG] [org.gradle.internal.resources.AbstractTrackedResourceLock] Unconstrained build operations: acquired lock on worker lease
2025-12-28T12:06:50.883+0800 [DEBUG] [org.gradle.internal.operations.DefaultBuildOperationRunner] Build operation 'Resolve foojay-resolver-0.7.0.jar (org.gradle.toolchains:foojay-resolver:0.7.0)' started
2025-12-28T12:06:50.883+0800 [DEBUG] [org.gradle.internal.operations.DefaultBuildOperationRunner] Build operation 'Resolve gson-2.9.1.jar (com.google.code.gson:gson:2.9.1)' started
2025-12-28T12:06:50.884+0800 [DEBUG] [org.gradle.api.internal.artifacts.ivyservice.ivyresolve.CachingModuleComponentRepository] Found artifact 'org.gradle.internal.component.external.model.UrlBackedArtifactMetadata@2b848ec2' in resolver cache: C:\Users\StesssQQy\.gradle\caches\modules-2\files-2.1\org.gradle.toolchains\foojay-resolver\0.7.0\ed9c0364d25418b68e5b9af7a21f0aceca693fa\foojay-resolver-0.7.0.jar
2025-12-28T12:06:50.885+0800 [DEBUG] [org.gradle.api.internal.artifacts.ivyservice.ivyresolve.CachingModuleComponentRepository] Found artifact 'gson-2.9.1.jar (com.google.code.gson:gson:2.9.1)' in resolver cache: C:\Users\StesssQQy\.gradle\caches\modules-2\files-2.1\com.google.code.gson\gson\2.9.1\2cc2131b98ebfb04e2b2c7dfb84431f4045096b\gson-2.9.1.jar
2025-12-28T12:06:50.886+0800 [DEBUG] [org.gradle.internal.operations.DefaultBuildOperationRunner] Completing Build operation 'Resolve foojay-resolver-0.7.0.jar (org.gradle.toolchains:foojay-resolver:0.7.0)'
2025-12-28T12:06:50.886+0800 [DEBUG] [org.gradle.internal.operations.DefaultBuildOperationRunner] Completing Build operation 'Resolve gson-2.9.1.jar (com.google.code.gson:gson:2.9.1)'
2025-12-28T12:06:50.887+0800 [DEBUG] [org.gradle.internal.operations.DefaultBuildOperationRunner] Build operation 'Resolve foojay-resolver-0.7.0.jar (org.gradle.toolchains:foojay-resolver:0.7.0)' completed
2025-12-28T12:06:50.887+0800 [DEBUG] [org.gradle.internal.operations.DefaultBuildOperationRunner] Build operation 'Resolve gson-2.9.1.jar (com.google.code.gson:gson:2.9.1)' completed
2025-12-28T12:06:50.887+0800 [DEBUG] [org.gradle.internal.resources.AbstractTrackedResourceLock] Unconstrained build operations: released lock on worker lease
2025-12-28T12:06:50.889+0800 [DEBUG] [org.gradle.internal.resources.AbstractTrackedResourceLock] Daemon worker: released lock on worker lease
2025-12-28T12:06:50.890+0800 [DEBUG] [org.gradle.internal.resources.AbstractTrackedResourceLock] Daemon worker: acquired lock on worker lease
2025-12-28T12:06:50.891+0800 [DEBUG] [org.gradle.internal.operations.DefaultBuildOperationRunner] Completing Build operation 'Resolve files of configuration 'classpath''
2025-12-28T12:06:50.891+0800 [DEBUG] [org.gradle.internal.operations.DefaultBuildOperationRunner] Build operation 'Resolve files of configuration 'classpath'' completed
2025-12-28T12:06:50.895+0800 [DEBUG] [org.gradle.internal.component.model.LoggingAttributeMatchingExplanationBuilder] Candidate org.gradle.toolchains.foojay-resolver-convention:org.gradle.toolchains.foojay-resolver-convention.gradle.plugin:0.7.0 configuration runtime doesn't match attributes {org.gradle.category=library, org.gradle.dependency.bundling=external, org.gradle.internal.instrumented=instrumented-and-upgraded, org.gradle.jvm.version=17, org.gradle.libraryelements=jar, org.gradle.plugin.api-version=8.13, org.gradle.usage=java-runtime}
2025-12-28T12:06:50.907+0800 [DEBUG] [org.gradle.internal.component.model.LoggingAttributeMatchingExplanationBuilder] Candidate org.gradle.toolchains:foojay-resolver:0.7.0 variant runtimeElements doesn't match attributes {org.gradle.category=library, org.gradle.dependency.bundling=external, org.gradle.internal.instrumented=instrumented-and-upgraded, org.gradle.jvm.version=17, org.gradle.libraryelements=jar, org.gradle.plugin.api-version=8.13, org.gradle.usage=java-runtime}
2025-12-28T12:06:50.909+0800 [DEBUG] [org.gradle.internal.component.model.LoggingAttributeMatchingExplanationBuilder] Candidate com.google.code.gson:gson:2.9.1 configuration runtime doesn't match attributes {org.gradle.category=library, org.gradle.dependency.bundling=external, org.gradle.internal.instrumented=instrumented-and-upgraded, org.gradle.jvm.version=17, org.gradle.libraryelements=jar, org.gradle.plugin.api-version=8.13, org.gradle.usage=java-runtime}
2025-12-28T12:06:50.910+0800 [DEBUG] [org.gradle.internal.operations.DefaultBuildOperationRunner] Build operation 'Resolve files of configuration 'classpath'' started
2025-12-28T12:06:50.922+0800 [DEBUG] [org.gradle.internal.operations.DefaultBuildOperationRunner] Build operation 'Fingerprint transform inputs' started
2025-12-28T12:06:50.929+0800 [DEBUG] [org.gradle.internal.operations.DefaultBuildOperationRunner] Completing Build operation 'Fingerprint transform inputs'
2025-12-28T12:06:50.930+0800 [DEBUG] [org.gradle.internal.operations.DefaultBuildOperationRunner] Build operation 'Fingerprint transform inputs' completed
2025-12-28T12:06:50.938+0800 [DEBUG] [org.gradle.internal.component.model.LoggingAttributeMatchingExplanationBuilder] Candidate org.gradle.toolchains.foojay-resolver-convention:org.gradle.toolchains.foojay-resolver-convention.gradle.plugin:0.7.0 configuration runtime doesn't match attributes {org.gradle.category=library, org.gradle.dependency.bundling=external, org.gradle.internal.instrumented=analyzed-artifact, org.gradle.jvm.version=17, org.gradle.libraryelements=classes, org.gradle.plugin.api-version=8.13, org.gradle.usage=java-runtime}
2025-12-28T12:06:50.939+0800 [DEBUG] [org.gradle.internal.component.model.LoggingAttributeMatchingExplanationBuilder] Candidate org.gradle.toolchains:foojay-resolver:0.7.0 variant runtimeElements doesn't match attributes {org.gradle.category=library, org.gradle.dependency.bundling=external, org.gradle.internal.instrumented=analyzed-artifact, org.gradle.jvm.version=17, org.gradle.libraryelements=classes, org.gradle.plugin.api-version=8.13, org.gradle.usage=java-runtime}
2025-12-28T12:06:50.939+0800 [DEBUG] [org.gradle.internal.component.model.LoggingAttributeMatchingExplanationBuilder] Candidate com.google.code.gson:gson:2.9.1 configuration runtime doesn't match attributes {org.gradle.category=library, org.gradle.dependency.bundling=external, org.gradle.internal.instrumented=analyzed-artifact, org.gradle.jvm.version=17, org.gradle.libraryelements=classes, org.gradle.plugin.api-version=8.13, org.gradle.usage=java-runtime}
2025-12-28T12:06:50.940+0800 [DEBUG] [org.gradle.internal.operations.DefaultBuildOperationRunner] Build operation 'Resolve files of configuration 'classpath'' started
2025-12-28T12:06:50.949+0800 [DEBUG] [org.gradle.internal.operations.DefaultBuildOperationRunner] Build operation 'Identifying work' started
2025-12-28T12:06:50.960+0800 [DEBUG] [org.gradle.internal.operations.DefaultBuildOperationRunner] Completing Build operation 'Identifying work'
2025-12-28T12:06:50.960+0800 [DEBUG] [org.gradle.internal.operations.DefaultBuildOperationRunner] Build operation 'Identifying work' completed
2025-12-28T12:06:50.965+0800 [DEBUG] [org.gradle.internal.operations.DefaultBuildOperationRunner] Build operation 'Identifying work' started
2025-12-28T12:06:50.965+0800 [DEBUG] [org.gradle.internal.resources.AbstractTrackedResourceLock] Unconstrained build operations Thread 3: acquired lock on worker lease
2025-12-28T12:06:50.965+0800 [DEBUG] [org.gradle.internal.operations.DefaultBuildOperationRunner] Build operation 'Execute transform chain: foojay-resolver-0.7.0.jar (org.gradle.toolchains:foojay-resolver:0.7.0)' started
2025-12-28T12:06:50.968+0800 [DEBUG] [org.gradle.internal.operations.DefaultBuildOperationRunner] Build operation 'Execute unit of work' started
2025-12-28T12:06:50.968+0800 [DEBUG] [org.gradle.internal.operations.DefaultBuildOperationRunner] Completing Build operation 'Identifying work'
2025-12-28T12:06:50.969+0800 [DEBUG] [org.gradle.internal.operations.DefaultBuildOperationRunner] Build operation 'Identifying work' completed
2025-12-28T12:06:50.970+0800 [DEBUG] [org.gradle.internal.operations.DefaultBuildOperationRunner] Build operation 'Execute transform chain: gson-2.9.1.jar (com.google.code.gson:gson:2.9.1)' started
2025-12-28T12:06:50.971+0800 [DEBUG] [org.gradle.internal.operations.DefaultBuildOperationRunner] Build operation 'Execute unit of work' started
2025-12-28T12:06:50.980+0800 [DEBUG] [org.gradle.internal.operations.DefaultBuildOperationRunner] Completing Build operation 'Execute unit of work'
2025-12-28T12:06:50.980+0800 [DEBUG] [org.gradle.internal.operations.DefaultBuildOperationRunner] Completing Build operation 'Execute unit of work'
2025-12-28T12:06:50.981+0800 [DEBUG] [org.gradle.internal.operations.DefaultBuildOperationRunner] Build operation 'Execute unit of work' completed
2025-12-28T12:06:50.981+0800 [DEBUG] [org.gradle.internal.operations.DefaultBuildOperationRunner] Build operation 'Execute unit of work' completed
2025-12-28T12:06:51.003+0800 [DEBUG] [org.gradle.internal.operations.DefaultBuildOperationRunner] Completing Build operation 'Execute transform chain: gson-2.9.1.jar (com.google.code.gson:gson:2.9.1)'
2025-12-28T12:06:51.003+0800 [DEBUG] [org.gradle.internal.operations.DefaultBuildOperationRunner] Completing Build operation 'Execute transform chain: foojay-resolver-0.7.0.jar (org.gradle.toolchains:foojay-resolver:0.7.0)'
2025-12-28T12:06:51.003+0800 [DEBUG] [org.gradle.internal.operations.DefaultBuildOperationRunner] Build operation 'Execute transform chain: gson-2.9.1.jar (com.google.code.gson:gson:2.9.1)' completed
2025-12-28T12:06:51.003+0800 [DEBUG] [org.gradle.internal.operations.DefaultBuildOperationRunner] Build operation 'Execute transform chain: foojay-resolver-0.7.0.jar (org.gradle.toolchains:foojay-resolver:0.7.0)' completed
2025-12-28T12:06:51.004+0800 [DEBUG] [org.gradle.internal.resources.AbstractTrackedResourceLock] Daemon worker: released lock on worker lease
2025-12-28T12:06:51.004+0800 [DEBUG] [org.gradle.internal.resources.AbstractTrackedResourceLock] Unconstrained build operations Thread 3: released lock on worker lease
2025-12-28T12:06:51.005+0800 [DEBUG] [org.gradle.internal.resources.AbstractTrackedResourceLock] Daemon worker: acquired lock on worker lease
2025-12-28T12:06:51.007+0800 [DEBUG] [org.gradle.internal.operations.DefaultBuildOperationRunner] Completing Build operation 'Resolve files of configuration 'classpath''
2025-12-28T12:06:51.007+0800 [DEBUG] [org.gradle.internal.operations.DefaultBuildOperationRunner] Build operation 'Resolve files of configuration 'classpath'' completed
2025-12-28T12:06:51.015+0800 [DEBUG] [org.gradle.internal.operations.DefaultBuildOperationRunner] Build operation 'Fingerprint transform inputs' started
2025-12-28T12:06:51.022+0800 [DEBUG] [org.gradle.internal.operations.DefaultBuildOperationRunner] Completing Build operation 'Fingerprint transform inputs'
2025-12-28T12:06:51.022+0800 [DEBUG] [org.gradle.internal.operations.DefaultBuildOperationRunner] Build operation 'Fingerprint transform inputs' completed
2025-12-28T12:06:51.026+0800 [DEBUG] [org.gradle.internal.operations.DefaultBuildOperationRunner] Build operation 'Fingerprint transform inputs' started
2025-12-28T12:06:51.030+0800 [DEBUG] [org.gradle.internal.operations.DefaultBuildOperationRunner] Completing Build operation 'Fingerprint transform inputs'
2025-12-28T12:06:51.030+0800 [DEBUG] [org.gradle.internal.operations.DefaultBuildOperationRunner] Build operation 'Fingerprint transform inputs' completed
2025-12-28T12:06:51.031+0800 [DEBUG] [org.gradle.internal.operations.DefaultBuildOperationRunner] Build operation 'Identifying work' started
2025-12-28T12:06:51.031+0800 [DEBUG] [org.gradle.internal.operations.DefaultBuildOperationRunner] Completing Build operation 'Identifying work'
2025-12-28T12:06:51.031+0800 [DEBUG] [org.gradle.internal.operations.DefaultBuildOperationRunner] Build operation 'Identifying work' completed
2025-12-28T12:06:51.035+0800 [DEBUG] [org.gradle.internal.operations.DefaultBuildOperationRunner] Build operation 'Identifying work' started
2025-12-28T12:06:51.035+0800 [DEBUG] [org.gradle.internal.resources.AbstractTrackedResourceLock] Unconstrained build operations Thread 5: acquired lock on worker lease
2025-12-28T12:06:51.036+0800 [DEBUG] [org.gradle.internal.operations.DefaultBuildOperationRunner] Build operation 'Execute transform chain: foojay-resolver-0.7.0.jar (org.gradle.toolchains:foojay-resolver:0.7.0)' started
2025-12-28T12:06:51.036+0800 [DEBUG] [org.gradle.internal.operations.DefaultBuildOperationRunner] Completing Build operation 'Identifying work'
2025-12-28T12:06:51.037+0800 [DEBUG] [org.gradle.internal.operations.DefaultBuildOperationRunner] Build operation 'Identifying work' completed
2025-12-28T12:06:51.037+0800 [DEBUG] [org.gradle.internal.operations.DefaultBuildOperationRunner] Build operation 'Identifying work' started
2025-12-28T12:06:51.038+0800 [DEBUG] [org.gradle.internal.operations.DefaultBuildOperationRunner] Build operation 'Execute transform chain: gson-2.9.1.jar (com.google.code.gson:gson:2.9.1)' started
2025-12-28T12:06:51.038+0800 [DEBUG] [org.gradle.internal.operations.DefaultBuildOperationRunner] Completing Build operation 'Identifying work'
2025-12-28T12:06:51.039+0800 [DEBUG] [org.gradle.internal.operations.DefaultBuildOperationRunner] Build operation 'Identifying work' completed
2025-12-28T12:06:51.039+0800 [DEBUG] [org.gradle.internal.operations.DefaultBuildOperationRunner] Build operation 'Identifying work' started
2025-12-28T12:06:51.039+0800 [DEBUG] [org.gradle.internal.operations.DefaultBuildOperationRunner] Build operation 'Execute unit of work' started
2025-12-28T12:06:51.040+0800 [DEBUG] [org.gradle.internal.operations.DefaultBuildOperationRunner] Completing Build operation 'Identifying work'
2025-12-28T12:06:51.040+0800 [DEBUG] [org.gradle.internal.operations.DefaultBuildOperationRunner] Build operation 'Identifying work' completed
2025-12-28T12:06:51.047+0800 [DEBUG] [org.gradle.internal.operations.DefaultBuildOperationRunner] Completing Build operation 'Execute unit of work'
2025-12-28T12:06:51.047+0800 [DEBUG] [org.gradle.internal.operations.DefaultBuildOperationRunner] Build operation 'Execute unit of work' completed
2025-12-28T12:06:51.050+0800 [DEBUG] [org.gradle.internal.operations.DefaultBuildOperationRunner] Build operation 'Identifying work' started
2025-12-28T12:06:51.050+0800 [DEBUG] [org.gradle.internal.operations.DefaultBuildOperationRunner] Build operation 'Identifying work' started
2025-12-28T12:06:51.050+0800 [DEBUG] [org.gradle.internal.operations.DefaultBuildOperationRunner] Completing Build operation 'Identifying work'
2025-12-28T12:06:51.050+0800 [DEBUG] [org.gradle.internal.operations.DefaultBuildOperationRunner] Completing Build operation 'Identifying work'
2025-12-28T12:06:51.051+0800 [DEBUG] [org.gradle.internal.operations.DefaultBuildOperationRunner] Build operation 'Identifying work' completed
2025-12-28T12:06:51.051+0800 [DEBUG] [org.gradle.internal.operations.DefaultBuildOperationRunner] Build operation 'Identifying work' completed
2025-12-28T12:06:51.051+0800 [DEBUG] [org.gradle.internal.operations.DefaultBuildOperationRunner] Build operation 'Execute unit of work' started
2025-12-28T12:06:51.052+0800 [DEBUG] [org.gradle.internal.operations.DefaultBuildOperationRunner] Build operation 'Execute unit of work' started
2025-12-28T12:06:51.062+0800 [DEBUG] [org.gradle.internal.operations.DefaultBuildOperationRunner] Completing Build operation 'Execute unit of work'
2025-12-28T12:06:51.062+0800 [DEBUG] [org.gradle.internal.operations.DefaultBuildOperationRunner] Build operation 'Execute unit of work' completed
2025-12-28T12:06:51.062+0800 [DEBUG] [org.gradle.internal.operations.DefaultBuildOperationRunner] Completing Build operation 'Execute unit of work'
2025-12-28T12:06:51.062+0800 [DEBUG] [org.gradle.internal.operations.DefaultBuildOperationRunner] Build operation 'Execute unit of work' completed
2025-12-28T12:06:51.063+0800 [DEBUG] [org.gradle.internal.operations.DefaultBuildOperationRunner] Build operation 'Identifying work' started
2025-12-28T12:06:51.063+0800 [DEBUG] [org.gradle.internal.operations.DefaultBuildOperationRunner] Build operation 'Identifying work' started
2025-12-28T12:06:51.064+0800 [DEBUG] [org.gradle.internal.operations.DefaultBuildOperationRunner] Completing Build operation 'Identifying work'
2025-12-28T12:06:51.064+0800 [DEBUG] [org.gradle.internal.operations.DefaultBuildOperationRunner] Build operation 'Identifying work' completed
2025-12-28T12:06:51.064+0800 [DEBUG] [org.gradle.internal.operations.DefaultBuildOperationRunner] Completing Build operation 'Identifying work'
2025-12-28T12:06:51.065+0800 [DEBUG] [org.gradle.internal.operations.DefaultBuildOperationRunner] Build operation 'Identifying work' completed
2025-12-28T12:06:51.065+0800 [DEBUG] [org.gradle.internal.operations.DefaultBuildOperationRunner] Build operation 'Execute unit of work' started
2025-12-28T12:06:51.065+0800 [DEBUG] [org.gradle.internal.operations.DefaultBuildOperationRunner] Build operation 'Execute unit of work' started
2025-12-28T12:06:51.076+0800 [DEBUG] [org.gradle.internal.operations.DefaultBuildOperationRunner] Completing Build operation 'Execute unit of work'
2025-12-28T12:06:51.077+0800 [DEBUG] [org.gradle.internal.operations.DefaultBuildOperationRunner] Build operation 'Execute unit of work' completed
2025-12-28T12:06:51.079+0800 [DEBUG] [org.gradle.internal.operations.DefaultBuildOperationRunner] Build operation 'Identifying work' started
2025-12-28T12:06:51.081+0800 [DEBUG] [org.gradle.internal.operations.DefaultBuildOperationRunner] Completing Build operation 'Execute unit of work'
2025-12-28T12:06:51.081+0800 [DEBUG] [org.gradle.internal.operations.DefaultBuildOperationRunner] Completing Build operation 'Identifying work'
2025-12-28T12:06:51.082+0800 [DEBUG] [org.gradle.internal.operations.DefaultBuildOperationRunner] Build operation 'Identifying work' completed
2025-12-28T12:06:51.081+0800 [DEBUG] [org.gradle.internal.operations.DefaultBuildOperationRunner] Build operation 'Execute unit of work' completed
2025-12-28T12:06:51.082+0800 [DEBUG] [org.gradle.internal.operations.DefaultBuildOperationRunner] Build operation 'Execute unit of work' started
2025-12-28T12:06:51.084+0800 [DEBUG] [org.gradle.internal.operations.DefaultBuildOperationRunner] Build operation 'Identifying work' started
2025-12-28T12:06:51.085+0800 [DEBUG] [org.gradle.internal.operations.DefaultBuildOperationRunner] Completing Build operation 'Identifying work'
2025-12-28T12:06:51.085+0800 [DEBUG] [org.gradle.internal.operations.DefaultBuildOperationRunner] Build operation 'Identifying work' completed
2025-12-28T12:06:51.086+0800 [DEBUG] [org.gradle.internal.operations.DefaultBuildOperationRunner] Build operation 'Execute unit of work' started
2025-12-28T12:06:51.089+0800 [DEBUG] [org.gradle.internal.operations.DefaultBuildOperationRunner] Completing Build operation 'Execute unit of work'
2025-12-28T12:06:51.089+0800 [DEBUG] [org.gradle.internal.operations.DefaultBuildOperationRunner] Build operation 'Execute unit of work' completed
2025-12-28T12:06:51.091+0800 [DEBUG] [org.gradle.internal.operations.DefaultBuildOperationRunner] Build operation 'Identifying work' started
2025-12-28T12:06:51.091+0800 [DEBUG] [org.gradle.internal.operations.DefaultBuildOperationRunner] Completing Build operation 'Identifying work'
2025-12-28T12:06:51.092+0800 [DEBUG] [org.gradle.internal.operations.DefaultBuildOperationRunner] Build operation 'Identifying work' completed
2025-12-28T12:06:51.092+0800 [DEBUG] [org.gradle.internal.operations.DefaultBuildOperationRunner] Completing Build operation 'Execute unit of work'
2025-12-28T12:06:51.092+0800 [DEBUG] [org.gradle.internal.operations.DefaultBuildOperationRunner] Build operation 'Execute unit of work' started
2025-12-28T12:06:51.092+0800 [DEBUG] [org.gradle.internal.operations.DefaultBuildOperationRunner] Build operation 'Execute unit of work' completed
2025-12-28T12:06:51.094+0800 [DEBUG] [org.gradle.internal.operations.DefaultBuildOperationRunner] Build operation 'Identifying work' started
2025-12-28T12:06:51.095+0800 [DEBUG] [org.gradle.internal.operations.DefaultBuildOperationRunner] Completing Build operation 'Identifying work'
2025-12-28T12:06:51.095+0800 [DEBUG] [org.gradle.internal.operations.DefaultBuildOperationRunner] Build operation 'Identifying work' completed
2025-12-28T12:06:51.102+0800 [DEBUG] [org.gradle.internal.operations.DefaultBuildOperationRunner] Completing Build operation 'Execute unit of work'
2025-12-28T12:06:51.102+0800 [DEBUG] [org.gradle.internal.operations.DefaultBuildOperationRunner] Build operation 'Execute unit of work' completed
2025-12-28T12:06:51.104+0800 [DEBUG] [org.gradle.internal.operations.DefaultBuildOperationRunner] Build operation 'Identifying work' started
2025-12-28T12:06:51.104+0800 [DEBUG] [org.gradle.internal.operations.DefaultBuildOperationRunner] Build operation 'Identifying work' started
2025-12-28T12:06:51.105+0800 [DEBUG] [org.gradle.internal.operations.DefaultBuildOperationRunner] Completing Build operation 'Identifying work'
2025-12-28T12:06:51.105+0800 [DEBUG] [org.gradle.internal.operations.DefaultBuildOperationRunner] Completing Build operation 'Identifying work'
2025-12-28T12:06:51.105+0800 [DEBUG] [org.gradle.internal.operations.DefaultBuildOperationRunner] Build operation 'Identifying work' completed
2025-12-28T12:06:51.105+0800 [DEBUG] [org.gradle.internal.operations.DefaultBuildOperationRunner] Build operation 'Identifying work' completed
2025-12-28T12:06:51.106+0800 [DEBUG] [org.gradle.internal.operations.DefaultBuildOperationRunner] Build operation 'Execute unit of work' started
2025-12-28T12:06:51.106+0800 [DEBUG] [org.gradle.internal.operations.DefaultBuildOperationRunner] Build operation 'Execute unit of work' started
2025-12-28T12:06:51.117+0800 [DEBUG] [org.gradle.internal.operations.DefaultBuildOperationRunner] Completing Build operation 'Execute unit of work'
2025-12-28T12:06:51.117+0800 [DEBUG] [org.gradle.internal.operations.DefaultBuildOperationRunner] Build operation 'Execute unit of work' completed
2025-12-28T12:06:51.117+0800 [DEBUG] [org.gradle.internal.operations.DefaultBuildOperationRunner] Completing Build operation 'Execute unit of work'
2025-12-28T12:06:51.117+0800 [DEBUG] [org.gradle.internal.operations.DefaultBuildOperationRunner] Build operation 'Execute unit of work' completed
2025-12-28T12:06:51.119+0800 [DEBUG] [org.gradle.internal.operations.DefaultBuildOperationRunner] Build operation 'Identifying work' started
2025-12-28T12:06:51.119+0800 [DEBUG] [org.gradle.internal.operations.DefaultBuildOperationRunner] Build operation 'Identifying work' started
2025-12-28T12:06:51.119+0800 [DEBUG] [org.gradle.internal.operations.DefaultBuildOperationRunner] Completing Build operation 'Identifying work'
2025-12-28T12:06:51.119+0800 [DEBUG] [org.gradle.internal.operations.DefaultBuildOperationRunner] Build operation 'Identifying work' completed
2025-12-28T12:06:51.119+0800 [DEBUG] [org.gradle.internal.operations.DefaultBuildOperationRunner] Completing Build operation 'Identifying work'
2025-12-28T12:06:51.120+0800 [DEBUG] [org.gradle.internal.operations.DefaultBuildOperationRunner] Build operation 'Execute unit of work' started
2025-12-28T12:06:51.120+0800 [DEBUG] [org.gradle.internal.operations.DefaultBuildOperationRunner] Build operation 'Identifying work' completed
2025-12-28T12:06:51.120+0800 [DEBUG] [org.gradle.internal.operations.DefaultBuildOperationRunner] Build operation 'Execute unit of work' started
2025-12-28T12:06:51.126+0800 [DEBUG] [org.gradle.internal.operations.DefaultBuildOperationRunner] Completing Build operation 'Execute unit of work'
2025-12-28T12:06:51.127+0800 [DEBUG] [org.gradle.internal.operations.DefaultBuildOperationRunner] Build operation 'Execute unit of work' completed
2025-12-28T12:06:51.126+0800 [DEBUG] [org.gradle.internal.operations.DefaultBuildOperationRunner] Completing Build operation 'Execute unit of work'
2025-12-28T12:06:51.127+0800 [DEBUG] [org.gradle.internal.operations.DefaultBuildOperationRunner] Build operation 'Execute unit of work' completed
2025-12-28T12:06:51.128+0800 [DEBUG] [org.gradle.internal.operations.DefaultBuildOperationRunner] Completing Build operation 'Execute transform chain: foojay-resolver-0.7.0.jar (org.gradle.toolchains:foojay-resolver:0.7.0)'
2025-12-28T12:06:51.128+0800 [DEBUG] [org.gradle.internal.operations.DefaultBuildOperationRunner] Build operation 'Execute transform chain: foojay-resolver-0.7.0.jar (org.gradle.toolchains:foojay-resolver:0.7.0)' completed
2025-12-28T12:06:51.128+0800 [DEBUG] [org.gradle.internal.operations.DefaultBuildOperationRunner] Completing Build operation 'Execute transform chain: gson-2.9.1.jar (com.google.code.gson:gson:2.9.1)'
2025-12-28T12:06:51.129+0800 [DEBUG] [org.gradle.internal.operations.DefaultBuildOperationRunner] Build operation 'Execute transform chain: gson-2.9.1.jar (com.google.code.gson:gson:2.9.1)' completed
2025-12-28T12:06:51.129+0800 [DEBUG] [org.gradle.internal.resources.AbstractTrackedResourceLock] Unconstrained build operations Thread 5: released lock on worker lease
2025-12-28T12:06:51.129+0800 [DEBUG] [org.gradle.internal.resources.AbstractTrackedResourceLock] Daemon worker: released lock on worker lease
2025-12-28T12:06:51.129+0800 [DEBUG] [org.gradle.internal.resources.AbstractTrackedResourceLock] Daemon worker: acquired lock on worker lease
2025-12-28T12:06:51.130+0800 [DEBUG] [org.gradle.internal.operations.DefaultBuildOperationRunner] Completing Build operation 'Resolve files of configuration 'classpath''
2025-12-28T12:06:51.130+0800 [DEBUG] [org.gradle.internal.operations.DefaultBuildOperationRunner] Build operation 'Resolve files of configuration 'classpath'' completed
2025-12-28T12:06:51.130+0800 [DEBUG] [org.gradle.internal.operations.DefaultBuildOperationRunner] Build operation 'Resolve files of configuration 'classpath'' started
2025-12-28T12:06:51.131+0800 [DEBUG] [org.gradle.internal.operations.DefaultBuildOperationRunner] Completing Build operation 'Resolve files of configuration 'classpath''
2025-12-28T12:06:51.131+0800 [DEBUG] [org.gradle.internal.operations.DefaultBuildOperationRunner] Build operation 'Resolve files of configuration 'classpath'' completed
2025-12-28T12:06:51.140+0800 [DEBUG] [org.gradle.cache.internal.btree.BTreePersistentIndexedCache] Opening cache resourceHashesCache.bin (C:\Users\StesssQQy\.gradle\caches\8.13\fileHashes\resourceHashesCache.bin)
2025-12-28T12:06:51.165+0800 [DEBUG] [org.gradle.internal.operations.DefaultBuildOperationRunner] Build operation 'Apply plugin org.gradle.toolchains.foojay-resolver-convention to settings 'Neo Anomalous Might'' started
2025-12-28T12:06:51.172+0800 [DEBUG] [org.gradle.internal.operations.DefaultBuildOperationRunner] Build operation 'Apply plugin org.gradle.toolchains.foojay.FoojayToolchainsPlugin to settings 'Neo Anomalous Might'' started
2025-12-28T12:06:51.176+0800 [DEBUG] [org.gradle.internal.operations.DefaultBuildOperationRunner] Build operation 'Apply plugin org.gradle.jvm-toolchain-management to settings 'Neo Anomalous Might'' started
2025-12-28T12:06:51.195+0800 [DEBUG] [org.gradle.internal.operations.DefaultBuildOperationRunner] Completing Build operation 'Apply plugin org.gradle.jvm-toolchain-management to settings 'Neo Anomalous Might''
2025-12-28T12:06:51.195+0800 [DEBUG] [org.gradle.internal.operations.DefaultBuildOperationRunner] Build operation 'Apply plugin org.gradle.jvm-toolchain-management to settings 'Neo Anomalous Might'' completed
2025-12-28T12:06:51.197+0800 [DEBUG] [org.gradle.internal.operations.DefaultBuildOperationRunner] Completing Build operation 'Apply plugin org.gradle.toolchains.foojay.FoojayToolchainsPlugin to settings 'Neo Anomalous Might''
2025-12-28T12:06:51.198+0800 [DEBUG] [org.gradle.internal.operations.DefaultBuildOperationRunner] Build operation 'Apply plugin org.gradle.toolchains.foojay.FoojayToolchainsPlugin to settings 'Neo Anomalous Might'' completed
2025-12-28T12:06:51.208+0800 [DEBUG] [org.gradle.internal.operations.DefaultBuildOperationRunner] Completing Build operation 'Apply plugin org.gradle.toolchains.foojay-resolver-convention to settings 'Neo Anomalous Might''
2025-12-28T12:06:51.209+0800 [DEBUG] [org.gradle.internal.operations.DefaultBuildOperationRunner] Build operation 'Apply plugin org.gradle.toolchains.foojay-resolver-convention to settings 'Neo Anomalous Might'' completed
2025-12-28T12:06:51.214+0800 [DEBUG] [org.gradle.internal.operations.DefaultBuildOperationRunner] Build operation 'Identifying work' started
2025-12-28T12:06:51.215+0800 [DEBUG] [org.gradle.internal.operations.DefaultBuildOperationRunner] Completing Build operation 'Identifying work'
2025-12-28T12:06:51.215+0800 [DEBUG] [org.gradle.internal.operations.DefaultBuildOperationRunner] Build operation 'Identifying work' completed
2025-12-28T12:06:51.228+0800 [DEBUG] [org.gradle.internal.operations.DefaultBuildOperationRunner] Completing Build operation 'Apply settings file 'settings.gradle' to settings 'Neo Anomalous Might''
2025-12-28T12:06:51.229+0800 [DEBUG] [org.gradle.internal.operations.DefaultBuildOperationRunner] Build operation 'Apply settings file 'settings.gradle' to settings 'Neo Anomalous Might'' completed
2025-12-28T12:06:51.229+0800 [DEBUG] [org.gradle.initialization.ScriptEvaluatingSettingsProcessor] Timing: Processing settings took: 4.331 secs
2025-12-28T12:06:51.230+0800 [INFO] [org.gradle.internal.buildevents.BuildLogger] Settings evaluated using settings file 'E:\Workpace\MOD\Neo Anomalous Might\settings.gradle'.
2025-12-28T12:06:51.231+0800 [DEBUG] [org.gradle.internal.locking.LockFileReaderWriter] Lockfiles root: E:\Workpace\MOD\Neo Anomalous Might\gradle\dependency-locks
2025-12-28T12:06:51.240+0800 [DEBUG] [org.gradle.caching.configuration.internal.DefaultBuildCacheConfiguration] Found class org.gradle.caching.local.internal.DirectoryBuildCacheServiceFactory registered for class org.gradle.caching.local.DirectoryBuildCache
2025-12-28T12:06:51.244+0800 [DEBUG] [org.gradle.internal.operations.DefaultBuildOperationRunner] Build operation 'Finalize build cache configuration' started
2025-12-28T12:06:51.245+0800 [DEBUG] [org.gradle.internal.operations.DefaultBuildOperationRunner] Completing Build operation 'Finalize build cache configuration'
2025-12-28T12:06:51.245+0800 [DEBUG] [org.gradle.internal.operations.DefaultBuildOperationRunner] Build operation 'Finalize build cache configuration' completed
2025-12-28T12:06:51.246+0800 [DEBUG] [org.gradle.internal.operations.DefaultBuildOperationRunner] Completing Build operation 'Evaluate settings'
2025-12-28T12:06:51.246+0800 [DEBUG] [org.gradle.internal.operations.DefaultBuildOperationRunner] Build operation 'Evaluate settings' completed
2025-12-28T12:06:51.260+0800 [DEBUG] [org.gradle.internal.operations.DefaultBuildOperationRunner] Completing Build operation 'Load build'
2025-12-28T12:06:51.261+0800 [DEBUG] [org.gradle.internal.operations.DefaultBuildOperationRunner] Build operation 'Load build' completed
2025-12-28T12:06:51.264+0800 [DEBUG] [org.gradle.internal.operations.DefaultBuildOperationRunner] Build operation 'Configure build' started
2025-12-28T12:06:51.277+0800 [DEBUG] [org.gradle.internal.operations.DefaultBuildOperationRunner] Build operation 'Load projects' started
2025-12-28T12:06:51.396+0800 [DEBUG] [org.gradle.initialization.ProjectPropertySettingBuildLoader] Looking for project properties from: E:\Workpace\MOD\Neo Anomalous Might\gradle.properties
2025-12-28T12:06:51.397+0800 [DEBUG] [org.gradle.initialization.ProjectPropertySettingBuildLoader] Adding project properties (if not overwritten by user properties): [forge_version, mod_version, forge_version_range, mod_group_id, org.gradle.daemon, org.gradle.jvmargs, mapping_version, minecraft_version, mod_name, loader_version_range, mod_authors, mapping_channel, mod_id, mod_license, mod_description, minecraft_version_range]
2025-12-28T12:06:51.408+0800 [DEBUG] [org.gradle.internal.operations.DefaultBuildOperationRunner] Completing Build operation 'Load projects'
2025-12-28T12:06:51.409+0800 [DEBUG] [org.gradle.internal.operations.DefaultBuildOperationRunner] Build operation 'Load projects' completed
2025-12-28T12:06:51.410+0800 [DEBUG] [org.gradle.internal.operations.DefaultBuildOperationRunner] Build operation 'Notify projectsLoaded listeners' started
2025-12-28T12:06:51.410+0800 [INFO] [org.gradle.internal.buildevents.BuildLogger] Projects loaded. Root project using build file 'E:\Workpace\MOD\Neo Anomalous Might\build.gradle'.
2025-12-28T12:06:51.411+0800 [INFO] [org.gradle.internal.buildevents.BuildLogger] Included projects: [root project 'Neo Anomalous Might']
2025-12-28T12:06:51.412+0800 [DEBUG] [org.gradle.internal.operations.DefaultBuildOperationRunner] Completing Build operation 'Notify projectsLoaded listeners'
2025-12-28T12:06:51.412+0800 [DEBUG] [org.gradle.internal.operations.DefaultBuildOperationRunner] Build operation 'Notify projectsLoaded listeners' completed
2025-12-28T12:06:51.431+0800 [DEBUG] [org.gradle.internal.operations.DefaultBuildOperationRunner] Build operation 'Configure project :' started
2025-12-28T12:06:51.435+0800 [DEBUG] [org.gradle.internal.operations.DefaultBuildOperationRunner] Build operation 'Notify beforeEvaluate listeners of :' started
2025-12-28T12:06:51.441+0800 [DEBUG] [org.gradle.internal.operations.DefaultBuildOperationRunner] Completing Build operation 'Notify beforeEvaluate listeners of :'
2025-12-28T12:06:51.522+0800 [DEBUG] [org.gradle.internal.operations.DefaultBuildOperationRunner] Build operation 'Apply plugin org.gradle.help-tasks to root project 'Neo Anomalous Might'' started
2025-12-28T12:06:51.574+0800 [DEBUG] [org.gradle.internal.operations.DefaultBuildOperationRunner] Build operation 'Register task :help' started
2025-12-28T12:06:51.582+0800 [DEBUG] [org.gradle.internal.operations.DefaultBuildOperationRunner] Completing Build operation 'Register task :help'
2025-12-28T12:06:51.585+0800 [DEBUG] [org.gradle.internal.operations.DefaultBuildOperationRunner] Build operation 'Register task :projects' started
2025-12-28T12:06:51.586+0800 [DEBUG] [org.gradle.internal.operations.DefaultBuildOperationRunner] Completing Build operation 'Register task :projects'
2025-12-28T12:06:51.586+0800 [DEBUG] [org.gradle.internal.operations.DefaultBuildOperationRunner] Build operation 'Register task :tasks' started
2025-12-28T12:06:51.587+0800 [DEBUG] [org.gradle.internal.operations.DefaultBuildOperationRunner] Completing Build operation 'Register task :tasks'
2025-12-28T12:06:51.588+0800 [DEBUG] [org.gradle.internal.operations.DefaultBuildOperationRunner] Build operation 'Register task :properties' started
2025-12-28T12:06:51.588+0800 [DEBUG] [org.gradle.internal.operations.DefaultBuildOperationRunner] Completing Build operation 'Register task :properties'
2025-12-28T12:06:51.590+0800 [DEBUG] [org.gradle.internal.operations.DefaultBuildOperationRunner] Build operation 'Register task :model' started
2025-12-28T12:06:51.590+0800 [DEBUG] [org.gradle.internal.operations.DefaultBuildOperationRunner] Completing Build operation 'Register task :model'
2025-12-28T12:06:51.610+0800 [DEBUG] [org.gradle.internal.operations.DefaultBuildOperationRunner] Completing Build operation 'Apply plugin org.gradle.help-tasks to root project 'Neo Anomalous Might''
2025-12-28T12:06:51.616+0800 [DEBUG] [org.gradle.internal.operations.DefaultBuildOperationRunner] Build operation 'Apply plugin org.gradle.software-reporting-tasks to root project 'Neo Anomalous Might'' started
2025-12-28T12:06:51.634+0800 [DEBUG] [org.gradle.internal.operations.DefaultBuildOperationRunner] Build operation 'Register task :dependencyInsight' started
2025-12-28T12:06:51.635+0800 [DEBUG] [org.gradle.internal.operations.DefaultBuildOperationRunner] Completing Build operation 'Register task :dependencyInsight'
2025-12-28T12:06:51.636+0800 [DEBUG] [org.gradle.internal.operations.DefaultBuildOperationRunner] Build operation 'Register task :dependencies' started
2025-12-28T12:06:51.637+0800 [DEBUG] [org.gradle.internal.operations.DefaultBuildOperationRunner] Completing Build operation 'Register task :dependencies'
2025-12-28T12:06:51.638+0800 [DEBUG] [org.gradle.internal.operations.DefaultBuildOperationRunner] Build operation 'Register task :buildEnvironment' started
2025-12-28T12:06:51.638+0800 [DEBUG] [org.gradle.internal.operations.DefaultBuildOperationRunner] Completing Build operation 'Register task :buildEnvironment'
2025-12-28T12:06:51.640+0800 [DEBUG] [org.gradle.internal.operations.DefaultBuildOperationRunner] Build operation 'Register task :components' started
2025-12-28T12:06:51.640+0800 [DEBUG] [org.gradle.internal.operations.DefaultBuildOperationRunner] Completing Build operation 'Register task :components'
2025-12-28T12:06:51.641+0800 [DEBUG] [org.gradle.internal.operations.DefaultBuildOperationRunner] Build operation 'Register task :dependentComponents' started
2025-12-28T12:06:51.642+0800 [DEBUG] [org.gradle.internal.operations.DefaultBuildOperationRunner] Completing Build operation 'Register task :dependentComponents'
2025-12-28T12:06:51.642+0800 [DEBUG] [org.gradle.internal.operations.DefaultBuildOperationRunner] Build operation 'Register task :outgoingVariants' started
2025-12-28T12:06:51.642+0800 [DEBUG] [org.gradle.internal.operations.DefaultBuildOperationRunner] Completing Build operation 'Register task :outgoingVariants'
2025-12-28T12:06:51.643+0800 [DEBUG] [org.gradle.internal.operations.DefaultBuildOperationRunner] Build operation 'Register task :resolvableConfigurations' started
2025-12-28T12:06:51.643+0800 [DEBUG] [org.gradle.internal.operations.DefaultBuildOperationRunner] Completing Build operation 'Register task :resolvableConfigurations'
2025-12-28T12:06:51.644+0800 [DEBUG] [org.gradle.internal.operations.DefaultBuildOperationRunner] Build operation 'Register task :artifactTransforms' started
2025-12-28T12:06:51.644+0800 [DEBUG] [org.gradle.internal.operations.DefaultBuildOperationRunner] Completing Build operation 'Register task :artifactTransforms'
2025-12-28T12:06:51.644+0800 [DEBUG] [org.gradle.internal.operations.DefaultBuildOperationRunner] Completing Build operation 'Apply plugin org.gradle.software-reporting-tasks to root project 'Neo Anomalous Might''
2025-12-28T12:06:51.647+0800 [DEBUG] [org.gradle.internal.operations.DefaultBuildOperationRunner] Build operation 'Apply plugin org.gradle.build-init to root project 'Neo Anomalous Might'' started
2025-12-28T12:06:51.658+0800 [DEBUG] [org.gradle.internal.operations.DefaultBuildOperationRunner] Build operation 'Register task :init' started
2025-12-28T12:06:51.658+0800 [DEBUG] [org.gradle.internal.operations.DefaultBuildOperationRunner] Completing Build operation 'Register task :init'
2025-12-28T12:06:51.659+0800 [DEBUG] [org.gradle.internal.operations.DefaultBuildOperationRunner] Completing Build operation 'Apply plugin org.gradle.build-init to root project 'Neo Anomalous Might''
2025-12-28T12:06:51.661+0800 [DEBUG] [org.gradle.internal.operations.DefaultBuildOperationRunner] Build operation 'Apply plugin org.gradle.wrapper to root project 'Neo Anomalous Might'' started
2025-12-28T12:06:51.668+0800 [DEBUG] [org.gradle.internal.operations.DefaultBuildOperationRunner] Build operation 'Register task :wrapper' started
2025-12-28T12:06:51.669+0800 [DEBUG] [org.gradle.internal.operations.DefaultBuildOperationRunner] Completing Build operation 'Register task :wrapper'
2025-12-28T12:06:51.669+0800 [DEBUG] [org.gradle.internal.operations.DefaultBuildOperationRunner] Completing Build operation 'Apply plugin org.gradle.wrapper to root project 'Neo Anomalous Might''
2025-12-28T12:06:51.670+0800 [DEBUG] [org.gradle.internal.operations.DefaultBuildOperationRunner] Build operation 'Register task :updateDaemonJvm' started
2025-12-28T12:06:51.671+0800 [DEBUG] [org.gradle.internal.operations.DefaultBuildOperationRunner] Completing Build operation 'Register task :updateDaemonJvm'
2025-12-28T12:06:51.672+0800 [DEBUG] [org.gradle.internal.operations.DefaultBuildOperationRunner] Build operation 'Register task :javaToolchains' started
2025-12-28T12:06:51.672+0800 [DEBUG] [org.gradle.internal.operations.DefaultBuildOperationRunner] Completing Build operation 'Register task :javaToolchains'
2025-12-28T12:06:51.753+0800 [DEBUG] [org.gradle.internal.operations.DefaultBuildOperationRunner] Build operation 'Register task :prepareKotlinBuildScriptModel' started
2025-12-28T12:06:51.753+0800 [DEBUG] [org.gradle.internal.operations.DefaultBuildOperationRunner] Completing Build operation 'Register task :prepareKotlinBuildScriptModel'
2025-12-28T12:06:51.756+0800 [DEBUG] [org.gradle.internal.operations.DefaultBuildOperationRunner] Build operation 'Apply build file 'build.gradle' to root project 'Neo Anomalous Might'' started
2025-12-28T12:06:51.783+0800 [DEBUG] [org.gradle.internal.operations.DefaultBuildOperationRunner] Build operation 'Identifying work' started
2025-12-28T12:06:51.784+0800 [DEBUG] [org.gradle.internal.operations.DefaultBuildOperationRunner] Completing Build operation 'Identifying work'
2025-12-28T12:06:51.841+0800 [DEBUG] [org.gradle.internal.operations.DefaultBuildOperationRunner] Build operation 'Resolve dependencies of detachedConfiguration1' started
2025-12-28T12:06:51.880+0800 [DEBUG] [org.gradle.internal.operations.DefaultBuildOperationRunner] Completing Build operation 'Resolve dependencies of detachedConfiguration1'
2025-12-28T12:06:51.881+0800 [DEBUG] [org.gradle.internal.operations.DefaultBuildOperationRunner] Build operation 'Resolve files of configuration 'detachedConfiguration1'' started
2025-12-28T12:06:51.882+0800 [DEBUG] [org.gradle.internal.operations.DefaultBuildOperationRunner] Completing Build operation 'Resolve files of configuration 'detachedConfiguration1''
2025-12-28T12:06:51.889+0800 [DEBUG] [org.gradle.internal.operations.DefaultBuildOperationRunner] Build operation 'Resolve dependencies of classpath' started
2025-12-28T12:06:52.054+0800 [DEBUG] [org.gradle.internal.operations.DefaultBuildOperationRunner] Completing Build operation 'Resolve dependencies of classpath'
2025-12-28T12:06:52.065+0800 [DEBUG] [org.gradle.internal.operations.DefaultBuildOperationRunner] Build operation 'Resolve files of configuration 'classpath'' started
2025-12-28T12:06:52.067+0800 [DEBUG] [org.gradle.internal.resources.AbstractTrackedResourceLock] Unconstrained build operations Thread 7: acquired lock on worker lease
2025-12-28T12:06:52.067+0800 [DEBUG] [org.gradle.internal.operations.DefaultBuildOperationRunner] Build operation 'Resolve artifactural-3.0.20.jar (net.minecraftforge:artifactural:3.0.20)' started
2025-12-28T12:06:52.067+0800 [DEBUG] [org.gradle.internal.resources.AbstractTrackedResourceLock] Unconstrained build operations Thread 12: acquired lock on worker lease
2025-12-28T12:06:52.067+0800 [DEBUG] [org.gradle.internal.operations.DefaultBuildOperationRunner] Build operation 'Resolve ForgeGradle-6.0.46.jar (net.minecraftforge.gradle:ForgeGradle:6.0.46)' started
2025-12-28T12:06:52.067+0800 [DEBUG] [org.gradle.internal.resources.AbstractTrackedResourceLock] Unconstrained build operations Thread 11: acquired lock on worker lease
2025-12-28T12:06:52.067+0800 [DEBUG] [org.gradle.internal.operations.DefaultBuildOperationRunner] Build operation 'Resolve fastcsv-2.2.1.jar (de.siegmar:fastcsv:2.2.1)' started
2025-12-28T12:06:52.067+0800 [DEBUG] [org.gradle.internal.resources.AbstractTrackedResourceLock] Unconstrained build operations Thread 10: acquired lock on worker lease
2025-12-28T12:06:52.067+0800 [DEBUG] [org.gradle.internal.operations.DefaultBuildOperationRunner] Build operation 'Resolve guava-31.1-jre.jar (com.google.guava:guava:31.1-jre)' started
2025-12-28T12:06:52.067+0800 [DEBUG] [org.gradle.internal.resources.AbstractTrackedResourceLock] Unconstrained build operations Thread 9: acquired lock on worker lease
2025-12-28T12:06:52.067+0800 [DEBUG] [org.gradle.internal.operations.DefaultBuildOperationRunner] Build operation 'Resolve gson-2.10.1.jar (com.google.code.gson:gson:2.10.1)' started
2025-12-28T12:06:52.068+0800 [DEBUG] [org.gradle.internal.resources.AbstractTrackedResourceLock] Unconstrained build operations Thread 8: acquired lock on worker lease
2025-12-28T12:06:52.068+0800 [DEBUG] [org.gradle.internal.operations.DefaultBuildOperationRunner] Build operation 'Resolve JarJarSelector-0.3.19.jar (net.minecraftforge:JarJarSelector:0.3.19)' started
2025-12-28T12:06:52.068+0800 [DEBUG] [org.gradle.internal.operations.DefaultBuildOperationRunner] Completing Build operation 'Resolve artifactural-3.0.20.jar (net.minecraftforge:artifactural:3.0.20)'
2025-12-28T12:06:52.068+0800 [DEBUG] [org.gradle.internal.operations.DefaultBuildOperationRunner] Build operation 'Resolve commons-io-2.11.0.jar (commons-io:commons-io:2.11.0)' started
2025-12-28T12:06:52.068+0800 [DEBUG] [org.gradle.internal.resources.AbstractTrackedResourceLock] Unconstrained build operations Thread 13: acquired lock on worker lease
2025-12-28T12:06:52.069+0800 [DEBUG] [org.gradle.internal.operations.DefaultBuildOperationRunner] Build operation 'Resolve JarJarMetadata-0.3.19.jar (net.minecraftforge:JarJarMetadata:0.3.19)' started
2025-12-28T12:06:52.069+0800 [DEBUG] [org.gradle.internal.operations.DefaultBuildOperationRunner] Build operation 'Resolve unsafe-0.2.0.jar (net.minecraftforge:unsafe:0.2.0)' started
2025-12-28T12:06:52.069+0800 [DEBUG] [org.gradle.internal.operations.DefaultBuildOperationRunner] Completing Build operation 'Resolve ForgeGradle-6.0.46.jar (net.minecraftforge.gradle:ForgeGradle:6.0.46)'
2025-12-28T12:06:52.069+0800 [DEBUG] [org.gradle.internal.operations.DefaultBuildOperationRunner] Build operation 'Resolve ForgeGradle-6.0.46.jar (net.minecraftforge.gradle:ForgeGradle:6.0.46)' completed
2025-12-28T12:06:52.069+0800 [DEBUG] [org.gradle.internal.operations.DefaultBuildOperationRunner] Build operation 'Resolve maven-artifact-3.9.1.jar (org.apache.maven:maven-artifact:3.9.1)' started
2025-12-28T12:06:52.070+0800 [DEBUG] [org.gradle.internal.operations.DefaultBuildOperationRunner] Completing Build operation 'Resolve fastcsv-2.2.1.jar (de.siegmar:fastcsv:2.2.1)'
2025-12-28T12:06:52.070+0800 [DEBUG] [org.gradle.internal.operations.DefaultBuildOperationRunner] Build operation 'Resolve fastcsv-2.2.1.jar (de.siegmar:fastcsv:2.2.1)' completed
2025-12-28T12:06:52.070+0800 [DEBUG] [org.gradle.internal.operations.DefaultBuildOperationRunner] Build operation 'Resolve httpclient-4.5.14.jar (org.apache.httpcomponents:httpclient:4.5.14)' started
2025-12-28T12:06:52.071+0800 [DEBUG] [org.gradle.internal.operations.DefaultBuildOperationRunner] Completing Build operation 'Resolve maven-artifact-3.9.1.jar (org.apache.maven:maven-artifact:3.9.1)'
2025-12-28T12:06:52.071+0800 [DEBUG] [org.gradle.internal.operations.DefaultBuildOperationRunner] Build operation 'Resolve maven-artifact-3.9.1.jar (org.apache.maven:maven-artifact:3.9.1)' completed
2025-12-28T12:06:52.071+0800 [DEBUG] [org.gradle.internal.operations.DefaultBuildOperationRunner] Build operation 'Resolve srgutils-0.5.10.jar (net.minecraftforge:srgutils:0.5.10)' started
2025-12-28T12:06:52.072+0800 [DEBUG] [org.gradle.internal.operations.DefaultBuildOperationRunner] Completing Build operation 'Resolve httpclient-4.5.14.jar (org.apache.httpcomponents:httpclient:4.5.14)'
2025-12-28T12:06:52.072+0800 [DEBUG] [org.gradle.internal.operations.DefaultBuildOperationRunner] Build operation 'Resolve httpclient-4.5.14.jar (org.apache.httpcomponents:httpclient:4.5.14)' completed
2025-12-28T12:06:52.072+0800 [DEBUG] [org.gradle.internal.operations.DefaultBuildOperationRunner] Build operation 'Resolve DiffPatch-2.0.12-all.jar (net.minecraftforge:DiffPatch:2.0.12)' started
2025-12-28T12:06:52.073+0800 [DEBUG] [org.gradle.internal.operations.DefaultBuildOperationRunner] Completing Build operation 'Resolve guava-31.1-jre.jar (com.google.guava:guava:31.1-jre)'
2025-12-28T12:06:52.074+0800 [DEBUG] [org.gradle.internal.operations.DefaultBuildOperationRunner] Build operation 'Resolve guava-31.1-jre.jar (com.google.guava:guava:31.1-jre)' completed
2025-12-28T12:06:52.075+0800 [DEBUG] [org.gradle.internal.operations.DefaultBuildOperationRunner] Completing Build operation 'Resolve srgutils-0.5.10.jar (net.minecraftforge:srgutils:0.5.10)'
2025-12-28T12:06:52.075+0800 [DEBUG] [org.gradle.internal.operations.DefaultBuildOperationRunner] Build operation 'Resolve srgutils-0.5.10.jar (net.minecraftforge:srgutils:0.5.10)' completed
2025-12-28T12:06:52.076+0800 [DEBUG] [org.gradle.internal.operations.DefaultBuildOperationRunner] Build operation 'Resolve listenablefuture-9999.0-empty-to-avoid-conflict-with-guava.jar (com.google.guava:listenablefuture:9999.0-empty-to-avoid-conflict-with-guava)' started
2025-12-28T12:06:52.075+0800 [DEBUG] [org.gradle.internal.operations.DefaultBuildOperationRunner] Build operation 'Resolve failureaccess-1.0.1.jar (com.google.guava:failureaccess:1.0.1)' started
2025-12-28T12:06:52.076+0800 [DEBUG] [org.gradle.internal.operations.DefaultBuildOperationRunner] Completing Build operation 'Resolve DiffPatch-2.0.12-all.jar (net.minecraftforge:DiffPatch:2.0.12)'
2025-12-28T12:06:52.077+0800 [DEBUG] [org.gradle.internal.operations.DefaultBuildOperationRunner] Build operation 'Resolve DiffPatch-2.0.12-all.jar (net.minecraftforge:DiffPatch:2.0.12)' completed
2025-12-28T12:06:52.077+0800 [DEBUG] [org.gradle.internal.operations.DefaultBuildOperationRunner] Build operation 'Resolve jsr305-3.0.2.jar (com.google.code.findbugs:jsr305:3.0.2)' started
2025-12-28T12:06:52.078+0800 [DEBUG] [org.gradle.internal.operations.DefaultBuildOperationRunner] Completing Build operation 'Resolve gson-2.10.1.jar (com.google.code.gson:gson:2.10.1)'
2025-12-28T12:06:52.078+0800 [DEBUG] [org.gradle.internal.operations.DefaultBuildOperationRunner] Build operation 'Resolve gson-2.10.1.jar (com.google.code.gson:gson:2.10.1)' completed
2025-12-28T12:06:52.078+0800 [DEBUG] [org.gradle.internal.operations.DefaultBuildOperationRunner] Build operation 'Resolve checker-qual-3.12.0.jar (org.checkerframework:checker-qual:3.12.0)' started
2025-12-28T12:06:52.079+0800 [DEBUG] [org.gradle.internal.operations.DefaultBuildOperationRunner] Completing Build operation 'Resolve jsr305-3.0.2.jar (com.google.code.findbugs:jsr305:3.0.2)'
2025-12-28T12:06:52.079+0800 [DEBUG] [org.gradle.internal.operations.DefaultBuildOperationRunner] Build operation 'Resolve jsr305-3.0.2.jar (com.google.code.findbugs:jsr305:3.0.2)' completed
2025-12-28T12:06:52.080+0800 [DEBUG] [org.gradle.internal.operations.DefaultBuildOperationRunner] Build operation 'Resolve error_prone_annotations-2.11.0.jar (com.google.errorprone:error_prone_annotations:2.11.0)' started
2025-12-28T12:06:52.081+0800 [DEBUG] [org.gradle.internal.operations.DefaultBuildOperationRunner] Completing Build operation 'Resolve JarJarSelector-0.3.19.jar (net.minecraftforge:JarJarSelector:0.3.19)'
2025-12-28T12:06:52.081+0800 [DEBUG] [org.gradle.internal.operations.DefaultBuildOperationRunner] Build operation 'Resolve JarJarSelector-0.3.19.jar (net.minecraftforge:JarJarSelector:0.3.19)' completed
2025-12-28T12:06:52.081+0800 [DEBUG] [org.gradle.internal.operations.DefaultBuildOperationRunner] Build operation 'Resolve j2objc-annotations-1.3.jar (com.google.j2objc:j2objc-annotations:1.3)' started
2025-12-28T12:06:52.081+0800 [DEBUG] [org.gradle.internal.operations.DefaultBuildOperationRunner] Completing Build operation 'Resolve commons-io-2.11.0.jar (commons-io:commons-io:2.11.0)'
2025-12-28T12:06:52.082+0800 [DEBUG] [org.gradle.internal.operations.DefaultBuildOperationRunner] Build operation 'Resolve commons-io-2.11.0.jar (commons-io:commons-io:2.11.0)' completed
2025-12-28T12:06:52.082+0800 [DEBUG] [org.gradle.internal.operations.DefaultBuildOperationRunner] Build operation 'Resolve plexus-utils-3.5.1.jar (org.codehaus.plexus:plexus-utils:3.5.1)' started
2025-12-28T12:06:52.082+0800 [DEBUG] [org.gradle.internal.operations.DefaultBuildOperationRunner] Completing Build operation 'Resolve error_prone_annotations-2.11.0.jar (com.google.errorprone:error_prone_annotations:2.11.0)'
2025-12-28T12:06:52.083+0800 [DEBUG] [org.gradle.internal.operations.DefaultBuildOperationRunner] Build operation 'Resolve error_prone_annotations-2.11.0.jar (com.google.errorprone:error_prone_annotations:2.11.0)' completed
2025-12-28T12:06:52.083+0800 [DEBUG] [org.gradle.internal.operations.DefaultBuildOperationRunner] Build operation 'Resolve commons-lang3-3.9.jar (org.apache.commons:commons-lang3:3.9)' started
2025-12-28T12:06:52.083+0800 [DEBUG] [org.gradle.internal.operations.DefaultBuildOperationRunner] Completing Build operation 'Resolve JarJarMetadata-0.3.19.jar (net.minecraftforge:JarJarMetadata:0.3.19)'
2025-12-28T12:06:52.084+0800 [DEBUG] [org.gradle.internal.operations.DefaultBuildOperationRunner] Build operation 'Resolve JarJarMetadata-0.3.19.jar (net.minecraftforge:JarJarMetadata:0.3.19)' completed
2025-12-28T12:06:52.084+0800 [DEBUG] [org.gradle.internal.operations.DefaultBuildOperationRunner] Build operation 'Resolve httpcore-4.4.16.jar (org.apache.httpcomponents:httpcore:4.4.16)' started
2025-12-28T12:06:52.084+0800 [DEBUG] [org.gradle.internal.operations.DefaultBuildOperationRunner] Completing Build operation 'Resolve unsafe-0.2.0.jar (net.minecraftforge:unsafe:0.2.0)'
2025-12-28T12:06:52.085+0800 [DEBUG] [org.gradle.internal.operations.DefaultBuildOperationRunner] Build operation 'Resolve commons-logging-1.2.jar (commons-logging:commons-logging:1.2)' started
2025-12-28T12:06:52.085+0800 [DEBUG] [org.gradle.internal.operations.DefaultBuildOperationRunner] Completing Build operation 'Resolve listenablefuture-9999.0-empty-to-avoid-conflict-with-guava.jar (com.google.guava:listenablefuture:9999.0-empty-to-avoid-conflict-with-guava)'
2025-12-28T12:06:52.085+0800 [DEBUG] [org.gradle.internal.operations.DefaultBuildOperationRunner] Build operation 'Resolve listenablefuture-9999.0-empty-to-avoid-conflict-with-guava.jar (com.google.guava:listenablefuture:9999.0-empty-to-avoid-conflict-with-guava)' completed
2025-12-28T12:06:52.086+0800 [DEBUG] [org.gradle.internal.operations.DefaultBuildOperationRunner] Build operation 'Resolve commons-codec-1.11.jar (commons-codec:commons-codec:1.11)' started
2025-12-28T12:06:52.086+0800 [DEBUG] [org.gradle.internal.operations.DefaultBuildOperationRunner] Completing Build operation 'Resolve failureaccess-1.0.1.jar (com.google.guava:failureaccess:1.0.1)'
2025-12-28T12:06:52.086+0800 [DEBUG] [org.gradle.internal.operations.DefaultBuildOperationRunner] Build operation 'Resolve failureaccess-1.0.1.jar (com.google.guava:failureaccess:1.0.1)' completed
2025-12-28T12:06:52.086+0800 [DEBUG] [org.gradle.internal.operations.DefaultBuildOperationRunner] Build operation 'Resolve fastutil-8.3.1.jar (it.unimi.dsi:fastutil:8.3.1)' started
2025-12-28T12:06:52.087+0800 [DEBUG] [org.gradle.internal.operations.DefaultBuildOperationRunner] Completing Build operation 'Resolve checker-qual-3.12.0.jar (org.checkerframework:checker-qual:3.12.0)'
2025-12-28T12:06:52.087+0800 [DEBUG] [org.gradle.internal.operations.DefaultBuildOperationRunner] Build operation 'Resolve checker-qual-3.12.0.jar (org.checkerframework:checker-qual:3.12.0)' completed
2025-12-28T12:06:52.087+0800 [DEBUG] [org.gradle.internal.operations.DefaultBuildOperationRunner] Build operation 'Resolve commons-compress-1.18.jar (org.apache.commons:commons-compress:1.18)' started
2025-12-28T12:06:52.088+0800 [DEBUG] [org.gradle.internal.operations.DefaultBuildOperationRunner] Completing Build operation 'Resolve commons-lang3-3.9.jar (org.apache.commons:commons-lang3:3.9)'
2025-12-28T12:06:52.088+0800 [DEBUG] [org.gradle.internal.operations.DefaultBuildOperationRunner] Build operation 'Resolve commons-lang3-3.9.jar (org.apache.commons:commons-lang3:3.9)' completed
2025-12-28T12:06:52.089+0800 [DEBUG] [org.gradle.internal.operations.DefaultBuildOperationRunner] Build operation 'Resolve xz-1.8.jar (org.tukaani:xz:1.8)' started
2025-12-28T12:06:52.089+0800 [DEBUG] [org.gradle.internal.operations.DefaultBuildOperationRunner] Completing Build operation 'Resolve j2objc-annotations-1.3.jar (com.google.j2objc:j2objc-annotations:1.3)'
2025-12-28T12:06:52.090+0800 [DEBUG] [org.gradle.internal.operations.DefaultBuildOperationRunner] Build operation 'Resolve j2objc-annotations-1.3.jar (com.google.j2objc:j2objc-annotations:1.3)' completed
2025-12-28T12:06:52.090+0800 [DEBUG] [org.gradle.internal.operations.DefaultBuildOperationRunner] Build operation 'Resolve jopt-simple-5.0.4.jar (net.sf.jopt-simple:jopt-simple:5.0.4)' started
2025-12-28T12:06:52.090+0800 [DEBUG] [org.gradle.internal.operations.DefaultBuildOperationRunner] Completing Build operation 'Resolve commons-logging-1.2.jar (commons-logging:commons-logging:1.2)'
2025-12-28T12:06:52.090+0800 [DEBUG] [org.gradle.internal.operations.DefaultBuildOperationRunner] Build operation 'Resolve noexception-1.7.1.jar (com.machinezoo.noexception:noexception:1.7.1)' started
2025-12-28T12:06:52.091+0800 [DEBUG] [org.gradle.internal.operations.DefaultBuildOperationRunner] Completing Build operation 'Resolve commons-compress-1.18.jar (org.apache.commons:commons-compress:1.18)'
2025-12-28T12:06:52.091+0800 [DEBUG] [org.gradle.internal.operations.DefaultBuildOperationRunner] Build operation 'Resolve commons-compress-1.18.jar (org.apache.commons:commons-compress:1.18)' completed
2025-12-28T12:06:52.092+0800 [DEBUG] [org.gradle.internal.operations.DefaultBuildOperationRunner] Build operation 'Resolve slf4j-simple-1.7.30.jar (org.slf4j:slf4j-simple:1.7.30)' started
2025-12-28T12:06:52.092+0800 [DEBUG] [org.gradle.internal.operations.DefaultBuildOperationRunner] Completing Build operation 'Resolve noexception-1.7.1.jar (com.machinezoo.noexception:noexception:1.7.1)'
2025-12-28T12:06:52.092+0800 [DEBUG] [org.gradle.internal.operations.DefaultBuildOperationRunner] Build operation 'Resolve slf4j-api-1.7.30.jar (org.slf4j:slf4j-api:1.7.30)' started
2025-12-28T12:06:52.093+0800 [DEBUG] [org.gradle.internal.operations.DefaultBuildOperationRunner] Completing Build operation 'Resolve plexus-utils-3.5.1.jar (org.codehaus.plexus:plexus-utils:3.5.1)'
2025-12-28T12:06:52.093+0800 [DEBUG] [org.gradle.internal.operations.DefaultBuildOperationRunner] Build operation 'Resolve plexus-utils-3.5.1.jar (org.codehaus.plexus:plexus-utils:3.5.1)' completed
2025-12-28T12:06:52.093+0800 [DEBUG] [org.gradle.internal.resources.AbstractTrackedResourceLock] Unconstrained build operations Thread 8: released lock on worker lease
2025-12-28T12:06:52.094+0800 [DEBUG] [org.gradle.internal.operations.DefaultBuildOperationRunner] Completing Build operation 'Resolve httpcore-4.4.16.jar (org.apache.httpcomponents:httpcore:4.4.16)'
2025-12-28T12:06:52.094+0800 [DEBUG] [org.gradle.internal.operations.DefaultBuildOperationRunner] Build operation 'Resolve httpcore-4.4.16.jar (org.apache.httpcomponents:httpcore:4.4.16)' completed
2025-12-28T12:06:52.094+0800 [DEBUG] [org.gradle.internal.resources.AbstractTrackedResourceLock] Unconstrained build operations Thread 13: released lock on worker lease
2025-12-28T12:06:52.095+0800 [DEBUG] [org.gradle.internal.operations.DefaultBuildOperationRunner] Completing Build operation 'Resolve commons-codec-1.11.jar (commons-codec:commons-codec:1.11)'
2025-12-28T12:06:52.095+0800 [DEBUG] [org.gradle.internal.operations.DefaultBuildOperationRunner] Build operation 'Resolve commons-codec-1.11.jar (commons-codec:commons-codec:1.11)' completed
2025-12-28T12:06:52.096+0800 [DEBUG] [org.gradle.internal.resources.AbstractTrackedResourceLock] Unconstrained build operations Thread 7: released lock on worker lease
2025-12-28T12:06:52.096+0800 [DEBUG] [org.gradle.internal.operations.DefaultBuildOperationRunner] Completing Build operation 'Resolve fastutil-8.3.1.jar (it.unimi.dsi:fastutil:8.3.1)'
2025-12-28T12:06:52.097+0800 [DEBUG] [org.gradle.internal.operations.DefaultBuildOperationRunner] Build operation 'Resolve fastutil-8.3.1.jar (it.unimi.dsi:fastutil:8.3.1)' completed
2025-12-28T12:06:52.097+0800 [DEBUG] [org.gradle.internal.resources.AbstractTrackedResourceLock] Unconstrained build operations Thread 11: released lock on worker lease
2025-12-28T12:06:52.098+0800 [DEBUG] [org.gradle.internal.operations.DefaultBuildOperationRunner] Completing Build operation 'Resolve xz-1.8.jar (org.tukaani:xz:1.8)'
2025-12-28T12:06:52.098+0800 [DEBUG] [org.gradle.internal.operations.DefaultBuildOperationRunner] Build operation 'Resolve xz-1.8.jar (org.tukaani:xz:1.8)' completed
2025-12-28T12:06:52.098+0800 [DEBUG] [org.gradle.internal.resources.AbstractTrackedResourceLock] Unconstrained build operations Thread 12: released lock on worker lease
2025-12-28T12:06:52.099+0800 [DEBUG] [org.gradle.internal.operations.DefaultBuildOperationRunner] Completing Build operation 'Resolve slf4j-api-1.7.30.jar (org.slf4j:slf4j-api:1.7.30)'
2025-12-28T12:06:52.100+0800 [DEBUG] [org.gradle.internal.operations.DefaultBuildOperationRunner] Completing Build operation 'Resolve jopt-simple-5.0.4.jar (net.sf.jopt-simple:jopt-simple:5.0.4)'
2025-12-28T12:06:52.100+0800 [DEBUG] [org.gradle.internal.operations.DefaultBuildOperationRunner] Build operation 'Resolve jopt-simple-5.0.4.jar (net.sf.jopt-simple:jopt-simple:5.0.4)' completed
2025-12-28T12:06:52.100+0800 [DEBUG] [org.gradle.internal.resources.AbstractTrackedResourceLock] Unconstrained build operations Thread 9: released lock on worker lease
2025-12-28T12:06:52.101+0800 [DEBUG] [org.gradle.internal.operations.DefaultBuildOperationRunner] Completing Build operation 'Resolve slf4j-simple-1.7.30.jar (org.slf4j:slf4j-simple:1.7.30)'
2025-12-28T12:06:52.101+0800 [DEBUG] [org.gradle.internal.operations.DefaultBuildOperationRunner] Build operation 'Resolve slf4j-simple-1.7.30.jar (org.slf4j:slf4j-simple:1.7.30)' completed
2025-12-28T12:06:52.101+0800 [DEBUG] [org.gradle.internal.resources.AbstractTrackedResourceLock] Unconstrained build operations Thread 10: released lock on worker lease
2025-12-28T12:06:52.102+0800 [DEBUG] [org.gradle.internal.operations.DefaultBuildOperationRunner] Completing Build operation 'Resolve files of configuration 'classpath''
2025-12-28T12:06:52.122+0800 [DEBUG] [org.gradle.internal.operations.DefaultBuildOperationRunner] Build operation 'Resolve files of configuration 'classpath'' started
2025-12-28T12:06:52.122+0800 [DEBUG] [org.gradle.internal.operations.DefaultBuildOperationRunner] Build operation 'Fingerprint transform inputs' started
2025-12-28T12:06:52.122+0800 [DEBUG] [org.gradle.internal.operations.DefaultBuildOperationRunner] Completing Build operation 'Fingerprint transform inputs'
2025-12-28T12:06:52.130+0800 [DEBUG] [org.gradle.internal.operations.DefaultBuildOperationRunner] Build operation 'Resolve files of configuration 'classpath'' started
2025-12-28T12:06:52.131+0800 [DEBUG] [org.gradle.internal.operations.DefaultBuildOperationRunner] Build operation 'Identifying work' started
2025-12-28T12:06:52.132+0800 [DEBUG] [org.gradle.internal.operations.DefaultBuildOperationRunner] Completing Build operation 'Identifying work'
2025-12-28T12:06:52.133+0800 [DEBUG] [org.gradle.internal.operations.DefaultBuildOperationRunner] Build operation 'Identifying work' started
2025-12-28T12:06:52.133+0800 [DEBUG] [org.gradle.internal.resources.AbstractTrackedResourceLock] Unconstrained build operations Thread 14: acquired lock on worker lease
2025-12-28T12:06:52.134+0800 [DEBUG] [org.gradle.internal.operations.DefaultBuildOperationRunner] Build operation 'Execute transform chain: ForgeGradle-6.0.46.jar (net.minecraftforge.gradle:ForgeGradle:6.0.46)' started
2025-12-28T12:06:52.134+0800 [DEBUG] [org.gradle.internal.operations.DefaultBuildOperationRunner] Build operation 'Execute unit of work' started
2025-12-28T12:06:52.135+0800 [DEBUG] [org.gradle.internal.operations.DefaultBuildOperationRunner] Completing Build operation 'Identifying work'
2025-12-28T12:06:52.136+0800 [DEBUG] [org.gradle.internal.operations.DefaultBuildOperationRunner] Build operation 'Identifying work' started
2025-12-28T12:06:52.136+0800 [DEBUG] [org.gradle.internal.resources.AbstractTrackedResourceLock] Unconstrained build operations Thread 15: acquired lock on worker lease
2025-12-28T12:06:52.136+0800 [DEBUG] [org.gradle.internal.operations.DefaultBuildOperationRunner] Build operation 'Execute transform chain: commons-io-2.11.0.jar (commons-io:commons-io:2.11.0)' started
2025-12-28T12:06:52.136+0800 [DEBUG] [org.gradle.internal.operations.DefaultBuildOperationRunner] Build operation 'Execute unit of work' started
2025-12-28T12:06:52.138+0800 [DEBUG] [org.gradle.internal.operations.DefaultBuildOperationRunner] Completing Build operation 'Identifying work'
2025-12-28T12:06:52.139+0800 [DEBUG] [org.gradle.internal.operations.DefaultBuildOperationRunner] Build operation 'Identifying work' started
2025-12-28T12:06:52.140+0800 [DEBUG] [org.gradle.internal.resources.AbstractTrackedResourceLock] Unconstrained build operations Thread 16: acquired lock on worker lease
2025-12-28T12:06:52.140+0800 [DEBUG] [org.gradle.internal.operations.DefaultBuildOperationRunner] Build operation 'Execute transform chain: JarJarSelector-0.3.19.jar (net.minecraftforge:JarJarSelector:0.3.19)' started
2025-12-28T12:06:52.140+0800 [DEBUG] [org.gradle.internal.operations.DefaultBuildOperationRunner] Build operation 'Execute unit of work' started
2025-12-28T12:06:52.142+0800 [DEBUG] [org.gradle.internal.operations.DefaultBuildOperationRunner] Completing Build operation 'Identifying work'
2025-12-28T12:06:52.143+0800 [DEBUG] [org.gradle.internal.operations.DefaultBuildOperationRunner] Build operation 'Identifying work' started
2025-12-28T12:06:52.144+0800 [DEBUG] [org.gradle.internal.resources.AbstractTrackedResourceLock] Unconstrained build operations Thread 17: acquired lock on worker lease
2025-12-28T12:06:52.144+0800 [DEBUG] [org.gradle.internal.operations.DefaultBuildOperationRunner] Build operation 'Execute transform chain: JarJarMetadata-0.3.19.jar (net.minecraftforge:JarJarMetadata:0.3.19)' started
2025-12-28T12:06:52.145+0800 [DEBUG] [org.gradle.internal.operations.DefaultBuildOperationRunner] Build operation 'Execute unit of work' started
2025-12-28T12:06:52.145+0800 [DEBUG] [org.gradle.internal.operations.DefaultBuildOperationRunner] Completing Build operation 'Execute unit of work'
2025-12-28T12:06:52.145+0800 [DEBUG] [org.gradle.internal.operations.DefaultBuildOperationRunner] Completing Build operation 'Identifying work'
2025-12-28T12:06:52.147+0800 [DEBUG] [org.gradle.internal.operations.DefaultBuildOperationRunner] Build operation 'Identifying work' started
2025-12-28T12:06:52.147+0800 [DEBUG] [org.gradle.internal.operations.DefaultBuildOperationRunner] Completing Build operation 'Execute unit of work'
2025-12-28T12:06:52.147+0800 [DEBUG] [org.gradle.internal.operations.DefaultBuildOperationRunner] Completing Build operation 'Execute transform chain: ForgeGradle-6.0.46.jar (net.minecraftforge.gradle:ForgeGradle:6.0.46)'
2025-12-28T12:06:52.148+0800 [DEBUG] [org.gradle.internal.operations.DefaultBuildOperationRunner] Build operation 'Execute transform chain: ForgeGradle-6.0.46.jar (net.minecraftforge.gradle:ForgeGradle:6.0.46)' completed
2025-12-28T12:06:52.148+0800 [DEBUG] [org.gradle.internal.resources.AbstractTrackedResourceLock] Unconstrained build operations Thread 18: acquired lock on worker lease
2025-12-28T12:06:52.148+0800 [DEBUG] [org.gradle.internal.resources.AbstractTrackedResourceLock] Unconstrained build operations Thread 14: released lock on worker lease
2025-12-28T12:06:52.148+0800 [DEBUG] [org.gradle.internal.operations.DefaultBuildOperationRunner] Build operation 'Execute transform chain: gson-2.10.1.jar (com.google.code.gson:gson:2.10.1)' started
2025-12-28T12:06:52.149+0800 [DEBUG] [org.gradle.internal.operations.DefaultBuildOperationRunner] Build operation 'Execute unit of work' started
2025-12-28T12:06:52.149+0800 [DEBUG] [org.gradle.internal.operations.DefaultBuildOperationRunner] Completing Build operation 'Identifying work'
2025-12-28T12:06:52.150+0800 [DEBUG] [org.gradle.internal.operations.DefaultBuildOperationRunner] Completing Build operation 'Execute transform chain: commons-io-2.11.0.jar (commons-io:commons-io:2.11.0)'
2025-12-28T12:06:52.150+0800 [DEBUG] [org.gradle.internal.operations.DefaultBuildOperationRunner] Build operation 'Execute transform chain: commons-io-2.11.0.jar (commons-io:commons-io:2.11.0)' completed
2025-12-28T12:06:52.150+0800 [DEBUG] [org.gradle.internal.resources.AbstractTrackedResourceLock] Unconstrained build operations Thread 14: acquired lock on worker lease
2025-12-28T12:06:52.150+0800 [DEBUG] [org.gradle.internal.operations.DefaultBuildOperationRunner] Build operation 'Identifying work' started
2025-12-28T12:06:52.151+0800 [DEBUG] [org.gradle.internal.operations.DefaultBuildOperationRunner] Build operation 'Execute transform chain: guava-31.1-jre.jar (com.google.guava:guava:31.1-jre)' started
2025-12-28T12:06:52.150+0800 [DEBUG] [org.gradle.internal.resources.AbstractTrackedResourceLock] Unconstrained build operations Thread 15: released lock on worker lease
2025-12-28T12:06:52.151+0800 [DEBUG] [org.gradle.internal.operations.DefaultBuildOperationRunner] Build operation 'Execute unit of work' started
2025-12-28T12:06:52.151+0800 [DEBUG] [org.gradle.internal.operations.DefaultBuildOperationRunner] Completing Build operation 'Execute unit of work'
2025-12-28T12:06:52.152+0800 [DEBUG] [org.gradle.internal.operations.DefaultBuildOperationRunner] Completing Build operation 'Identifying work'
2025-12-28T12:06:52.154+0800 [DEBUG] [org.gradle.internal.operations.DefaultBuildOperationRunner] Completing Build operation 'Execute transform chain: JarJarSelector-0.3.19.jar (net.minecraftforge:JarJarSelector:0.3.19)'
2025-12-28T12:06:52.154+0800 [DEBUG] [org.gradle.internal.operations.DefaultBuildOperationRunner] Build operation 'Execute transform chain: JarJarSelector-0.3.19.jar (net.minecraftforge:JarJarSelector:0.3.19)' completed
2025-12-28T12:06:52.154+0800 [DEBUG] [org.gradle.internal.operations.DefaultBuildOperationRunner] Build operation 'Identifying work' started
2025-12-28T12:06:52.154+0800 [DEBUG] [org.gradle.internal.resources.AbstractTrackedResourceLock] Unconstrained build operations Thread 15: acquired lock on worker lease
2025-12-28T12:06:52.155+0800 [DEBUG] [org.gradle.internal.operations.DefaultBuildOperationRunner] Build operation 'Execute transform chain: fastcsv-2.2.1.jar (de.siegmar:fastcsv:2.2.1)' started
2025-12-28T12:06:52.155+0800 [DEBUG] [org.gradle.internal.operations.DefaultBuildOperationRunner] Build operation 'Execute unit of work' started
2025-12-28T12:06:52.155+0800 [DEBUG] [org.gradle.internal.resources.AbstractTrackedResourceLock] Unconstrained build operations Thread 16: released lock on worker lease
2025-12-28T12:06:52.157+0800 [DEBUG] [org.gradle.internal.operations.DefaultBuildOperationRunner] Completing Build operation 'Identifying work'
2025-12-28T12:06:52.158+0800 [DEBUG] [org.gradle.internal.resources.AbstractTrackedResourceLock] Unconstrained build operations Thread 19: acquired lock on worker lease
2025-12-28T12:06:52.158+0800 [DEBUG] [org.gradle.internal.operations.DefaultBuildOperationRunner] Build operation 'Execute transform chain: artifactural-3.0.20.jar (net.minecraftforge:artifactural:3.0.20)' started
2025-12-28T12:06:52.158+0800 [DEBUG] [org.gradle.internal.operations.DefaultBuildOperationRunner] Build operation 'Execute unit of work' started
2025-12-28T12:06:52.158+0800 [DEBUG] [org.gradle.internal.operations.DefaultBuildOperationRunner] Build operation 'Identifying work' started
2025-12-28T12:06:52.161+0800 [DEBUG] [org.gradle.internal.operations.DefaultBuildOperationRunner] Completing Build operation 'Identifying work'
2025-12-28T12:06:52.161+0800 [DEBUG] [org.gradle.internal.operations.DefaultBuildOperationRunner] Completing Build operation 'Execute unit of work'
2025-12-28T12:06:52.161+0800 [DEBUG] [org.gradle.internal.operations.DefaultBuildOperationRunner] Build operation 'Identifying work' started
2025-12-28T12:06:52.161+0800 [DEBUG] [org.gradle.internal.operations.DefaultBuildOperationRunner] Completing Build operation 'Execute unit of work'
2025-12-28T12:06:52.162+0800 [DEBUG] [org.gradle.internal.operations.DefaultBuildOperationRunner] Completing Build operation 'Execute unit of work'
2025-12-28T12:06:52.162+0800 [DEBUG] [org.gradle.internal.resources.AbstractTrackedResourceLock] Unconstrained build operations Thread 16: acquired lock on worker lease
2025-12-28T12:06:52.164+0800 [DEBUG] [org.gradle.internal.operations.DefaultBuildOperationRunner] Build operation 'Execute transform chain: unsafe-0.2.0.jar (net.minecraftforge:unsafe:0.2.0)' started
2025-12-28T12:06:52.163+0800 [DEBUG] [org.gradle.internal.operations.DefaultBuildOperationRunner] Completing Build operation 'Identifying work'
2025-12-28T12:06:52.164+0800 [DEBUG] [org.gradle.internal.operations.DefaultBuildOperationRunner] Completing Build operation 'Execute transform chain: JarJarMetadata-0.3.19.jar (net.minecraftforge:JarJarMetadata:0.3.19)'
2025-12-28T12:06:52.164+0800 [DEBUG] [org.gradle.internal.operations.DefaultBuildOperationRunner] Build operation 'Execute transform chain: JarJarMetadata-0.3.19.jar (net.minecraftforge:JarJarMetadata:0.3.19)' completed
2025-12-28T12:06:52.165+0800 [DEBUG] [org.gradle.internal.resources.AbstractTrackedResourceLock] Unconstrained build operations Thread 20: acquired lock on worker lease
2025-12-28T12:06:52.164+0800 [DEBUG] [org.gradle.internal.operations.DefaultBuildOperationRunner] Build operation 'Execute unit of work' started
2025-12-28T12:06:52.165+0800 [DEBUG] [org.gradle.internal.operations.DefaultBuildOperationRunner] Build operation 'Execute transform chain: maven-artifact-3.9.1.jar (org.apache.maven:maven-artifact:3.9.1)' started
2025-12-28T12:06:52.164+0800 [DEBUG] [org.gradle.internal.operations.DefaultBuildOperationRunner] Build operation 'Identifying work' started
2025-12-28T12:06:52.164+0800 [DEBUG] [org.gradle.internal.operations.DefaultBuildOperationRunner] Completing Build operation 'Execute transform chain: guava-31.1-jre.jar (com.google.guava:guava:31.1-jre)'
2025-12-28T12:06:52.166+0800 [DEBUG] [org.gradle.internal.operations.DefaultBuildOperationRunner] Build operation 'Execute transform chain: guava-31.1-jre.jar (com.google.guava:guava:31.1-jre)' completed
2025-12-28T12:06:52.164+0800 [DEBUG] [org.gradle.internal.operations.DefaultBuildOperationRunner] Completing Build operation 'Execute transform chain: gson-2.10.1.jar (com.google.code.gson:gson:2.10.1)'
2025-12-28T12:06:52.165+0800 [DEBUG] [org.gradle.internal.operations.DefaultBuildOperationRunner] Build operation 'Execute unit of work' started
2025-12-28T12:06:52.167+0800 [DEBUG] [org.gradle.internal.operations.DefaultBuildOperationRunner] Completing Build operation 'Execute unit of work'
2025-12-28T12:06:52.168+0800 [DEBUG] [org.gradle.internal.operations.DefaultBuildOperationRunner] Completing Build operation 'Identifying work'
2025-12-28T12:06:52.165+0800 [DEBUG] [org.gradle.internal.resources.AbstractTrackedResourceLock] Unconstrained build operations Thread 17: released lock on worker lease
2025-12-28T12:06:52.166+0800 [DEBUG] [org.gradle.internal.operations.DefaultBuildOperationRunner] Build operation 'Execute transform chain: gson-2.10.1.jar (com.google.code.gson:gson:2.10.1)' completed
2025-12-28T12:06:52.169+0800 [DEBUG] [org.gradle.internal.operations.DefaultBuildOperationRunner] Build operation 'Identifying work' started
2025-12-28T12:06:52.169+0800 [DEBUG] [org.gradle.internal.operations.DefaultBuildOperationRunner] Build operation 'Execute transform chain: httpclient-4.5.14.jar (org.apache.httpcomponents:httpclient:4.5.14)' started
2025-12-28T12:06:52.169+0800 [DEBUG] [org.gradle.internal.resources.AbstractTrackedResourceLock] Unconstrained build operations Thread 14: released lock on worker lease
2025-12-28T12:06:52.169+0800 [DEBUG] [org.gradle.internal.operations.DefaultBuildOperationRunner] Build operation 'Execute unit of work' started
2025-12-28T12:06:52.170+0800 [DEBUG] [org.gradle.internal.operations.DefaultBuildOperationRunner] Completing Build operation 'Execute transform chain: fastcsv-2.2.1.jar (de.siegmar:fastcsv:2.2.1)'
2025-12-28T12:06:52.170+0800 [DEBUG] [org.gradle.internal.operations.DefaultBuildOperationRunner] Build operation 'Execute transform chain: fastcsv-2.2.1.jar (de.siegmar:fastcsv:2.2.1)' completed
2025-12-28T12:06:52.170+0800 [DEBUG] [org.gradle.internal.operations.DefaultBuildOperationRunner] Completing Build operation 'Identifying work'
2025-12-28T12:06:52.171+0800 [DEBUG] [org.gradle.internal.resources.AbstractTrackedResourceLock] Unconstrained build operations Thread 15: released lock on worker lease
2025-12-28T12:06:52.171+0800 [DEBUG] [org.gradle.internal.operations.DefaultBuildOperationRunner] Build operation 'Identifying work' started
2025-12-28T12:06:52.172+0800 [DEBUG] [org.gradle.internal.resources.AbstractTrackedResourceLock] Unconstrained build operations Thread 17: acquired lock on worker lease
2025-12-28T12:06:52.173+0800 [DEBUG] [org.gradle.internal.operations.DefaultBuildOperationRunner] Build operation 'Execute transform chain: srgutils-0.5.10.jar (net.minecraftforge:srgutils:0.5.10)' started
2025-12-28T12:06:52.173+0800 [DEBUG] [org.gradle.internal.operations.DefaultBuildOperationRunner] Build operation 'Execute unit of work' started
2025-12-28T12:06:52.174+0800 [DEBUG] [org.gradle.internal.operations.DefaultBuildOperationRunner] Completing Build operation 'Identifying work'
2025-12-28T12:06:52.174+0800 [DEBUG] [org.gradle.internal.operations.DefaultBuildOperationRunner] Completing Build operation 'Execute unit of work'
2025-12-28T12:06:52.175+0800 [DEBUG] [org.gradle.internal.operations.DefaultBuildOperationRunner] Build operation 'Identifying work' started
2025-12-28T12:06:52.176+0800 [DEBUG] [org.gradle.internal.resources.AbstractTrackedResourceLock] Unconstrained build operations Thread 14: acquired lock on worker lease
2025-12-28T12:06:52.176+0800 [DEBUG] [org.gradle.internal.operations.DefaultBuildOperationRunner] Build operation 'Execute transform chain: DiffPatch-2.0.12-all.jar (net.minecraftforge:DiffPatch:2.0.12)' started
2025-12-28T12:06:52.177+0800 [DEBUG] [org.gradle.internal.operations.DefaultBuildOperationRunner] Build operation 'Execute unit of work' started
2025-12-28T12:06:52.178+0800 [DEBUG] [org.gradle.internal.operations.DefaultBuildOperationRunner] Completing Build operation 'Execute transform chain: artifactural-3.0.20.jar (net.minecraftforge:artifactural:3.0.20)'
2025-12-28T12:06:52.178+0800 [DEBUG] [org.gradle.internal.operations.DefaultBuildOperationRunner] Build operation 'Execute transform chain: artifactural-3.0.20.jar (net.minecraftforge:artifactural:3.0.20)' completed
2025-12-28T12:06:52.178+0800 [DEBUG] [org.gradle.internal.resources.AbstractTrackedResourceLock] Unconstrained build operations Thread 19: released lock on worker lease
2025-12-28T12:06:52.179+0800 [DEBUG] [org.gradle.internal.operations.DefaultBuildOperationRunner] Completing Build operation 'Identifying work'
2025-12-28T12:06:52.179+0800 [DEBUG] [org.gradle.internal.operations.DefaultBuildOperationRunner] Completing Build operation 'Execute unit of work'
2025-12-28T12:06:52.179+0800 [DEBUG] [org.gradle.internal.operations.DefaultBuildOperationRunner] Completing Build operation 'Execute unit of work'
2025-12-28T12:06:52.181+0800 [DEBUG] [org.gradle.internal.resources.AbstractTrackedResourceLock] Unconstrained build operations Thread 15: acquired lock on worker lease
2025-12-28T12:06:52.180+0800 [DEBUG] [org.gradle.internal.operations.DefaultBuildOperationRunner] Build operation 'Identifying work' started
2025-12-28T12:06:52.181+0800 [DEBUG] [org.gradle.internal.operations.DefaultBuildOperationRunner] Build operation 'Execute transform chain: failureaccess-1.0.1.jar (com.google.guava:failureaccess:1.0.1)' started
2025-12-28T12:06:52.181+0800 [DEBUG] [org.gradle.internal.operations.DefaultBuildOperationRunner] Build operation 'Execute unit of work' started
2025-12-28T12:06:52.182+0800 [DEBUG] [org.gradle.internal.operations.DefaultBuildOperationRunner] Completing Build operation 'Execute transform chain: httpclient-4.5.14.jar (org.apache.httpcomponents:httpclient:4.5.14)'
2025-12-28T12:06:52.183+0800 [DEBUG] [org.gradle.internal.operations.DefaultBuildOperationRunner] Build operation 'Execute transform chain: httpclient-4.5.14.jar (org.apache.httpcomponents:httpclient:4.5.14)' completed
2025-12-28T12:06:52.183+0800 [DEBUG] [org.gradle.internal.resources.AbstractTrackedResourceLock] Unconstrained build operations Thread 18: released lock on worker lease
2025-12-28T12:06:52.183+0800 [DEBUG] [org.gradle.internal.operations.DefaultBuildOperationRunner] Completing Build operation 'Execute transform chain: unsafe-0.2.0.jar (net.minecraftforge:unsafe:0.2.0)'
2025-12-28T12:06:52.184+0800 [DEBUG] [org.gradle.internal.operations.DefaultBuildOperationRunner] Build operation 'Execute transform chain: unsafe-0.2.0.jar (net.minecraftforge:unsafe:0.2.0)' completed
2025-12-28T12:06:52.184+0800 [DEBUG] [org.gradle.internal.resources.AbstractTrackedResourceLock] Unconstrained build operations Thread 16: released lock on worker lease
2025-12-28T12:06:52.188+0800 [DEBUG] [org.gradle.internal.operations.DefaultBuildOperationRunner] Completing Build operation 'Execute unit of work'
2025-12-28T12:06:52.189+0800 [DEBUG] [org.gradle.internal.operations.DefaultBuildOperationRunner] Completing Build operation 'Identifying work'
2025-12-28T12:06:52.190+0800 [DEBUG] [org.gradle.internal.operations.DefaultBuildOperationRunner] Build operation 'Identifying work' started
2025-12-28T12:06:52.190+0800 [DEBUG] [org.gradle.internal.resources.AbstractTrackedResourceLock] Unconstrained build operations Thread 19: acquired lock on worker lease
2025-12-28T12:06:52.191+0800 [DEBUG] [org.gradle.internal.operations.DefaultBuildOperationRunner] Build operation 'Execute transform chain: listenablefuture-9999.0-empty-to-avoid-conflict-with-guava.jar (com.google.guava:listenablefuture:9999.0-empty-to-avoid-conflict-with-guava)' started
2025-12-28T12:06:52.191+0800 [DEBUG] [org.gradle.internal.operations.DefaultBuildOperationRunner] Build operation 'Execute unit of work' started
2025-12-28T12:06:52.191+0800 [DEBUG] [org.gradle.internal.operations.DefaultBuildOperationRunner] Completing Build operation 'Execute unit of work'
2025-12-28T12:06:52.191+0800 [DEBUG] [org.gradle.internal.operations.DefaultBuildOperationRunner] Completing Build operation 'Execute transform chain: DiffPatch-2.0.12-all.jar (net.minecraftforge:DiffPatch:2.0.12)'
2025-12-28T12:06:52.192+0800 [DEBUG] [org.gradle.internal.operations.DefaultBuildOperationRunner] Completing Build operation 'Identifying work'
2025-12-28T12:06:52.192+0800 [DEBUG] [org.gradle.internal.operations.DefaultBuildOperationRunner] Completing Build operation 'Execute unit of work'
2025-12-28T12:06:52.191+0800 [DEBUG] [org.gradle.internal.operations.DefaultBuildOperationRunner] Completing Build operation 'Execute unit of work'
2025-12-28T12:06:52.193+0800 [DEBUG] [org.gradle.internal.resources.AbstractTrackedResourceLock] Unconstrained build operations Thread 18: acquired lock on worker lease
2025-12-28T12:06:52.194+0800 [DEBUG] [org.gradle.internal.operations.DefaultBuildOperationRunner] Build operation 'Execute transform chain: jsr305-3.0.2.jar (com.google.code.findbugs:jsr305:3.0.2)' started
2025-12-28T12:06:52.192+0800 [DEBUG] [org.gradle.internal.operations.DefaultBuildOperationRunner] Build operation 'Identifying work' started
2025-12-28T12:06:52.192+0800 [DEBUG] [org.gradle.internal.operations.DefaultBuildOperationRunner] Build operation 'Execute transform chain: DiffPatch-2.0.12-all.jar (net.minecraftforge:DiffPatch:2.0.12)' completed
2025-12-28T12:06:52.194+0800 [DEBUG] [org.gradle.internal.operations.DefaultBuildOperationRunner] Build operation 'Execute unit of work' started
2025-12-28T12:06:52.193+0800 [DEBUG] [org.gradle.internal.operations.DefaultBuildOperationRunner] Completing Build operation 'Execute transform chain: failureaccess-1.0.1.jar (com.google.guava:failureaccess:1.0.1)'
2025-12-28T12:06:52.195+0800 [DEBUG] [org.gradle.internal.operations.DefaultBuildOperationRunner] Build operation 'Execute transform chain: failureaccess-1.0.1.jar (com.google.guava:failureaccess:1.0.1)' completed
2025-12-28T12:06:52.194+0800 [DEBUG] [org.gradle.internal.resources.AbstractTrackedResourceLock] Unconstrained build operations Thread 14: released lock on worker lease
2025-12-28T12:06:52.195+0800 [DEBUG] [org.gradle.internal.resources.AbstractTrackedResourceLock] Unconstrained build operations Thread 15: released lock on worker lease
2025-12-28T12:06:52.196+0800 [DEBUG] [org.gradle.internal.operations.DefaultBuildOperationRunner] Completing Build operation 'Identifying work'
2025-12-28T12:06:52.197+0800 [DEBUG] [org.gradle.internal.operations.DefaultBuildOperationRunner] Completing Build operation 'Execute transform chain: maven-artifact-3.9.1.jar (org.apache.maven:maven-artifact:3.9.1)'
2025-12-28T12:06:52.197+0800 [DEBUG] [org.gradle.internal.operations.DefaultBuildOperationRunner] Build operation 'Execute transform chain: maven-artifact-3.9.1.jar (org.apache.maven:maven-artifact:3.9.1)' completed
2025-12-28T12:06:52.197+0800 [DEBUG] [org.gradle.internal.operations.DefaultBuildOperationRunner] Build operation 'Identifying work' started
2025-12-28T12:06:52.197+0800 [DEBUG] [org.gradle.internal.resources.AbstractTrackedResourceLock] Unconstrained build operations Thread 16: acquired lock on worker lease
2025-12-28T12:06:52.198+0800 [DEBUG] [org.gradle.internal.operations.DefaultBuildOperationRunner] Completing Build operation 'Execute transform chain: srgutils-0.5.10.jar (net.minecraftforge:srgutils:0.5.10)'
2025-12-28T12:06:52.198+0800 [DEBUG] [org.gradle.internal.operations.DefaultBuildOperationRunner] Build operation 'Execute transform chain: srgutils-0.5.10.jar (net.minecraftforge:srgutils:0.5.10)' completed
2025-12-28T12:06:52.198+0800 [DEBUG] [org.gradle.internal.resources.AbstractTrackedResourceLock] Unconstrained build operations Thread 20: released lock on worker lease
2025-12-28T12:06:52.198+0800 [DEBUG] [org.gradle.internal.operations.DefaultBuildOperationRunner] Build operation 'Execute transform chain: checker-qual-3.12.0.jar (org.checkerframework:checker-qual:3.12.0)' started
2025-12-28T12:06:52.199+0800 [DEBUG] [org.gradle.internal.operations.DefaultBuildOperationRunner] Build operation 'Execute unit of work' started
2025-12-28T12:06:52.199+0800 [DEBUG] [org.gradle.internal.resources.AbstractTrackedResourceLock] Unconstrained build operations Thread 17: released lock on worker lease
2025-12-28T12:06:52.199+0800 [DEBUG] [org.gradle.internal.operations.DefaultBuildOperationRunner] Completing Build operation 'Identifying work'
2025-12-28T12:06:52.200+0800 [DEBUG] [org.gradle.internal.resources.AbstractTrackedResourceLock] Unconstrained build operations Thread 14: acquired lock on worker lease
2025-12-28T12:06:52.201+0800 [DEBUG] [org.gradle.internal.operations.DefaultBuildOperationRunner] Build operation 'Execute transform chain: error_prone_annotations-2.11.0.jar (com.google.errorprone:error_prone_annotations:2.11.0)' started
2025-12-28T12:06:52.200+0800 [DEBUG] [org.gradle.internal.operations.DefaultBuildOperationRunner] Build operation 'Identifying work' started
2025-12-28T12:06:52.201+0800 [DEBUG] [org.gradle.internal.operations.DefaultBuildOperationRunner] Build operation 'Execute unit of work' started
2025-12-28T12:06:52.202+0800 [DEBUG] [org.gradle.internal.operations.DefaultBuildOperationRunner] Completing Build operation 'Execute unit of work'
2025-12-28T12:06:52.203+0800 [DEBUG] [org.gradle.internal.operations.DefaultBuildOperationRunner] Completing Build operation 'Identifying work'
2025-12-28T12:06:52.204+0800 [DEBUG] [org.gradle.internal.operations.DefaultBuildOperationRunner] Completing Build operation 'Execute transform chain: listenablefuture-9999.0-empty-to-avoid-conflict-with-guava.jar (com.google.guava:listenablefuture:9999.0-empty-to-avoid-conflict-with-guava)'
2025-12-28T12:06:52.204+0800 [DEBUG] [org.gradle.internal.operations.DefaultBuildOperationRunner] Build operation 'Execute transform chain: listenablefuture-9999.0-empty-to-avoid-conflict-with-guava.jar (com.google.guava:listenablefuture:9999.0-empty-to-avoid-conflict-with-guava)' completed
2025-12-28T12:06:52.204+0800 [DEBUG] [org.gradle.internal.resources.AbstractTrackedResourceLock] Unconstrained build operations Thread 19: released lock on worker lease
2025-12-28T12:06:52.205+0800 [DEBUG] [org.gradle.internal.resources.AbstractTrackedResourceLock] Unconstrained build operations Thread 15: acquired lock on worker lease
2025-12-28T12:06:52.205+0800 [DEBUG] [org.gradle.internal.operations.DefaultBuildOperationRunner] Build operation 'Identifying work' started
2025-12-28T12:06:52.205+0800 [DEBUG] [org.gradle.internal.operations.DefaultBuildOperationRunner] Build operation 'Execute transform chain: j2objc-annotations-1.3.jar (com.google.j2objc:j2objc-annotations:1.3)' started
2025-12-28T12:06:52.206+0800 [DEBUG] [org.gradle.internal.operations.DefaultBuildOperationRunner] Completing Build operation 'Execute unit of work'
2025-12-28T12:06:52.206+0800 [DEBUG] [org.gradle.internal.operations.DefaultBuildOperationRunner] Build operation 'Execute unit of work' started
2025-12-28T12:06:52.208+0800 [DEBUG] [org.gradle.internal.operations.DefaultBuildOperationRunner] Completing Build operation 'Execute transform chain: jsr305-3.0.2.jar (com.google.code.findbugs:jsr305:3.0.2)'
2025-12-28T12:06:52.209+0800 [DEBUG] [org.gradle.internal.operations.DefaultBuildOperationRunner] Build operation 'Execute transform chain: jsr305-3.0.2.jar (com.google.code.findbugs:jsr305:3.0.2)' completed
2025-12-28T12:06:52.209+0800 [DEBUG] [org.gradle.internal.resources.AbstractTrackedResourceLock] Unconstrained build operations Thread 18: released lock on worker lease
2025-12-28T12:06:52.211+0800 [DEBUG] [org.gradle.internal.operations.DefaultBuildOperationRunner] Completing Build operation 'Identifying work'
2025-12-28T12:06:52.211+0800 [DEBUG] [org.gradle.internal.operations.DefaultBuildOperationRunner] Completing Build operation 'Execute unit of work'
2025-12-28T12:06:52.212+0800 [DEBUG] [org.gradle.internal.resources.AbstractTrackedResourceLock] Unconstrained build operations Thread 20: acquired lock on worker lease
2025-12-28T12:06:52.212+0800 [DEBUG] [org.gradle.internal.operations.DefaultBuildOperationRunner] Build operation 'Identifying work' started
2025-12-28T12:06:52.212+0800 [DEBUG] [org.gradle.internal.operations.DefaultBuildOperationRunner] Build operation 'Execute transform chain: plexus-utils-3.5.1.jar (org.codehaus.plexus:plexus-utils:3.5.1)' started
2025-12-28T12:06:52.212+0800 [DEBUG] [org.gradle.internal.operations.DefaultBuildOperationRunner] Build operation 'Execute unit of work' started
2025-12-28T12:06:52.214+0800 [DEBUG] [org.gradle.internal.operations.DefaultBuildOperationRunner] Completing Build operation 'Identifying work'
2025-12-28T12:06:52.214+0800 [DEBUG] [org.gradle.internal.operations.DefaultBuildOperationRunner] Completing Build operation 'Execute transform chain: error_prone_annotations-2.11.0.jar (com.google.errorprone:error_prone_annotations:2.11.0)'
2025-12-28T12:06:52.214+0800 [DEBUG] [org.gradle.internal.operations.DefaultBuildOperationRunner] Build operation 'Execute transform chain: error_prone_annotations-2.11.0.jar (com.google.errorprone:error_prone_annotations:2.11.0)' completed
2025-12-28T12:06:52.214+0800 [DEBUG] [org.gradle.internal.resources.AbstractTrackedResourceLock] Unconstrained build operations Thread 14: released lock on worker lease
2025-12-28T12:06:52.215+0800 [DEBUG] [org.gradle.internal.operations.DefaultBuildOperationRunner] Build operation 'Identifying work' started
2025-12-28T12:06:52.215+0800 [DEBUG] [org.gradle.internal.resources.AbstractTrackedResourceLock] Unconstrained build operations Thread 19: acquired lock on worker lease
2025-12-28T12:06:52.216+0800 [DEBUG] [org.gradle.internal.operations.DefaultBuildOperationRunner] Build operation 'Execute transform chain: commons-lang3-3.9.jar (org.apache.commons:commons-lang3:3.9)' started
2025-12-28T12:06:52.216+0800 [DEBUG] [org.gradle.internal.operations.DefaultBuildOperationRunner] Build operation 'Execute unit of work' started
2025-12-28T12:06:52.216+0800 [DEBUG] [org.gradle.internal.operations.DefaultBuildOperationRunner] Completing Build operation 'Execute unit of work'
2025-12-28T12:06:52.217+0800 [DEBUG] [org.gradle.internal.operations.DefaultBuildOperationRunner] Completing Build operation 'Identifying work'
2025-12-28T12:06:52.218+0800 [DEBUG] [org.gradle.internal.operations.DefaultBuildOperationRunner] Build operation 'Identifying work' started
2025-12-28T12:06:52.218+0800 [DEBUG] [org.gradle.internal.operations.DefaultBuildOperationRunner] Completing Build operation 'Execute transform chain: j2objc-annotations-1.3.jar (com.google.j2objc:j2objc-annotations:1.3)'
2025-12-28T12:06:52.219+0800 [DEBUG] [org.gradle.internal.operations.DefaultBuildOperationRunner] Build operation 'Execute transform chain: j2objc-annotations-1.3.jar (com.google.j2objc:j2objc-annotations:1.3)' completed
2025-12-28T12:06:52.219+0800 [DEBUG] [org.gradle.internal.operations.DefaultBuildOperationRunner] Build operation 'Execute transform chain: httpcore-4.4.16.jar (org.apache.httpcomponents:httpcore:4.4.16)' started
2025-12-28T12:06:52.219+0800 [DEBUG] [org.gradle.internal.operations.DefaultBuildOperationRunner] Build operation 'Execute unit of work' started
2025-12-28T12:06:52.220+0800 [DEBUG] [org.gradle.internal.operations.DefaultBuildOperationRunner] Completing Build operation 'Identifying work'
2025-12-28T12:06:52.221+0800 [DEBUG] [org.gradle.internal.operations.DefaultBuildOperationRunner] Build operation 'Identifying work' started
2025-12-28T12:06:52.223+0800 [DEBUG] [org.gradle.internal.operations.DefaultBuildOperationRunner] Completing Build operation 'Identifying work'
2025-12-28T12:06:52.223+0800 [DEBUG] [org.gradle.internal.operations.DefaultBuildOperationRunner] Build operation 'Identifying work' started
2025-12-28T12:06:52.226+0800 [DEBUG] [org.gradle.internal.operations.DefaultBuildOperationRunner] Completing Build operation 'Identifying work'
2025-12-28T12:06:52.227+0800 [DEBUG] [org.gradle.internal.operations.DefaultBuildOperationRunner] Build operation 'Identifying work' started
2025-12-28T12:06:52.227+0800 [DEBUG] [org.gradle.internal.operations.DefaultBuildOperationRunner] Completing Build operation 'Execute unit of work'
2025-12-28T12:06:52.229+0800 [DEBUG] [org.gradle.internal.operations.DefaultBuildOperationRunner] Completing Build operation 'Identifying work'
2025-12-28T12:06:52.230+0800 [DEBUG] [org.gradle.internal.operations.DefaultBuildOperationRunner] Build operation 'Identifying work' started
2025-12-28T12:06:52.231+0800 [DEBUG] [org.gradle.internal.operations.DefaultBuildOperationRunner] Completing Build operation 'Execute transform chain: commons-lang3-3.9.jar (org.apache.commons:commons-lang3:3.9)'
2025-12-28T12:06:52.231+0800 [DEBUG] [org.gradle.internal.operations.DefaultBuildOperationRunner] Build operation 'Execute transform chain: commons-lang3-3.9.jar (org.apache.commons:commons-lang3:3.9)' completed
2025-12-28T12:06:52.231+0800 [DEBUG] [org.gradle.internal.operations.DefaultBuildOperationRunner] Build operation 'Execute transform chain: commons-logging-1.2.jar (commons-logging:commons-logging:1.2)' started
2025-12-28T12:06:52.232+0800 [DEBUG] [org.gradle.internal.operations.DefaultBuildOperationRunner] Build operation 'Execute unit of work' started
2025-12-28T12:06:52.232+0800 [DEBUG] [org.gradle.internal.operations.DefaultBuildOperationRunner] Completing Build operation 'Identifying work'
2025-12-28T12:06:52.232+0800 [DEBUG] [org.gradle.internal.operations.DefaultBuildOperationRunner] Build operation 'Identifying work' started
2025-12-28T12:06:52.234+0800 [DEBUG] [org.gradle.internal.operations.DefaultBuildOperationRunner] Completing Build operation 'Identifying work'
2025-12-28T12:06:52.235+0800 [DEBUG] [org.gradle.internal.operations.DefaultBuildOperationRunner] Build operation 'Identifying work' started
2025-12-28T12:06:52.236+0800 [DEBUG] [org.gradle.internal.resources.AbstractTrackedResourceLock] Unconstrained build operations Thread 18: acquired lock on worker lease
2025-12-28T12:06:52.236+0800 [DEBUG] [org.gradle.internal.operations.DefaultBuildOperationRunner] Build operation 'Execute transform chain: fastutil-8.3.1.jar (it.unimi.dsi:fastutil:8.3.1)' started
2025-12-28T12:06:52.236+0800 [DEBUG] [org.gradle.internal.operations.DefaultBuildOperationRunner] Build operation 'Execute unit of work' started
2025-12-28T12:06:52.237+0800 [DEBUG] [org.gradle.internal.resources.AbstractTrackedResourceLock] Unconstrained build operations Thread 17: acquired lock on worker lease
2025-12-28T12:06:52.236+0800 [DEBUG] [org.gradle.internal.operations.DefaultBuildOperationRunner] Completing Build operation 'Identifying work'
2025-12-28T12:06:52.237+0800 [DEBUG] [org.gradle.internal.resources.AbstractTrackedResourceLock] Unconstrained build operations Thread 14: acquired lock on worker lease
2025-12-28T12:06:52.237+0800 [DEBUG] [org.gradle.internal.operations.DefaultBuildOperationRunner] Build operation 'Identifying work' started
2025-12-28T12:06:52.237+0800 [DEBUG] [org.gradle.internal.operations.DefaultBuildOperationRunner] Build operation 'Execute transform chain: commons-codec-1.11.jar (commons-codec:commons-codec:1.11)' started
2025-12-28T12:06:52.237+0800 [DEBUG] [org.gradle.internal.operations.DefaultBuildOperationRunner] Build operation 'Execute transform chain: commons-compress-1.18.jar (org.apache.commons:commons-compress:1.18)' started
2025-12-28T12:06:52.237+0800 [DEBUG] [org.gradle.internal.operations.DefaultBuildOperationRunner] Completing Build operation 'Execute unit of work'
2025-12-28T12:06:52.237+0800 [DEBUG] [org.gradle.internal.operations.DefaultBuildOperationRunner] Completing Build operation 'Execute unit of work'
2025-12-28T12:06:52.238+0800 [DEBUG] [org.gradle.internal.operations.DefaultBuildOperationRunner] Build operation 'Execute unit of work' started
2025-12-28T12:06:52.238+0800 [DEBUG] [org.gradle.internal.operations.DefaultBuildOperationRunner] Build operation 'Execute unit of work' started
2025-12-28T12:06:52.239+0800 [DEBUG] [org.gradle.internal.operations.DefaultBuildOperationRunner] Completing Build operation 'Identifying work'
2025-12-28T12:06:52.240+0800 [DEBUG] [org.gradle.internal.operations.DefaultBuildOperationRunner] Build operation 'Identifying work' started
2025-12-28T12:06:52.240+0800 [DEBUG] [org.gradle.internal.operations.DefaultBuildOperationRunner] Completing Build operation 'Execute transform chain: httpcore-4.4.16.jar (org.apache.httpcomponents:httpcore:4.4.16)'
2025-12-28T12:06:52.240+0800 [DEBUG] [org.gradle.internal.operations.DefaultBuildOperationRunner] Build operation 'Execute transform chain: httpcore-4.4.16.jar (org.apache.httpcomponents:httpcore:4.4.16)' completed
2025-12-28T12:06:52.241+0800 [DEBUG] [org.gradle.internal.operations.DefaultBuildOperationRunner] Build operation 'Execute transform chain: xz-1.8.jar (org.tukaani:xz:1.8)' started
2025-12-28T12:06:52.241+0800 [DEBUG] [org.gradle.internal.operations.DefaultBuildOperationRunner] Build operation 'Execute unit of work' started
2025-12-28T12:06:52.242+0800 [DEBUG] [org.gradle.internal.operations.DefaultBuildOperationRunner] Completing Build operation 'Execute transform chain: checker-qual-3.12.0.jar (org.checkerframework:checker-qual:3.12.0)'
2025-12-28T12:06:52.242+0800 [DEBUG] [org.gradle.internal.operations.DefaultBuildOperationRunner] Build operation 'Execute transform chain: checker-qual-3.12.0.jar (org.checkerframework:checker-qual:3.12.0)' completed
2025-12-28T12:06:52.243+0800 [DEBUG] [org.gradle.internal.operations.DefaultBuildOperationRunner] Build operation 'Execute transform chain: jopt-simple-5.0.4.jar (net.sf.jopt-simple:jopt-simple:5.0.4)' started
2025-12-28T12:06:52.243+0800 [DEBUG] [org.gradle.internal.operations.DefaultBuildOperationRunner] Build operation 'Execute unit of work' started
2025-12-28T12:06:52.244+0800 [DEBUG] [org.gradle.internal.operations.DefaultBuildOperationRunner] Completing Build operation 'Execute unit of work'
2025-12-28T12:06:52.245+0800 [DEBUG] [org.gradle.internal.operations.DefaultBuildOperationRunner] Completing Build operation 'Execute unit of work'
2025-12-28T12:06:52.245+0800 [DEBUG] [org.gradle.internal.operations.DefaultBuildOperationRunner] Completing Build operation 'Execute unit of work'
2025-12-28T12:06:52.247+0800 [DEBUG] [org.gradle.internal.operations.DefaultBuildOperationRunner] Completing Build operation 'Execute transform chain: plexus-utils-3.5.1.jar (org.codehaus.plexus:plexus-utils:3.5.1)'
2025-12-28T12:06:52.247+0800 [DEBUG] [org.gradle.internal.operations.DefaultBuildOperationRunner] Build operation 'Execute transform chain: plexus-utils-3.5.1.jar (org.codehaus.plexus:plexus-utils:3.5.1)' completed
2025-12-28T12:06:52.248+0800 [DEBUG] [org.gradle.internal.operations.DefaultBuildOperationRunner] Build operation 'Execute transform chain: noexception-1.7.1.jar (com.machinezoo.noexception:noexception:1.7.1)' started
2025-12-28T12:06:52.248+0800 [DEBUG] [org.gradle.internal.operations.DefaultBuildOperationRunner] Completing Build operation 'Execute transform chain: commons-logging-1.2.jar (commons-logging:commons-logging:1.2)'
2025-12-28T12:06:52.248+0800 [DEBUG] [org.gradle.internal.operations.DefaultBuildOperationRunner] Completing Build operation 'Execute transform chain: fastutil-8.3.1.jar (it.unimi.dsi:fastutil:8.3.1)'
2025-12-28T12:06:52.248+0800 [DEBUG] [org.gradle.internal.operations.DefaultBuildOperationRunner] Build operation 'Execute transform chain: fastutil-8.3.1.jar (it.unimi.dsi:fastutil:8.3.1)' completed
2025-12-28T12:06:52.248+0800 [DEBUG] [org.gradle.internal.operations.DefaultBuildOperationRunner] Build operation 'Execute transform chain: slf4j-simple-1.7.30.jar (org.slf4j:slf4j-simple:1.7.30)' started
2025-12-28T12:06:52.248+0800 [DEBUG] [org.gradle.internal.operations.DefaultBuildOperationRunner] Build operation 'Execute unit of work' started
2025-12-28T12:06:52.249+0800 [DEBUG] [org.gradle.internal.operations.DefaultBuildOperationRunner] Build operation 'Execute unit of work' started
2025-12-28T12:06:52.248+0800 [DEBUG] [org.gradle.internal.operations.DefaultBuildOperationRunner] Build operation 'Execute transform chain: commons-logging-1.2.jar (commons-logging:commons-logging:1.2)' completed
2025-12-28T12:06:52.250+0800 [DEBUG] [org.gradle.internal.resources.AbstractTrackedResourceLock] Unconstrained build operations Thread 19: released lock on worker lease
2025-12-28T12:06:52.252+0800 [DEBUG] [org.gradle.internal.operations.DefaultBuildOperationRunner] Completing Build operation 'Execute unit of work'
2025-12-28T12:06:52.254+0800 [DEBUG] [org.gradle.internal.operations.DefaultBuildOperationRunner] Completing Build operation 'Execute transform chain: commons-compress-1.18.jar (org.apache.commons:commons-compress:1.18)'
2025-12-28T12:06:52.254+0800 [DEBUG] [org.gradle.internal.operations.DefaultBuildOperationRunner] Completing Build operation 'Execute unit of work'
2025-12-28T12:06:52.255+0800 [DEBUG] [org.gradle.internal.operations.DefaultBuildOperationRunner] Build operation 'Execute transform chain: commons-compress-1.18.jar (org.apache.commons:commons-compress:1.18)' completed
2025-12-28T12:06:52.255+0800 [DEBUG] [org.gradle.internal.resources.AbstractTrackedResourceLock] Unconstrained build operations Thread 14: released lock on worker lease
2025-12-28T12:06:52.256+0800 [DEBUG] [org.gradle.internal.operations.DefaultBuildOperationRunner] Completing Build operation 'Identifying work'
2025-12-28T12:06:52.257+0800 [DEBUG] [org.gradle.internal.operations.DefaultBuildOperationRunner] Build operation 'Execute transform chain: slf4j-api-1.7.30.jar (org.slf4j:slf4j-api:1.7.30)' started
2025-12-28T12:06:52.257+0800 [DEBUG] [org.gradle.internal.operations.DefaultBuildOperationRunner] Build operation 'Execute unit of work' started
2025-12-28T12:06:52.257+0800 [DEBUG] [org.gradle.internal.operations.DefaultBuildOperationRunner] Completing Build operation 'Execute transform chain: xz-1.8.jar (org.tukaani:xz:1.8)'
2025-12-28T12:06:52.258+0800 [DEBUG] [org.gradle.internal.operations.DefaultBuildOperationRunner] Build operation 'Execute transform chain: xz-1.8.jar (org.tukaani:xz:1.8)' completed
2025-12-28T12:06:52.258+0800 [DEBUG] [org.gradle.internal.resources.AbstractTrackedResourceLock] Unconstrained build operations Thread 15: released lock on worker lease
2025-12-28T12:06:52.258+0800 [DEBUG] [org.gradle.internal.operations.DefaultBuildOperationRunner] Completing Build operation 'Execute unit of work'
2025-12-28T12:06:52.260+0800 [DEBUG] [org.gradle.internal.operations.DefaultBuildOperationRunner] Completing Build operation 'Execute unit of work'
2025-12-28T12:06:52.261+0800 [DEBUG] [org.gradle.internal.operations.DefaultBuildOperationRunner] Completing Build operation 'Execute unit of work'
2025-12-28T12:06:52.261+0800 [DEBUG] [org.gradle.internal.operations.DefaultBuildOperationRunner] Completing Build operation 'Execute transform chain: commons-codec-1.11.jar (commons-codec:commons-codec:1.11)'
2025-12-28T12:06:52.262+0800 [DEBUG] [org.gradle.internal.operations.DefaultBuildOperationRunner] Build operation 'Execute transform chain: commons-codec-1.11.jar (commons-codec:commons-codec:1.11)' completed
2025-12-28T12:06:52.262+0800 [DEBUG] [org.gradle.internal.resources.AbstractTrackedResourceLock] Unconstrained build operations Thread 17: released lock on worker lease
2025-12-28T12:06:52.262+0800 [DEBUG] [org.gradle.internal.operations.DefaultBuildOperationRunner] Completing Build operation 'Execute unit of work'
2025-12-28T12:06:52.263+0800 [DEBUG] [org.gradle.internal.operations.DefaultBuildOperationRunner] Completing Build operation 'Execute transform chain: jopt-simple-5.0.4.jar (net.sf.jopt-simple:jopt-simple:5.0.4)'
2025-12-28T12:06:52.263+0800 [DEBUG] [org.gradle.internal.operations.DefaultBuildOperationRunner] Build operation 'Execute transform chain: jopt-simple-5.0.4.jar (net.sf.jopt-simple:jopt-simple:5.0.4)' completed
2025-12-28T12:06:52.263+0800 [DEBUG] [org.gradle.internal.resources.AbstractTrackedResourceLock] Unconstrained build operations Thread 16: released lock on worker lease
2025-12-28T12:06:52.264+0800 [DEBUG] [org.gradle.internal.operations.DefaultBuildOperationRunner] Completing Build operation 'Execute transform chain: slf4j-simple-1.7.30.jar (org.slf4j:slf4j-simple:1.7.30)'
2025-12-28T12:06:52.264+0800 [DEBUG] [org.gradle.internal.operations.DefaultBuildOperationRunner] Build operation 'Execute transform chain: slf4j-simple-1.7.30.jar (org.slf4j:slf4j-simple:1.7.30)' completed
2025-12-28T12:06:52.265+0800 [DEBUG] [org.gradle.internal.resources.AbstractTrackedResourceLock] Unconstrained build operations Thread 18: released lock on worker lease
2025-12-28T12:06:52.265+0800 [DEBUG] [org.gradle.internal.operations.DefaultBuildOperationRunner] Completing Build operation 'Execute transform chain: noexception-1.7.1.jar (com.machinezoo.noexception:noexception:1.7.1)'
2025-12-28T12:06:52.265+0800 [DEBUG] [org.gradle.internal.operations.DefaultBuildOperationRunner] Build operation 'Execute transform chain: noexception-1.7.1.jar (com.machinezoo.noexception:noexception:1.7.1)' completed
2025-12-28T12:06:52.265+0800 [DEBUG] [org.gradle.internal.resources.AbstractTrackedResourceLock] Unconstrained build operations Thread 20: released lock on worker lease
2025-12-28T12:06:52.268+0800 [DEBUG] [org.gradle.internal.operations.DefaultBuildOperationRunner] Completing Build operation 'Execute unit of work'
2025-12-28T12:06:52.269+0800 [DEBUG] [org.gradle.internal.operations.DefaultBuildOperationRunner] Completing Build operation 'Execute transform chain: slf4j-api-1.7.30.jar (org.slf4j:slf4j-api:1.7.30)'
2025-12-28T12:06:52.270+0800 [DEBUG] [org.gradle.internal.operations.DefaultBuildOperationRunner] Completing Build operation 'Resolve files of configuration 'classpath''
2025-12-28T12:06:52.271+0800 [DEBUG] [org.gradle.internal.operations.DefaultBuildOperationRunner] Build operation 'Fingerprint transform inputs' started
2025-12-28T12:06:52.273+0800 [DEBUG] [org.gradle.internal.operations.DefaultBuildOperationRunner] Completing Build operation 'Fingerprint transform inputs'
2025-12-28T12:06:52.274+0800 [DEBUG] [org.gradle.internal.operations.DefaultBuildOperationRunner] Build operation 'Fingerprint transform inputs' started
2025-12-28T12:06:52.274+0800 [DEBUG] [org.gradle.internal.operations.DefaultBuildOperationRunner] Completing Build operation 'Fingerprint transform inputs'
2025-12-28T12:06:52.275+0800 [DEBUG] [org.gradle.internal.operations.DefaultBuildOperationRunner] Build operation 'Identifying work' started
2025-12-28T12:06:52.275+0800 [DEBUG] [org.gradle.internal.operations.DefaultBuildOperationRunner] Completing Build operation 'Identifying work'
2025-12-28T12:06:52.276+0800 [DEBUG] [org.gradle.internal.operations.DefaultBuildOperationRunner] Build operation 'Identifying work' started
2025-12-28T12:06:52.276+0800 [DEBUG] [org.gradle.internal.resources.AbstractTrackedResourceLock] Unconstrained build operations Thread 21: acquired lock on worker lease
2025-12-28T12:06:52.276+0800 [DEBUG] [org.gradle.internal.operations.DefaultBuildOperationRunner] Build operation 'Execute transform chain: ForgeGradle-6.0.46.jar (net.minecraftforge.gradle:ForgeGradle:6.0.46)' started
2025-12-28T12:06:52.276+0800 [DEBUG] [org.gradle.internal.operations.DefaultBuildOperationRunner] Completing Build operation 'Identifying work'
2025-12-28T12:06:52.276+0800 [DEBUG] [org.gradle.internal.operations.DefaultBuildOperationRunner] Build operation 'Identifying work' started
2025-12-28T12:06:52.277+0800 [DEBUG] [org.gradle.internal.operations.DefaultBuildOperationRunner] Completing Build operation 'Identifying work'
2025-12-28T12:06:52.277+0800 [DEBUG] [org.gradle.internal.operations.DefaultBuildOperationRunner] Build operation 'Identifying work' started
2025-12-28T12:06:52.277+0800 [DEBUG] [org.gradle.internal.operations.DefaultBuildOperationRunner] Build operation 'Execute unit of work' started
2025-12-28T12:06:52.278+0800 [DEBUG] [org.gradle.internal.resources.AbstractTrackedResourceLock] Unconstrained build operations Thread 22: acquired lock on worker lease
2025-12-28T12:06:52.278+0800 [DEBUG] [org.gradle.internal.operations.DefaultBuildOperationRunner] Completing Build operation 'Identifying work'
2025-12-28T12:06:52.278+0800 [DEBUG] [org.gradle.internal.operations.DefaultBuildOperationRunner] Build operation 'Execute transform chain: commons-io-2.11.0.jar (commons-io:commons-io:2.11.0)' started
2025-12-28T12:06:52.279+0800 [DEBUG] [org.gradle.internal.operations.DefaultBuildOperationRunner] Build operation 'Identifying work' started
2025-12-28T12:06:52.280+0800 [DEBUG] [org.gradle.internal.operations.DefaultBuildOperationRunner] Completing Build operation 'Identifying work'
2025-12-28T12:06:52.280+0800 [DEBUG] [org.gradle.internal.operations.DefaultBuildOperationRunner] Build operation 'Identifying work' started
2025-12-28T12:06:52.280+0800 [DEBUG] [org.gradle.internal.resources.AbstractTrackedResourceLock] Unconstrained build operations Thread 23: acquired lock on worker lease
2025-12-28T12:06:52.281+0800 [DEBUG] [org.gradle.internal.operations.DefaultBuildOperationRunner] Completing Build operation 'Identifying work'
2025-12-28T12:06:52.281+0800 [DEBUG] [org.gradle.internal.operations.DefaultBuildOperationRunner] Build operation 'Execute transform chain: JarJarSelector-0.3.19.jar (net.minecraftforge:JarJarSelector:0.3.19)' started
2025-12-28T12:06:52.282+0800 [DEBUG] [org.gradle.internal.operations.DefaultBuildOperationRunner] Build operation 'Identifying work' started
2025-12-28T12:06:52.282+0800 [DEBUG] [org.gradle.internal.operations.DefaultBuildOperationRunner] Build operation 'Identifying work' started
2025-12-28T12:06:52.282+0800 [DEBUG] [org.gradle.internal.resources.AbstractTrackedResourceLock] Unconstrained build operations Thread 24: acquired lock on worker lease
2025-12-28T12:06:52.282+0800 [DEBUG] [org.gradle.internal.operations.DefaultBuildOperationRunner] Completing Build operation 'Identifying work'
2025-12-28T12:06:52.282+0800 [DEBUG] [org.gradle.internal.operations.DefaultBuildOperationRunner] Build operation 'Execute transform chain: JarJarMetadata-0.3.19.jar (net.minecraftforge:JarJarMetadata:0.3.19)' started
2025-12-28T12:06:52.282+0800 [DEBUG] [org.gradle.internal.operations.DefaultBuildOperationRunner] Completing Build operation 'Identifying work'
2025-12-28T12:06:52.283+0800 [DEBUG] [org.gradle.internal.operations.DefaultBuildOperationRunner] Build operation 'Identifying work' started
2025-12-28T12:06:52.283+0800 [DEBUG] [org.gradle.internal.operations.DefaultBuildOperationRunner] Completing Build operation 'Identifying work'
2025-12-28T12:06:52.284+0800 [DEBUG] [org.gradle.internal.operations.DefaultBuildOperationRunner] Build operation 'Identifying work' started
2025-12-28T12:06:52.284+0800 [DEBUG] [org.gradle.internal.resources.AbstractTrackedResourceLock] Unconstrained build operations Thread 25: acquired lock on worker lease
2025-12-28T12:06:52.284+0800 [DEBUG] [org.gradle.internal.operations.DefaultBuildOperationRunner] Build operation 'Execute transform chain: gson-2.10.1.jar (com.google.code.gson:gson:2.10.1)' started
2025-12-28T12:06:52.284+0800 [DEBUG] [org.gradle.internal.operations.DefaultBuildOperationRunner] Completing Build operation 'Identifying work'
2025-12-28T12:06:52.284+0800 [DEBUG] [org.gradle.internal.operations.DefaultBuildOperationRunner] Build operation 'Identifying work' started
2025-12-28T12:06:52.285+0800 [DEBUG] [org.gradle.internal.operations.DefaultBuildOperationRunner] Completing Build operation 'Identifying work'
2025-12-28T12:06:52.285+0800 [DEBUG] [org.gradle.internal.operations.DefaultBuildOperationRunner] Build operation 'Identifying work' started
2025-12-28T12:06:52.286+0800 [DEBUG] [org.gradle.internal.resources.AbstractTrackedResourceLock] Unconstrained build operations Thread 26: acquired lock on worker lease
2025-12-28T12:06:52.286+0800 [DEBUG] [org.gradle.internal.operations.DefaultBuildOperationRunner] Completing Build operation 'Execute unit of work'
2025-12-28T12:06:52.286+0800 [DEBUG] [org.gradle.internal.operations.DefaultBuildOperationRunner] Build operation 'Execute transform chain: guava-31.1-jre.jar (com.google.guava:guava:31.1-jre)' started
2025-12-28T12:06:52.286+0800 [DEBUG] [org.gradle.internal.operations.DefaultBuildOperationRunner] Build operation 'Identifying work' started
2025-12-28T12:06:52.286+0800 [DEBUG] [org.gradle.internal.operations.DefaultBuildOperationRunner] Completing Build operation 'Identifying work'
2025-12-28T12:06:52.287+0800 [DEBUG] [org.gradle.internal.operations.DefaultBuildOperationRunner] Completing Build operation 'Identifying work'
2025-12-28T12:06:52.287+0800 [DEBUG] [org.gradle.internal.operations.DefaultBuildOperationRunner] Build operation 'Identifying work' started
2025-12-28T12:06:52.287+0800 [DEBUG] [org.gradle.internal.operations.DefaultBuildOperationRunner] Build operation 'Identifying work' started
2025-12-28T12:06:52.287+0800 [DEBUG] [org.gradle.internal.operations.DefaultBuildOperationRunner] Build operation 'Identifying work' started
2025-12-28T12:06:52.287+0800 [DEBUG] [org.gradle.internal.operations.DefaultBuildOperationRunner] Build operation 'Identifying work' started
2025-12-28T12:06:52.287+0800 [DEBUG] [org.gradle.internal.operations.DefaultBuildOperationRunner] Build operation 'Identifying work' started
2025-12-28T12:06:52.287+0800 [DEBUG] [org.gradle.internal.operations.DefaultBuildOperationRunner] Build operation 'Identifying work' started
2025-12-28T12:06:52.288+0800 [DEBUG] [org.gradle.internal.operations.DefaultBuildOperationRunner] Completing Build operation 'Identifying work'
2025-12-28T12:06:52.287+0800 [DEBUG] [org.gradle.internal.operations.DefaultBuildOperationRunner] Build operation 'Identifying work' started
2025-12-28T12:06:52.288+0800 [DEBUG] [org.gradle.internal.operations.DefaultBuildOperationRunner] Completing Build operation 'Identifying work'
2025-12-28T12:06:52.289+0800 [DEBUG] [org.gradle.internal.operations.DefaultBuildOperationRunner] Build operation 'Identifying work' started
2025-12-28T12:06:52.288+0800 [DEBUG] [org.gradle.internal.operations.DefaultBuildOperationRunner] Completing Build operation 'Identifying work'
2025-12-28T12:06:52.288+0800 [DEBUG] [org.gradle.internal.operations.DefaultBuildOperationRunner] Completing Build operation 'Identifying work'
2025-12-28T12:06:52.288+0800 [DEBUG] [org.gradle.internal.operations.DefaultBuildOperationRunner] Completing Build operation 'Identifying work'
2025-12-28T12:06:52.288+0800 [DEBUG] [org.gradle.internal.operations.DefaultBuildOperationRunner] Completing Build operation 'Identifying work'
2025-12-28T12:06:52.288+0800 [DEBUG] [org.gradle.internal.resources.AbstractTrackedResourceLock] Unconstrained build operations Thread 27: acquired lock on worker lease
2025-12-28T12:06:52.290+0800 [DEBUG] [org.gradle.internal.operations.DefaultBuildOperationRunner] Build operation 'Execute unit of work' started
2025-12-28T12:06:52.289+0800 [DEBUG] [org.gradle.internal.operations.DefaultBuildOperationRunner] Build operation 'Execute unit of work' started
2025-12-28T12:06:52.289+0800 [DEBUG] [org.gradle.internal.operations.DefaultBuildOperationRunner] Completing Build operation 'Identifying work'
2025-12-28T12:06:52.291+0800 [DEBUG] [org.gradle.internal.operations.DefaultBuildOperationRunner] Build operation 'Identifying work' started
2025-12-28T12:06:52.289+0800 [DEBUG] [org.gradle.internal.operations.DefaultBuildOperationRunner] Completing Build operation 'Identifying work'
2025-12-28T12:06:52.291+0800 [DEBUG] [org.gradle.internal.operations.DefaultBuildOperationRunner] Build operation 'Execute unit of work' started
2025-12-28T12:06:52.291+0800 [DEBUG] [org.gradle.internal.operations.DefaultBuildOperationRunner] Completing Build operation 'Identifying work'
2025-12-28T12:06:52.291+0800 [DEBUG] [org.gradle.internal.operations.DefaultBuildOperationRunner] Build operation 'Execute unit of work' started
2025-12-28T12:06:52.290+0800 [DEBUG] [org.gradle.internal.operations.DefaultBuildOperationRunner] Build operation 'Execute unit of work' started
2025-12-28T12:06:52.290+0800 [DEBUG] [org.gradle.internal.operations.DefaultBuildOperationRunner] Build operation 'Execute transform chain: fastcsv-2.2.1.jar (de.siegmar:fastcsv:2.2.1)' started
2025-12-28T12:06:52.293+0800 [DEBUG] [org.gradle.internal.operations.DefaultBuildOperationRunner] Build operation 'Identifying work' started
2025-12-28T12:06:52.292+0800 [DEBUG] [org.gradle.internal.operations.DefaultBuildOperationRunner] Build operation 'Execute unit of work' started
2025-12-28T12:06:52.294+0800 [DEBUG] [org.gradle.internal.operations.DefaultBuildOperationRunner] Build operation 'Identifying work' started
2025-12-28T12:06:52.294+0800 [DEBUG] [org.gradle.internal.operations.DefaultBuildOperationRunner] Completing Build operation 'Identifying work'
2025-12-28T12:06:52.295+0800 [DEBUG] [org.gradle.internal.operations.DefaultBuildOperationRunner] Completing Build operation 'Identifying work'
2025-12-28T12:06:52.295+0800 [DEBUG] [org.gradle.internal.operations.DefaultBuildOperationRunner] Build operation 'Identifying work' started
2025-12-28T12:06:52.295+0800 [DEBUG] [org.gradle.internal.operations.DefaultBuildOperationRunner] Completing Build operation 'Identifying work'
2025-12-28T12:06:52.296+0800 [DEBUG] [org.gradle.internal.operations.DefaultBuildOperationRunner] Build operation 'Identifying work' started
2025-12-28T12:06:52.297+0800 [DEBUG] [org.gradle.internal.operations.DefaultBuildOperationRunner] Completing Build operation 'Identifying work'
2025-12-28T12:06:52.298+0800 [DEBUG] [org.gradle.internal.operations.DefaultBuildOperationRunner] Build operation 'Identifying work' started
2025-12-28T12:06:52.298+0800 [DEBUG] [org.gradle.internal.operations.DefaultBuildOperationRunner] Build operation 'Identifying work' started
2025-12-28T12:06:52.298+0800 [DEBUG] [org.gradle.internal.operations.DefaultBuildOperationRunner] Completing Build operation 'Identifying work'
2025-12-28T12:06:52.301+0800 [DEBUG] [org.gradle.internal.operations.DefaultBuildOperationRunner] Build operation 'Identifying work' started
2025-12-28T12:06:52.302+0800 [DEBUG] [org.gradle.internal.operations.DefaultBuildOperationRunner] Completing Build operation 'Identifying work'
2025-12-28T12:06:52.302+0800 [DEBUG] [org.gradle.internal.operations.DefaultBuildOperationRunner] Completing Build operation 'Execute unit of work'
2025-12-28T12:06:52.303+0800 [DEBUG] [org.gradle.internal.operations.DefaultBuildOperationRunner] Build operation 'Identifying work' started
2025-12-28T12:06:52.303+0800 [DEBUG] [org.gradle.internal.operations.DefaultBuildOperationRunner] Completing Build operation 'Identifying work'
2025-12-28T12:06:52.303+0800 [DEBUG] [org.gradle.internal.operations.DefaultBuildOperationRunner] Build operation 'Identifying work' started
2025-12-28T12:06:52.304+0800 [DEBUG] [org.gradle.internal.operations.DefaultBuildOperationRunner] Completing Build operation 'Execute unit of work'
2025-12-28T12:06:52.304+0800 [DEBUG] [org.gradle.internal.operations.DefaultBuildOperationRunner] Completing Build operation 'Identifying work'
2025-12-28T12:06:52.304+0800 [DEBUG] [org.gradle.internal.operations.DefaultBuildOperationRunner] Build operation 'Identifying work' started
2025-12-28T12:06:52.305+0800 [DEBUG] [org.gradle.internal.operations.DefaultBuildOperationRunner] Build operation 'Execute unit of work' started
2025-12-28T12:06:52.305+0800 [DEBUG] [org.gradle.internal.operations.DefaultBuildOperationRunner] Completing Build operation 'Identifying work'
2025-12-28T12:06:52.304+0800 [DEBUG] [org.gradle.internal.operations.DefaultBuildOperationRunner] Completing Build operation 'Execute unit of work'
2025-12-28T12:06:52.304+0800 [DEBUG] [org.gradle.internal.operations.DefaultBuildOperationRunner] Completing Build operation 'Identifying work'
2025-12-28T12:06:52.304+0800 [DEBUG] [org.gradle.internal.operations.DefaultBuildOperationRunner] Completing Build operation 'Execute unit of work'
2025-12-28T12:06:52.306+0800 [DEBUG] [org.gradle.internal.operations.DefaultBuildOperationRunner] Build operation 'Execute unit of work' started
2025-12-28T12:06:52.306+0800 [DEBUG] [org.gradle.internal.operations.DefaultBuildOperationRunner] Build operation 'Identifying work' started
2025-12-28T12:06:52.305+0800 [DEBUG] [org.gradle.internal.operations.DefaultBuildOperationRunner] Build operation 'Identifying work' started
2025-12-28T12:06:52.305+0800 [DEBUG] [org.gradle.internal.operations.DefaultBuildOperationRunner] Completing Build operation 'Execute unit of work'
2025-12-28T12:06:52.307+0800 [DEBUG] [org.gradle.internal.operations.DefaultBuildOperationRunner] Completing Build operation 'Identifying work'
2025-12-28T12:06:52.307+0800 [DEBUG] [org.gradle.internal.operations.DefaultBuildOperationRunner] Completing Build operation 'Identifying work'
2025-12-28T12:06:52.309+0800 [DEBUG] [org.gradle.internal.operations.DefaultBuildOperationRunner] Build operation 'Identifying work' started
2025-12-28T12:06:52.309+0800 [DEBUG] [org.gradle.internal.operations.DefaultBuildOperationRunner] Build operation 'Identifying work' started
2025-12-28T12:06:52.309+0800 [DEBUG] [org.gradle.internal.operations.DefaultBuildOperationRunner] Completing Build operation 'Identifying work'
2025-12-28T12:06:52.308+0800 [DEBUG] [org.gradle.internal.operations.DefaultBuildOperationRunner] Build operation 'Execute unit of work' started
2025-12-28T12:06:52.312+0800 [DEBUG] [org.gradle.internal.operations.DefaultBuildOperationRunner] Completing Build operation 'Execute unit of work'
2025-12-28T12:06:52.308+0800 [DEBUG] [org.gradle.internal.operations.DefaultBuildOperationRunner] Build operation 'Identifying work' started
2025-12-28T12:06:52.310+0800 [DEBUG] [org.gradle.internal.operations.DefaultBuildOperationRunner] Build operation 'Identifying work' started
2025-12-28T12:06:52.314+0800 [DEBUG] [org.gradle.internal.operations.DefaultBuildOperationRunner] Completing Build operation 'Identifying work'
2025-12-28T12:06:52.315+0800 [DEBUG] [org.gradle.internal.operations.DefaultBuildOperationRunner] Build operation 'Execute unit of work' started
2025-12-28T12:06:52.310+0800 [DEBUG] [org.gradle.internal.operations.DefaultBuildOperationRunner] Build operation 'Execute unit of work' started
2025-12-28T12:06:52.309+0800 [DEBUG] [org.gradle.internal.operations.DefaultBuildOperationRunner] Completing Build operation 'Identifying work'
2025-12-28T12:06:52.318+0800 [DEBUG] [org.gradle.internal.operations.DefaultBuildOperationRunner] Build operation 'Identifying work' started
2025-12-28T12:06:52.314+0800 [DEBUG] [org.gradle.internal.operations.DefaultBuildOperationRunner] Completing Build operation 'Identifying work'
2025-12-28T12:06:52.319+0800 [DEBUG] [org.gradle.internal.operations.DefaultBuildOperationRunner] Build operation 'Execute unit of work' started
2025-12-28T12:06:52.319+0800 [DEBUG] [org.gradle.internal.operations.DefaultBuildOperationRunner] Completing Build operation 'Execute unit of work'
2025-12-28T12:06:52.314+0800 [DEBUG] [org.gradle.internal.operations.DefaultBuildOperationRunner] Build operation 'Identifying work' started
2025-12-28T12:06:52.321+0800 [DEBUG] [org.gradle.internal.operations.DefaultBuildOperationRunner] Completing Build operation 'Identifying work'
2025-12-28T12:06:52.318+0800 [DEBUG] [org.gradle.internal.operations.DefaultBuildOperationRunner] Completing Build operation 'Identifying work'
2025-12-28T12:06:52.323+0800 [DEBUG] [org.gradle.internal.operations.DefaultBuildOperationRunner] Completing Build operation 'Execute unit of work'
2025-12-28T12:06:52.323+0800 [DEBUG] [org.gradle.internal.operations.DefaultBuildOperationRunner] Build operation 'Identifying work' started
2025-12-28T12:06:52.323+0800 [DEBUG] [org.gradle.internal.operations.DefaultBuildOperationRunner] Completing Build operation 'Execute unit of work'
2025-12-28T12:06:52.323+0800 [DEBUG] [org.gradle.internal.operations.DefaultBuildOperationRunner] Build operation 'Identifying work' started
2025-12-28T12:06:52.324+0800 [DEBUG] [org.gradle.internal.operations.DefaultBuildOperationRunner] Completing Build operation 'Identifying work'
2025-12-28T12:06:52.326+0800 [DEBUG] [org.gradle.internal.operations.DefaultBuildOperationRunner] Build operation 'Identifying work' started
2025-12-28T12:06:52.325+0800 [DEBUG] [org.gradle.internal.operations.DefaultBuildOperationRunner] Completing Build operation 'Identifying work'
2025-12-28T12:06:52.327+0800 [DEBUG] [org.gradle.internal.operations.DefaultBuildOperationRunner] Build operation 'Execute unit of work' started
2025-12-28T12:06:52.325+0800 [DEBUG] [org.gradle.internal.operations.DefaultBuildOperationRunner] Build operation 'Identifying work' started
2025-12-28T12:06:52.337+0800 [DEBUG] [org.gradle.internal.operations.DefaultBuildOperationRunner] Completing Build operation 'Identifying work'
2025-12-28T12:06:52.337+0800 [DEBUG] [org.gradle.internal.operations.DefaultBuildOperationRunner] Build operation 'Execute unit of work' started
2025-12-28T12:06:52.326+0800 [DEBUG] [org.gradle.internal.operations.DefaultBuildOperationRunner] Completing Build operation 'Identifying work'
2025-12-28T12:06:52.326+0800 [DEBUG] [org.gradle.internal.operations.DefaultBuildOperationRunner] Build operation 'Identifying work' started
2025-12-28T12:06:52.326+0800 [DEBUG] [org.gradle.internal.operations.DefaultBuildOperationRunner] Build operation 'Execute unit of work' started
2025-12-28T12:06:52.338+0800 [DEBUG] [org.gradle.internal.operations.DefaultBuildOperationRunner] Completing Build operation 'Identifying work'
2025-12-28T12:06:52.338+0800 [DEBUG] [org.gradle.internal.operations.DefaultBuildOperationRunner] Build operation 'Identifying work' started
2025-12-28T12:06:52.337+0800 [DEBUG] [org.gradle.internal.operations.DefaultBuildOperationRunner] Completing Build operation 'Execute unit of work'
2025-12-28T12:06:52.340+0800 [DEBUG] [org.gradle.internal.operations.DefaultBuildOperationRunner] Build operation 'Execute unit of work' started
2025-12-28T12:06:52.339+0800 [DEBUG] [org.gradle.internal.operations.DefaultBuildOperationRunner] Completing Build operation 'Identifying work'
2025-12-28T12:06:52.341+0800 [DEBUG] [org.gradle.internal.operations.DefaultBuildOperationRunner] Build operation 'Identifying work' started
2025-12-28T12:06:52.341+0800 [DEBUG] [org.gradle.internal.operations.DefaultBuildOperationRunner] Completing Build operation 'Identifying work'
2025-12-28T12:06:52.342+0800 [DEBUG] [org.gradle.internal.operations.DefaultBuildOperationRunner] Build operation 'Identifying work' started
2025-12-28T12:06:52.343+0800 [DEBUG] [org.gradle.internal.operations.DefaultBuildOperationRunner] Completing Build operation 'Identifying work'
2025-12-28T12:06:52.343+0800 [DEBUG] [org.gradle.internal.operations.DefaultBuildOperationRunner] Build operation 'Identifying work' started
2025-12-28T12:06:52.343+0800 [DEBUG] [org.gradle.internal.operations.DefaultBuildOperationRunner] Build operation 'Identifying work' started
2025-12-28T12:06:52.344+0800 [DEBUG] [org.gradle.internal.operations.DefaultBuildOperationRunner] Completing Build operation 'Identifying work'
2025-12-28T12:06:52.344+0800 [DEBUG] [org.gradle.internal.operations.DefaultBuildOperationRunner] Build operation 'Execute unit of work' started
2025-12-28T12:06:52.344+0800 [DEBUG] [org.gradle.internal.operations.DefaultBuildOperationRunner] Completing Build operation 'Identifying work'
2025-12-28T12:06:52.346+0800 [DEBUG] [org.gradle.internal.operations.DefaultBuildOperationRunner] Build operation 'Identifying work' started
2025-12-28T12:06:52.347+0800 [DEBUG] [org.gradle.internal.operations.DefaultBuildOperationRunner] Completing Build operation 'Identifying work'
2025-12-28T12:06:52.348+0800 [DEBUG] [org.gradle.internal.operations.DefaultBuildOperationRunner] Build operation 'Identifying work' started
2025-12-28T12:06:52.348+0800 [DEBUG] [org.gradle.internal.operations.DefaultBuildOperationRunner] Completing Build operation 'Identifying work'
2025-12-28T12:06:52.349+0800 [DEBUG] [org.gradle.internal.operations.DefaultBuildOperationRunner] Build operation 'Identifying work' started
2025-12-28T12:06:52.350+0800 [DEBUG] [org.gradle.internal.operations.DefaultBuildOperationRunner] Completing Build operation 'Identifying work'
2025-12-28T12:06:52.351+0800 [DEBUG] [org.gradle.internal.operations.DefaultBuildOperationRunner] Build operation 'Identifying work' started
2025-12-28T12:06:52.352+0800 [DEBUG] [org.gradle.internal.operations.DefaultBuildOperationRunner] Completing Build operation 'Identifying work'
2025-12-28T12:06:52.352+0800 [DEBUG] [org.gradle.internal.operations.DefaultBuildOperationRunner] Build operation 'Identifying work' started
2025-12-28T12:06:52.353+0800 [DEBUG] [org.gradle.internal.operations.DefaultBuildOperationRunner] Completing Build operation 'Identifying work'
2025-12-28T12:06:52.354+0800 [DEBUG] [org.gradle.internal.operations.DefaultBuildOperationRunner] Build operation 'Execute transform chain: artifactural-3.0.20.jar (net.minecraftforge:artifactural:3.0.20)' started
2025-12-28T12:06:52.354+0800 [DEBUG] [org.gradle.internal.operations.DefaultBuildOperationRunner] Build operation 'Identifying work' started
2025-12-28T12:06:52.355+0800 [DEBUG] [org.gradle.internal.operations.DefaultBuildOperationRunner] Completing Build operation 'Identifying work'
2025-12-28T12:06:52.355+0800 [DEBUG] [org.gradle.internal.operations.DefaultBuildOperationRunner] Build operation 'Identifying work' started
2025-12-28T12:06:52.356+0800 [DEBUG] [org.gradle.internal.operations.DefaultBuildOperationRunner] Completing Build operation 'Execute unit of work'
2025-12-28T12:06:52.356+0800 [DEBUG] [org.gradle.internal.operations.DefaultBuildOperationRunner] Completing Build operation 'Execute unit of work'
2025-12-28T12:06:52.356+0800 [DEBUG] [org.gradle.internal.operations.DefaultBuildOperationRunner] Completing Build operation 'Identifying work'
2025-12-28T12:06:52.358+0800 [DEBUG] [org.gradle.internal.operations.DefaultBuildOperationRunner] Build operation 'Execute unit of work' started
2025-12-28T12:06:52.358+0800 [DEBUG] [org.gradle.internal.operations.DefaultBuildOperationRunner] Build operation 'Identifying work' started
2025-12-28T12:06:52.358+0800 [DEBUG] [org.gradle.internal.operations.DefaultBuildOperationRunner] Completing Build operation 'Identifying work'
2025-12-28T12:06:52.359+0800 [DEBUG] [org.gradle.internal.operations.DefaultBuildOperationRunner] Build operation 'Execute unit of work' started
2025-12-28T12:06:52.361+0800 [DEBUG] [org.gradle.internal.operations.DefaultBuildOperationRunner] Build operation 'Identifying work' started
2025-12-28T12:06:52.368+0800 [DEBUG] [org.gradle.internal.operations.DefaultBuildOperationRunner] Completing Build operation 'Execute unit of work'
2025-12-28T12:06:52.369+0800 [DEBUG] [org.gradle.internal.operations.DefaultBuildOperationRunner] Completing Build operation 'Identifying work'
2025-12-28T12:06:52.367+0800 [DEBUG] [org.gradle.internal.operations.DefaultBuildOperationRunner] Completing Build operation 'Execute unit of work'
2025-12-28T12:06:52.365+0800 [DEBUG] [org.gradle.internal.operations.DefaultBuildOperationRunner] Completing Build operation 'Execute unit of work'
2025-12-28T12:06:52.364+0800 [DEBUG] [org.gradle.internal.operations.DefaultBuildOperationRunner] Completing Build operation 'Execute unit of work'
2025-12-28T12:06:52.370+0800 [DEBUG] [org.gradle.internal.operations.DefaultBuildOperationRunner] Build operation 'Identifying work' started
2025-12-28T12:06:52.371+0800 [DEBUG] [org.gradle.internal.operations.DefaultBuildOperationRunner] Completing Build operation 'Identifying work'
2025-12-28T12:06:52.371+0800 [DEBUG] [org.gradle.internal.operations.DefaultBuildOperationRunner] Build operation 'Execute unit of work' started
2025-12-28T12:06:52.372+0800 [DEBUG] [org.gradle.internal.operations.DefaultBuildOperationRunner] Build operation 'Identifying work' started
2025-12-28T12:06:52.372+0800 [DEBUG] [org.gradle.internal.operations.DefaultBuildOperationRunner] Completing Build operation 'Identifying work'
2025-12-28T12:06:52.369+0800 [DEBUG] [org.gradle.internal.operations.DefaultBuildOperationRunner] Build operation 'Execute unit of work' started
2025-12-28T12:06:52.369+0800 [DEBUG] [org.gradle.internal.operations.DefaultBuildOperationRunner] Completing Build operation 'Execute unit of work'
2025-12-28T12:06:52.373+0800 [DEBUG] [org.gradle.internal.operations.DefaultBuildOperationRunner] Build operation 'Identifying work' started
2025-12-28T12:06:52.371+0800 [DEBUG] [org.gradle.internal.operations.DefaultBuildOperationRunner] Build operation 'Identifying work' started
2025-12-28T12:06:52.376+0800 [DEBUG] [org.gradle.internal.operations.DefaultBuildOperationRunner] Completing Build operation 'Execute unit of work'
2025-12-28T12:06:52.376+0800 [DEBUG] [org.gradle.internal.operations.DefaultBuildOperationRunner] Build operation 'Identifying work' started
2025-12-28T12:06:52.376+0800 [DEBUG] [org.gradle.internal.operations.DefaultBuildOperationRunner] Build operation 'Identifying work' started
2025-12-28T12:06:52.376+0800 [DEBUG] [org.gradle.internal.operations.DefaultBuildOperationRunner] Completing Build operation 'Identifying work'
2025-12-28T12:06:52.377+0800 [DEBUG] [org.gradle.internal.operations.DefaultBuildOperationRunner] Completing Build operation 'Identifying work'
2025-12-28T12:06:52.377+0800 [DEBUG] [org.gradle.internal.operations.DefaultBuildOperationRunner] Completing Build operation 'Identifying work'
2025-12-28T12:06:52.377+0800 [DEBUG] [org.gradle.internal.operations.DefaultBuildOperationRunner] Completing Build operation 'Identifying work'
2025-12-28T12:06:52.379+0800 [DEBUG] [org.gradle.internal.operations.DefaultBuildOperationRunner] Build operation 'Execute unit of work' started
2025-12-28T12:06:52.378+0800 [DEBUG] [org.gradle.internal.operations.DefaultBuildOperationRunner] Build operation 'Execute unit of work' started
2025-12-28T12:06:52.378+0800 [DEBUG] [org.gradle.internal.operations.DefaultBuildOperationRunner] Build operation 'Identifying work' started
2025-12-28T12:06:52.379+0800 [DEBUG] [org.gradle.internal.operations.DefaultBuildOperationRunner] Build operation 'Identifying work' started
2025-12-28T12:06:52.380+0800 [DEBUG] [org.gradle.internal.operations.DefaultBuildOperationRunner] Completing Build operation 'Identifying work'
2025-12-28T12:06:52.381+0800 [DEBUG] [org.gradle.internal.operations.DefaultBuildOperationRunner] Build operation 'Execute unit of work' started
2025-12-28T12:06:52.380+0800 [DEBUG] [org.gradle.internal.operations.DefaultBuildOperationRunner] Completing Build operation 'Identifying work'
2025-12-28T12:06:52.381+0800 [DEBUG] [org.gradle.internal.operations.DefaultBuildOperationRunner] Build operation 'Execute unit of work' started
2025-12-28T12:06:52.381+0800 [DEBUG] [org.gradle.internal.operations.DefaultBuildOperationRunner] Build operation 'Identifying work' started
2025-12-28T12:06:52.383+0800 [DEBUG] [org.gradle.internal.operations.DefaultBuildOperationRunner] Completing Build operation 'Identifying work'
2025-12-28T12:06:52.383+0800 [DEBUG] [org.gradle.internal.operations.DefaultBuildOperationRunner] Build operation 'Execute unit of work' started
2025-12-28T12:06:52.387+0800 [DEBUG] [org.gradle.internal.operations.DefaultBuildOperationRunner] Completing Build operation 'Execute unit of work'
2025-12-28T12:06:52.389+0800 [DEBUG] [org.gradle.internal.operations.DefaultBuildOperationRunner] Build operation 'Identifying work' started
2025-12-28T12:06:52.390+0800 [DEBUG] [org.gradle.internal.operations.DefaultBuildOperationRunner] Completing Build operation 'Identifying work'
2025-12-28T12:06:52.391+0800 [DEBUG] [org.gradle.internal.operations.DefaultBuildOperationRunner] Build operation 'Identifying work' started
2025-12-28T12:06:52.391+0800 [DEBUG] [org.gradle.internal.operations.DefaultBuildOperationRunner] Completing Build operation 'Identifying work'
2025-12-28T12:06:52.392+0800 [DEBUG] [org.gradle.internal.operations.DefaultBuildOperationRunner] Build operation 'Execute unit of work' started
2025-12-28T12:06:52.397+0800 [DEBUG] [org.gradle.internal.operations.DefaultBuildOperationRunner] Completing Build operation 'Execute unit of work'
2025-12-28T12:06:52.398+0800 [DEBUG] [org.gradle.internal.operations.DefaultBuildOperationRunner] Completing Build operation 'Execute unit of work'
2025-12-28T12:06:52.399+0800 [DEBUG] [org.gradle.internal.operations.DefaultBuildOperationRunner] Build operation 'Identifying work' started
2025-12-28T12:06:52.400+0800 [DEBUG] [org.gradle.internal.operations.DefaultBuildOperationRunner] Completing Build operation 'Identifying work'
2025-12-28T12:06:52.400+0800 [DEBUG] [org.gradle.internal.operations.DefaultBuildOperationRunner] Build operation 'Execute unit of work' started
2025-12-28T12:06:52.401+0800 [DEBUG] [org.gradle.internal.operations.DefaultBuildOperationRunner] Completing Build operation 'Execute unit of work'
2025-12-28T12:06:52.401+0800 [DEBUG] [org.gradle.internal.operations.DefaultBuildOperationRunner] Completing Build operation 'Execute unit of work'
2025-12-28T12:06:52.402+0800 [DEBUG] [org.gradle.internal.operations.DefaultBuildOperationRunner] Build operation 'Identifying work' started
2025-12-28T12:06:52.403+0800 [DEBUG] [org.gradle.internal.operations.DefaultBuildOperationRunner] Completing Build operation 'Identifying work'
2025-12-28T12:06:52.403+0800 [DEBUG] [org.gradle.internal.operations.DefaultBuildOperationRunner] Build operation 'Identifying work' started
2025-12-28T12:06:52.403+0800 [DEBUG] [org.gradle.internal.operations.DefaultBuildOperationRunner] Build operation 'Identifying work' started
2025-12-28T12:06:52.404+0800 [DEBUG] [org.gradle.internal.operations.DefaultBuildOperationRunner] Completing Build operation 'Identifying work'
2025-12-28T12:06:52.404+0800 [DEBUG] [org.gradle.internal.operations.DefaultBuildOperationRunner] Completing Build operation 'Identifying work'
2025-12-28T12:06:52.405+0800 [DEBUG] [org.gradle.internal.operations.DefaultBuildOperationRunner] Build operation 'Execute unit of work' started
2025-12-28T12:06:52.406+0800 [DEBUG] [org.gradle.internal.operations.DefaultBuildOperationRunner] Completing Build operation 'Execute unit of work'
2025-12-28T12:06:52.408+0800 [DEBUG] [org.gradle.internal.operations.DefaultBuildOperationRunner] Completing Build operation 'Execute unit of work'
2025-12-28T12:06:52.409+0800 [DEBUG] [org.gradle.internal.operations.DefaultBuildOperationRunner] Completing Build operation 'Execute transform chain: JarJarSelector-0.3.19.jar (net.minecraftforge:JarJarSelector:0.3.19)'
2025-12-28T12:06:52.409+0800 [DEBUG] [org.gradle.internal.operations.DefaultBuildOperationRunner] Completing Build operation 'Execute unit of work'
2025-12-28T12:06:52.409+0800 [DEBUG] [org.gradle.internal.operations.DefaultBuildOperationRunner] Build operation 'Execute transform chain: JarJarSelector-0.3.19.jar (net.minecraftforge:JarJarSelector:0.3.19)' completed
2025-12-28T12:06:52.410+0800 [DEBUG] [org.gradle.internal.operations.DefaultBuildOperationRunner] Build operation 'Execute transform chain: unsafe-0.2.0.jar (net.minecraftforge:unsafe:0.2.0)' started
2025-12-28T12:06:52.410+0800 [DEBUG] [org.gradle.internal.operations.DefaultBuildOperationRunner] Build operation 'Identifying work' started
2025-12-28T12:06:52.410+0800 [DEBUG] [org.gradle.internal.operations.DefaultBuildOperationRunner] Build operation 'Identifying work' started
2025-12-28T12:06:52.410+0800 [DEBUG] [org.gradle.internal.operations.DefaultBuildOperationRunner] Completing Build operation 'Identifying work'
2025-12-28T12:06:52.411+0800 [DEBUG] [org.gradle.internal.operations.DefaultBuildOperationRunner] Build operation 'Identifying work' started
2025-12-28T12:06:52.412+0800 [DEBUG] [org.gradle.internal.operations.DefaultBuildOperationRunner] Completing Build operation 'Identifying work'
2025-12-28T12:06:52.412+0800 [DEBUG] [org.gradle.internal.operations.DefaultBuildOperationRunner] Build operation 'Identifying work' started
2025-12-28T12:06:52.409+0800 [DEBUG] [org.gradle.internal.operations.DefaultBuildOperationRunner] Build operation 'Execute unit of work' started
2025-12-28T12:06:52.413+0800 [DEBUG] [org.gradle.internal.operations.DefaultBuildOperationRunner] Completing Build operation 'Identifying work'
2025-12-28T12:06:52.412+0800 [DEBUG] [org.gradle.internal.operations.DefaultBuildOperationRunner] Build operation 'Identifying work' started
2025-12-28T12:06:52.413+0800 [DEBUG] [org.gradle.internal.operations.DefaultBuildOperationRunner] Completing Build operation 'Identifying work'
2025-12-28T12:06:52.414+0800 [DEBUG] [org.gradle.internal.operations.DefaultBuildOperationRunner] Build operation 'Execute unit of work' started
2025-12-28T12:06:52.412+0800 [DEBUG] [org.gradle.internal.operations.DefaultBuildOperationRunner] Build operation 'Identifying work' started
2025-12-28T12:06:52.411+0800 [DEBUG] [org.gradle.internal.operations.DefaultBuildOperationRunner] Completing Build operation 'Identifying work'
2025-12-28T12:06:52.415+0800 [DEBUG] [org.gradle.internal.operations.DefaultBuildOperationRunner] Completing Build operation 'Identifying work'
2025-12-28T12:06:52.415+0800 [DEBUG] [org.gradle.internal.operations.DefaultBuildOperationRunner] Build operation 'Identifying work' started
2025-12-28T12:06:52.415+0800 [DEBUG] [org.gradle.internal.operations.DefaultBuildOperationRunner] Build operation 'Execute unit of work' started
2025-12-28T12:06:52.416+0800 [DEBUG] [org.gradle.internal.operations.DefaultBuildOperationRunner] Completing Build operation 'Identifying work'
2025-12-28T12:06:52.417+0800 [DEBUG] [org.gradle.internal.operations.DefaultBuildOperationRunner] Build operation 'Execute unit of work' started
2025-12-28T12:06:52.416+0800 [DEBUG] [org.gradle.internal.operations.DefaultBuildOperationRunner] Build operation 'Execute unit of work' started
2025-12-28T12:06:52.418+0800 [DEBUG] [org.gradle.internal.operations.DefaultBuildOperationRunner] Completing Build operation 'Execute unit of work'
2025-12-28T12:06:52.421+0800 [DEBUG] [org.gradle.internal.operations.DefaultBuildOperationRunner] Completing Build operation 'Execute transform chain: commons-io-2.11.0.jar (commons-io:commons-io:2.11.0)'
2025-12-28T12:06:52.421+0800 [DEBUG] [org.gradle.internal.operations.DefaultBuildOperationRunner] Build operation 'Execute transform chain: commons-io-2.11.0.jar (commons-io:commons-io:2.11.0)' completed
2025-12-28T12:06:52.421+0800 [DEBUG] [org.gradle.internal.operations.DefaultBuildOperationRunner] Build operation 'Execute transform chain: maven-artifact-3.9.1.jar (org.apache.maven:maven-artifact:3.9.1)' started
2025-12-28T12:06:52.422+0800 [DEBUG] [org.gradle.internal.operations.DefaultBuildOperationRunner] Build operation 'Identifying work' started
2025-12-28T12:06:52.422+0800 [DEBUG] [org.gradle.internal.operations.DefaultBuildOperationRunner] Completing Build operation 'Execute unit of work'
2025-12-28T12:06:52.422+0800 [DEBUG] [org.gradle.internal.operations.DefaultBuildOperationRunner] Completing Build operation 'Identifying work'
2025-12-28T12:06:52.423+0800 [DEBUG] [org.gradle.internal.operations.DefaultBuildOperationRunner] Build operation 'Identifying work' started
2025-12-28T12:06:52.424+0800 [DEBUG] [org.gradle.internal.operations.DefaultBuildOperationRunner] Build operation 'Identifying work' started
2025-12-28T12:06:52.424+0800 [DEBUG] [org.gradle.internal.operations.DefaultBuildOperationRunner] Completing Build operation 'Identifying work'
2025-12-28T12:06:52.425+0800 [DEBUG] [org.gradle.internal.operations.DefaultBuildOperationRunner] Build operation 'Execute unit of work' started
2025-12-28T12:06:52.425+0800 [DEBUG] [org.gradle.internal.operations.DefaultBuildOperationRunner] Completing Build operation 'Identifying work'
2025-12-28T12:06:52.425+0800 [DEBUG] [org.gradle.internal.operations.DefaultBuildOperationRunner] Build operation 'Identifying work' started
2025-12-28T12:06:52.426+0800 [DEBUG] [org.gradle.internal.operations.DefaultBuildOperationRunner] Completing Build operation 'Identifying work'
2025-12-28T12:06:52.426+0800 [DEBUG] [org.gradle.internal.operations.DefaultBuildOperationRunner] Build operation 'Execute unit of work' started
2025-12-28T12:06:52.427+0800 [DEBUG] [org.gradle.internal.operations.DefaultBuildOperationRunner] Completing Build operation 'Execute unit of work'
2025-12-28T12:06:52.431+0800 [DEBUG] [org.gradle.internal.operations.DefaultBuildOperationRunner] Build operation 'Identifying work' started
2025-12-28T12:06:52.431+0800 [DEBUG] [org.gradle.internal.operations.DefaultBuildOperationRunner] Completing Build operation 'Identifying work'
2025-12-28T12:06:52.432+0800 [DEBUG] [org.gradle.internal.operations.DefaultBuildOperationRunner] Build operation 'Execute unit of work' started
2025-12-28T12:06:52.431+0800 [DEBUG] [org.gradle.internal.operations.DefaultBuildOperationRunner] Completing Build operation 'Execute unit of work'
2025-12-28T12:06:52.432+0800 [DEBUG] [org.gradle.internal.operations.DefaultBuildOperationRunner] Completing Build operation 'Execute unit of work'
2025-12-28T12:06:52.432+0800 [DEBUG] [org.gradle.internal.operations.DefaultBuildOperationRunner] Completing Build operation 'Execute unit of work'
2025-12-28T12:06:52.435+0800 [DEBUG] [org.gradle.internal.operations.DefaultBuildOperationRunner] Build operation 'Identifying work' started
2025-12-28T12:06:52.436+0800 [DEBUG] [org.gradle.internal.operations.DefaultBuildOperationRunner] Completing Build operation 'Execute transform chain: fastcsv-2.2.1.jar (de.siegmar:fastcsv:2.2.1)'
2025-12-28T12:06:52.436+0800 [DEBUG] [org.gradle.internal.operations.DefaultBuildOperationRunner] Build operation 'Execute transform chain: fastcsv-2.2.1.jar (de.siegmar:fastcsv:2.2.1)' completed
2025-12-28T12:06:52.436+0800 [DEBUG] [org.gradle.internal.operations.DefaultBuildOperationRunner] Build operation 'Execute transform chain: httpclient-4.5.14.jar (org.apache.httpcomponents:httpclient:4.5.14)' started
2025-12-28T12:06:52.436+0800 [DEBUG] [org.gradle.internal.operations.DefaultBuildOperationRunner] Build operation 'Identifying work' started
2025-12-28T12:06:52.437+0800 [DEBUG] [org.gradle.internal.operations.DefaultBuildOperationRunner] Completing Build operation 'Identifying work'
2025-12-28T12:06:52.437+0800 [DEBUG] [org.gradle.internal.operations.DefaultBuildOperationRunner] Build operation 'Identifying work' started
2025-12-28T12:06:52.436+0800 [DEBUG] [org.gradle.internal.operations.DefaultBuildOperationRunner] Completing Build operation 'Identifying work'
2025-12-28T12:06:52.438+0800 [DEBUG] [org.gradle.internal.operations.DefaultBuildOperationRunner] Completing Build operation 'Identifying work'
2025-12-28T12:06:52.438+0800 [DEBUG] [org.gradle.internal.operations.DefaultBuildOperationRunner] Build operation 'Execute unit of work' started
2025-12-28T12:06:52.441+0800 [DEBUG] [org.gradle.internal.operations.DefaultBuildOperationRunner] Completing Build operation 'Execute unit of work'
2025-12-28T12:06:52.436+0800 [DEBUG] [org.gradle.internal.operations.DefaultBuildOperationRunner] Build operation 'Identifying work' started
2025-12-28T12:06:52.441+0800 [DEBUG] [org.gradle.internal.operations.DefaultBuildOperationRunner] Completing Build operation 'Execute unit of work'
2025-12-28T12:06:52.443+0800 [DEBUG] [org.gradle.internal.operations.DefaultBuildOperationRunner] Completing Build operation 'Execute transform chain: guava-31.1-jre.jar (com.google.guava:guava:31.1-jre)'
2025-12-28T12:06:52.443+0800 [DEBUG] [org.gradle.internal.operations.DefaultBuildOperationRunner] Build operation 'Execute transform chain: guava-31.1-jre.jar (com.google.guava:guava:31.1-jre)' completed
2025-12-28T12:06:52.438+0800 [DEBUG] [org.gradle.internal.operations.DefaultBuildOperationRunner] Build operation 'Execute unit of work' started
2025-12-28T12:06:52.443+0800 [DEBUG] [org.gradle.internal.operations.DefaultBuildOperationRunner] Build operation 'Execute transform chain: srgutils-0.5.10.jar (net.minecraftforge:srgutils:0.5.10)' started
2025-12-28T12:06:52.444+0800 [DEBUG] [org.gradle.internal.operations.DefaultBuildOperationRunner] Build operation 'Identifying work' started
2025-12-28T12:06:52.444+0800 [DEBUG] [org.gradle.internal.operations.DefaultBuildOperationRunner] Completing Build operation 'Identifying work'
2025-12-28T12:06:52.445+0800 [DEBUG] [org.gradle.internal.operations.DefaultBuildOperationRunner] Build operation 'Identifying work' started
2025-12-28T12:06:52.445+0800 [DEBUG] [org.gradle.internal.operations.DefaultBuildOperationRunner] Completing Build operation 'Identifying work'
2025-12-28T12:06:52.446+0800 [DEBUG] [org.gradle.internal.operations.DefaultBuildOperationRunner] Build operation 'Execute unit of work' started
2025-12-28T12:06:52.446+0800 [DEBUG] [org.gradle.internal.operations.DefaultBuildOperationRunner] Completing Build operation 'Execute unit of work'
2025-12-28T12:06:52.448+0800 [DEBUG] [org.gradle.internal.operations.DefaultBuildOperationRunner] Build operation 'Identifying work' started
2025-12-28T12:06:52.449+0800 [DEBUG] [org.gradle.internal.operations.DefaultBuildOperationRunner] Completing Build operation 'Identifying work'
2025-12-28T12:06:52.450+0800 [DEBUG] [org.gradle.internal.operations.DefaultBuildOperationRunner] Build operation 'Execute unit of work' started
2025-12-28T12:06:52.443+0800 [DEBUG] [org.gradle.internal.operations.DefaultBuildOperationRunner] Completing Build operation 'Identifying work'
2025-12-28T12:06:52.452+0800 [DEBUG] [org.gradle.internal.operations.DefaultBuildOperationRunner] Completing Build operation 'Execute unit of work'
2025-12-28T12:06:52.452+0800 [DEBUG] [org.gradle.internal.operations.DefaultBuildOperationRunner] Build operation 'Identifying work' started
2025-12-28T12:06:52.453+0800 [DEBUG] [org.gradle.internal.operations.DefaultBuildOperationRunner] Completing Build operation 'Identifying work'
2025-12-28T12:06:52.454+0800 [DEBUG] [org.gradle.internal.operations.DefaultBuildOperationRunner] Build operation 'Identifying work' started
2025-12-28T12:06:52.453+0800 [DEBUG] [org.gradle.internal.operations.DefaultBuildOperationRunner] Build operation 'Identifying work' started
2025-12-28T12:06:52.455+0800 [DEBUG] [org.gradle.internal.operations.DefaultBuildOperationRunner] Completing Build operation 'Identifying work'
2025-12-28T12:06:52.456+0800 [DEBUG] [org.gradle.internal.operations.DefaultBuildOperationRunner] Build operation 'Execute unit of work' started
2025-12-28T12:06:52.455+0800 [DEBUG] [org.gradle.internal.operations.DefaultBuildOperationRunner] Completing Build operation 'Identifying work'
2025-12-28T12:06:52.457+0800 [DEBUG] [org.gradle.internal.operations.DefaultBuildOperationRunner] Build operation 'Execute unit of work' started
2025-12-28T12:06:52.457+0800 [DEBUG] [org.gradle.internal.operations.DefaultBuildOperationRunner] Completing Build operation 'Execute unit of work'
2025-12-28T12:06:52.462+0800 [DEBUG] [org.gradle.internal.operations.DefaultBuildOperationRunner] Completing Build operation 'Execute unit of work'
2025-12-28T12:06:52.464+0800 [DEBUG] [org.gradle.internal.operations.DefaultBuildOperationRunner] Build operation 'Identifying work' started
2025-12-28T12:06:52.465+0800 [DEBUG] [org.gradle.internal.operations.DefaultBuildOperationRunner] Completing Build operation 'Identifying work'
2025-12-28T12:06:52.465+0800 [DEBUG] [org.gradle.internal.operations.DefaultBuildOperationRunner] Build operation 'Execute unit of work' started
2025-12-28T12:06:52.456+0800 [DEBUG] [org.gradle.internal.operations.DefaultBuildOperationRunner] Build operation 'Execute unit of work' started
2025-12-28T12:06:52.465+0800 [DEBUG] [org.gradle.internal.operations.DefaultBuildOperationRunner] Build operation 'Identifying work' started
2025-12-28T12:06:52.468+0800 [DEBUG] [org.gradle.internal.operations.DefaultBuildOperationRunner] Completing Build operation 'Identifying work'
2025-12-28T12:06:52.469+0800 [DEBUG] [org.gradle.internal.operations.DefaultBuildOperationRunner] Build operation 'Execute unit of work' started
2025-12-28T12:06:52.463+0800 [DEBUG] [org.gradle.internal.operations.DefaultBuildOperationRunner] Completing Build operation 'Execute unit of work'
2025-12-28T12:06:52.471+0800 [DEBUG] [org.gradle.internal.operations.DefaultBuildOperationRunner] Completing Build operation 'Execute unit of work'
2025-12-28T12:06:52.472+0800 [DEBUG] [org.gradle.internal.operations.DefaultBuildOperationRunner] Build operation 'Identifying work' started
2025-12-28T12:06:52.472+0800 [DEBUG] [org.gradle.internal.operations.DefaultBuildOperationRunner] Completing Build operation 'Identifying work'
2025-12-28T12:06:52.473+0800 [DEBUG] [org.gradle.internal.operations.DefaultBuildOperationRunner] Build operation 'Execute unit of work' started
2025-12-28T12:06:52.474+0800 [DEBUG] [org.gradle.internal.operations.DefaultBuildOperationRunner] Build operation 'Identifying work' started
2025-12-28T12:06:52.475+0800 [DEBUG] [org.gradle.internal.operations.DefaultBuildOperationRunner] Completing Build operation 'Identifying work'
2025-12-28T12:06:52.476+0800 [DEBUG] [org.gradle.internal.operations.DefaultBuildOperationRunner] Completing Build operation 'Execute unit of work'
2025-12-28T12:06:52.476+0800 [DEBUG] [org.gradle.internal.operations.DefaultBuildOperationRunner] Build operation 'Execute unit of work' started
2025-12-28T12:06:52.476+0800 [DEBUG] [org.gradle.internal.operations.DefaultBuildOperationRunner] Completing Build operation 'Execute unit of work'
2025-12-28T12:06:52.476+0800 [DEBUG] [org.gradle.internal.operations.DefaultBuildOperationRunner] Completing Build operation 'Execute unit of work'
2025-12-28T12:06:52.478+0800 [DEBUG] [org.gradle.internal.operations.DefaultBuildOperationRunner] Completing Build operation 'Execute transform chain: artifactural-3.0.20.jar (net.minecraftforge:artifactural:3.0.20)'
2025-12-28T12:06:52.478+0800 [DEBUG] [org.gradle.internal.operations.DefaultBuildOperationRunner] Build operation 'Identifying work' started
2025-12-28T12:06:52.478+0800 [DEBUG] [org.gradle.internal.operations.DefaultBuildOperationRunner] Build operation 'Execute transform chain: DiffPatch-2.0.12-all.jar (net.minecraftforge:DiffPatch:2.0.12)' started
2025-12-28T12:06:52.478+0800 [DEBUG] [org.gradle.internal.operations.DefaultBuildOperationRunner] Completing Build operation 'Identifying work'
2025-12-28T12:06:52.479+0800 [DEBUG] [org.gradle.internal.operations.DefaultBuildOperationRunner] Build operation 'Identifying work' started
2025-12-28T12:06:52.479+0800 [DEBUG] [org.gradle.internal.operations.DefaultBuildOperationRunner] Completing Build operation 'Identifying work'
2025-12-28T12:06:52.480+0800 [DEBUG] [org.gradle.internal.operations.DefaultBuildOperationRunner] Build operation 'Execute unit of work' started
2025-12-28T12:06:52.479+0800 [DEBUG] [org.gradle.internal.operations.DefaultBuildOperationRunner] Build operation 'Identifying work' started
2025-12-28T12:06:52.483+0800 [DEBUG] [org.gradle.internal.operations.DefaultBuildOperationRunner] Completing Build operation 'Identifying work'
2025-12-28T12:06:52.483+0800 [DEBUG] [org.gradle.internal.operations.DefaultBuildOperationRunner] Completing Build operation 'Execute unit of work'
2025-12-28T12:06:52.484+0800 [DEBUG] [org.gradle.internal.operations.DefaultBuildOperationRunner] Build operation 'Identifying work' started
2025-12-28T12:06:52.484+0800 [DEBUG] [org.gradle.internal.operations.DefaultBuildOperationRunner] Completing Build operation 'Identifying work'
2025-12-28T12:06:52.485+0800 [DEBUG] [org.gradle.internal.operations.DefaultBuildOperationRunner] Build operation 'Execute unit of work' started
2025-12-28T12:06:52.486+0800 [DEBUG] [org.gradle.internal.operations.DefaultBuildOperationRunner] Build operation 'Identifying work' started
2025-12-28T12:06:52.486+0800 [DEBUG] [org.gradle.internal.operations.DefaultBuildOperationRunner] Completing Build operation 'Identifying work'
2025-12-28T12:06:52.486+0800 [DEBUG] [org.gradle.internal.operations.DefaultBuildOperationRunner] Completing Build operation 'Execute unit of work'
2025-12-28T12:06:52.487+0800 [DEBUG] [org.gradle.internal.operations.DefaultBuildOperationRunner] Build operation 'Identifying work' started
2025-12-28T12:06:52.487+0800 [DEBUG] [org.gradle.internal.operations.DefaultBuildOperationRunner] Completing Build operation 'Identifying work'
2025-12-28T12:06:52.488+0800 [DEBUG] [org.gradle.internal.operations.DefaultBuildOperationRunner] Build operation 'Execute unit of work' started
2025-12-28T12:06:52.489+0800 [DEBUG] [org.gradle.internal.operations.DefaultBuildOperationRunner] Build operation 'Identifying work' started
2025-12-28T12:06:52.489+0800 [DEBUG] [org.gradle.internal.operations.DefaultBuildOperationRunner] Completing Build operation 'Identifying work'
2025-12-28T12:06:52.490+0800 [DEBUG] [org.gradle.internal.operations.DefaultBuildOperationRunner] Build operation 'Identifying work' started
2025-12-28T12:06:52.490+0800 [DEBUG] [org.gradle.internal.operations.DefaultBuildOperationRunner] Completing Build operation 'Identifying work'
2025-12-28T12:06:52.491+0800 [DEBUG] [org.gradle.internal.operations.DefaultBuildOperationRunner] Build operation 'Execute unit of work' started
2025-12-28T12:06:52.492+0800 [DEBUG] [org.gradle.internal.operations.DefaultBuildOperationRunner] Build operation 'Identifying work' started
2025-12-28T12:06:52.493+0800 [DEBUG] [org.gradle.internal.operations.DefaultBuildOperationRunner] Completing Build operation 'Identifying work'
2025-12-28T12:06:52.495+0800 [DEBUG] [org.gradle.internal.operations.DefaultBuildOperationRunner] Build operation 'Execute unit of work' started
2025-12-28T12:06:52.497+0800 [DEBUG] [org.gradle.internal.operations.DefaultBuildOperationRunner] Completing Build operation 'Execute unit of work'
2025-12-28T12:06:52.497+0800 [DEBUG] [org.gradle.internal.operations.DefaultBuildOperationRunner] Completing Build operation 'Execute unit of work'
2025-12-28T12:06:52.500+0800 [DEBUG] [org.gradle.internal.operations.DefaultBuildOperationRunner] Build operation 'Identifying work' started
2025-12-28T12:06:52.500+0800 [DEBUG] [org.gradle.internal.operations.DefaultBuildOperationRunner] Completing Build operation 'Identifying work'
2025-12-28T12:06:52.500+0800 [DEBUG] [org.gradle.internal.operations.DefaultBuildOperationRunner] Build operation 'Execute unit of work' started
2025-12-28T12:06:52.500+0800 [DEBUG] [org.gradle.internal.operations.DefaultBuildOperationRunner] Completing Build operation 'Execute unit of work'
2025-12-28T12:06:52.504+0800 [DEBUG] [org.gradle.internal.operations.DefaultBuildOperationRunner] Build operation 'Identifying work' started
2025-12-28T12:06:52.504+0800 [DEBUG] [org.gradle.internal.operations.DefaultBuildOperationRunner] Build operation 'Identifying work' started
2025-12-28T12:06:52.504+0800 [DEBUG] [org.gradle.internal.operations.DefaultBuildOperationRunner] Completing Build operation 'Identifying work'
2025-12-28T12:06:52.505+0800 [DEBUG] [org.gradle.internal.operations.DefaultBuildOperationRunner] Completing Build operation 'Identifying work'
2025-12-28T12:06:52.505+0800 [DEBUG] [org.gradle.internal.operations.DefaultBuildOperationRunner] Build operation 'Execute unit of work' started
2025-12-28T12:06:52.505+0800 [DEBUG] [org.gradle.internal.operations.DefaultBuildOperationRunner] Build operation 'Execute unit of work' started
2025-12-28T12:06:52.513+0800 [DEBUG] [org.gradle.internal.operations.DefaultBuildOperationRunner] Completing Build operation 'Execute unit of work'
2025-12-28T12:06:52.517+0800 [DEBUG] [org.gradle.internal.operations.DefaultBuildOperationRunner] Completing Build operation 'Execute unit of work'
2025-12-28T12:06:52.517+0800 [DEBUG] [org.gradle.internal.operations.DefaultBuildOperationRunner] Completing Build operation 'Execute unit of work'
2025-12-28T12:06:52.518+0800 [DEBUG] [org.gradle.internal.operations.DefaultBuildOperationRunner] Completing Build operation 'Execute unit of work'
2025-12-28T12:06:52.519+0800 [DEBUG] [org.gradle.internal.operations.DefaultBuildOperationRunner] Build operation 'Identifying work' started
2025-12-28T12:06:52.520+0800 [DEBUG] [org.gradle.internal.operations.DefaultBuildOperationRunner] Completing Build operation 'Execute transform chain: httpclient-4.5.14.jar (org.apache.httpcomponents:httpclient:4.5.14)'
2025-12-28T12:06:52.519+0800 [DEBUG] [org.gradle.internal.operations.DefaultBuildOperationRunner] Completing Build operation 'Execute transform chain: srgutils-0.5.10.jar (net.minecraftforge:srgutils:0.5.10)'
2025-12-28T12:06:52.520+0800 [DEBUG] [org.gradle.internal.operations.DefaultBuildOperationRunner] Build operation 'Execute transform chain: httpclient-4.5.14.jar (org.apache.httpcomponents:httpclient:4.5.14)' completed
2025-12-28T12:06:52.520+0800 [DEBUG] [org.gradle.internal.operations.DefaultBuildOperationRunner] Build operation 'Execute transform chain: failureaccess-1.0.1.jar (com.google.guava:failureaccess:1.0.1)' started
2025-12-28T12:06:52.521+0800 [DEBUG] [org.gradle.internal.operations.DefaultBuildOperationRunner] Build operation 'Identifying work' started
2025-12-28T12:06:52.520+0800 [DEBUG] [org.gradle.internal.operations.DefaultBuildOperationRunner] Completing Build operation 'Identifying work'
2025-12-28T12:06:52.520+0800 [DEBUG] [org.gradle.internal.operations.DefaultBuildOperationRunner] Completing Build operation 'Execute transform chain: unsafe-0.2.0.jar (net.minecraftforge:unsafe:0.2.0)'
2025-12-28T12:06:52.520+0800 [DEBUG] [org.gradle.internal.operations.DefaultBuildOperationRunner] Build operation 'Execute transform chain: srgutils-0.5.10.jar (net.minecraftforge:srgutils:0.5.10)' completed
2025-12-28T12:06:52.521+0800 [DEBUG] [org.gradle.internal.operations.DefaultBuildOperationRunner] Build operation 'Execute transform chain: unsafe-0.2.0.jar (net.minecraftforge:unsafe:0.2.0)' completed
2025-12-28T12:06:52.521+0800 [DEBUG] [org.gradle.internal.operations.DefaultBuildOperationRunner] Build operation 'Execute unit of work' started
2025-12-28T12:06:52.521+0800 [DEBUG] [org.gradle.internal.operations.DefaultBuildOperationRunner] Completing Build operation 'Identifying work'
2025-12-28T12:06:52.522+0800 [DEBUG] [org.gradle.internal.operations.DefaultBuildOperationRunner] Build operation 'Identifying work' started
2025-12-28T12:06:52.521+0800 [DEBUG] [org.gradle.internal.operations.DefaultBuildOperationRunner] Build operation 'Execute transform chain: jsr305-3.0.2.jar (com.google.code.findbugs:jsr305:3.0.2)' started
2025-12-28T12:06:52.522+0800 [DEBUG] [org.gradle.internal.operations.DefaultBuildOperationRunner] Completing Build operation 'Identifying work'
2025-12-28T12:06:52.521+0800 [DEBUG] [org.gradle.internal.operations.DefaultBuildOperationRunner] Build operation 'Execute transform chain: listenablefuture-9999.0-empty-to-avoid-conflict-with-guava.jar (com.google.guava:listenablefuture:9999.0-empty-to-avoid-conflict-with-guava)' started
2025-12-28T12:06:52.523+0800 [DEBUG] [org.gradle.internal.operations.DefaultBuildOperationRunner] Build operation 'Identifying work' started
2025-12-28T12:06:52.523+0800 [DEBUG] [org.gradle.internal.operations.DefaultBuildOperationRunner] Build operation 'Identifying work' started
2025-12-28T12:06:52.523+0800 [DEBUG] [org.gradle.internal.operations.DefaultBuildOperationRunner] Completing Build operation 'Identifying work'
2025-12-28T12:06:52.522+0800 [DEBUG] [org.gradle.internal.operations.DefaultBuildOperationRunner] Completing Build operation 'Execute unit of work'
2025-12-28T12:06:52.524+0800 [DEBUG] [org.gradle.internal.operations.DefaultBuildOperationRunner] Build operation 'Identifying work' started
2025-12-28T12:06:52.523+0800 [DEBUG] [org.gradle.internal.operations.DefaultBuildOperationRunner] Completing Build operation 'Identifying work'
2025-12-28T12:06:52.523+0800 [DEBUG] [org.gradle.internal.operations.DefaultBuildOperationRunner] Build operation 'Identifying work' started
2025-12-28T12:06:52.525+0800 [DEBUG] [org.gradle.internal.operations.DefaultBuildOperationRunner] Completing Build operation 'Identifying work'
2025-12-28T12:06:52.524+0800 [DEBUG] [org.gradle.internal.operations.DefaultBuildOperationRunner] Build operation 'Identifying work' started
2025-12-28T12:06:52.525+0800 [DEBUG] [org.gradle.internal.operations.DefaultBuildOperationRunner] Completing Build operation 'Identifying work'
2025-12-28T12:06:52.525+0800 [DEBUG] [org.gradle.internal.operations.DefaultBuildOperationRunner] Build operation 'Execute unit of work' started
2025-12-28T12:06:52.525+0800 [DEBUG] [org.gradle.internal.operations.DefaultBuildOperationRunner] Completing Build operation 'Identifying work'
2025-12-28T12:06:52.525+0800 [DEBUG] [org.gradle.internal.operations.DefaultBuildOperationRunner] Build operation 'Execute unit of work' started
2025-12-28T12:06:52.526+0800 [DEBUG] [org.gradle.internal.operations.DefaultBuildOperationRunner] Build operation 'Identifying work' started
2025-12-28T12:06:52.527+0800 [DEBUG] [org.gradle.internal.operations.DefaultBuildOperationRunner] Completing Build operation 'Identifying work'
2025-12-28T12:06:52.527+0800 [DEBUG] [org.gradle.internal.operations.DefaultBuildOperationRunner] Build operation 'Execute unit of work' started
2025-12-28T12:06:52.530+0800 [DEBUG] [org.gradle.internal.operations.DefaultBuildOperationRunner] Completing Build operation 'Execute transform chain: JarJarMetadata-0.3.19.jar (net.minecraftforge:JarJarMetadata:0.3.19)'
2025-12-28T12:06:52.531+0800 [DEBUG] [org.gradle.internal.operations.DefaultBuildOperationRunner] Build operation 'Execute transform chain: JarJarMetadata-0.3.19.jar (net.minecraftforge:JarJarMetadata:0.3.19)' completed
2025-12-28T12:06:52.531+0800 [DEBUG] [org.gradle.internal.operations.DefaultBuildOperationRunner] Build operation 'Execute transform chain: checker-qual-3.12.0.jar (org.checkerframework:checker-qual:3.12.0)' started
2025-12-28T12:06:52.531+0800 [DEBUG] [org.gradle.internal.operations.DefaultBuildOperationRunner] Build operation 'Identifying work' started
2025-12-28T12:06:52.532+0800 [DEBUG] [org.gradle.internal.operations.DefaultBuildOperationRunner] Completing Build operation 'Identifying work'
2025-12-28T12:06:52.532+0800 [DEBUG] [org.gradle.internal.operations.DefaultBuildOperationRunner] Build operation 'Identifying work' started
2025-12-28T12:06:52.533+0800 [DEBUG] [org.gradle.internal.operations.DefaultBuildOperationRunner] Completing Build operation 'Identifying work'
2025-12-28T12:06:52.533+0800 [DEBUG] [org.gradle.internal.operations.DefaultBuildOperationRunner] Build operation 'Identifying work' started
2025-12-28T12:06:52.534+0800 [DEBUG] [org.gradle.internal.operations.DefaultBuildOperationRunner] Completing Build operation 'Identifying work'
2025-12-28T12:06:52.534+0800 [DEBUG] [org.gradle.internal.operations.DefaultBuildOperationRunner] Build operation 'Execute unit of work' started
2025-12-28T12:06:52.535+0800 [DEBUG] [org.gradle.internal.operations.DefaultBuildOperationRunner] Completing Build operation 'Execute unit of work'
2025-12-28T12:06:52.537+0800 [DEBUG] [org.gradle.internal.operations.DefaultBuildOperationRunner] Build operation 'Identifying work' started
2025-12-28T12:06:52.538+0800 [DEBUG] [org.gradle.internal.operations.DefaultBuildOperationRunner] Completing Build operation 'Identifying work'
2025-12-28T12:06:52.538+0800 [DEBUG] [org.gradle.internal.operations.DefaultBuildOperationRunner] Completing Build operation 'Execute unit of work'
2025-12-28T12:06:52.538+0800 [DEBUG] [org.gradle.internal.operations.DefaultBuildOperationRunner] Build operation 'Execute unit of work' started
2025-12-28T12:06:52.542+0800 [DEBUG] [org.gradle.internal.operations.DefaultBuildOperationRunner] Completing Build operation 'Execute unit of work'
2025-12-28T12:06:52.542+0800 [DEBUG] [org.gradle.internal.operations.DefaultBuildOperationRunner] Build operation 'Identifying work' started
2025-12-28T12:06:52.542+0800 [DEBUG] [org.gradle.internal.operations.DefaultBuildOperationRunner] Completing Build operation 'Identifying work'
2025-12-28T12:06:52.543+0800 [DEBUG] [org.gradle.internal.operations.DefaultBuildOperationRunner] Build operation 'Execute unit of work' started
2025-12-28T12:06:52.545+0800 [DEBUG] [org.gradle.internal.operations.DefaultBuildOperationRunner] Completing Build operation 'Execute unit of work'
2025-12-28T12:06:52.545+0800 [DEBUG] [org.gradle.internal.operations.DefaultBuildOperationRunner] Build operation 'Identifying work' started
2025-12-28T12:06:52.545+0800 [DEBUG] [org.gradle.internal.operations.DefaultBuildOperationRunner] Completing Build operation 'Identifying work'
2025-12-28T12:06:52.546+0800 [DEBUG] [org.gradle.internal.operations.DefaultBuildOperationRunner] Build operation 'Execute unit of work' started
2025-12-28T12:06:52.546+0800 [DEBUG] [org.gradle.internal.operations.DefaultBuildOperationRunner] Completing Build operation 'Execute unit of work'
2025-12-28T12:06:52.549+0800 [DEBUG] [org.gradle.internal.operations.DefaultBuildOperationRunner] Completing Build operation 'Execute transform chain: ForgeGradle-6.0.46.jar (net.minecraftforge.gradle:ForgeGradle:6.0.46)'
2025-12-28T12:06:52.549+0800 [DEBUG] [org.gradle.internal.operations.DefaultBuildOperationRunner] Build operation 'Execute transform chain: ForgeGradle-6.0.46.jar (net.minecraftforge.gradle:ForgeGradle:6.0.46)' completed
2025-12-28T12:06:52.549+0800 [DEBUG] [org.gradle.internal.operations.DefaultBuildOperationRunner] Build operation 'Execute transform chain: error_prone_annotations-2.11.0.jar (com.google.errorprone:error_prone_annotations:2.11.0)' started
2025-12-28T12:06:52.549+0800 [DEBUG] [org.gradle.internal.operations.DefaultBuildOperationRunner] Build operation 'Identifying work' started
2025-12-28T12:06:52.550+0800 [DEBUG] [org.gradle.internal.operations.DefaultBuildOperationRunner] Completing Build operation 'Identifying work'
2025-12-28T12:06:52.551+0800 [DEBUG] [org.gradle.internal.operations.DefaultBuildOperationRunner] Build operation 'Execute unit of work' started
2025-12-28T12:06:52.550+0800 [DEBUG] [org.gradle.internal.operations.DefaultBuildOperationRunner] Build operation 'Identifying work' started
2025-12-28T12:06:52.552+0800 [DEBUG] [org.gradle.internal.operations.DefaultBuildOperationRunner] Completing Build operation 'Execute unit of work'
2025-12-28T12:06:52.552+0800 [DEBUG] [org.gradle.internal.operations.DefaultBuildOperationRunner] Completing Build operation 'Execute unit of work'
2025-12-28T12:06:52.552+0800 [DEBUG] [org.gradle.internal.operations.DefaultBuildOperationRunner] Completing Build operation 'Identifying work'
2025-12-28T12:06:52.554+0800 [DEBUG] [org.gradle.internal.operations.DefaultBuildOperationRunner] Build operation 'Identifying work' started
2025-12-28T12:06:52.553+0800 [DEBUG] [org.gradle.internal.operations.DefaultBuildOperationRunner] Build operation 'Identifying work' started
2025-12-28T12:06:52.554+0800 [DEBUG] [org.gradle.internal.operations.DefaultBuildOperationRunner] Completing Build operation 'Identifying work'
2025-12-28T12:06:52.555+0800 [DEBUG] [org.gradle.internal.operations.DefaultBuildOperationRunner] Completing Build operation 'Identifying work'
2025-12-28T12:06:52.554+0800 [DEBUG] [org.gradle.internal.operations.DefaultBuildOperationRunner] Completing Build operation 'Execute unit of work'
2025-12-28T12:06:52.555+0800 [DEBUG] [org.gradle.internal.operations.DefaultBuildOperationRunner] Build operation 'Identifying work' started
2025-12-28T12:06:52.556+0800 [DEBUG] [org.gradle.internal.operations.DefaultBuildOperationRunner] Completing Build operation 'Identifying work'
2025-12-28T12:06:52.557+0800 [DEBUG] [org.gradle.internal.operations.DefaultBuildOperationRunner] Build operation 'Execute unit of work' started
2025-12-28T12:06:52.558+0800 [DEBUG] [org.gradle.internal.operations.DefaultBuildOperationRunner] Build operation 'Identifying work' started
2025-12-28T12:06:52.558+0800 [DEBUG] [org.gradle.internal.operations.DefaultBuildOperationRunner] Completing Build operation 'Identifying work'
2025-12-28T12:06:52.559+0800 [DEBUG] [org.gradle.internal.operations.DefaultBuildOperationRunner] Build operation 'Execute unit of work' started
2025-12-28T12:06:52.559+0800 [DEBUG] [org.gradle.internal.operations.DefaultBuildOperationRunner] Completing Build operation 'Execute unit of work'
2025-12-28T12:06:52.555+0800 [DEBUG] [org.gradle.internal.operations.DefaultBuildOperationRunner] Build operation 'Identifying work' started
2025-12-28T12:06:52.560+0800 [DEBUG] [org.gradle.internal.operations.DefaultBuildOperationRunner] Completing Build operation 'Identifying work'
2025-12-28T12:06:52.560+0800 [DEBUG] [org.gradle.internal.operations.DefaultBuildOperationRunner] Build operation 'Identifying work' started
2025-12-28T12:06:52.561+0800 [DEBUG] [org.gradle.internal.operations.DefaultBuildOperationRunner] Completing Build operation 'Identifying work'
2025-12-28T12:06:52.561+0800 [DEBUG] [org.gradle.internal.operations.DefaultBuildOperationRunner] Build operation 'Execute unit of work' started
2025-12-28T12:06:52.561+0800 [DEBUG] [org.gradle.internal.operations.DefaultBuildOperationRunner] Build operation 'Identifying work' started
2025-12-28T12:06:52.562+0800 [DEBUG] [org.gradle.internal.operations.DefaultBuildOperationRunner] Completing Build operation 'Identifying work'
2025-12-28T12:06:52.562+0800 [DEBUG] [org.gradle.internal.operations.DefaultBuildOperationRunner] Build operation 'Identifying work' started
2025-12-28T12:06:52.562+0800 [DEBUG] [org.gradle.internal.operations.DefaultBuildOperationRunner] Completing Build operation 'Identifying work'
2025-12-28T12:06:52.563+0800 [DEBUG] [org.gradle.internal.operations.DefaultBuildOperationRunner] Build operation 'Execute unit of work' started
2025-12-28T12:06:52.564+0800 [DEBUG] [org.gradle.internal.operations.DefaultBuildOperationRunner] Completing Build operation 'Execute unit of work'
2025-12-28T12:06:52.565+0800 [DEBUG] [org.gradle.internal.operations.DefaultBuildOperationRunner] Build operation 'Identifying work' started
2025-12-28T12:06:52.566+0800 [DEBUG] [org.gradle.internal.operations.DefaultBuildOperationRunner] Build operation 'Identifying work' started
2025-12-28T12:06:52.567+0800 [DEBUG] [org.gradle.internal.operations.DefaultBuildOperationRunner] Completing Build operation 'Identifying work'
2025-12-28T12:06:52.567+0800 [DEBUG] [org.gradle.internal.operations.DefaultBuildOperationRunner] Build operation 'Execute unit of work' started
2025-12-28T12:06:52.568+0800 [DEBUG] [org.gradle.internal.operations.DefaultBuildOperationRunner] Completing Build operation 'Identifying work'
2025-12-28T12:06:52.569+0800 [DEBUG] [org.gradle.internal.operations.DefaultBuildOperationRunner] Build operation 'Execute unit of work' started
2025-12-28T12:06:52.568+0800 [DEBUG] [org.gradle.internal.operations.DefaultBuildOperationRunner] Completing Build operation 'Execute unit of work'
2025-12-28T12:06:52.569+0800 [DEBUG] [org.gradle.internal.operations.DefaultBuildOperationRunner] Completing Build operation 'Execute unit of work'
2025-12-28T12:06:52.571+0800 [DEBUG] [org.gradle.internal.operations.DefaultBuildOperationRunner] Build operation 'Identifying work' started
2025-12-28T12:06:52.571+0800 [DEBUG] [org.gradle.internal.operations.DefaultBuildOperationRunner] Completing Build operation 'Execute unit of work'
2025-12-28T12:06:52.571+0800 [DEBUG] [org.gradle.internal.operations.DefaultBuildOperationRunner] Completing Build operation 'Identifying work'
2025-12-28T12:06:52.572+0800 [DEBUG] [org.gradle.internal.operations.DefaultBuildOperationRunner] Build operation 'Execute unit of work' started
2025-12-28T12:06:52.573+0800 [DEBUG] [org.gradle.internal.operations.DefaultBuildOperationRunner] Completing Build operation 'Execute unit of work'
2025-12-28T12:06:52.573+0800 [DEBUG] [org.gradle.internal.operations.DefaultBuildOperationRunner] Completing Build operation 'Execute transform chain: gson-2.10.1.jar (com.google.code.gson:gson:2.10.1)'
2025-12-28T12:06:52.573+0800 [DEBUG] [org.gradle.internal.operations.DefaultBuildOperationRunner] Build operation 'Identifying work' started
2025-12-28T12:06:52.573+0800 [DEBUG] [org.gradle.internal.operations.DefaultBuildOperationRunner] Build operation 'Execute transform chain: gson-2.10.1.jar (com.google.code.gson:gson:2.10.1)' completed
2025-12-28T12:06:52.574+0800 [DEBUG] [org.gradle.internal.operations.DefaultBuildOperationRunner] Build operation 'Execute transform chain: j2objc-annotations-1.3.jar (com.google.j2objc:j2objc-annotations:1.3)' started
2025-12-28T12:06:52.574+0800 [DEBUG] [org.gradle.internal.operations.DefaultBuildOperationRunner] Build operation 'Identifying work' started
2025-12-28T12:06:52.574+0800 [DEBUG] [org.gradle.internal.operations.DefaultBuildOperationRunner] Completing Build operation 'Identifying work'
2025-12-28T12:06:52.574+0800 [DEBUG] [org.gradle.internal.operations.DefaultBuildOperationRunner] Completing Build operation 'Identifying work'
2025-12-28T12:06:52.574+0800 [DEBUG] [org.gradle.internal.operations.DefaultBuildOperationRunner] Completing Build operation 'Execute unit of work'
2025-12-28T12:06:52.575+0800 [DEBUG] [org.gradle.internal.operations.DefaultBuildOperationRunner] Build operation 'Identifying work' started
2025-12-28T12:06:52.577+0800 [DEBUG] [org.gradle.internal.operations.DefaultBuildOperationRunner] Completing Build operation 'Identifying work'
2025-12-28T12:06:52.577+0800 [DEBUG] [org.gradle.internal.operations.DefaultBuildOperationRunner] Build operation 'Identifying work' started
2025-12-28T12:06:52.577+0800 [DEBUG] [org.gradle.internal.operations.DefaultBuildOperationRunner] Build operation 'Identifying work' started
2025-12-28T12:06:52.577+0800 [DEBUG] [org.gradle.internal.operations.DefaultBuildOperationRunner] Completing Build operation 'Identifying work'
2025-12-28T12:06:52.577+0800 [DEBUG] [org.gradle.internal.operations.DefaultBuildOperationRunner] Build operation 'Identifying work' started
2025-12-28T12:06:52.578+0800 [DEBUG] [org.gradle.internal.operations.DefaultBuildOperationRunner] Build operation 'Execute unit of work' started
2025-12-28T12:06:52.577+0800 [DEBUG] [org.gradle.internal.operations.DefaultBuildOperationRunner] Completing Build operation 'Identifying work'
2025-12-28T12:06:52.585+0800 [DEBUG] [org.gradle.internal.operations.DefaultBuildOperationRunner] Completing Build operation 'Execute unit of work'
2025-12-28T12:06:52.588+0800 [DEBUG] [org.gradle.internal.operations.DefaultBuildOperationRunner] Completing Build operation 'Execute unit of work'
2025-12-28T12:06:52.583+0800 [DEBUG] [org.gradle.internal.operations.DefaultBuildOperationRunner] Completing Build operation 'Execute unit of work'
2025-12-28T12:06:52.589+0800 [DEBUG] [org.gradle.internal.operations.DefaultBuildOperationRunner] Build operation 'Identifying work' started
2025-12-28T12:06:52.578+0800 [DEBUG] [org.gradle.internal.operations.DefaultBuildOperationRunner] Completing Build operation 'Identifying work'
2025-12-28T12:06:52.589+0800 [DEBUG] [org.gradle.internal.operations.DefaultBuildOperationRunner] Build operation 'Identifying work' started
2025-12-28T12:06:52.587+0800 [DEBUG] [org.gradle.internal.operations.DefaultBuildOperationRunner] Completing Build operation 'Execute unit of work'
2025-12-28T12:06:52.591+0800 [DEBUG] [org.gradle.internal.operations.DefaultBuildOperationRunner] Completing Build operation 'Execute unit of work'
2025-12-28T12:06:52.590+0800 [DEBUG] [org.gradle.internal.operations.DefaultBuildOperationRunner] Completing Build operation 'Identifying work'
2025-12-28T12:06:52.590+0800 [DEBUG] [org.gradle.internal.operations.DefaultBuildOperationRunner] Completing Build operation 'Identifying work'
2025-12-28T12:06:52.592+0800 [DEBUG] [org.gradle.internal.operations.DefaultBuildOperationRunner] Build operation 'Identifying work' started
2025-12-28T12:06:52.591+0800 [DEBUG] [org.gradle.internal.operations.DefaultBuildOperationRunner] Build operation 'Execute unit of work' started
2025-12-28T12:06:52.593+0800 [DEBUG] [org.gradle.internal.operations.DefaultBuildOperationRunner] Build operation 'Identifying work' started
2025-12-28T12:06:52.591+0800 [DEBUG] [org.gradle.internal.operations.DefaultBuildOperationRunner] Build operation 'Identifying work' started
2025-12-28T12:06:52.593+0800 [DEBUG] [org.gradle.internal.operations.DefaultBuildOperationRunner] Completing Build operation 'Identifying work'
2025-12-28T12:06:52.591+0800 [DEBUG] [org.gradle.internal.operations.DefaultBuildOperationRunner] Build operation 'Identifying work' started
2025-12-28T12:06:52.591+0800 [DEBUG] [org.gradle.internal.operations.DefaultBuildOperationRunner] Build operation 'Execute unit of work' started
2025-12-28T12:06:52.593+0800 [DEBUG] [org.gradle.internal.operations.DefaultBuildOperationRunner] Completing Build operation 'Identifying work'
2025-12-28T12:06:52.593+0800 [DEBUG] [org.gradle.internal.operations.DefaultBuildOperationRunner] Completing Build operation 'Identifying work'
2025-12-28T12:06:52.594+0800 [DEBUG] [org.gradle.internal.operations.DefaultBuildOperationRunner] Build operation 'Execute unit of work' started
2025-12-28T12:06:52.593+0800 [DEBUG] [org.gradle.internal.operations.DefaultBuildOperationRunner] Completing Build operation 'Identifying work'
2025-12-28T12:06:52.593+0800 [DEBUG] [org.gradle.internal.operations.DefaultBuildOperationRunner] Build operation 'Identifying work' started
2025-12-28T12:06:52.592+0800 [DEBUG] [org.gradle.internal.operations.DefaultBuildOperationRunner] Build operation 'Execute unit of work' started
2025-12-28T12:06:52.595+0800 [DEBUG] [org.gradle.internal.operations.DefaultBuildOperationRunner] Completing Build operation 'Identifying work'
2025-12-28T12:06:52.596+0800 [DEBUG] [org.gradle.internal.operations.DefaultBuildOperationRunner] Build operation 'Execute unit of work' started
2025-12-28T12:06:52.595+0800 [DEBUG] [org.gradle.internal.operations.DefaultBuildOperationRunner] Build operation 'Execute unit of work' started
2025-12-28T12:06:52.594+0800 [DEBUG] [org.gradle.internal.operations.DefaultBuildOperationRunner] Build operation 'Execute unit of work' started
2025-12-28T12:06:52.594+0800 [DEBUG] [org.gradle.internal.operations.DefaultBuildOperationRunner] Build operation 'Execute unit of work' started
2025-12-28T12:06:52.600+0800 [DEBUG] [org.gradle.internal.operations.DefaultBuildOperationRunner] Completing Build operation 'Execute unit of work'
2025-12-28T12:06:52.602+0800 [DEBUG] [org.gradle.internal.operations.DefaultBuildOperationRunner] Completing Build operation 'Execute transform chain: failureaccess-1.0.1.jar (com.google.guava:failureaccess:1.0.1)'
2025-12-28T12:06:52.603+0800 [DEBUG] [org.gradle.internal.operations.DefaultBuildOperationRunner] Build operation 'Execute transform chain: failureaccess-1.0.1.jar (com.google.guava:failureaccess:1.0.1)' completed
2025-12-28T12:06:52.603+0800 [DEBUG] [org.gradle.internal.operations.DefaultBuildOperationRunner] Build operation 'Execute transform chain: plexus-utils-3.5.1.jar (org.codehaus.plexus:plexus-utils:3.5.1)' started
2025-12-28T12:06:52.603+0800 [DEBUG] [org.gradle.internal.operations.DefaultBuildOperationRunner] Build operation 'Identifying work' started
2025-12-28T12:06:52.604+0800 [DEBUG] [org.gradle.internal.operations.DefaultBuildOperationRunner] Completing Build operation 'Identifying work'
2025-12-28T12:06:52.604+0800 [DEBUG] [org.gradle.internal.operations.DefaultBuildOperationRunner] Build operation 'Identifying work' started
2025-12-28T12:06:52.605+0800 [DEBUG] [org.gradle.internal.operations.DefaultBuildOperationRunner] Completing Build operation 'Identifying work'
2025-12-28T12:06:52.605+0800 [DEBUG] [org.gradle.internal.operations.DefaultBuildOperationRunner] Build operation 'Execute unit of work' started
2025-12-28T12:06:52.605+0800 [DEBUG] [org.gradle.internal.operations.DefaultBuildOperationRunner] Completing Build operation 'Execute unit of work'
2025-12-28T12:06:52.607+0800 [DEBUG] [org.gradle.internal.operations.DefaultBuildOperationRunner] Completing Build operation 'Execute unit of work'
2025-12-28T12:06:52.608+0800 [DEBUG] [org.gradle.internal.operations.DefaultBuildOperationRunner] Build operation 'Identifying work' started
2025-12-28T12:06:52.608+0800 [DEBUG] [org.gradle.internal.operations.DefaultBuildOperationRunner] Completing Build operation 'Identifying work'
2025-12-28T12:06:52.608+0800 [DEBUG] [org.gradle.internal.operations.DefaultBuildOperationRunner] Completing Build operation 'Execute unit of work'
2025-12-28T12:06:52.608+0800 [DEBUG] [org.gradle.internal.operations.DefaultBuildOperationRunner] Completing Build operation 'Execute unit of work'
2025-12-28T12:06:52.609+0800 [DEBUG] [org.gradle.internal.operations.DefaultBuildOperationRunner] Build operation 'Execute unit of work' started
2025-12-28T12:06:52.609+0800 [DEBUG] [org.gradle.internal.operations.DefaultBuildOperationRunner] Completing Build operation 'Execute transform chain: listenablefuture-9999.0-empty-to-avoid-conflict-with-guava.jar (com.google.guava:listenablefuture:9999.0-empty-to-avoid-conflict-with-guava)'
2025-12-28T12:06:52.610+0800 [DEBUG] [org.gradle.internal.operations.DefaultBuildOperationRunner] Build operation 'Execute transform chain: listenablefuture-9999.0-empty-to-avoid-conflict-with-guava.jar (com.google.guava:listenablefuture:9999.0-empty-to-avoid-conflict-with-guava)' completed
2025-12-28T12:06:52.610+0800 [DEBUG] [org.gradle.internal.operations.DefaultBuildOperationRunner] Build operation 'Execute transform chain: commons-lang3-3.9.jar (org.apache.commons:commons-lang3:3.9)' started
2025-12-28T12:06:52.610+0800 [DEBUG] [org.gradle.internal.operations.DefaultBuildOperationRunner] Build operation 'Identifying work' started
2025-12-28T12:06:52.610+0800 [DEBUG] [org.gradle.internal.operations.DefaultBuildOperationRunner] Completing Build operation 'Identifying work'
2025-12-28T12:06:52.611+0800 [DEBUG] [org.gradle.internal.operations.DefaultBuildOperationRunner] Build operation 'Identifying work' started
2025-12-28T12:06:52.611+0800 [DEBUG] [org.gradle.internal.operations.DefaultBuildOperationRunner] Completing Build operation 'Execute transform chain: maven-artifact-3.9.1.jar (org.apache.maven:maven-artifact:3.9.1)'
2025-12-28T12:06:52.611+0800 [DEBUG] [org.gradle.internal.operations.DefaultBuildOperationRunner] Build operation 'Identifying work' started
2025-12-28T12:06:52.612+0800 [DEBUG] [org.gradle.internal.operations.DefaultBuildOperationRunner] Completing Build operation 'Identifying work'
2025-12-28T12:06:52.612+0800 [DEBUG] [org.gradle.internal.operations.DefaultBuildOperationRunner] Build operation 'Execute transform chain: maven-artifact-3.9.1.jar (org.apache.maven:maven-artifact:3.9.1)' completed
2025-12-28T12:06:52.612+0800 [DEBUG] [org.gradle.internal.operations.DefaultBuildOperationRunner] Build operation 'Execute transform chain: httpcore-4.4.16.jar (org.apache.httpcomponents:httpcore:4.4.16)' started
2025-12-28T12:06:52.612+0800 [DEBUG] [org.gradle.internal.operations.DefaultBuildOperationRunner] Completing Build operation 'Identifying work'
2025-12-28T12:06:52.612+0800 [DEBUG] [org.gradle.internal.operations.DefaultBuildOperationRunner] Completing Build operation 'Execute unit of work'
2025-12-28T12:06:52.613+0800 [DEBUG] [org.gradle.internal.operations.DefaultBuildOperationRunner] Build operation 'Identifying work' started
2025-12-28T12:06:52.612+0800 [DEBUG] [org.gradle.internal.operations.DefaultBuildOperationRunner] Build operation 'Identifying work' started
2025-12-28T12:06:52.614+0800 [DEBUG] [org.gradle.internal.operations.DefaultBuildOperationRunner] Completing Build operation 'Identifying work'
2025-12-28T12:06:52.614+0800 [DEBUG] [org.gradle.internal.operations.DefaultBuildOperationRunner] Completing Build operation 'Identifying work'
2025-12-28T12:06:52.613+0800 [DEBUG] [org.gradle.internal.operations.DefaultBuildOperationRunner] Build operation 'Execute unit of work' started
2025-12-28T12:06:52.614+0800 [DEBUG] [org.gradle.internal.operations.DefaultBuildOperationRunner] Build operation 'Identifying work' started
2025-12-28T12:06:52.615+0800 [DEBUG] [org.gradle.internal.operations.DefaultBuildOperationRunner] Build operation 'Identifying work' started
2025-12-28T12:06:52.615+0800 [DEBUG] [org.gradle.internal.operations.DefaultBuildOperationRunner] Completing Build operation 'Identifying work'
2025-12-28T12:06:52.615+0800 [DEBUG] [org.gradle.internal.operations.DefaultBuildOperationRunner] Build operation 'Execute unit of work' started
2025-12-28T12:06:52.616+0800 [DEBUG] [org.gradle.internal.operations.DefaultBuildOperationRunner] Build operation 'Execute unit of work' started
2025-12-28T12:06:52.615+0800 [DEBUG] [org.gradle.internal.operations.DefaultBuildOperationRunner] Completing Build operation 'Identifying work'
2025-12-28T12:06:52.617+0800 [DEBUG] [org.gradle.internal.operations.DefaultBuildOperationRunner] Build operation 'Execute unit of work' started
2025-12-28T12:06:52.620+0800 [DEBUG] [org.gradle.internal.operations.DefaultBuildOperationRunner] Completing Build operation 'Execute unit of work'
2025-12-28T12:06:52.622+0800 [DEBUG] [org.gradle.internal.operations.DefaultBuildOperationRunner] Completing Build operation 'Execute unit of work'
2025-12-28T12:06:52.623+0800 [DEBUG] [org.gradle.internal.operations.DefaultBuildOperationRunner] Completing Build operation 'Execute unit of work'
2025-12-28T12:06:52.623+0800 [DEBUG] [org.gradle.internal.operations.DefaultBuildOperationRunner] Completing Build operation 'Execute transform chain: jsr305-3.0.2.jar (com.google.code.findbugs:jsr305:3.0.2)'
2025-12-28T12:06:52.624+0800 [DEBUG] [org.gradle.internal.operations.DefaultBuildOperationRunner] Build operation 'Execute transform chain: jsr305-3.0.2.jar (com.google.code.findbugs:jsr305:3.0.2)' completed
2025-12-28T12:06:52.624+0800 [DEBUG] [org.gradle.internal.operations.DefaultBuildOperationRunner] Build operation 'Execute transform chain: commons-logging-1.2.jar (commons-logging:commons-logging:1.2)' started
2025-12-28T12:06:52.624+0800 [DEBUG] [org.gradle.internal.operations.DefaultBuildOperationRunner] Build operation 'Identifying work' started
2025-12-28T12:06:52.624+0800 [DEBUG] [org.gradle.internal.operations.DefaultBuildOperationRunner] Build operation 'Identifying work' started
2025-12-28T12:06:52.624+0800 [DEBUG] [org.gradle.internal.operations.DefaultBuildOperationRunner] Build operation 'Identifying work' started
2025-12-28T12:06:52.626+0800 [DEBUG] [org.gradle.internal.operations.DefaultBuildOperationRunner] Completing Build operation 'Identifying work'
2025-12-28T12:06:52.625+0800 [DEBUG] [org.gradle.internal.operations.DefaultBuildOperationRunner] Completing Build operation 'Identifying work'
2025-12-28T12:06:52.625+0800 [DEBUG] [org.gradle.internal.operations.DefaultBuildOperationRunner] Completing Build operation 'Execute unit of work'
2025-12-28T12:06:52.627+0800 [DEBUG] [org.gradle.internal.operations.DefaultBuildOperationRunner] Build operation 'Identifying work' started
2025-12-28T12:06:52.627+0800 [DEBUG] [org.gradle.internal.operations.DefaultBuildOperationRunner] Completing Build operation 'Identifying work'
2025-12-28T12:06:52.626+0800 [DEBUG] [org.gradle.internal.operations.DefaultBuildOperationRunner] Completing Build operation 'Identifying work'
2025-12-28T12:06:52.627+0800 [DEBUG] [org.gradle.internal.operations.DefaultBuildOperationRunner] Build operation 'Identifying work' started
2025-12-28T12:06:52.628+0800 [DEBUG] [org.gradle.internal.operations.DefaultBuildOperationRunner] Build operation 'Execute unit of work' started
2025-12-28T12:06:52.628+0800 [DEBUG] [org.gradle.internal.operations.DefaultBuildOperationRunner] Build operation 'Execute unit of work' started
2025-12-28T12:06:52.630+0800 [DEBUG] [org.gradle.internal.operations.DefaultBuildOperationRunner] Completing Build operation 'Execute unit of work'
2025-12-28T12:06:52.629+0800 [DEBUG] [org.gradle.internal.operations.DefaultBuildOperationRunner] Completing Build operation 'Identifying work'
2025-12-28T12:06:52.631+0800 [DEBUG] [org.gradle.internal.operations.DefaultBuildOperationRunner] Build operation 'Execute unit of work' started
2025-12-28T12:06:52.630+0800 [DEBUG] [org.gradle.internal.operations.DefaultBuildOperationRunner] Build operation 'Identifying work' started
2025-12-28T12:06:52.631+0800 [DEBUG] [org.gradle.internal.operations.DefaultBuildOperationRunner] Completing Build operation 'Execute unit of work'
2025-12-28T12:06:52.632+0800 [DEBUG] [org.gradle.internal.operations.DefaultBuildOperationRunner] Completing Build operation 'Identifying work'
2025-12-28T12:06:52.633+0800 [DEBUG] [org.gradle.internal.operations.DefaultBuildOperationRunner] Build operation 'Identifying work' started
2025-12-28T12:06:52.633+0800 [DEBUG] [org.gradle.internal.operations.DefaultBuildOperationRunner] Completing Build operation 'Identifying work'
2025-12-28T12:06:52.634+0800 [DEBUG] [org.gradle.internal.operations.DefaultBuildOperationRunner] Build operation 'Execute unit of work' started
2025-12-28T12:06:52.635+0800 [DEBUG] [org.gradle.internal.operations.DefaultBuildOperationRunner] Completing Build operation 'Execute unit of work'
2025-12-28T12:06:52.635+0800 [DEBUG] [org.gradle.internal.operations.DefaultBuildOperationRunner] Build operation 'Identifying work' started
2025-12-28T12:06:52.635+0800 [DEBUG] [org.gradle.internal.operations.DefaultBuildOperationRunner] Completing Build operation 'Execute unit of work'
2025-12-28T12:06:52.636+0800 [DEBUG] [org.gradle.internal.operations.DefaultBuildOperationRunner] Completing Build operation 'Identifying work'
2025-12-28T12:06:52.635+0800 [DEBUG] [org.gradle.internal.operations.DefaultBuildOperationRunner] Build operation 'Identifying work' started
2025-12-28T12:06:52.637+0800 [DEBUG] [org.gradle.internal.operations.DefaultBuildOperationRunner] Build operation 'Execute unit of work' started
2025-12-28T12:06:52.636+0800 [DEBUG] [org.gradle.internal.operations.DefaultBuildOperationRunner] Build operation 'Identifying work' started
2025-12-28T12:06:52.637+0800 [DEBUG] [org.gradle.internal.operations.DefaultBuildOperationRunner] Completing Build operation 'Identifying work'
2025-12-28T12:06:52.638+0800 [DEBUG] [org.gradle.internal.operations.DefaultBuildOperationRunner] Build operation 'Execute unit of work' started
2025-12-28T12:06:52.636+0800 [DEBUG] [org.gradle.internal.operations.DefaultBuildOperationRunner] Completing Build operation 'Execute unit of work'
2025-12-28T12:06:52.638+0800 [DEBUG] [org.gradle.internal.operations.DefaultBuildOperationRunner] Build operation 'Identifying work' started
2025-12-28T12:06:52.639+0800 [DEBUG] [org.gradle.internal.operations.DefaultBuildOperationRunner] Completing Build operation 'Identifying work'
2025-12-28T12:06:52.639+0800 [DEBUG] [org.gradle.internal.operations.DefaultBuildOperationRunner] Build operation 'Execute unit of work' started
2025-12-28T12:06:52.639+0800 [DEBUG] [org.gradle.internal.operations.DefaultBuildOperationRunner] Build operation 'Identifying work' started
2025-12-28T12:06:52.637+0800 [DEBUG] [org.gradle.internal.operations.DefaultBuildOperationRunner] Completing Build operation 'Identifying work'
2025-12-28T12:06:52.640+0800 [DEBUG] [org.gradle.internal.operations.DefaultBuildOperationRunner] Build operation 'Execute unit of work' started
2025-12-28T12:06:52.640+0800 [DEBUG] [org.gradle.internal.operations.DefaultBuildOperationRunner] Completing Build operation 'Identifying work'
2025-12-28T12:06:52.641+0800 [DEBUG] [org.gradle.internal.operations.DefaultBuildOperationRunner] Build operation 'Execute unit of work' started
2025-12-28T12:06:52.641+0800 [DEBUG] [org.gradle.internal.operations.DefaultBuildOperationRunner] Completing Build operation 'Execute unit of work'
2025-12-28T12:06:52.644+0800 [DEBUG] [org.gradle.internal.operations.DefaultBuildOperationRunner] Build operation 'Identifying work' started
2025-12-28T12:06:52.644+0800 [DEBUG] [org.gradle.internal.operations.DefaultBuildOperationRunner] Completing Build operation 'Identifying work'
2025-12-28T12:06:52.651+0800 [DEBUG] [org.gradle.internal.operations.DefaultBuildOperationRunner] Completing Build operation 'Execute unit of work'
2025-12-28T12:06:52.652+0800 [DEBUG] [org.gradle.internal.operations.DefaultBuildOperationRunner] Completing Build operation 'Execute unit of work'
2025-12-28T12:06:52.652+0800 [DEBUG] [org.gradle.internal.operations.DefaultBuildOperationRunner] Completing Build operation 'Execute unit of work'
2025-12-28T12:06:52.653+0800 [DEBUG] [org.gradle.internal.operations.DefaultBuildOperationRunner] Completing Build operation 'Execute unit of work'
2025-12-28T12:06:52.654+0800 [DEBUG] [org.gradle.internal.operations.DefaultBuildOperationRunner] Build operation 'Identifying work' started
2025-12-28T12:06:52.655+0800 [DEBUG] [org.gradle.internal.operations.DefaultBuildOperationRunner] Completing Build operation 'Execute unit of work'
2025-12-28T12:06:52.656+0800 [DEBUG] [org.gradle.internal.operations.DefaultBuildOperationRunner] Build operation 'Identifying work' started
2025-12-28T12:06:52.654+0800 [DEBUG] [org.gradle.internal.operations.DefaultBuildOperationRunner] Completing Build operation 'Execute unit of work'
2025-12-28T12:06:52.656+0800 [DEBUG] [org.gradle.internal.operations.DefaultBuildOperationRunner] Completing Build operation 'Identifying work'
2025-12-28T12:06:52.655+0800 [DEBUG] [org.gradle.internal.operations.DefaultBuildOperationRunner] Completing Build operation 'Identifying work'
2025-12-28T12:06:52.655+0800 [DEBUG] [org.gradle.internal.operations.DefaultBuildOperationRunner] Build operation 'Execute unit of work' started
2025-12-28T12:06:52.655+0800 [DEBUG] [org.gradle.internal.operations.DefaultBuildOperationRunner] Completing Build operation 'Execute transform chain: DiffPatch-2.0.12-all.jar (net.minecraftforge:DiffPatch:2.0.12)'
2025-12-28T12:06:52.657+0800 [DEBUG] [org.gradle.internal.operations.DefaultBuildOperationRunner] Build operation 'Execute transform chain: commons-codec-1.11.jar (commons-codec:commons-codec:1.11)' started
2025-12-28T12:06:52.657+0800 [DEBUG] [org.gradle.internal.operations.DefaultBuildOperationRunner] Build operation 'Identifying work' started
2025-12-28T12:06:52.654+0800 [DEBUG] [org.gradle.internal.operations.DefaultBuildOperationRunner] Build operation 'Identifying work' started
2025-12-28T12:06:52.658+0800 [DEBUG] [org.gradle.internal.operations.DefaultBuildOperationRunner] Completing Build operation 'Identifying work'
2025-12-28T12:06:52.657+0800 [DEBUG] [org.gradle.internal.operations.DefaultBuildOperationRunner] Build operation 'Identifying work' started
2025-12-28T12:06:52.659+0800 [DEBUG] [org.gradle.internal.operations.DefaultBuildOperationRunner] Build operation 'Execute unit of work' started
2025-12-28T12:06:52.659+0800 [DEBUG] [org.gradle.internal.operations.DefaultBuildOperationRunner] Build operation 'Identifying work' started
2025-12-28T12:06:52.660+0800 [DEBUG] [org.gradle.internal.operations.DefaultBuildOperationRunner] Completing Build operation 'Identifying work'
2025-12-28T12:06:52.660+0800 [DEBUG] [org.gradle.internal.operations.DefaultBuildOperationRunner] Build operation 'Execute unit of work' started
2025-12-28T12:06:52.659+0800 [DEBUG] [org.gradle.internal.operations.DefaultBuildOperationRunner] Completing Build operation 'Identifying work'
2025-12-28T12:06:52.658+0800 [DEBUG] [org.gradle.internal.operations.DefaultBuildOperationRunner] Build operation 'Identifying work' started
2025-12-28T12:06:52.661+0800 [DEBUG] [org.gradle.internal.operations.DefaultBuildOperationRunner] Completing Build operation 'Identifying work'
2025-12-28T12:06:52.661+0800 [DEBUG] [org.gradle.internal.operations.DefaultBuildOperationRunner] Build operation 'Execute unit of work' started
2025-12-28T12:06:52.661+0800 [DEBUG] [org.gradle.internal.operations.DefaultBuildOperationRunner] Completing Build operation 'Execute transform chain: checker-qual-3.12.0.jar (org.checkerframework:checker-qual:3.12.0)'
2025-12-28T12:06:52.661+0800 [DEBUG] [org.gradle.internal.operations.DefaultBuildOperationRunner] Build operation 'Execute transform chain: checker-qual-3.12.0.jar (org.checkerframework:checker-qual:3.12.0)' completed
2025-12-28T12:06:52.662+0800 [DEBUG] [org.gradle.internal.operations.DefaultBuildOperationRunner] Build operation 'Execute transform chain: fastutil-8.3.1.jar (it.unimi.dsi:fastutil:8.3.1)' started
2025-12-28T12:06:52.662+0800 [DEBUG] [org.gradle.internal.operations.DefaultBuildOperationRunner] Build operation 'Identifying work' started
2025-12-28T12:06:52.662+0800 [DEBUG] [org.gradle.internal.operations.DefaultBuildOperationRunner] Completing Build operation 'Identifying work'
2025-12-28T12:06:52.663+0800 [DEBUG] [org.gradle.internal.operations.DefaultBuildOperationRunner] Build operation 'Identifying work' started
2025-12-28T12:06:52.663+0800 [DEBUG] [org.gradle.internal.operations.DefaultBuildOperationRunner] Completing Build operation 'Identifying work'
2025-12-28T12:06:52.664+0800 [DEBUG] [org.gradle.internal.operations.DefaultBuildOperationRunner] Build operation 'Execute unit of work' started
2025-12-28T12:06:52.658+0800 [DEBUG] [org.gradle.internal.operations.DefaultBuildOperationRunner] Completing Build operation 'Identifying work'
2025-12-28T12:06:52.665+0800 [DEBUG] [org.gradle.internal.operations.DefaultBuildOperationRunner] Build operation 'Execute unit of work' started
2025-12-28T12:06:52.661+0800 [DEBUG] [org.gradle.internal.operations.DefaultBuildOperationRunner] Build operation 'Execute unit of work' started
2025-12-28T12:06:52.665+0800 [DEBUG] [org.gradle.internal.operations.DefaultBuildOperationRunner] Completing Build operation 'Execute unit of work'
2025-12-28T12:06:52.669+0800 [DEBUG] [org.gradle.internal.operations.DefaultBuildOperationRunner] Build operation 'Identifying work' started
2025-12-28T12:06:52.669+0800 [DEBUG] [org.gradle.internal.operations.DefaultBuildOperationRunner] Completing Build operation 'Identifying work'
2025-12-28T12:06:52.670+0800 [DEBUG] [org.gradle.internal.operations.DefaultBuildOperationRunner] Build operation 'Identifying work' started
2025-12-28T12:06:52.670+0800 [DEBUG] [org.gradle.internal.operations.DefaultBuildOperationRunner] Completing Build operation 'Execute unit of work'
2025-12-28T12:06:52.669+0800 [DEBUG] [org.gradle.internal.operations.DefaultBuildOperationRunner] Completing Build operation 'Execute unit of work'
2025-12-28T12:06:52.670+0800 [DEBUG] [org.gradle.internal.operations.DefaultBuildOperationRunner] Completing Build operation 'Identifying work'
2025-12-28T12:06:52.672+0800 [DEBUG] [org.gradle.internal.operations.DefaultBuildOperationRunner] Build operation 'Execute unit of work' started
2025-12-28T12:06:52.673+0800 [DEBUG] [org.gradle.internal.operations.DefaultBuildOperationRunner] Build operation 'Identifying work' started
2025-12-28T12:06:52.673+0800 [DEBUG] [org.gradle.internal.operations.DefaultBuildOperationRunner] Build operation 'Identifying work' started
2025-12-28T12:06:52.674+0800 [DEBUG] [org.gradle.internal.operations.DefaultBuildOperationRunner] Completing Build operation 'Identifying work'
2025-12-28T12:06:52.675+0800 [DEBUG] [org.gradle.internal.operations.DefaultBuildOperationRunner] Build operation 'Execute unit of work' started
2025-12-28T12:06:52.675+0800 [DEBUG] [org.gradle.internal.operations.DefaultBuildOperationRunner] Completing Build operation 'Execute unit of work'
2025-12-28T12:06:52.674+0800 [DEBUG] [org.gradle.internal.operations.DefaultBuildOperationRunner] Completing Build operation 'Identifying work'
2025-12-28T12:06:52.676+0800 [DEBUG] [org.gradle.internal.operations.DefaultBuildOperationRunner] Build operation 'Identifying work' started
2025-12-28T12:06:52.677+0800 [DEBUG] [org.gradle.internal.operations.DefaultBuildOperationRunner] Completing Build operation 'Identifying work'
2025-12-28T12:06:52.677+0800 [DEBUG] [org.gradle.internal.operations.DefaultBuildOperationRunner] Build operation 'Execute unit of work' started
2025-12-28T12:06:52.677+0800 [DEBUG] [org.gradle.internal.operations.DefaultBuildOperationRunner] Build operation 'Identifying work' started
2025-12-28T12:06:52.678+0800 [DEBUG] [org.gradle.internal.operations.DefaultBuildOperationRunner] Completing Build operation 'Identifying work'
2025-12-28T12:06:52.678+0800 [DEBUG] [org.gradle.internal.operations.DefaultBuildOperationRunner] Build operation 'Execute unit of work' started
2025-12-28T12:06:52.681+0800 [DEBUG] [org.gradle.internal.operations.DefaultBuildOperationRunner] Completing Build operation 'Execute unit of work'
2025-12-28T12:06:52.682+0800 [DEBUG] [org.gradle.internal.operations.DefaultBuildOperationRunner] Completing Build operation 'Execute unit of work'
2025-12-28T12:06:52.684+0800 [DEBUG] [org.gradle.internal.operations.DefaultBuildOperationRunner] Completing Build operation 'Execute transform chain: plexus-utils-3.5.1.jar (org.codehaus.plexus:plexus-utils:3.5.1)'
2025-12-28T12:06:52.684+0800 [DEBUG] [org.gradle.internal.operations.DefaultBuildOperationRunner] Build operation 'Execute transform chain: plexus-utils-3.5.1.jar (org.codehaus.plexus:plexus-utils:3.5.1)' completed
2025-12-28T12:06:52.685+0800 [DEBUG] [org.gradle.internal.operations.DefaultBuildOperationRunner] Build operation 'Execute transform chain: commons-compress-1.18.jar (org.apache.commons:commons-compress:1.18)' started
2025-12-28T12:06:52.685+0800 [DEBUG] [org.gradle.internal.operations.DefaultBuildOperationRunner] Completing Build operation 'Execute unit of work'
2025-12-28T12:06:52.685+0800 [DEBUG] [org.gradle.internal.operations.DefaultBuildOperationRunner] Build operation 'Identifying work' started
2025-12-28T12:06:52.685+0800 [DEBUG] [org.gradle.internal.operations.DefaultBuildOperationRunner] Completing Build operation 'Identifying work'
2025-12-28T12:06:52.686+0800 [DEBUG] [org.gradle.internal.operations.DefaultBuildOperationRunner] Build operation 'Identifying work' started
2025-12-28T12:06:52.686+0800 [DEBUG] [org.gradle.internal.operations.DefaultBuildOperationRunner] Completing Build operation 'Identifying work'
2025-12-28T12:06:52.687+0800 [DEBUG] [org.gradle.internal.operations.DefaultBuildOperationRunner] Build operation 'Execute unit of work' started
2025-12-28T12:06:52.687+0800 [DEBUG] [org.gradle.internal.operations.DefaultBuildOperationRunner] Build operation 'Identifying work' started
2025-12-28T12:06:52.688+0800 [DEBUG] [org.gradle.internal.operations.DefaultBuildOperationRunner] Completing Build operation 'Execute unit of work'
2025-12-28T12:06:52.688+0800 [DEBUG] [org.gradle.internal.operations.DefaultBuildOperationRunner] Completing Build operation 'Identifying work'
2025-12-28T12:06:52.689+0800 [DEBUG] [org.gradle.internal.operations.DefaultBuildOperationRunner] Build operation 'Execute unit of work' started
2025-12-28T12:06:52.689+0800 [DEBUG] [org.gradle.internal.operations.DefaultBuildOperationRunner] Completing Build operation 'Execute transform chain: j2objc-annotations-1.3.jar (com.google.j2objc:j2objc-annotations:1.3)'
2025-12-28T12:06:52.690+0800 [DEBUG] [org.gradle.internal.operations.DefaultBuildOperationRunner] Build operation 'Execute transform chain: j2objc-annotations-1.3.jar (com.google.j2objc:j2objc-annotations:1.3)' completed
2025-12-28T12:06:52.690+0800 [DEBUG] [org.gradle.internal.operations.DefaultBuildOperationRunner] Build operation 'Identifying work' started
2025-12-28T12:06:52.690+0800 [DEBUG] [org.gradle.internal.operations.DefaultBuildOperationRunner] Build operation 'Execute transform chain: xz-1.8.jar (org.tukaani:xz:1.8)' started
2025-12-28T12:06:52.691+0800 [DEBUG] [org.gradle.internal.operations.DefaultBuildOperationRunner] Completing Build operation 'Identifying work'
2025-12-28T12:06:52.691+0800 [DEBUG] [org.gradle.internal.operations.DefaultBuildOperationRunner] Build operation 'Execute unit of work' started
2025-12-28T12:06:52.691+0800 [DEBUG] [org.gradle.internal.operations.DefaultBuildOperationRunner] Completing Build operation 'Execute unit of work'
2025-12-28T12:06:52.692+0800 [DEBUG] [org.gradle.internal.operations.DefaultBuildOperationRunner] Build operation 'Identifying work' started
2025-12-28T12:06:52.693+0800 [DEBUG] [org.gradle.internal.operations.DefaultBuildOperationRunner] Completing Build operation 'Identifying work'
2025-12-28T12:06:52.694+0800 [DEBUG] [org.gradle.internal.operations.DefaultBuildOperationRunner] Completing Build operation 'Execute unit of work'
2025-12-28T12:06:52.693+0800 [DEBUG] [org.gradle.internal.operations.DefaultBuildOperationRunner] Build operation 'Identifying work' started
2025-12-28T12:06:52.693+0800 [DEBUG] [org.gradle.internal.operations.DefaultBuildOperationRunner] Completing Build operation 'Execute unit of work'
2025-12-28T12:06:52.698+0800 [DEBUG] [org.gradle.internal.operations.DefaultBuildOperationRunner] Completing Build operation 'Identifying work'
2025-12-28T12:06:52.699+0800 [DEBUG] [org.gradle.internal.operations.DefaultBuildOperationRunner] Build operation 'Execute unit of work' started
2025-12-28T12:06:52.699+0800 [DEBUG] [org.gradle.internal.operations.DefaultBuildOperationRunner] Build operation 'Identifying work' started
2025-12-28T12:06:52.699+0800 [DEBUG] [org.gradle.internal.operations.DefaultBuildOperationRunner] Build operation 'Identifying work' started
2025-12-28T12:06:52.699+0800 [DEBUG] [org.gradle.internal.operations.DefaultBuildOperationRunner] Completing Build operation 'Execute unit of work'
2025-12-28T12:06:52.701+0800 [DEBUG] [org.gradle.internal.operations.DefaultBuildOperationRunner] Completing Build operation 'Execute unit of work'
2025-12-28T12:06:52.703+0800 [DEBUG] [org.gradle.internal.operations.DefaultBuildOperationRunner] Completing Build operation 'Execute transform chain: httpcore-4.4.16.jar (org.apache.httpcomponents:httpcore:4.4.16)'
2025-12-28T12:06:52.703+0800 [DEBUG] [org.gradle.internal.operations.DefaultBuildOperationRunner] Build operation 'Execute transform chain: httpcore-4.4.16.jar (org.apache.httpcomponents:httpcore:4.4.16)' completed
2025-12-28T12:06:52.703+0800 [DEBUG] [org.gradle.internal.operations.DefaultBuildOperationRunner] Build operation 'Execute transform chain: jopt-simple-5.0.4.jar (net.sf.jopt-simple:jopt-simple:5.0.4)' started
2025-12-28T12:06:52.704+0800 [DEBUG] [org.gradle.internal.operations.DefaultBuildOperationRunner] Build operation 'Identifying work' started
2025-12-28T12:06:52.701+0800 [DEBUG] [org.gradle.internal.operations.DefaultBuildOperationRunner] Build operation 'Identifying work' started
2025-12-28T12:06:52.704+0800 [DEBUG] [org.gradle.internal.operations.DefaultBuildOperationRunner] Completing Build operation 'Identifying work'
2025-12-28T12:06:52.703+0800 [DEBUG] [org.gradle.internal.operations.DefaultBuildOperationRunner] Completing Build operation 'Execute transform chain: commons-lang3-3.9.jar (org.apache.commons:commons-lang3:3.9)'
2025-12-28T12:06:52.701+0800 [DEBUG] [org.gradle.internal.operations.DefaultBuildOperationRunner] Completing Build operation 'Identifying work'
2025-12-28T12:06:52.701+0800 [DEBUG] [org.gradle.internal.operations.DefaultBuildOperationRunner] Completing Build operation 'Identifying work'
2025-12-28T12:06:52.705+0800 [DEBUG] [org.gradle.internal.operations.DefaultBuildOperationRunner] Build operation 'Execute unit of work' started
2025-12-28T12:06:52.705+0800 [DEBUG] [org.gradle.internal.operations.DefaultBuildOperationRunner] Build operation 'Execute transform chain: commons-lang3-3.9.jar (org.apache.commons:commons-lang3:3.9)' completed
2025-12-28T12:06:52.705+0800 [DEBUG] [org.gradle.internal.operations.DefaultBuildOperationRunner] Build operation 'Identifying work' started
2025-12-28T12:06:52.705+0800 [DEBUG] [org.gradle.internal.operations.DefaultBuildOperationRunner] Completing Build operation 'Execute unit of work'
2025-12-28T12:06:52.705+0800 [DEBUG] [org.gradle.internal.operations.DefaultBuildOperationRunner] Completing Build operation 'Identifying work'
2025-12-28T12:06:52.708+0800 [DEBUG] [org.gradle.internal.operations.DefaultBuildOperationRunner] Completing Build operation 'Execute unit of work'
2025-12-28T12:06:52.707+0800 [DEBUG] [org.gradle.internal.operations.DefaultBuildOperationRunner] Completing Build operation 'Identifying work'
2025-12-28T12:06:52.709+0800 [DEBUG] [org.gradle.internal.operations.DefaultBuildOperationRunner] Build operation 'Execute unit of work' started
2025-12-28T12:06:52.706+0800 [DEBUG] [org.gradle.internal.operations.DefaultBuildOperationRunner] Build operation 'Execute transform chain: noexception-1.7.1.jar (com.machinezoo.noexception:noexception:1.7.1)' started
2025-12-28T12:06:52.710+0800 [DEBUG] [org.gradle.internal.operations.DefaultBuildOperationRunner] Build operation 'Identifying work' started
2025-12-28T12:06:52.710+0800 [DEBUG] [org.gradle.internal.operations.DefaultBuildOperationRunner] Completing Build operation 'Identifying work'
2025-12-28T12:06:52.711+0800 [DEBUG] [org.gradle.internal.operations.DefaultBuildOperationRunner] Build operation 'Identifying work' started
2025-12-28T12:06:52.712+0800 [DEBUG] [org.gradle.internal.operations.DefaultBuildOperationRunner] Completing Build operation 'Identifying work'
2025-12-28T12:06:52.712+0800 [DEBUG] [org.gradle.internal.operations.DefaultBuildOperationRunner] Build operation 'Execute unit of work' started
2025-12-28T12:06:52.712+0800 [DEBUG] [org.gradle.internal.operations.DefaultBuildOperationRunner] Completing Build operation 'Execute unit of work'
2025-12-28T12:06:52.714+0800 [DEBUG] [org.gradle.internal.operations.DefaultBuildOperationRunner] Build operation 'Identifying work' started
2025-12-28T12:06:52.715+0800 [DEBUG] [org.gradle.internal.operations.DefaultBuildOperationRunner] Completing Build operation 'Identifying work'
2025-12-28T12:06:52.715+0800 [DEBUG] [org.gradle.internal.operations.DefaultBuildOperationRunner] Build operation 'Identifying work' started
2025-12-28T12:06:52.716+0800 [DEBUG] [org.gradle.internal.operations.DefaultBuildOperationRunner] Completing Build operation 'Identifying work'
2025-12-28T12:06:52.716+0800 [DEBUG] [org.gradle.internal.operations.DefaultBuildOperationRunner] Build operation 'Execute unit of work' started
2025-12-28T12:06:52.710+0800 [DEBUG] [org.gradle.internal.operations.DefaultBuildOperationRunner] Build operation 'Identifying work' started
2025-12-28T12:06:52.719+0800 [DEBUG] [org.gradle.internal.operations.DefaultBuildOperationRunner] Completing Build operation 'Identifying work'
2025-12-28T12:06:52.720+0800 [DEBUG] [org.gradle.internal.operations.DefaultBuildOperationRunner] Build operation 'Execute unit of work' started
2025-12-28T12:06:52.721+0800 [DEBUG] [org.gradle.internal.operations.DefaultBuildOperationRunner] Build operation 'Identifying work' started
2025-12-28T12:06:52.721+0800 [DEBUG] [org.gradle.internal.operations.DefaultBuildOperationRunner] Completing Build operation 'Identifying work'
2025-12-28T12:06:52.722+0800 [DEBUG] [org.gradle.internal.operations.DefaultBuildOperationRunner] Build operation 'Identifying work' started
2025-12-28T12:06:52.722+0800 [DEBUG] [org.gradle.internal.operations.DefaultBuildOperationRunner] Completing Build operation 'Identifying work'
2025-12-28T12:06:52.723+0800 [DEBUG] [org.gradle.internal.operations.DefaultBuildOperationRunner] Build operation 'Execute unit of work' started
2025-12-28T12:06:52.724+0800 [DEBUG] [org.gradle.internal.operations.DefaultBuildOperationRunner] Build operation 'Execute unit of work' started
2025-12-28T12:06:52.721+0800 [DEBUG] [org.gradle.internal.operations.DefaultBuildOperationRunner] Completing Build operation 'Execute unit of work'
2025-12-28T12:06:52.716+0800 [DEBUG] [org.gradle.internal.operations.DefaultBuildOperationRunner] Completing Build operation 'Execute unit of work'
2025-12-28T12:06:52.711+0800 [DEBUG] [org.gradle.internal.operations.DefaultBuildOperationRunner] Build operation 'Execute unit of work' started
2025-12-28T12:06:52.726+0800 [DEBUG] [org.gradle.internal.operations.DefaultBuildOperationRunner] Completing Build operation 'Execute unit of work'
2025-12-28T12:06:52.726+0800 [DEBUG] [org.gradle.internal.operations.DefaultBuildOperationRunner] Build operation 'Identifying work' started
2025-12-28T12:06:52.727+0800 [DEBUG] [org.gradle.internal.operations.DefaultBuildOperationRunner] Completing Build operation 'Identifying work'
2025-12-28T12:06:52.727+0800 [DEBUG] [org.gradle.internal.operations.DefaultBuildOperationRunner] Build operation 'Identifying work' started
2025-12-28T12:06:52.728+0800 [DEBUG] [org.gradle.internal.operations.DefaultBuildOperationRunner] Build operation 'Execute unit of work' started
2025-12-28T12:06:52.728+0800 [DEBUG] [org.gradle.internal.operations.DefaultBuildOperationRunner] Completing Build operation 'Identifying work'
2025-12-28T12:06:52.729+0800 [DEBUG] [org.gradle.internal.operations.DefaultBuildOperationRunner] Build operation 'Execute unit of work' started
2025-12-28T12:06:52.728+0800 [DEBUG] [org.gradle.internal.operations.DefaultBuildOperationRunner] Build operation 'Identifying work' started
2025-12-28T12:06:52.729+0800 [DEBUG] [org.gradle.internal.operations.DefaultBuildOperationRunner] Completing Build operation 'Identifying work'
2025-12-28T12:06:52.730+0800 [DEBUG] [org.gradle.internal.operations.DefaultBuildOperationRunner] Build operation 'Execute unit of work' started
2025-12-28T12:06:52.734+0800 [DEBUG] [org.gradle.internal.operations.DefaultBuildOperationRunner] Completing Build operation 'Execute unit of work'
2025-12-28T12:06:52.735+0800 [DEBUG] [org.gradle.internal.operations.DefaultBuildOperationRunner] Completing Build operation 'Execute unit of work'
2025-12-28T12:06:52.737+0800 [DEBUG] [org.gradle.internal.operations.DefaultBuildOperationRunner] Build operation 'Identifying work' started
2025-12-28T12:06:52.737+0800 [DEBUG] [org.gradle.internal.operations.DefaultBuildOperationRunner] Completing Build operation 'Identifying work'
2025-12-28T12:06:52.738+0800 [DEBUG] [org.gradle.internal.operations.DefaultBuildOperationRunner] Build operation 'Execute unit of work' started
2025-12-28T12:06:52.740+0800 [DEBUG] [org.gradle.internal.operations.DefaultBuildOperationRunner] Completing Build operation 'Execute transform chain: error_prone_annotations-2.11.0.jar (com.google.errorprone:error_prone_annotations:2.11.0)'
2025-12-28T12:06:52.740+0800 [DEBUG] [org.gradle.internal.operations.DefaultBuildOperationRunner] Build operation 'Execute transform chain: error_prone_annotations-2.11.0.jar (com.google.errorprone:error_prone_annotations:2.11.0)' completed
2025-12-28T12:06:52.740+0800 [DEBUG] [org.gradle.internal.operations.DefaultBuildOperationRunner] Completing Build operation 'Execute unit of work'
2025-12-28T12:06:52.741+0800 [DEBUG] [org.gradle.internal.operations.DefaultBuildOperationRunner] Build operation 'Execute transform chain: slf4j-simple-1.7.30.jar (org.slf4j:slf4j-simple:1.7.30)' started
2025-12-28T12:06:52.742+0800 [DEBUG] [org.gradle.internal.operations.DefaultBuildOperationRunner] Completing Build operation 'Execute unit of work'
2025-12-28T12:06:52.742+0800 [DEBUG] [org.gradle.internal.operations.DefaultBuildOperationRunner] Completing Build operation 'Execute unit of work'
2025-12-28T12:06:52.743+0800 [DEBUG] [org.gradle.internal.operations.DefaultBuildOperationRunner] Completing Build operation 'Execute transform chain: commons-logging-1.2.jar (commons-logging:commons-logging:1.2)'
2025-12-28T12:06:52.743+0800 [DEBUG] [org.gradle.internal.operations.DefaultBuildOperationRunner] Build operation 'Execute transform chain: commons-logging-1.2.jar (commons-logging:commons-logging:1.2)' completed
2025-12-28T12:06:52.743+0800 [DEBUG] [org.gradle.internal.operations.DefaultBuildOperationRunner] Build operation 'Execute transform chain: slf4j-api-1.7.30.jar (org.slf4j:slf4j-api:1.7.30)' started
2025-12-28T12:06:52.744+0800 [DEBUG] [org.gradle.internal.operations.DefaultBuildOperationRunner] Build operation 'Identifying work' started
2025-12-28T12:06:52.748+0800 [DEBUG] [org.gradle.internal.operations.DefaultBuildOperationRunner] Completing Build operation 'Execute unit of work'
2025-12-28T12:06:52.745+0800 [DEBUG] [org.gradle.internal.operations.DefaultBuildOperationRunner] Build operation 'Identifying work' started
2025-12-28T12:06:52.745+0800 [DEBUG] [org.gradle.internal.operations.DefaultBuildOperationRunner] Build operation 'Identifying work' started
2025-12-28T12:06:52.749+0800 [DEBUG] [org.gradle.internal.operations.DefaultBuildOperationRunner] Completing Build operation 'Identifying work'
2025-12-28T12:06:52.744+0800 [DEBUG] [org.gradle.internal.operations.DefaultBuildOperationRunner] Build operation 'Identifying work' started
2025-12-28T12:06:52.750+0800 [DEBUG] [org.gradle.internal.operations.DefaultBuildOperationRunner] Build operation 'Execute unit of work' started
2025-12-28T12:06:52.750+0800 [DEBUG] [org.gradle.internal.operations.DefaultBuildOperationRunner] Completing Build operation 'Identifying work'
2025-12-28T12:06:52.751+0800 [DEBUG] [org.gradle.internal.operations.DefaultBuildOperationRunner] Build operation 'Identifying work' started
2025-12-28T12:06:52.751+0800 [DEBUG] [org.gradle.internal.operations.DefaultBuildOperationRunner] Completing Build operation 'Execute transform chain: commons-codec-1.11.jar (commons-codec:commons-codec:1.11)'
2025-12-28T12:06:52.750+0800 [DEBUG] [org.gradle.internal.operations.DefaultBuildOperationRunner] Completing Build operation 'Execute unit of work'
2025-12-28T12:06:52.749+0800 [DEBUG] [org.gradle.internal.operations.DefaultBuildOperationRunner] Completing Build operation 'Identifying work'
2025-12-28T12:06:52.752+0800 [DEBUG] [org.gradle.internal.operations.DefaultBuildOperationRunner] Build operation 'Execute unit of work' started
2025-12-28T12:06:52.753+0800 [DEBUG] [org.gradle.internal.operations.DefaultBuildOperationRunner] Build operation 'Identifying work' started
2025-12-28T12:06:52.751+0800 [DEBUG] [org.gradle.internal.operations.DefaultBuildOperationRunner] Completing Build operation 'Identifying work'
2025-12-28T12:06:52.753+0800 [DEBUG] [org.gradle.internal.operations.DefaultBuildOperationRunner] Build operation 'Identifying work' started
2025-12-28T12:06:52.751+0800 [DEBUG] [org.gradle.internal.operations.DefaultBuildOperationRunner] Completing Build operation 'Identifying work'
2025-12-28T12:06:52.756+0800 [DEBUG] [org.gradle.internal.operations.DefaultBuildOperationRunner] Build operation 'Execute unit of work' started
2025-12-28T12:06:52.751+0800 [DEBUG] [org.gradle.internal.operations.DefaultBuildOperationRunner] Completing Build operation 'Execute unit of work'
2025-12-28T12:06:52.755+0800 [DEBUG] [org.gradle.internal.operations.DefaultBuildOperationRunner] Completing Build operation 'Execute unit of work'
2025-12-28T12:06:52.755+0800 [DEBUG] [org.gradle.internal.operations.DefaultBuildOperationRunner] Completing Build operation 'Execute unit of work'
2025-12-28T12:06:52.754+0800 [DEBUG] [org.gradle.internal.operations.DefaultBuildOperationRunner] Completing Build operation 'Identifying work'
2025-12-28T12:06:52.757+0800 [DEBUG] [org.gradle.internal.operations.DefaultBuildOperationRunner] Build operation 'Execute unit of work' started
2025-12-28T12:06:52.753+0800 [DEBUG] [org.gradle.internal.operations.DefaultBuildOperationRunner] Completing Build operation 'Identifying work'
2025-12-28T12:06:52.758+0800 [DEBUG] [org.gradle.internal.operations.DefaultBuildOperationRunner] Build operation 'Identifying work' started
2025-12-28T12:06:52.758+0800 [DEBUG] [org.gradle.internal.operations.DefaultBuildOperationRunner] Build operation 'Identifying work' started
2025-12-28T12:06:52.758+0800 [DEBUG] [org.gradle.internal.operations.DefaultBuildOperationRunner] Build operation 'Execute unit of work' started
2025-12-28T12:06:52.758+0800 [DEBUG] [org.gradle.internal.operations.DefaultBuildOperationRunner] Completing Build operation 'Identifying work'
2025-12-28T12:06:52.758+0800 [DEBUG] [org.gradle.internal.operations.DefaultBuildOperationRunner] Completing Build operation 'Identifying work'
2025-12-28T12:06:52.759+0800 [DEBUG] [org.gradle.internal.operations.DefaultBuildOperationRunner] Build operation 'Identifying work' started
2025-12-28T12:06:52.759+0800 [DEBUG] [org.gradle.internal.operations.DefaultBuildOperationRunner] Build operation 'Execute unit of work' started
2025-12-28T12:06:52.759+0800 [DEBUG] [org.gradle.internal.operations.DefaultBuildOperationRunner] Completing Build operation 'Identifying work'
2025-12-28T12:06:52.760+0800 [DEBUG] [org.gradle.internal.operations.DefaultBuildOperationRunner] Build operation 'Identifying work' started
2025-12-28T12:06:52.760+0800 [DEBUG] [org.gradle.internal.operations.DefaultBuildOperationRunner] Build operation 'Execute unit of work' started
2025-12-28T12:06:52.760+0800 [DEBUG] [org.gradle.internal.operations.DefaultBuildOperationRunner] Completing Build operation 'Identifying work'
2025-12-28T12:06:52.760+0800 [DEBUG] [org.gradle.internal.operations.DefaultBuildOperationRunner] Build operation 'Execute unit of work' started
2025-12-28T12:06:52.763+0800 [DEBUG] [org.gradle.internal.operations.DefaultBuildOperationRunner] Completing Build operation 'Execute unit of work'
2025-12-28T12:06:52.764+0800 [DEBUG] [org.gradle.internal.operations.DefaultBuildOperationRunner] Build operation 'Identifying work' started
2025-12-28T12:06:52.765+0800 [DEBUG] [org.gradle.internal.operations.DefaultBuildOperationRunner] Completing Build operation 'Identifying work'
2025-12-28T12:06:52.765+0800 [DEBUG] [org.gradle.internal.operations.DefaultBuildOperationRunner] Build operation 'Execute unit of work' started
2025-12-28T12:06:52.767+0800 [DEBUG] [org.gradle.internal.operations.DefaultBuildOperationRunner] Completing Build operation 'Execute unit of work'
2025-12-28T12:06:52.768+0800 [DEBUG] [org.gradle.internal.operations.DefaultBuildOperationRunner] Completing Build operation 'Execute unit of work'
2025-12-28T12:06:52.768+0800 [DEBUG] [org.gradle.internal.operations.DefaultBuildOperationRunner] Completing Build operation 'Execute unit of work'
2025-12-28T12:06:52.768+0800 [DEBUG] [org.gradle.internal.operations.DefaultBuildOperationRunner] Completing Build operation 'Execute unit of work'
2025-12-28T12:06:52.770+0800 [DEBUG] [org.gradle.internal.operations.DefaultBuildOperationRunner] Build operation 'Identifying work' started
2025-12-28T12:06:52.770+0800 [DEBUG] [org.gradle.internal.operations.DefaultBuildOperationRunner] Build operation 'Identifying work' started
2025-12-28T12:06:52.771+0800 [DEBUG] [org.gradle.internal.operations.DefaultBuildOperationRunner] Completing Build operation 'Identifying work'
2025-12-28T12:06:52.771+0800 [DEBUG] [org.gradle.internal.operations.DefaultBuildOperationRunner] Build operation 'Identifying work' started
2025-12-28T12:06:52.771+0800 [DEBUG] [org.gradle.internal.operations.DefaultBuildOperationRunner] Completing Build operation 'Identifying work'
2025-12-28T12:06:52.771+0800 [DEBUG] [org.gradle.internal.operations.DefaultBuildOperationRunner] Completing Build operation 'Identifying work'
2025-12-28T12:06:52.772+0800 [DEBUG] [org.gradle.internal.operations.DefaultBuildOperationRunner] Build operation 'Identifying work' started
2025-12-28T12:06:52.772+0800 [DEBUG] [org.gradle.internal.operations.DefaultBuildOperationRunner] Build operation 'Identifying work' started
2025-12-28T12:06:52.771+0800 [DEBUG] [org.gradle.internal.operations.DefaultBuildOperationRunner] Build operation 'Identifying work' started
2025-12-28T12:06:52.773+0800 [DEBUG] [org.gradle.internal.operations.DefaultBuildOperationRunner] Completing Build operation 'Identifying work'
2025-12-28T12:06:52.774+0800 [DEBUG] [org.gradle.internal.operations.DefaultBuildOperationRunner] Build operation 'Execute unit of work' started
2025-12-28T12:06:52.773+0800 [DEBUG] [org.gradle.internal.operations.DefaultBuildOperationRunner] Completing Build operation 'Identifying work'
2025-12-28T12:06:52.773+0800 [DEBUG] [org.gradle.internal.operations.DefaultBuildOperationRunner] Completing Build operation 'Execute unit of work'
2025-12-28T12:06:52.773+0800 [DEBUG] [org.gradle.internal.operations.DefaultBuildOperationRunner] Completing Build operation 'Identifying work'
2025-12-28T12:06:52.774+0800 [DEBUG] [org.gradle.internal.operations.DefaultBuildOperationRunner] Build operation 'Execute unit of work' started
2025-12-28T12:06:52.776+0800 [DEBUG] [org.gradle.internal.operations.DefaultBuildOperationRunner] Completing Build operation 'Execute unit of work'
2025-12-28T12:06:52.775+0800 [DEBUG] [org.gradle.internal.operations.DefaultBuildOperationRunner] Build operation 'Execute unit of work' started
2025-12-28T12:06:52.775+0800 [DEBUG] [org.gradle.internal.operations.DefaultBuildOperationRunner] Build operation 'Execute unit of work' started
2025-12-28T12:06:52.778+0800 [DEBUG] [org.gradle.internal.operations.DefaultBuildOperationRunner] Completing Build operation 'Execute unit of work'
2025-12-28T12:06:52.776+0800 [DEBUG] [org.gradle.internal.operations.DefaultBuildOperationRunner] Build operation 'Identifying work' started
2025-12-28T12:06:52.780+0800 [DEBUG] [org.gradle.internal.operations.DefaultBuildOperationRunner] Completing Build operation 'Identifying work'
2025-12-28T12:06:52.781+0800 [DEBUG] [org.gradle.internal.operations.DefaultBuildOperationRunner] Build operation 'Execute unit of work' started
2025-12-28T12:06:52.781+0800 [DEBUG] [org.gradle.internal.operations.DefaultBuildOperationRunner] Build operation 'Identifying work' started
2025-12-28T12:06:52.781+0800 [DEBUG] [org.gradle.internal.operations.DefaultBuildOperationRunner] Build operation 'Identifying work' started
2025-12-28T12:06:52.782+0800 [DEBUG] [org.gradle.internal.operations.DefaultBuildOperationRunner] Completing Build operation 'Identifying work'
2025-12-28T12:06:52.782+0800 [DEBUG] [org.gradle.internal.operations.DefaultBuildOperationRunner] Completing Build operation 'Identifying work'
2025-12-28T12:06:52.782+0800 [DEBUG] [org.gradle.internal.operations.DefaultBuildOperationRunner] Build operation 'Identifying work' started
2025-12-28T12:06:52.782+0800 [DEBUG] [org.gradle.internal.operations.DefaultBuildOperationRunner] Completing Build operation 'Execute unit of work'
2025-12-28T12:06:52.783+0800 [DEBUG] [org.gradle.internal.operations.DefaultBuildOperationRunner] Completing Build operation 'Identifying work'
2025-12-28T12:06:52.783+0800 [DEBUG] [org.gradle.internal.operations.DefaultBuildOperationRunner] Build operation 'Execute unit of work' started
2025-12-28T12:06:52.782+0800 [DEBUG] [org.gradle.internal.operations.DefaultBuildOperationRunner] Build operation 'Execute unit of work' started
2025-12-28T12:06:52.787+0800 [DEBUG] [org.gradle.internal.operations.DefaultBuildOperationRunner] Build operation 'Identifying work' started
2025-12-28T12:06:52.787+0800 [DEBUG] [org.gradle.internal.operations.DefaultBuildOperationRunner] Completing Build operation 'Identifying work'
2025-12-28T12:06:52.787+0800 [DEBUG] [org.gradle.internal.operations.DefaultBuildOperationRunner] Completing Build operation 'Execute unit of work'
2025-12-28T12:06:52.787+0800 [DEBUG] [org.gradle.internal.operations.DefaultBuildOperationRunner] Build operation 'Execute unit of work' started
2025-12-28T12:06:52.790+0800 [DEBUG] [org.gradle.internal.operations.DefaultBuildOperationRunner] Completing Build operation 'Execute unit of work'
2025-12-28T12:06:52.790+0800 [DEBUG] [org.gradle.internal.operations.DefaultBuildOperationRunner] Build operation 'Identifying work' started
2025-12-28T12:06:52.790+0800 [DEBUG] [org.gradle.internal.operations.DefaultBuildOperationRunner] Completing Build operation 'Identifying work'
2025-12-28T12:06:52.791+0800 [DEBUG] [org.gradle.internal.operations.DefaultBuildOperationRunner] Build operation 'Identifying work' started
2025-12-28T12:06:52.791+0800 [DEBUG] [org.gradle.internal.operations.DefaultBuildOperationRunner] Completing Build operation 'Identifying work'
2025-12-28T12:06:52.791+0800 [DEBUG] [org.gradle.internal.operations.DefaultBuildOperationRunner] Build operation 'Execute unit of work' started
2025-12-28T12:06:52.792+0800 [DEBUG] [org.gradle.internal.operations.DefaultBuildOperationRunner] Build operation 'Identifying work' started
2025-12-28T12:06:52.792+0800 [DEBUG] [org.gradle.internal.operations.DefaultBuildOperationRunner] Completing Build operation 'Execute unit of work'
2025-12-28T12:06:52.792+0800 [DEBUG] [org.gradle.internal.operations.DefaultBuildOperationRunner] Completing Build operation 'Identifying work'
2025-12-28T12:06:52.793+0800 [DEBUG] [org.gradle.internal.operations.DefaultBuildOperationRunner] Build operation 'Execute unit of work' started
2025-12-28T12:06:52.795+0800 [DEBUG] [org.gradle.internal.operations.DefaultBuildOperationRunner] Build operation 'Identifying work' started
2025-12-28T12:06:52.796+0800 [DEBUG] [org.gradle.internal.operations.DefaultBuildOperationRunner] Completing Build operation 'Identifying work'
2025-12-28T12:06:52.796+0800 [DEBUG] [org.gradle.internal.operations.DefaultBuildOperationRunner] Build operation 'Execute unit of work' started
2025-12-28T12:06:52.797+0800 [DEBUG] [org.gradle.internal.operations.DefaultBuildOperationRunner] Completing Build operation 'Execute unit of work'
2025-12-28T12:06:52.796+0800 [DEBUG] [org.gradle.internal.operations.DefaultBuildOperationRunner] Completing Build operation 'Execute unit of work'
2025-12-28T12:06:52.799+0800 [DEBUG] [org.gradle.internal.operations.DefaultBuildOperationRunner] Build operation 'Identifying work' started
2025-12-28T12:06:52.799+0800 [DEBUG] [org.gradle.internal.operations.DefaultBuildOperationRunner] Completing Build operation 'Identifying work'
2025-12-28T12:06:52.799+0800 [DEBUG] [org.gradle.internal.operations.DefaultBuildOperationRunner] Completing Build operation 'Execute unit of work'
2025-12-28T12:06:52.799+0800 [DEBUG] [org.gradle.internal.operations.DefaultBuildOperationRunner] Build operation 'Identifying work' started
2025-12-28T12:06:52.800+0800 [DEBUG] [org.gradle.internal.operations.DefaultBuildOperationRunner] Completing Build operation 'Execute transform chain: fastutil-8.3.1.jar (it.unimi.dsi:fastutil:8.3.1)'
2025-12-28T12:06:52.800+0800 [DEBUG] [org.gradle.internal.operations.DefaultBuildOperationRunner] Build operation 'Execute transform chain: fastutil-8.3.1.jar (it.unimi.dsi:fastutil:8.3.1)' completed
2025-12-28T12:06:52.800+0800 [DEBUG] [org.gradle.internal.operations.DefaultBuildOperationRunner] Completing Build operation 'Identifying work'
2025-12-28T12:06:52.801+0800 [DEBUG] [org.gradle.internal.resources.AbstractTrackedResourceLock] Unconstrained build operations Thread 24: released lock on worker lease
2025-12-28T12:06:52.801+0800 [DEBUG] [org.gradle.internal.operations.DefaultBuildOperationRunner] Build operation 'Execute unit of work' started
2025-12-28T12:06:52.801+0800 [DEBUG] [org.gradle.internal.operations.DefaultBuildOperationRunner] Build operation 'Identifying work' started
2025-12-28T12:06:52.802+0800 [DEBUG] [org.gradle.internal.operations.DefaultBuildOperationRunner] Completing Build operation 'Identifying work'
2025-12-28T12:06:52.802+0800 [DEBUG] [org.gradle.internal.operations.DefaultBuildOperationRunner] Build operation 'Execute unit of work' started
2025-12-28T12:06:52.802+0800 [DEBUG] [org.gradle.internal.operations.DefaultBuildOperationRunner] Completing Build operation 'Execute unit of work'
2025-12-28T12:06:52.804+0800 [DEBUG] [org.gradle.internal.operations.DefaultBuildOperationRunner] Completing Build operation 'Execute transform chain: commons-compress-1.18.jar (org.apache.commons:commons-compress:1.18)'
2025-12-28T12:06:52.804+0800 [DEBUG] [org.gradle.internal.operations.DefaultBuildOperationRunner] Build operation 'Execute transform chain: commons-compress-1.18.jar (org.apache.commons:commons-compress:1.18)' completed
2025-12-28T12:06:52.805+0800 [DEBUG] [org.gradle.internal.resources.AbstractTrackedResourceLock] Unconstrained build operations Thread 27: released lock on worker lease
2025-12-28T12:06:52.805+0800 [DEBUG] [org.gradle.internal.operations.DefaultBuildOperationRunner] Completing Build operation 'Execute unit of work'
2025-12-28T12:06:52.811+0800 [DEBUG] [org.gradle.internal.operations.DefaultBuildOperationRunner] Completing Build operation 'Execute unit of work'
2025-12-28T12:06:52.812+0800 [DEBUG] [org.gradle.internal.operations.DefaultBuildOperationRunner] Completing Build operation 'Execute unit of work'
2025-12-28T12:06:52.814+0800 [DEBUG] [org.gradle.internal.operations.DefaultBuildOperationRunner] Build operation 'Identifying work' started
2025-12-28T12:06:52.814+0800 [DEBUG] [org.gradle.internal.operations.DefaultBuildOperationRunner] Build operation 'Identifying work' started
2025-12-28T12:06:52.815+0800 [DEBUG] [org.gradle.internal.operations.DefaultBuildOperationRunner] Completing Build operation 'Identifying work'
2025-12-28T12:06:52.815+0800 [DEBUG] [org.gradle.internal.operations.DefaultBuildOperationRunner] Completing Build operation 'Identifying work'
2025-12-28T12:06:52.816+0800 [DEBUG] [org.gradle.internal.operations.DefaultBuildOperationRunner] Build operation 'Execute unit of work' started
2025-12-28T12:06:52.816+0800 [DEBUG] [org.gradle.internal.operations.DefaultBuildOperationRunner] Completing Build operation 'Execute unit of work'
2025-12-28T12:06:52.816+0800 [DEBUG] [org.gradle.internal.operations.DefaultBuildOperationRunner] Completing Build operation 'Execute transform chain: noexception-1.7.1.jar (com.machinezoo.noexception:noexception:1.7.1)'
2025-12-28T12:06:52.817+0800 [DEBUG] [org.gradle.internal.operations.DefaultBuildOperationRunner] Build operation 'Identifying work' started
2025-12-28T12:06:52.817+0800 [DEBUG] [org.gradle.internal.operations.DefaultBuildOperationRunner] Completing Build operation 'Identifying work'
2025-12-28T12:06:52.817+0800 [DEBUG] [org.gradle.internal.operations.DefaultBuildOperationRunner] Build operation 'Execute transform chain: noexception-1.7.1.jar (com.machinezoo.noexception:noexception:1.7.1)' completed
2025-12-28T12:06:52.817+0800 [DEBUG] [org.gradle.internal.resources.AbstractTrackedResourceLock] Unconstrained build operations Thread 26: released lock on worker lease
2025-12-28T12:06:52.817+0800 [DEBUG] [org.gradle.internal.operations.DefaultBuildOperationRunner] Build operation 'Execute unit of work' started
2025-12-28T12:06:52.818+0800 [DEBUG] [org.gradle.internal.operations.DefaultBuildOperationRunner] Completing Build operation 'Execute transform chain: jopt-simple-5.0.4.jar (net.sf.jopt-simple:jopt-simple:5.0.4)'
2025-12-28T12:06:52.818+0800 [DEBUG] [org.gradle.internal.operations.DefaultBuildOperationRunner] Build operation 'Execute transform chain: jopt-simple-5.0.4.jar (net.sf.jopt-simple:jopt-simple:5.0.4)' completed
2025-12-28T12:06:52.818+0800 [DEBUG] [org.gradle.internal.resources.AbstractTrackedResourceLock] Unconstrained build operations Thread 22: released lock on worker lease
2025-12-28T12:06:52.823+0800 [DEBUG] [org.gradle.internal.operations.DefaultBuildOperationRunner] Completing Build operation 'Execute unit of work'
2025-12-28T12:06:52.823+0800 [DEBUG] [org.gradle.internal.operations.DefaultBuildOperationRunner] Completing Build operation 'Execute unit of work'
2025-12-28T12:06:52.826+0800 [DEBUG] [org.gradle.internal.operations.DefaultBuildOperationRunner] Build operation 'Identifying work' started
2025-12-28T12:06:52.826+0800 [DEBUG] [org.gradle.internal.operations.DefaultBuildOperationRunner] Completing Build operation 'Execute transform chain: slf4j-api-1.7.30.jar (org.slf4j:slf4j-api:1.7.30)'
2025-12-28T12:06:52.826+0800 [DEBUG] [org.gradle.internal.operations.DefaultBuildOperationRunner] Build operation 'Execute transform chain: slf4j-api-1.7.30.jar (org.slf4j:slf4j-api:1.7.30)' completed
2025-12-28T12:06:52.826+0800 [DEBUG] [org.gradle.internal.resources.AbstractTrackedResourceLock] Unconstrained build operations Thread 23: released lock on worker lease
2025-12-28T12:06:52.826+0800 [DEBUG] [org.gradle.internal.operations.DefaultBuildOperationRunner] Completing Build operation 'Identifying work'
2025-12-28T12:06:52.827+0800 [DEBUG] [org.gradle.internal.operations.DefaultBuildOperationRunner] Build operation 'Execute unit of work' started
2025-12-28T12:06:52.828+0800 [DEBUG] [org.gradle.internal.operations.DefaultBuildOperationRunner] Completing Build operation 'Execute unit of work'
2025-12-28T12:06:52.830+0800 [DEBUG] [org.gradle.internal.operations.DefaultBuildOperationRunner] Build operation 'Identifying work' started
2025-12-28T12:06:52.830+0800 [DEBUG] [org.gradle.internal.operations.DefaultBuildOperationRunner] Completing Build operation 'Identifying work'
2025-12-28T12:06:52.831+0800 [DEBUG] [org.gradle.internal.operations.DefaultBuildOperationRunner] Build operation 'Execute unit of work' started
2025-12-28T12:06:52.833+0800 [DEBUG] [org.gradle.internal.operations.DefaultBuildOperationRunner] Completing Build operation 'Execute unit of work'
2025-12-28T12:06:52.835+0800 [DEBUG] [org.gradle.internal.operations.DefaultBuildOperationRunner] Completing Build operation 'Execute transform chain: xz-1.8.jar (org.tukaani:xz:1.8)'
2025-12-28T12:06:52.835+0800 [DEBUG] [org.gradle.internal.operations.DefaultBuildOperationRunner] Build operation 'Execute transform chain: xz-1.8.jar (org.tukaani:xz:1.8)' completed
2025-12-28T12:06:52.835+0800 [DEBUG] [org.gradle.internal.resources.AbstractTrackedResourceLock] Unconstrained build operations Thread 25: released lock on worker lease
2025-12-28T12:06:52.837+0800 [DEBUG] [org.gradle.internal.operations.DefaultBuildOperationRunner] Completing Build operation 'Execute unit of work'
2025-12-28T12:06:52.839+0800 [DEBUG] [org.gradle.internal.operations.DefaultBuildOperationRunner] Completing Build operation 'Execute transform chain: slf4j-simple-1.7.30.jar (org.slf4j:slf4j-simple:1.7.30)'
2025-12-28T12:06:52.839+0800 [DEBUG] [org.gradle.internal.operations.DefaultBuildOperationRunner] Build operation 'Execute transform chain: slf4j-simple-1.7.30.jar (org.slf4j:slf4j-simple:1.7.30)' completed
2025-12-28T12:06:52.839+0800 [DEBUG] [org.gradle.internal.resources.AbstractTrackedResourceLock] Unconstrained build operations Thread 21: released lock on worker lease
2025-12-28T12:06:52.841+0800 [DEBUG] [org.gradle.internal.operations.DefaultBuildOperationRunner] Completing Build operation 'Resolve files of configuration 'classpath''
2025-12-28T12:06:52.842+0800 [DEBUG] [org.gradle.internal.operations.DefaultBuildOperationRunner] Build operation 'Resolve files of configuration 'classpath'' started
2025-12-28T12:06:52.842+0800 [DEBUG] [org.gradle.internal.operations.DefaultBuildOperationRunner] Completing Build operation 'Resolve files of configuration 'classpath''
2025-12-28T12:06:52.844+0800 [DEBUG] [org.gradle.internal.operations.DefaultBuildOperationRunner] Build operation 'Apply plugin org.gradle.eclipse to root project 'Neo Anomalous Might'' started
2025-12-28T12:06:52.857+0800 [DEBUG] [org.gradle.internal.operations.DefaultBuildOperationRunner] Build operation 'Register task :eclipse' started
2025-12-28T12:06:52.857+0800 [DEBUG] [org.gradle.internal.operations.DefaultBuildOperationRunner] Completing Build operation 'Register task :eclipse'
2025-12-28T12:06:52.859+0800 [DEBUG] [org.gradle.internal.operations.DefaultBuildOperationRunner] Build operation 'Register task :cleanEclipse' started
2025-12-28T12:06:52.859+0800 [DEBUG] [org.gradle.internal.operations.DefaultBuildOperationRunner] Completing Build operation 'Register task :cleanEclipse'
2025-12-28T12:06:52.907+0800 [DEBUG] [org.gradle.internal.operations.DefaultBuildOperationRunner] Build operation 'Register task :eclipseProject' started
2025-12-28T12:06:52.907+0800 [DEBUG] [org.gradle.internal.operations.DefaultBuildOperationRunner] Completing Build operation 'Register task :eclipseProject'
2025-12-28T12:06:52.912+0800 [DEBUG] [org.gradle.internal.operations.DefaultBuildOperationRunner] Build operation 'Register task :cleanEclipseProject' started
2025-12-28T12:06:52.912+0800 [DEBUG] [org.gradle.internal.operations.DefaultBuildOperationRunner] Completing Build operation 'Register task :cleanEclipseProject'
2025-12-28T12:06:52.956+0800 [DEBUG] [org.gradle.internal.operations.DefaultBuildOperationRunner] Completing Build operation 'Apply plugin org.gradle.eclipse to root project 'Neo Anomalous Might''
2025-12-28T12:06:52.956+0800 [DEBUG] [org.gradle.internal.operations.DefaultBuildOperationRunner] Build operation 'Apply plugin org.gradle.idea to root project 'Neo Anomalous Might'' started
2025-12-28T12:06:52.972+0800 [DEBUG] [org.gradle.internal.operations.DefaultBuildOperationRunner] Build operation 'Register task :idea' started
2025-12-28T12:06:52.972+0800 [DEBUG] [org.gradle.internal.operations.DefaultBuildOperationRunner] Completing Build operation 'Register task :idea'
2025-12-28T12:06:52.972+0800 [DEBUG] [org.gradle.internal.operations.DefaultBuildOperationRunner] Build operation 'Register task :cleanIdea' started
2025-12-28T12:06:52.973+0800 [DEBUG] [org.gradle.internal.operations.DefaultBuildOperationRunner] Completing Build operation 'Register task :cleanIdea'
2025-12-28T12:06:52.983+0800 [DEBUG] [org.gradle.internal.operations.DefaultBuildOperationRunner] Build operation 'Register task :ideaWorkspace' started
2025-12-28T12:06:52.984+0800 [DEBUG] [org.gradle.internal.operations.DefaultBuildOperationRunner] Completing Build operation 'Register task :ideaWorkspace'
2025-12-28T12:06:52.985+0800 [DEBUG] [org.gradle.internal.operations.DefaultBuildOperationRunner] Build operation 'Register task :cleanIdeaWorkspace' started
2025-12-28T12:06:52.986+0800 [DEBUG] [org.gradle.internal.operations.DefaultBuildOperationRunner] Completing Build operation 'Register task :cleanIdeaWorkspace'
2025-12-28T12:06:53.002+0800 [DEBUG] [org.gradle.internal.operations.DefaultBuildOperationRunner] Build operation 'Register task :ideaProject' started
2025-12-28T12:06:53.003+0800 [DEBUG] [org.gradle.internal.operations.DefaultBuildOperationRunner] Completing Build operation 'Register task :ideaProject'
2025-12-28T12:06:53.010+0800 [DEBUG] [org.gradle.internal.operations.DefaultBuildOperationRunner] Build operation 'Register task :cleanIdeaProject' started
2025-12-28T12:06:53.011+0800 [DEBUG] [org.gradle.internal.operations.DefaultBuildOperationRunner] Completing Build operation 'Register task :cleanIdeaProject'
2025-12-28T12:06:53.013+0800 [DEBUG] [org.gradle.internal.operations.DefaultBuildOperationRunner] Build operation 'Register task :openIdea' started
2025-12-28T12:06:53.014+0800 [DEBUG] [org.gradle.internal.operations.DefaultBuildOperationRunner] Completing Build operation 'Register task :openIdea'
2025-12-28T12:06:53.034+0800 [DEBUG] [org.gradle.internal.operations.DefaultBuildOperationRunner] Build operation 'Register task :ideaModule' started
2025-12-28T12:06:53.034+0800 [DEBUG] [org.gradle.internal.operations.DefaultBuildOperationRunner] Completing Build operation 'Register task :ideaModule'
2025-12-28T12:06:53.045+0800 [DEBUG] [org.gradle.internal.operations.DefaultBuildOperationRunner] Build operation 'Register task :cleanIdeaModule' started
2025-12-28T12:06:53.046+0800 [DEBUG] [org.gradle.internal.operations.DefaultBuildOperationRunner] Completing Build operation 'Register task :cleanIdeaModule'
2025-12-28T12:06:53.070+0800 [DEBUG] [org.gradle.internal.operations.DefaultBuildOperationRunner] Completing Build operation 'Apply plugin org.gradle.idea to root project 'Neo Anomalous Might''
2025-12-28T12:06:53.070+0800 [DEBUG] [org.gradle.internal.operations.DefaultBuildOperationRunner] Build operation 'Apply plugin org.gradle.maven-publish to root project 'Neo Anomalous Might'' started
2025-12-28T12:06:53.091+0800 [DEBUG] [org.gradle.internal.operations.DefaultBuildOperationRunner] Build operation 'Apply plugin org.gradle.api.publish.plugins.PublishingPlugin to root project 'Neo Anomalous Might'' started
2025-12-28T12:06:53.114+0800 [DEBUG] [org.gradle.internal.operations.DefaultBuildOperationRunner] Build operation 'Register task :publish' started
2025-12-28T12:06:53.115+0800 [DEBUG] [org.gradle.internal.operations.DefaultBuildOperationRunner] Completing Build operation 'Register task :publish'
2025-12-28T12:06:53.117+0800 [DEBUG] [org.gradle.internal.operations.DefaultBuildOperationRunner] Completing Build operation 'Apply plugin org.gradle.api.publish.plugins.PublishingPlugin to root project 'Neo Anomalous Might''
2025-12-28T12:06:53.118+0800 [DEBUG] [org.gradle.internal.operations.DefaultBuildOperationRunner] Build operation 'Register task :publishToMavenLocal' started
2025-12-28T12:06:53.119+0800 [DEBUG] [org.gradle.internal.operations.DefaultBuildOperationRunner] Completing Build operation 'Register task :publishToMavenLocal'
2025-12-28T12:06:53.127+0800 [DEBUG] [org.gradle.internal.operations.DefaultBuildOperationRunner] Completing Build operation 'Apply plugin org.gradle.maven-publish to root project 'Neo Anomalous Might''
2025-12-28T12:06:53.158+0800 [DEBUG] [org.gradle.internal.operations.DefaultBuildOperationRunner] Build operation 'Apply plugin net.minecraftforge.gradle to root project 'Neo Anomalous Might'' started
2025-12-28T12:06:51.432+0800 [LIFECYCLE] [org.gradle.internal.logging.progress.ProgressLoggerFactory] 
2025-12-28T12:06:51.432+0800 [LIFECYCLE] [org.gradle.internal.logging.progress.ProgressLoggerFactory] > Configure project :
2025-12-28T12:06:51.433+0800 [DEBUG] [org.gradle.internal.resources.AbstractTrackedResourceLock] Daemon worker: acquired lock on state of build :
2025-12-28T12:06:51.441+0800 [DEBUG] [org.gradle.internal.operations.DefaultBuildOperationRunner] Build operation 'Notify beforeEvaluate listeners of :' completed
2025-12-28T12:06:51.563+0800 [DEBUG] [org.gradle.model.internal.registry.DefaultModelRegistry] Project : - Transitioning model element '<root>' from state Registered to Created
2025-12-28T12:06:51.569+0800 [DEBUG] [org.gradle.model.internal.registry.DefaultModelRegistry] Project : - Transitioning model element '<root>' to state Discovered.
2025-12-28T12:06:51.571+0800 [DEBUG] [org.gradle.model.internal.registry.DefaultModelRegistry] Project : - Transitioning model element '<root>' to state Created.
2025-12-28T12:06:51.582+0800 [DEBUG] [org.gradle.internal.operations.DefaultBuildOperationRunner] Build operation 'Register task :help' completed
2025-12-28T12:06:51.586+0800 [DEBUG] [org.gradle.internal.operations.DefaultBuildOperationRunner] Build operation 'Register task :projects' completed
2025-12-28T12:06:51.587+0800 [DEBUG] [org.gradle.internal.operations.DefaultBuildOperationRunner] Build operation 'Register task :tasks' completed
2025-12-28T12:06:51.588+0800 [DEBUG] [org.gradle.internal.operations.DefaultBuildOperationRunner] Build operation 'Register task :properties' completed
2025-12-28T12:06:51.590+0800 [DEBUG] [org.gradle.internal.operations.DefaultBuildOperationRunner] Build operation 'Register task :model' completed
2025-12-28T12:06:51.610+0800 [DEBUG] [org.gradle.internal.operations.DefaultBuildOperationRunner] Build operation 'Apply plugin org.gradle.help-tasks to root project 'Neo Anomalous Might'' completed
2025-12-28T12:06:51.635+0800 [DEBUG] [org.gradle.internal.operations.DefaultBuildOperationRunner] Build operation 'Register task :dependencyInsight' completed
2025-12-28T12:06:51.637+0800 [DEBUG] [org.gradle.internal.operations.DefaultBuildOperationRunner] Build operation 'Register task :dependencies' completed
2025-12-28T12:06:51.638+0800 [DEBUG] [org.gradle.internal.operations.DefaultBuildOperationRunner] Build operation 'Register task :buildEnvironment' completed
2025-12-28T12:06:51.640+0800 [DEBUG] [org.gradle.internal.operations.DefaultBuildOperationRunner] Build operation 'Register task :components' completed
2025-12-28T12:06:51.642+0800 [DEBUG] [org.gradle.internal.operations.DefaultBuildOperationRunner] Build operation 'Register task :dependentComponents' completed
2025-12-28T12:06:51.643+0800 [DEBUG] [org.gradle.internal.operations.DefaultBuildOperationRunner] Build operation 'Register task :outgoingVariants' completed
2025-12-28T12:06:51.643+0800 [DEBUG] [org.gradle.internal.operations.DefaultBuildOperationRunner] Build operation 'Register task :resolvableConfigurations' completed
2025-12-28T12:06:51.644+0800 [DEBUG] [org.gradle.internal.operations.DefaultBuildOperationRunner] Build operation 'Register task :artifactTransforms' completed
2025-12-28T12:06:51.645+0800 [DEBUG] [org.gradle.internal.operations.DefaultBuildOperationRunner] Build operation 'Apply plugin org.gradle.software-reporting-tasks to root project 'Neo Anomalous Might'' completed
2025-12-28T12:06:51.659+0800 [DEBUG] [org.gradle.internal.operations.DefaultBuildOperationRunner] Build operation 'Register task :init' completed
2025-12-28T12:06:51.659+0800 [DEBUG] [org.gradle.internal.operations.DefaultBuildOperationRunner] Build operation 'Apply plugin org.gradle.build-init to root project 'Neo Anomalous Might'' completed
2025-12-28T12:06:51.669+0800 [DEBUG] [org.gradle.internal.operations.DefaultBuildOperationRunner] Build operation 'Register task :wrapper' completed
2025-12-28T12:06:51.669+0800 [DEBUG] [org.gradle.internal.operations.DefaultBuildOperationRunner] Build operation 'Apply plugin org.gradle.wrapper to root project 'Neo Anomalous Might'' completed
2025-12-28T12:06:51.671+0800 [DEBUG] [org.gradle.internal.operations.DefaultBuildOperationRunner] Build operation 'Register task :updateDaemonJvm' completed
2025-12-28T12:06:51.673+0800 [DEBUG] [org.gradle.internal.operations.DefaultBuildOperationRunner] Build operation 'Register task :javaToolchains' completed
2025-12-28T12:06:51.753+0800 [DEBUG] [org.gradle.internal.operations.DefaultBuildOperationRunner] Build operation 'Register task :prepareKotlinBuildScriptModel' completed
2025-12-28T12:06:51.753+0800 [INFO] [org.gradle.configuration.project.BuildScriptProcessor] Evaluating root project 'Neo Anomalous Might' using build file 'E:\Workpace\MOD\Neo Anomalous Might\build.gradle'.
2025-12-28T12:06:51.784+0800 [DEBUG] [org.gradle.internal.operations.DefaultBuildOperationRunner] Build operation 'Identifying work' completed
2025-12-28T12:06:51.827+0800 [INFO] [org.gradle.plugin.use.internal.DefaultPluginRequestApplicator] Resolved plugin [id: 'eclipse']
2025-12-28T12:06:51.832+0800 [INFO] [org.gradle.plugin.use.internal.DefaultPluginRequestApplicator] Resolved plugin [id: 'idea']
2025-12-28T12:06:51.836+0800 [INFO] [org.gradle.plugin.use.internal.DefaultPluginRequestApplicator] Resolved plugin [id: 'maven-publish']
2025-12-28T12:06:51.843+0800 [DEBUG] [org.gradle.api.internal.artifacts.ivyservice.modulecache.ResolvedArtifactCaches] Reusing in-memory cache for repo 'Gradle Central Plugin Repository' [2f8748e965ecb2135dad092e9ef808de].
2025-12-28T12:06:51.844+0800 [DEBUG] [org.gradle.api.internal.artifacts.ivyservice.modulecache.ResolvedArtifactCaches] Reusing in-memory cache for repo 'MinecraftForge' [bbcc39fda7348429f9d79784231d1237].
2025-12-28T12:06:51.844+0800 [DEBUG] [org.gradle.api.internal.artifacts.ivyservice.resolveengine.graph.builder.DependencyGraphBuilder] Visiting configuration unspecified:unspecified:unspecified(detachedConfiguration1).
2025-12-28T12:06:51.845+0800 [DEBUG] [org.gradle.api.internal.artifacts.ivyservice.ivyresolve.DynamicVersionResolver] Attempting to resolve version for net.minecraftforge.gradle:net.minecraftforge.gradle.gradle.plugin:[6.0,6.2) using repositories [Gradle Central Plugin Repository, MinecraftForge]
2025-12-28T12:06:51.854+0800 [DEBUG] [org.gradle.cache.internal.DefaultCacheCoordinator] Creating new cache for metadata-2.107/module-versions, path C:\Users\StesssQQy\.gradle\caches\modules-2\metadata-2.107\module-versions.bin, access org.gradle.cache.internal.DefaultCacheCoordinator@52ac209a
2025-12-28T12:06:51.855+0800 [DEBUG] [org.gradle.cache.internal.btree.BTreePersistentIndexedCache] Opening cache module-versions.bin (C:\Users\StesssQQy\.gradle\caches\modules-2\metadata-2.107\module-versions.bin)
2025-12-28T12:06:51.875+0800 [DEBUG] [org.gradle.api.internal.artifacts.ivyservice.ivyresolve.CachingModuleComponentRepository] Using cached module metadata for module 'net.minecraftforge.gradle:net.minecraftforge.gradle.gradle.plugin:6.0.46' in 'MinecraftForge'
2025-12-28T12:06:51.875+0800 [DEBUG] [org.gradle.api.internal.artifacts.ivyservice.ivyresolve.DynamicVersionResolver] Using net.minecraftforge.gradle:net.minecraftforge.gradle.gradle.plugin:6.0.46 from Maven repository 'MinecraftForge'
2025-12-28T12:06:51.876+0800 [DEBUG] [org.gradle.api.internal.artifacts.ivyservice.resolveengine.graph.builder.DependencyGraphBuilder] Visiting configuration net.minecraftforge.gradle:net.minecraftforge.gradle.gradle.plugin:6.0.46(runtime).
2025-12-28T12:06:51.876+0800 [DEBUG] [org.gradle.api.internal.artifacts.ivyservice.resolveengine.graph.builder.NodeState] net.minecraftforge.gradle:net.minecraftforge.gradle.gradle.plugin:6.0.46(runtime) has no transitive incoming edges. ignoring outgoing edges.
2025-12-28T12:06:51.880+0800 [DEBUG] [org.gradle.api.internal.artifacts.ivyservice.resolveengine.oldresult.TransientConfigurationResultsBuilder] Flushing resolved configuration data in Binary store in C:\Users\StesssQQy\.gradle\.tmp\gradle10721875900379424049.bin. Wrote root 49.
2025-12-28T12:06:51.880+0800 [DEBUG] [org.gradle.internal.operations.DefaultBuildOperationRunner] Build operation 'Resolve dependencies of detachedConfiguration1' completed
2025-12-28T12:06:51.880+0800 [DEBUG] [org.gradle.internal.component.model.LoggingAttributeMatchingExplanationBuilder] Selected match net.minecraftforge.gradle:net.minecraftforge.gradle.gradle.plugin:6.0.46 configuration runtime from candidates [net.minecraftforge.gradle:net.minecraftforge.gradle.gradle.plugin:6.0.46 configuration runtime] for {}
2025-12-28T12:06:51.881+0800 [DEBUG] [org.gradle.api.internal.artifacts.ivyservice.ivyresolve.CachingModuleComponentRepository] Detected non-existence of artifact 'net.minecraftforge.gradle.gradle.plugin-6.0.46.jar (net.minecraftforge.gradle:net.minecraftforge.gradle.gradle.plugin:6.0.46)' in resolver cache
2025-12-28T12:06:51.882+0800 [DEBUG] [org.gradle.internal.operations.DefaultBuildOperationRunner] Build operation 'Resolve files of configuration 'detachedConfiguration1'' completed
2025-12-28T12:06:51.882+0800 [INFO] [org.gradle.plugin.use.internal.DefaultPluginRequestApplicator] Resolved plugin [id: 'net.minecraftforge.gradle', version: '[6.0,6.2)']
2025-12-28T12:06:51.884+0800 [DEBUG] [org.gradle.internal.locking.LockFileReaderWriter] Lockfiles root: E:\Workpace\MOD\Neo Anomalous Might\gradle\dependency-locks
2025-12-28T12:06:51.887+0800 [DEBUG] [org.gradle.api.internal.artifacts.ivyservice.resolveengine.graph.builder.DependencyGraphBuilder] Visiting configuration :Neo Anomalous Might:unspecified(classpath).
2025-12-28T12:06:51.888+0800 [DEBUG] [org.gradle.api.internal.artifacts.ivyservice.resolveengine.graph.builder.NodeState] dependency: net.minecraftforge.gradle:net.minecraftforge.gradle.gradle.plugin:[6.0,6.2) to-conf: null is filtered.
2025-12-28T12:06:51.888+0800 [DEBUG] [org.gradle.api.internal.artifacts.ivyservice.resolveengine.graph.builder.NodeState] dependency: org.apache.logging.log4j:log4j-core:{require 2.17.1; reject [2.0, 2.17.1)} to-conf: null is filtered.
2025-12-28T12:06:51.891+0800 [DEBUG] [org.gradle.api.internal.artifacts.ivyservice.modulecache.ResolvedArtifactCaches] Reusing in-memory cache for repo 'Gradle Central Plugin Repository' [2f8748e965ecb2135dad092e9ef808de].
2025-12-28T12:06:51.892+0800 [DEBUG] [org.gradle.api.internal.artifacts.ivyservice.modulecache.ResolvedArtifactCaches] Reusing in-memory cache for repo 'MinecraftForge' [bbcc39fda7348429f9d79784231d1237].
2025-12-28T12:06:51.892+0800 [DEBUG] [org.gradle.api.internal.artifacts.ivyservice.resolveengine.graph.builder.DependencyGraphBuilder] Visiting configuration :Neo Anomalous Might:unspecified(classpath).
2025-12-28T12:06:51.893+0800 [DEBUG] [org.gradle.api.internal.artifacts.ivyservice.ivyresolve.DynamicVersionResolver] Attempting to resolve version for net.minecraftforge.gradle:net.minecraftforge.gradle.gradle.plugin:[6.0,6.2) using repositories [Gradle Central Plugin Repository, MinecraftForge]
2025-12-28T12:06:51.894+0800 [DEBUG] [org.gradle.api.internal.artifacts.ivyservice.ivyresolve.CachingModuleComponentRepository] Using cached module metadata for module 'net.minecraftforge.gradle:net.minecraftforge.gradle.gradle.plugin:6.0.46' in 'MinecraftForge'
2025-12-28T12:06:51.894+0800 [DEBUG] [org.gradle.api.internal.artifacts.ivyservice.ivyresolve.DynamicVersionResolver] Using net.minecraftforge.gradle:net.minecraftforge.gradle.gradle.plugin:6.0.46 from Maven repository 'MinecraftForge'
2025-12-28T12:06:51.895+0800 [DEBUG] [org.gradle.api.internal.artifacts.ivyservice.resolveengine.graph.builder.DependencyGraphBuilder] Visiting configuration net.minecraftforge.gradle:net.minecraftforge.gradle.gradle.plugin:6.0.46(runtime).
2025-12-28T12:06:51.901+0800 [DEBUG] [org.gradle.api.internal.artifacts.ivyservice.ivyresolve.RepositoryChainComponentMetaDataResolver] Attempting to resolve component for net.minecraftforge.gradle:ForgeGradle:6.0.46 using repositories [Gradle Central Plugin Repository, MinecraftForge]
2025-12-28T12:06:51.901+0800 [DEBUG] [org.gradle.api.internal.artifacts.ivyservice.ivyresolve.CachingModuleComponentRepository] Detected non-existence of module 'net.minecraftforge.gradle:ForgeGradle:6.0.46' in resolver cache 'Gradle Central Plugin Repository'
2025-12-28T12:06:51.902+0800 [DEBUG] [org.gradle.api.internal.artifacts.ivyservice.ivyresolve.CachingModuleComponentRepository] Using cached module metadata for module 'net.minecraftforge.gradle:ForgeGradle:6.0.46' in 'MinecraftForge'
2025-12-28T12:06:51.902+0800 [DEBUG] [org.gradle.api.internal.artifacts.ivyservice.ivyresolve.RepositoryChainComponentMetaDataResolver] Using net.minecraftforge.gradle:ForgeGradle:6.0.46 from Maven repository 'MinecraftForge'
2025-12-28T12:06:51.902+0800 [DEBUG] [org.gradle.internal.component.model.LoggingAttributeMatchingExplanationBuilder] Candidate {org.gradle.category=library, org.gradle.dependency.bundling=external, org.gradle.jvm.version=8, org.gradle.libraryelements=jar, org.gradle.status=release, org.gradle.usage=java-api} attribute org.gradle.usage value {org.gradle.category=library, org.gradle.dependency.bundling=external, org.gradle.jvm.version=8, org.gradle.libraryelements=jar, org.gradle.usage=java-api} doesn't requested value java-runtime
2025-12-28T12:06:51.902+0800 [DEBUG] [org.gradle.internal.component.model.LoggingAttributeMatchingExplanationBuilder] Candidate {org.gradle.category=library, org.gradle.dependency.bundling=external, org.gradle.jvm.version=8, org.gradle.libraryelements=jar, org.gradle.status=release, org.gradle.usage=java-runtime} doesn't have attribute org.gradle.plugin.api-version
2025-12-28T12:06:51.902+0800 [DEBUG] [org.gradle.internal.component.model.LoggingAttributeMatchingExplanationBuilder] Candidate {org.gradle.category=documentation, org.gradle.dependency.bundling=external, org.gradle.docstype=sources, org.gradle.status=release, org.gradle.usage=java-runtime} attribute org.gradle.category value {org.gradle.category=documentation} doesn't requested value library
2025-12-28T12:06:51.903+0800 [DEBUG] [org.gradle.api.internal.attributes.matching.DefaultAttributeMatcher] Selected matches [1] from candidates [{org.gradle.category=library, org.gradle.dependency.bundling=external, org.gradle.jvm.version=8, org.gradle.libraryelements=jar, org.gradle.status=release, org.gradle.usage=java-api}, {org.gradle.category=library, org.gradle.dependency.bundling=external, org.gradle.jvm.version=8, org.gradle.libraryelements=jar, org.gradle.status=release, org.gradle.usage=java-runtime}, {org.gradle.category=documentation, org.gradle.dependency.bundling=external, org.gradle.docstype=sources, org.gradle.status=release, org.gradle.usage=java-runtime}] for {org.gradle.category=library, org.gradle.dependency.bundling=external, org.gradle.jvm.version=17, org.gradle.libraryelements=jar, org.gradle.plugin.api-version=8.13, org.gradle.usage=java-runtime}
2025-12-28T12:06:51.903+0800 [DEBUG] [org.gradle.api.internal.artifacts.ivyservice.resolveengine.graph.builder.DependencyGraphBuilder] Visiting configuration net.minecraftforge.gradle:ForgeGradle:6.0.46(runtimeElements).
2025-12-28T12:06:51.942+0800 [DEBUG] [org.gradle.api.internal.artifacts.ivyservice.ivyresolve.RepositoryChainComponentMetaDataResolver] Attempting to resolve component for commons-io:commons-io:2.11.0 using repositories [Gradle Central Plugin Repository, MinecraftForge]
2025-12-28T12:06:51.942+0800 [DEBUG] [org.gradle.api.internal.artifacts.ivyservice.ivyresolve.CachingModuleComponentRepository] Using cached module metadata for module 'commons-io:commons-io:2.11.0' in 'Gradle Central Plugin Repository'
2025-12-28T12:06:51.942+0800 [DEBUG] [org.gradle.api.internal.artifacts.ivyservice.ivyresolve.RepositoryChainComponentMetaDataResolver] Using commons-io:commons-io:2.11.0 from Maven repository 'Gradle Central Plugin Repository'
2025-12-28T12:06:51.942+0800 [DEBUG] [org.gradle.api.internal.artifacts.ivyservice.ivyresolve.RepositoryChainComponentMetaDataResolver] Attempting to resolve component for com.google.code.gson:gson:2.10.1 using repositories [Gradle Central Plugin Repository, MinecraftForge]
2025-12-28T12:06:51.943+0800 [DEBUG] [org.gradle.api.internal.artifacts.ivyservice.ivyresolve.CachingModuleComponentRepository] Using cached module metadata for module 'com.google.code.gson:gson:2.10.1' in 'Gradle Central Plugin Repository'
2025-12-28T12:06:51.943+0800 [DEBUG] [org.gradle.api.internal.artifacts.ivyservice.ivyresolve.RepositoryChainComponentMetaDataResolver] Using com.google.code.gson:gson:2.10.1 from Maven repository 'Gradle Central Plugin Repository'
2025-12-28T12:06:51.943+0800 [DEBUG] [org.gradle.api.internal.artifacts.ivyservice.ivyresolve.RepositoryChainComponentMetaDataResolver] Attempting to resolve component for com.google.guava:guava:31.1-jre using repositories [Gradle Central Plugin Repository, MinecraftForge]
2025-12-28T12:06:51.943+0800 [DEBUG] [org.gradle.api.internal.artifacts.ivyservice.ivyresolve.CachingModuleComponentRepository] Using cached module metadata for module 'com.google.guava:guava:31.1-jre' in 'Gradle Central Plugin Repository'
2025-12-28T12:06:51.943+0800 [DEBUG] [org.gradle.api.internal.artifacts.ivyservice.ivyresolve.RepositoryChainComponentMetaDataResolver] Using com.google.guava:guava:31.1-jre from Maven repository 'Gradle Central Plugin Repository'
2025-12-28T12:06:51.944+0800 [DEBUG] [org.gradle.api.internal.artifacts.ivyservice.ivyresolve.RepositoryChainComponentMetaDataResolver] Attempting to resolve component for de.siegmar:fastcsv:2.2.1 using repositories [Gradle Central Plugin Repository, MinecraftForge]
2025-12-28T12:06:51.944+0800 [DEBUG] [org.gradle.api.internal.artifacts.ivyservice.ivyresolve.CachingModuleComponentRepository] Using cached module metadata for module 'de.siegmar:fastcsv:2.2.1' in 'Gradle Central Plugin Repository'
2025-12-28T12:06:51.944+0800 [DEBUG] [org.gradle.api.internal.artifacts.ivyservice.ivyresolve.RepositoryChainComponentMetaDataResolver] Using de.siegmar:fastcsv:2.2.1 from Maven repository 'Gradle Central Plugin Repository'
2025-12-28T12:06:51.944+0800 [DEBUG] [org.gradle.internal.component.model.LoggingAttributeMatchingExplanationBuilder] Candidate {org.gradle.category=library, org.gradle.dependency.bundling=external, org.gradle.jvm.version=8, org.gradle.libraryelements=jar, org.gradle.status=release, org.gradle.usage=java-api} attribute org.gradle.usage value {org.gradle.category=library, org.gradle.dependency.bundling=external, org.gradle.jvm.version=8, org.gradle.libraryelements=jar, org.gradle.usage=java-api} doesn't requested value java-runtime
2025-12-28T12:06:51.944+0800 [DEBUG] [org.gradle.internal.component.model.LoggingAttributeMatchingExplanationBuilder] Candidate {org.gradle.category=library, org.gradle.dependency.bundling=external, org.gradle.jvm.version=8, org.gradle.libraryelements=jar, org.gradle.status=release, org.gradle.usage=java-runtime} doesn't have attribute org.gradle.plugin.api-version
2025-12-28T12:06:51.944+0800 [DEBUG] [org.gradle.internal.component.model.LoggingAttributeMatchingExplanationBuilder] Candidate {org.gradle.category=documentation, org.gradle.dependency.bundling=external, org.gradle.docstype=javadoc, org.gradle.status=release, org.gradle.usage=java-runtime} attribute org.gradle.category value {org.gradle.category=documentation} doesn't requested value library
2025-12-28T12:06:51.944+0800 [DEBUG] [org.gradle.internal.component.model.LoggingAttributeMatchingExplanationBuilder] Candidate {org.gradle.category=documentation, org.gradle.dependency.bundling=external, org.gradle.docstype=sources, org.gradle.status=release, org.gradle.usage=java-runtime} attribute org.gradle.category value {org.gradle.category=documentation} doesn't requested value library
2025-12-28T12:06:51.945+0800 [DEBUG] [org.gradle.api.internal.attributes.matching.DefaultAttributeMatcher] Selected matches [1] from candidates [{org.gradle.category=library, org.gradle.dependency.bundling=external, org.gradle.jvm.version=8, org.gradle.libraryelements=jar, org.gradle.status=release, org.gradle.usage=java-api}, {org.gradle.category=library, org.gradle.dependency.bundling=external, org.gradle.jvm.version=8, org.gradle.libraryelements=jar, org.gradle.status=release, org.gradle.usage=java-runtime}, {org.gradle.category=documentation, org.gradle.dependency.bundling=external, org.gradle.docstype=javadoc, org.gradle.status=release, org.gradle.usage=java-runtime}, {org.gradle.category=documentation, org.gradle.dependency.bundling=external, org.gradle.docstype=sources, org.gradle.status=release, org.gradle.usage=java-runtime}] for {org.gradle.category=library, org.gradle.dependency.bundling=external, org.gradle.jvm.version=17, org.gradle.libraryelements=jar, org.gradle.plugin.api-version=8.13, org.gradle.usage=java-runtime}
2025-12-28T12:06:51.945+0800 [DEBUG] [org.gradle.api.internal.artifacts.ivyservice.ivyresolve.RepositoryChainComponentMetaDataResolver] Attempting to resolve component for net.minecraftforge:artifactural:3.0.20 using repositories [Gradle Central Plugin Repository, MinecraftForge]
2025-12-28T12:06:51.945+0800 [DEBUG] [org.gradle.api.internal.artifacts.ivyservice.ivyresolve.CachingModuleComponentRepository] Detected non-existence of module 'net.minecraftforge:artifactural:3.0.20' in resolver cache 'Gradle Central Plugin Repository'
2025-12-28T12:06:51.945+0800 [DEBUG] [org.gradle.api.internal.artifacts.ivyservice.ivyresolve.CachingModuleComponentRepository] Using cached module metadata for module 'net.minecraftforge:artifactural:3.0.20' in 'MinecraftForge'
2025-12-28T12:06:51.945+0800 [DEBUG] [org.gradle.api.internal.artifacts.ivyservice.ivyresolve.RepositoryChainComponentMetaDataResolver] Using net.minecraftforge:artifactural:3.0.20 from Maven repository 'MinecraftForge'
2025-12-28T12:06:51.946+0800 [DEBUG] [org.gradle.api.internal.artifacts.ivyservice.ivyresolve.RepositoryChainComponentMetaDataResolver] Attempting to resolve component for net.minecraftforge:unsafe:0.2.0 using repositories [Gradle Central Plugin Repository, MinecraftForge]
2025-12-28T12:06:51.946+0800 [DEBUG] [org.gradle.api.internal.artifacts.ivyservice.ivyresolve.CachingModuleComponentRepository] Detected non-existence of module 'net.minecraftforge:unsafe:0.2.0' in resolver cache 'Gradle Central Plugin Repository'
2025-12-28T12:06:51.947+0800 [DEBUG] [org.gradle.api.internal.artifacts.ivyservice.ivyresolve.CachingModuleComponentRepository] Using cached module metadata for module 'net.minecraftforge:unsafe:0.2.0' in 'MinecraftForge'
2025-12-28T12:06:51.947+0800 [DEBUG] [org.gradle.api.internal.artifacts.ivyservice.ivyresolve.RepositoryChainComponentMetaDataResolver] Using net.minecraftforge:unsafe:0.2.0 from Maven repository 'MinecraftForge'
2025-12-28T12:06:51.948+0800 [DEBUG] [org.gradle.api.internal.artifacts.ivyservice.ivyresolve.RepositoryChainComponentMetaDataResolver] Attempting to resolve component for org.apache.maven:maven-artifact:3.9.1 using repositories [Gradle Central Plugin Repository, MinecraftForge]
2025-12-28T12:06:51.948+0800 [DEBUG] [org.gradle.api.internal.artifacts.ivyservice.ivyresolve.CachingModuleComponentRepository] Using cached module metadata for module 'org.apache.maven:maven-artifact:3.9.1' in 'Gradle Central Plugin Repository'
2025-12-28T12:06:51.948+0800 [DEBUG] [org.gradle.api.internal.artifacts.ivyservice.ivyresolve.RepositoryChainComponentMetaDataResolver] Using org.apache.maven:maven-artifact:3.9.1 from Maven repository 'Gradle Central Plugin Repository'
2025-12-28T12:06:51.949+0800 [DEBUG] [org.gradle.api.internal.artifacts.ivyservice.ivyresolve.RepositoryChainComponentMetaDataResolver] Attempting to resolve component for org.apache.httpcomponents:httpclient:4.5.14 using repositories [Gradle Central Plugin Repository, MinecraftForge]
2025-12-28T12:06:51.949+0800 [DEBUG] [org.gradle.api.internal.artifacts.ivyservice.ivyresolve.CachingModuleComponentRepository] Using cached module metadata for module 'org.apache.httpcomponents:httpclient:4.5.14' in 'Gradle Central Plugin Repository'
2025-12-28T12:06:51.949+0800 [DEBUG] [org.gradle.api.internal.artifacts.ivyservice.ivyresolve.RepositoryChainComponentMetaDataResolver] Using org.apache.httpcomponents:httpclient:4.5.14 from Maven repository 'Gradle Central Plugin Repository'
2025-12-28T12:06:51.949+0800 [DEBUG] [org.gradle.api.internal.artifacts.ivyservice.ivyresolve.RepositoryChainComponentMetaDataResolver] Attempting to resolve component for net.minecraftforge:srgutils:0.5.10 using repositories [Gradle Central Plugin Repository, MinecraftForge]
2025-12-28T12:06:51.950+0800 [DEBUG] [org.gradle.api.internal.artifacts.ivyservice.ivyresolve.CachingModuleComponentRepository] Detected non-existence of module 'net.minecraftforge:srgutils:0.5.10' in resolver cache 'Gradle Central Plugin Repository'
2025-12-28T12:06:51.950+0800 [DEBUG] [org.gradle.api.internal.artifacts.ivyservice.ivyresolve.CachingModuleComponentRepository] Using cached module metadata for module 'net.minecraftforge:srgutils:0.5.10' in 'MinecraftForge'
2025-12-28T12:06:51.950+0800 [DEBUG] [org.gradle.api.internal.artifacts.ivyservice.ivyresolve.RepositoryChainComponentMetaDataResolver] Using net.minecraftforge:srgutils:0.5.10 from Maven repository 'MinecraftForge'
2025-12-28T12:06:51.950+0800 [DEBUG] [org.gradle.api.internal.artifacts.ivyservice.ivyresolve.RepositoryChainComponentMetaDataResolver] Attempting to resolve component for net.minecraftforge:DiffPatch:2.0.12 using repositories [Gradle Central Plugin Repository, MinecraftForge]
2025-12-28T12:06:51.951+0800 [DEBUG] [org.gradle.api.internal.artifacts.ivyservice.ivyresolve.CachingModuleComponentRepository] Detected non-existence of module 'net.minecraftforge:DiffPatch:2.0.12' in resolver cache 'Gradle Central Plugin Repository'
2025-12-28T12:06:51.951+0800 [DEBUG] [org.gradle.api.internal.artifacts.ivyservice.ivyresolve.CachingModuleComponentRepository] Using cached module metadata for module 'net.minecraftforge:DiffPatch:2.0.12' in 'MinecraftForge'
2025-12-28T12:06:51.951+0800 [DEBUG] [org.gradle.api.internal.artifacts.ivyservice.ivyresolve.RepositoryChainComponentMetaDataResolver] Using net.minecraftforge:DiffPatch:2.0.12 from Maven repository 'MinecraftForge'
2025-12-28T12:06:51.951+0800 [DEBUG] [org.gradle.internal.component.model.LoggingAttributeMatchingExplanationBuilder] Candidate {org.gradle.category=library, org.gradle.dependency.bundling=external, org.gradle.jvm.version=8, org.gradle.libraryelements=jar, org.gradle.status=release, org.gradle.usage=java-api} attribute org.gradle.usage value {org.gradle.category=library, org.gradle.dependency.bundling=external, org.gradle.jvm.version=8, org.gradle.libraryelements=jar, org.gradle.usage=java-api} doesn't requested value java-runtime
2025-12-28T12:06:51.952+0800 [DEBUG] [org.gradle.internal.component.model.LoggingAttributeMatchingExplanationBuilder] Candidate {org.gradle.category=library, org.gradle.dependency.bundling=external, org.gradle.jvm.version=8, org.gradle.libraryelements=jar, org.gradle.status=release, org.gradle.usage=java-runtime} doesn't have attribute org.gradle.plugin.api-version
2025-12-28T12:06:51.953+0800 [DEBUG] [org.gradle.internal.component.model.LoggingAttributeMatchingExplanationBuilder] Candidate {org.gradle.category=library, org.gradle.dependency.bundling=shadowed, org.gradle.libraryelements=jar, org.gradle.status=release, org.gradle.usage=java-runtime} doesn't have attribute org.gradle.jvm.version
2025-12-28T12:06:51.954+0800 [DEBUG] [org.gradle.internal.component.model.LoggingAttributeMatchingExplanationBuilder] Candidate {org.gradle.category=library, org.gradle.dependency.bundling=shadowed, org.gradle.libraryelements=jar, org.gradle.status=release, org.gradle.usage=java-runtime} doesn't have attribute org.gradle.plugin.api-version
2025-12-28T12:06:51.954+0800 [DEBUG] [org.gradle.internal.component.model.LoggingAttributeMatchingExplanationBuilder] Candidate {org.gradle.category=documentation, org.gradle.dependency.bundling=external, org.gradle.docstype=sources, org.gradle.status=release, org.gradle.usage=java-runtime} attribute org.gradle.category value {org.gradle.category=documentation} doesn't requested value library
2025-12-28T12:06:51.954+0800 [DEBUG] [org.gradle.internal.component.model.LoggingAttributeMatchingExplanationBuilder] Candidate {org.gradle.category=library, org.gradle.dependency.bundling=external, org.gradle.jvm.version=8, org.gradle.libraryelements=jar, org.gradle.status=release, org.gradle.usage=java-runtime} selected because its attributes are a superset of all other candidate attributes
2025-12-28T12:06:51.954+0800 [DEBUG] [org.gradle.api.internal.attributes.matching.DefaultAttributeMatcher] Selected matches [1] from candidates [{org.gradle.category=library, org.gradle.dependency.bundling=external, org.gradle.jvm.version=8, org.gradle.libraryelements=jar, org.gradle.status=release, org.gradle.usage=java-api}, {org.gradle.category=library, org.gradle.dependency.bundling=external, org.gradle.jvm.version=8, org.gradle.libraryelements=jar, org.gradle.status=release, org.gradle.usage=java-runtime}, {org.gradle.category=library, org.gradle.dependency.bundling=shadowed, org.gradle.libraryelements=jar, org.gradle.status=release, org.gradle.usage=java-runtime}, {org.gradle.category=documentation, org.gradle.dependency.bundling=external, org.gradle.docstype=sources, org.gradle.status=release, org.gradle.usage=java-runtime}] for {org.gradle.category=library, org.gradle.dependency.bundling=external, org.gradle.jvm.version=17, org.gradle.libraryelements=jar, org.gradle.plugin.api-version=8.13, org.gradle.usage=java-runtime}
2025-12-28T12:06:51.955+0800 [DEBUG] [org.gradle.api.internal.artifacts.ivyservice.ivyresolve.RepositoryChainComponentMetaDataResolver] Attempting to resolve component for net.minecraftforge:JarJarMetadata:0.3.19 using repositories [Gradle Central Plugin Repository, MinecraftForge]
2025-12-28T12:06:51.955+0800 [DEBUG] [org.gradle.api.internal.artifacts.ivyservice.ivyresolve.CachingModuleComponentRepository] Detected non-existence of module 'net.minecraftforge:JarJarMetadata:0.3.19' in resolver cache 'Gradle Central Plugin Repository'
2025-12-28T12:06:51.955+0800 [DEBUG] [org.gradle.api.internal.artifacts.ivyservice.ivyresolve.CachingModuleComponentRepository] Using cached module metadata for module 'net.minecraftforge:JarJarMetadata:0.3.19' in 'MinecraftForge'
2025-12-28T12:06:51.955+0800 [DEBUG] [org.gradle.api.internal.artifacts.ivyservice.ivyresolve.RepositoryChainComponentMetaDataResolver] Using net.minecraftforge:JarJarMetadata:0.3.19 from Maven repository 'MinecraftForge'
2025-12-28T12:06:51.956+0800 [DEBUG] [org.gradle.api.internal.artifacts.ivyservice.ivyresolve.RepositoryChainComponentMetaDataResolver] Attempting to resolve component for net.minecraftforge:JarJarSelector:0.3.19 using repositories [Gradle Central Plugin Repository, MinecraftForge]
2025-12-28T12:06:51.956+0800 [DEBUG] [org.gradle.api.internal.artifacts.ivyservice.ivyresolve.CachingModuleComponentRepository] Detected non-existence of module 'net.minecraftforge:JarJarSelector:0.3.19' in resolver cache 'Gradle Central Plugin Repository'
2025-12-28T12:06:51.956+0800 [DEBUG] [org.gradle.api.internal.artifacts.ivyservice.ivyresolve.CachingModuleComponentRepository] Using cached module metadata for module 'net.minecraftforge:JarJarSelector:0.3.19' in 'MinecraftForge'
2025-12-28T12:06:51.956+0800 [DEBUG] [org.gradle.api.internal.artifacts.ivyservice.ivyresolve.RepositoryChainComponentMetaDataResolver] Using net.minecraftforge:JarJarSelector:0.3.19 from Maven repository 'MinecraftForge'
2025-12-28T12:06:51.957+0800 [DEBUG] [org.gradle.api.internal.artifacts.ivyservice.resolveengine.graph.builder.DependencyGraphBuilder] Visiting configuration commons-io:commons-io:2.11.0(runtime).
2025-12-28T12:06:51.957+0800 [DEBUG] [org.gradle.api.internal.artifacts.ivyservice.resolveengine.graph.builder.DependencyGraphBuilder] Visiting configuration com.google.code.gson:gson:2.10.1(runtime).
2025-12-28T12:06:51.957+0800 [DEBUG] [org.gradle.api.internal.artifacts.ivyservice.resolveengine.graph.builder.DependencyGraphBuilder] Visiting configuration com.google.guava:guava:31.1-jre(runtime).
2025-12-28T12:06:51.985+0800 [DEBUG] [org.gradle.api.internal.artifacts.ivyservice.ivyresolve.RepositoryChainComponentMetaDataResolver] Attempting to resolve component for com.google.guava:failureaccess:1.0.1 using repositories [Gradle Central Plugin Repository, MinecraftForge]
2025-12-28T12:06:51.985+0800 [DEBUG] [org.gradle.api.internal.artifacts.ivyservice.ivyresolve.CachingModuleComponentRepository] Using cached module metadata for module 'com.google.guava:failureaccess:1.0.1' in 'Gradle Central Plugin Repository'
2025-12-28T12:06:51.986+0800 [DEBUG] [org.gradle.api.internal.artifacts.ivyservice.ivyresolve.RepositoryChainComponentMetaDataResolver] Using com.google.guava:failureaccess:1.0.1 from Maven repository 'Gradle Central Plugin Repository'
2025-12-28T12:06:51.986+0800 [DEBUG] [org.gradle.api.internal.artifacts.ivyservice.ivyresolve.RepositoryChainComponentMetaDataResolver] Attempting to resolve component for com.google.guava:listenablefuture:9999.0-empty-to-avoid-conflict-with-guava using repositories [Gradle Central Plugin Repository, MinecraftForge]
2025-12-28T12:06:51.986+0800 [DEBUG] [org.gradle.api.internal.artifacts.ivyservice.ivyresolve.CachingModuleComponentRepository] Using cached module metadata for module 'com.google.guava:listenablefuture:9999.0-empty-to-avoid-conflict-with-guava' in 'Gradle Central Plugin Repository'
2025-12-28T12:06:51.986+0800 [DEBUG] [org.gradle.api.internal.artifacts.ivyservice.ivyresolve.RepositoryChainComponentMetaDataResolver] Using com.google.guava:listenablefuture:9999.0-empty-to-avoid-conflict-with-guava from Maven repository 'Gradle Central Plugin Repository'
2025-12-28T12:06:51.987+0800 [DEBUG] [org.gradle.api.internal.artifacts.ivyservice.ivyresolve.RepositoryChainComponentMetaDataResolver] Attempting to resolve component for com.google.code.findbugs:jsr305:3.0.2 using repositories [Gradle Central Plugin Repository, MinecraftForge]
2025-12-28T12:06:51.987+0800 [DEBUG] [org.gradle.api.internal.artifacts.ivyservice.ivyresolve.CachingModuleComponentRepository] Using cached module metadata for module 'com.google.code.findbugs:jsr305:3.0.2' in 'Gradle Central Plugin Repository'
2025-12-28T12:06:51.987+0800 [DEBUG] [org.gradle.api.internal.artifacts.ivyservice.ivyresolve.RepositoryChainComponentMetaDataResolver] Using com.google.code.findbugs:jsr305:3.0.2 from Maven repository 'Gradle Central Plugin Repository'
2025-12-28T12:06:51.988+0800 [DEBUG] [org.gradle.api.internal.artifacts.ivyservice.ivyresolve.RepositoryChainComponentMetaDataResolver] Attempting to resolve component for org.checkerframework:checker-qual:3.12.0 using repositories [Gradle Central Plugin Repository, MinecraftForge]
2025-12-28T12:06:51.988+0800 [DEBUG] [org.gradle.api.internal.artifacts.ivyservice.ivyresolve.CachingModuleComponentRepository] Using cached module metadata for module 'org.checkerframework:checker-qual:3.12.0' in 'Gradle Central Plugin Repository'
2025-12-28T12:06:51.988+0800 [DEBUG] [org.gradle.api.internal.artifacts.ivyservice.ivyresolve.RepositoryChainComponentMetaDataResolver] Using org.checkerframework:checker-qual:3.12.0 from Maven repository 'Gradle Central Plugin Repository'
2025-12-28T12:06:51.989+0800 [DEBUG] [org.gradle.api.internal.artifacts.ivyservice.ivyresolve.RepositoryChainComponentMetaDataResolver] Attempting to resolve component for com.google.errorprone:error_prone_annotations:2.11.0 using repositories [Gradle Central Plugin Repository, MinecraftForge]
2025-12-28T12:06:51.989+0800 [DEBUG] [org.gradle.api.internal.artifacts.ivyservice.ivyresolve.CachingModuleComponentRepository] Using cached module metadata for module 'com.google.errorprone:error_prone_annotations:2.11.0' in 'Gradle Central Plugin Repository'
2025-12-28T12:06:51.989+0800 [DEBUG] [org.gradle.api.internal.artifacts.ivyservice.ivyresolve.RepositoryChainComponentMetaDataResolver] Using com.google.errorprone:error_prone_annotations:2.11.0 from Maven repository 'Gradle Central Plugin Repository'
2025-12-28T12:06:51.990+0800 [DEBUG] [org.gradle.api.internal.artifacts.ivyservice.ivyresolve.RepositoryChainComponentMetaDataResolver] Attempting to resolve component for com.google.j2objc:j2objc-annotations:1.3 using repositories [Gradle Central Plugin Repository, MinecraftForge]
2025-12-28T12:06:51.990+0800 [DEBUG] [org.gradle.api.internal.artifacts.ivyservice.ivyresolve.CachingModuleComponentRepository] Using cached module metadata for module 'com.google.j2objc:j2objc-annotations:1.3' in 'Gradle Central Plugin Repository'
2025-12-28T12:06:51.990+0800 [DEBUG] [org.gradle.api.internal.artifacts.ivyservice.ivyresolve.RepositoryChainComponentMetaDataResolver] Using com.google.j2objc:j2objc-annotations:1.3 from Maven repository 'Gradle Central Plugin Repository'
2025-12-28T12:06:51.990+0800 [DEBUG] [org.gradle.api.internal.artifacts.ivyservice.resolveengine.graph.builder.DependencyGraphBuilder] Visiting configuration de.siegmar:fastcsv:2.2.1(runtimeElements).
2025-12-28T12:06:51.990+0800 [DEBUG] [org.gradle.api.internal.artifacts.ivyservice.resolveengine.graph.builder.DependencyGraphBuilder] Visiting configuration net.minecraftforge:artifactural:3.0.20(runtimeElements).
2025-12-28T12:06:51.995+0800 [DEBUG] [org.gradle.api.internal.artifacts.ivyservice.resolveengine.graph.builder.NodeState] dev.gradleplugins:gradle-api is excluded from net.minecraftforge:artifactural:3.0.20(runtimeElements) by "excludes everything".
2025-12-28T12:06:51.995+0800 [DEBUG] [org.gradle.api.internal.artifacts.ivyservice.resolveengine.graph.builder.NodeState] com.google.guava:guava is excluded from net.minecraftforge:artifactural:3.0.20(runtimeElements) by "excludes everything".
2025-12-28T12:06:51.995+0800 [DEBUG] [org.gradle.api.internal.artifacts.ivyservice.resolveengine.graph.builder.NodeState] net.minecraftforge:unsafe is excluded from net.minecraftforge:artifactural:3.0.20(runtimeElements) by "excludes everything".
2025-12-28T12:06:51.995+0800 [DEBUG] [org.gradle.api.internal.artifacts.ivyservice.resolveengine.graph.builder.DependencyGraphBuilder] Visiting configuration net.minecraftforge:unsafe:0.2.0(runtime).
2025-12-28T12:06:51.995+0800 [DEBUG] [org.gradle.api.internal.artifacts.ivyservice.resolveengine.graph.builder.NodeState] org.apache.logging.log4j:log4j-api is excluded from net.minecraftforge:unsafe:0.2.0(runtime) by "excludes everything".
2025-12-28T12:06:51.996+0800 [DEBUG] [org.gradle.api.internal.artifacts.ivyservice.resolveengine.graph.builder.NodeState] org.apache.logging.log4j:log4j-core is excluded from net.minecraftforge:unsafe:0.2.0(runtime) by "excludes everything".
2025-12-28T12:06:51.996+0800 [DEBUG] [org.gradle.api.internal.artifacts.ivyservice.resolveengine.graph.builder.DependencyGraphBuilder] Visiting configuration org.apache.maven:maven-artifact:3.9.1(runtime).
2025-12-28T12:06:52.002+0800 [DEBUG] [org.gradle.api.internal.artifacts.ivyservice.ivyresolve.RepositoryChainComponentMetaDataResolver] Attempting to resolve component for org.codehaus.plexus:plexus-utils:3.5.1 using repositories [Gradle Central Plugin Repository, MinecraftForge]
2025-12-28T12:06:52.002+0800 [DEBUG] [org.gradle.api.internal.artifacts.ivyservice.ivyresolve.CachingModuleComponentRepository] Using cached module metadata for module 'org.codehaus.plexus:plexus-utils:3.5.1' in 'Gradle Central Plugin Repository'
2025-12-28T12:06:52.003+0800 [DEBUG] [org.gradle.api.internal.artifacts.ivyservice.ivyresolve.RepositoryChainComponentMetaDataResolver] Using org.codehaus.plexus:plexus-utils:3.5.1 from Maven repository 'Gradle Central Plugin Repository'
2025-12-28T12:06:52.003+0800 [DEBUG] [org.gradle.api.internal.artifacts.ivyservice.ivyresolve.RepositoryChainComponentMetaDataResolver] Attempting to resolve component for org.apache.commons:commons-lang3:3.8.1 using repositories [Gradle Central Plugin Repository, MinecraftForge]
2025-12-28T12:06:52.003+0800 [DEBUG] [org.gradle.api.internal.artifacts.ivyservice.ivyresolve.CachingModuleComponentRepository] Using cached module metadata for module 'org.apache.commons:commons-lang3:3.8.1' in 'Gradle Central Plugin Repository'
2025-12-28T12:06:52.003+0800 [DEBUG] [org.gradle.api.internal.artifacts.ivyservice.ivyresolve.RepositoryChainComponentMetaDataResolver] Using org.apache.commons:commons-lang3:3.8.1 from Maven repository 'Gradle Central Plugin Repository'
2025-12-28T12:06:52.004+0800 [DEBUG] [org.gradle.api.internal.artifacts.ivyservice.resolveengine.graph.builder.DependencyGraphBuilder] Visiting configuration org.apache.httpcomponents:httpclient:4.5.14(runtime).
2025-12-28T12:06:52.012+0800 [DEBUG] [org.gradle.api.internal.artifacts.ivyservice.ivyresolve.RepositoryChainComponentMetaDataResolver] Attempting to resolve component for org.apache.httpcomponents:httpcore:4.4.16 using repositories [Gradle Central Plugin Repository, MinecraftForge]
2025-12-28T12:06:52.013+0800 [DEBUG] [org.gradle.api.internal.artifacts.ivyservice.ivyresolve.CachingModuleComponentRepository] Using cached module metadata for module 'org.apache.httpcomponents:httpcore:4.4.16' in 'Gradle Central Plugin Repository'
2025-12-28T12:06:52.013+0800 [DEBUG] [org.gradle.api.internal.artifacts.ivyservice.ivyresolve.RepositoryChainComponentMetaDataResolver] Using org.apache.httpcomponents:httpcore:4.4.16 from Maven repository 'Gradle Central Plugin Repository'
2025-12-28T12:06:52.013+0800 [DEBUG] [org.gradle.api.internal.artifacts.ivyservice.ivyresolve.RepositoryChainComponentMetaDataResolver] Attempting to resolve component for commons-logging:commons-logging:1.2 using repositories [Gradle Central Plugin Repository, MinecraftForge]
2025-12-28T12:06:52.013+0800 [DEBUG] [org.gradle.api.internal.artifacts.ivyservice.ivyresolve.CachingModuleComponentRepository] Using cached module metadata for module 'commons-logging:commons-logging:1.2' in 'Gradle Central Plugin Repository'
2025-12-28T12:06:52.013+0800 [DEBUG] [org.gradle.api.internal.artifacts.ivyservice.ivyresolve.RepositoryChainComponentMetaDataResolver] Using commons-logging:commons-logging:1.2 from Maven repository 'Gradle Central Plugin Repository'
2025-12-28T12:06:52.014+0800 [DEBUG] [org.gradle.api.internal.artifacts.ivyservice.ivyresolve.RepositoryChainComponentMetaDataResolver] Attempting to resolve component for commons-codec:commons-codec:1.11 using repositories [Gradle Central Plugin Repository, MinecraftForge]
2025-12-28T12:06:52.014+0800 [DEBUG] [org.gradle.api.internal.artifacts.ivyservice.ivyresolve.CachingModuleComponentRepository] Using cached module metadata for module 'commons-codec:commons-codec:1.11' in 'Gradle Central Plugin Repository'
2025-12-28T12:06:52.014+0800 [DEBUG] [org.gradle.api.internal.artifacts.ivyservice.ivyresolve.RepositoryChainComponentMetaDataResolver] Using commons-codec:commons-codec:1.11 from Maven repository 'Gradle Central Plugin Repository'
2025-12-28T12:06:52.014+0800 [DEBUG] [org.gradle.api.internal.artifacts.ivyservice.resolveengine.graph.builder.DependencyGraphBuilder] Visiting configuration net.minecraftforge:srgutils:0.5.10(runtimeElements).
2025-12-28T12:06:52.014+0800 [DEBUG] [org.gradle.api.internal.artifacts.ivyservice.resolveengine.graph.builder.DependencyGraphBuilder] Visiting configuration net.minecraftforge:DiffPatch:2.0.12(runtimeElements).
2025-12-28T12:06:52.017+0800 [DEBUG] [org.gradle.api.internal.artifacts.ivyservice.ivyresolve.RepositoryChainComponentMetaDataResolver] Attempting to resolve component for org.apache.commons:commons-lang3:3.9 using repositories [Gradle Central Plugin Repository, MinecraftForge]
2025-12-28T12:06:52.020+0800 [DEBUG] [org.gradle.api.internal.artifacts.ivyservice.ivyresolve.CachingModuleComponentRepository] Using cached module metadata for module 'org.apache.commons:commons-lang3:3.9' in 'Gradle Central Plugin Repository'
2025-12-28T12:06:52.020+0800 [DEBUG] [org.gradle.api.internal.artifacts.ivyservice.ivyresolve.RepositoryChainComponentMetaDataResolver] Using org.apache.commons:commons-lang3:3.9 from Maven repository 'Gradle Central Plugin Repository'
2025-12-28T12:06:52.032+0800 [DEBUG] [org.gradle.api.internal.artifacts.ivyservice.ivyresolve.RepositoryChainComponentMetaDataResolver] Attempting to resolve component for it.unimi.dsi:fastutil:8.3.1 using repositories [Gradle Central Plugin Repository, MinecraftForge]
2025-12-28T12:06:52.032+0800 [DEBUG] [org.gradle.api.internal.artifacts.ivyservice.ivyresolve.CachingModuleComponentRepository] Using cached module metadata for module 'it.unimi.dsi:fastutil:8.3.1' in 'Gradle Central Plugin Repository'
2025-12-28T12:06:52.032+0800 [DEBUG] [org.gradle.api.internal.artifacts.ivyservice.ivyresolve.RepositoryChainComponentMetaDataResolver] Using it.unimi.dsi:fastutil:8.3.1 from Maven repository 'Gradle Central Plugin Repository'
2025-12-28T12:06:52.032+0800 [DEBUG] [org.gradle.api.internal.artifacts.ivyservice.ivyresolve.RepositoryChainComponentMetaDataResolver] Attempting to resolve component for org.apache.commons:commons-compress:1.18 using repositories [Gradle Central Plugin Repository, MinecraftForge]
2025-12-28T12:06:52.033+0800 [DEBUG] [org.gradle.api.internal.artifacts.ivyservice.ivyresolve.CachingModuleComponentRepository] Using cached module metadata for module 'org.apache.commons:commons-compress:1.18' in 'Gradle Central Plugin Repository'
2025-12-28T12:06:52.033+0800 [DEBUG] [org.gradle.api.internal.artifacts.ivyservice.ivyresolve.RepositoryChainComponentMetaDataResolver] Using org.apache.commons:commons-compress:1.18 from Maven repository 'Gradle Central Plugin Repository'
2025-12-28T12:06:52.033+0800 [DEBUG] [org.gradle.api.internal.artifacts.ivyservice.ivyresolve.RepositoryChainComponentMetaDataResolver] Attempting to resolve component for org.tukaani:xz:1.8 using repositories [Gradle Central Plugin Repository, MinecraftForge]
2025-12-28T12:06:52.033+0800 [DEBUG] [org.gradle.api.internal.artifacts.ivyservice.ivyresolve.CachingModuleComponentRepository] Using cached module metadata for module 'org.tukaani:xz:1.8' in 'Gradle Central Plugin Repository'
2025-12-28T12:06:52.033+0800 [DEBUG] [org.gradle.api.internal.artifacts.ivyservice.ivyresolve.RepositoryChainComponentMetaDataResolver] Using org.tukaani:xz:1.8 from Maven repository 'Gradle Central Plugin Repository'
2025-12-28T12:06:52.033+0800 [DEBUG] [org.gradle.api.internal.artifacts.ivyservice.ivyresolve.RepositoryChainComponentMetaDataResolver] Attempting to resolve component for net.sf.jopt-simple:jopt-simple:5.0.4 using repositories [Gradle Central Plugin Repository, MinecraftForge]
2025-12-28T12:06:52.033+0800 [DEBUG] [org.gradle.api.internal.artifacts.ivyservice.ivyresolve.CachingModuleComponentRepository] Using cached module metadata for module 'net.sf.jopt-simple:jopt-simple:5.0.4' in 'Gradle Central Plugin Repository'
2025-12-28T12:06:52.034+0800 [DEBUG] [org.gradle.api.internal.artifacts.ivyservice.ivyresolve.RepositoryChainComponentMetaDataResolver] Using net.sf.jopt-simple:jopt-simple:5.0.4 from Maven repository 'Gradle Central Plugin Repository'
2025-12-28T12:06:52.034+0800 [DEBUG] [org.gradle.api.internal.artifacts.ivyservice.resolveengine.graph.builder.DependencyGraphBuilder] Visiting configuration net.minecraftforge:JarJarMetadata:0.3.19(runtimeElements).
2025-12-28T12:06:52.043+0800 [DEBUG] [org.gradle.api.internal.artifacts.ivyservice.ivyresolve.RepositoryChainComponentMetaDataResolver] Attempting to resolve component for com.machinezoo.noexception:noexception:1.7.1 using repositories [Gradle Central Plugin Repository, MinecraftForge]
2025-12-28T12:06:52.043+0800 [DEBUG] [org.gradle.api.internal.artifacts.ivyservice.ivyresolve.CachingModuleComponentRepository] Using cached module metadata for module 'com.machinezoo.noexception:noexception:1.7.1' in 'Gradle Central Plugin Repository'
2025-12-28T12:06:52.043+0800 [DEBUG] [org.gradle.api.internal.artifacts.ivyservice.ivyresolve.RepositoryChainComponentMetaDataResolver] Using com.machinezoo.noexception:noexception:1.7.1 from Maven repository 'Gradle Central Plugin Repository'
2025-12-28T12:06:52.043+0800 [DEBUG] [org.gradle.api.internal.artifacts.ivyservice.ivyresolve.RepositoryChainComponentMetaDataResolver] Attempting to resolve component for org.slf4j:slf4j-api:1.7.30 using repositories [Gradle Central Plugin Repository, MinecraftForge]
2025-12-28T12:06:52.043+0800 [DEBUG] [org.gradle.api.internal.artifacts.ivyservice.ivyresolve.CachingModuleComponentRepository] Using cached module metadata for module 'org.slf4j:slf4j-api:1.7.30' in 'Gradle Central Plugin Repository'
2025-12-28T12:06:52.044+0800 [DEBUG] [org.gradle.api.internal.artifacts.ivyservice.ivyresolve.RepositoryChainComponentMetaDataResolver] Using org.slf4j:slf4j-api:1.7.30 from Maven repository 'Gradle Central Plugin Repository'
2025-12-28T12:06:52.044+0800 [DEBUG] [org.gradle.api.internal.artifacts.ivyservice.ivyresolve.RepositoryChainComponentMetaDataResolver] Attempting to resolve component for org.slf4j:slf4j-simple:1.7.30 using repositories [Gradle Central Plugin Repository, MinecraftForge]
2025-12-28T12:06:52.045+0800 [DEBUG] [org.gradle.api.internal.artifacts.ivyservice.ivyresolve.CachingModuleComponentRepository] Using cached module metadata for module 'org.slf4j:slf4j-simple:1.7.30' in 'Gradle Central Plugin Repository'
2025-12-28T12:06:52.045+0800 [DEBUG] [org.gradle.api.internal.artifacts.ivyservice.ivyresolve.RepositoryChainComponentMetaDataResolver] Using org.slf4j:slf4j-simple:1.7.30 from Maven repository 'Gradle Central Plugin Repository'
2025-12-28T12:06:52.045+0800 [DEBUG] [org.gradle.api.internal.artifacts.ivyservice.resolveengine.graph.builder.DependencyGraphBuilder] Visiting configuration net.minecraftforge:JarJarSelector:0.3.19(runtimeElements).
2025-12-28T12:06:52.046+0800 [DEBUG] [org.gradle.api.internal.artifacts.ivyservice.resolveengine.graph.builder.DependencyGraphBuilder] Visiting configuration com.google.guava:failureaccess:1.0.1(runtime).
2025-12-28T12:06:52.046+0800 [DEBUG] [org.gradle.api.internal.artifacts.ivyservice.resolveengine.graph.builder.DependencyGraphBuilder] Visiting configuration com.google.guava:listenablefuture:9999.0-empty-to-avoid-conflict-with-guava(runtime).
2025-12-28T12:06:52.047+0800 [DEBUG] [org.gradle.api.internal.artifacts.ivyservice.resolveengine.graph.builder.DependencyGraphBuilder] Visiting configuration com.google.code.findbugs:jsr305:3.0.2(runtime).
2025-12-28T12:06:52.047+0800 [DEBUG] [org.gradle.api.internal.artifacts.ivyservice.resolveengine.graph.builder.DependencyGraphBuilder] Visiting configuration org.checkerframework:checker-qual:3.12.0(runtimeElements).
2025-12-28T12:06:52.047+0800 [DEBUG] [org.gradle.api.internal.artifacts.ivyservice.resolveengine.graph.builder.DependencyGraphBuilder] Visiting configuration com.google.errorprone:error_prone_annotations:2.11.0(runtime).
2025-12-28T12:06:52.047+0800 [DEBUG] [org.gradle.api.internal.artifacts.ivyservice.resolveengine.graph.builder.DependencyGraphBuilder] Visiting configuration com.google.j2objc:j2objc-annotations:1.3(runtime).
2025-12-28T12:06:52.047+0800 [DEBUG] [org.gradle.api.internal.artifacts.ivyservice.resolveengine.graph.builder.DependencyGraphBuilder] Visiting configuration org.codehaus.plexus:plexus-utils:3.5.1(runtime).
2025-12-28T12:06:52.047+0800 [DEBUG] [org.gradle.api.internal.artifacts.ivyservice.resolveengine.graph.builder.DependencyGraphBuilder] Visiting configuration org.apache.commons:commons-lang3:3.8.1(runtime).
2025-12-28T12:06:52.047+0800 [DEBUG] [org.gradle.api.internal.artifacts.ivyservice.resolveengine.graph.builder.DependencyGraphBuilder] Visiting configuration org.apache.httpcomponents:httpcore:4.4.16(runtime).
2025-12-28T12:06:52.047+0800 [DEBUG] [org.gradle.api.internal.artifacts.ivyservice.resolveengine.graph.builder.DependencyGraphBuilder] Visiting configuration commons-logging:commons-logging:1.2(runtime).
2025-12-28T12:06:52.048+0800 [DEBUG] [org.gradle.api.internal.artifacts.ivyservice.resolveengine.graph.builder.DependencyGraphBuilder] Visiting configuration commons-codec:commons-codec:1.11(runtime).
2025-12-28T12:06:52.048+0800 [DEBUG] [org.gradle.api.internal.artifacts.ivyservice.resolveengine.graph.builder.DependencyGraphBuilder] Visiting configuration org.apache.commons:commons-lang3:3.9(runtime).
2025-12-28T12:06:52.048+0800 [DEBUG] [org.gradle.api.internal.artifacts.ivyservice.resolveengine.graph.builder.DependencyGraphBuilder] Visiting configuration it.unimi.dsi:fastutil:8.3.1(runtime).
2025-12-28T12:06:52.048+0800 [DEBUG] [org.gradle.api.internal.artifacts.ivyservice.resolveengine.graph.builder.DependencyGraphBuilder] Visiting configuration org.apache.commons:commons-compress:1.18(runtime).
2025-12-28T12:06:52.048+0800 [DEBUG] [org.gradle.api.internal.artifacts.ivyservice.resolveengine.graph.builder.DependencyGraphBuilder] Visiting configuration org.tukaani:xz:1.8(runtime).
2025-12-28T12:06:52.048+0800 [DEBUG] [org.gradle.api.internal.artifacts.ivyservice.resolveengine.graph.builder.DependencyGraphBuilder] Visiting configuration net.sf.jopt-simple:jopt-simple:5.0.4(runtime).
2025-12-28T12:06:52.048+0800 [DEBUG] [org.gradle.api.internal.artifacts.ivyservice.resolveengine.graph.builder.DependencyGraphBuilder] Visiting configuration org.apache.maven:maven-artifact:3.9.1(runtime).
2025-12-28T12:06:52.048+0800 [DEBUG] [org.gradle.api.internal.artifacts.ivyservice.resolveengine.graph.builder.NodeState] Changed edges for org.apache.maven:maven-artifact:3.9.1(runtime) selects same versions as previous traversal. ignoring
2025-12-28T12:06:52.049+0800 [DEBUG] [org.gradle.api.internal.artifacts.ivyservice.resolveengine.graph.builder.DependencyGraphBuilder] Visiting configuration com.google.code.gson:gson:2.10.1(runtime).
2025-12-28T12:06:52.049+0800 [DEBUG] [org.gradle.api.internal.artifacts.ivyservice.resolveengine.graph.builder.NodeState] Changed edges for com.google.code.gson:gson:2.10.1(runtime) selects same versions as previous traversal. ignoring
2025-12-28T12:06:52.049+0800 [DEBUG] [org.gradle.api.internal.artifacts.ivyservice.resolveengine.graph.builder.DependencyGraphBuilder] Visiting configuration com.google.guava:guava:31.1-jre(runtime).
2025-12-28T12:06:52.049+0800 [DEBUG] [org.gradle.api.internal.artifacts.ivyservice.resolveengine.graph.builder.NodeState] Changed edges for com.google.guava:guava:31.1-jre(runtime) selects same versions as previous traversal. ignoring
2025-12-28T12:06:52.049+0800 [DEBUG] [org.gradle.api.internal.artifacts.ivyservice.resolveengine.graph.builder.DependencyGraphBuilder] Visiting configuration com.machinezoo.noexception:noexception:1.7.1(runtime).
2025-12-28T12:06:52.049+0800 [DEBUG] [org.gradle.api.internal.artifacts.ivyservice.resolveengine.graph.builder.DependencyGraphBuilder] Visiting configuration org.slf4j:slf4j-api:1.7.30(runtime).
2025-12-28T12:06:52.049+0800 [DEBUG] [org.gradle.api.internal.artifacts.ivyservice.resolveengine.graph.builder.DependencyGraphBuilder] Visiting configuration org.slf4j:slf4j-simple:1.7.30(runtime).
2025-12-28T12:06:52.050+0800 [DEBUG] [org.gradle.api.internal.artifacts.ivyservice.resolveengine.graph.builder.DependencyGraphBuilder] Visiting configuration net.minecraftforge:JarJarMetadata:0.3.19(runtimeElements).
2025-12-28T12:06:52.050+0800 [DEBUG] [org.gradle.api.internal.artifacts.ivyservice.resolveengine.graph.builder.NodeState] Changed edges for net.minecraftforge:JarJarMetadata:0.3.19(runtimeElements) selects same versions as previous traversal. ignoring
2025-12-28T12:06:52.050+0800 [DEBUG] [org.gradle.api.internal.artifacts.ivyservice.resolveengine.graph.builder.DependencyGraphBuilder] Visiting configuration org.slf4j:slf4j-api:1.7.30(runtime).
2025-12-28T12:06:52.050+0800 [DEBUG] [org.gradle.api.internal.artifacts.ivyservice.resolveengine.graph.builder.NodeState] Changed edges for org.slf4j:slf4j-api:1.7.30(runtime) selects same versions as previous traversal. ignoring
2025-12-28T12:06:52.053+0800 [DEBUG] [org.gradle.api.internal.artifacts.ivyservice.resolveengine.oldresult.TransientConfigurationResultsBuilder] Flushing resolved configuration data in Binary store in C:\Users\StesssQQy\.gradle\.tmp\gradle10721875900379424049.bin. Wrote root 68.
2025-12-28T12:06:52.054+0800 [DEBUG] [org.gradle.internal.operations.DefaultBuildOperationRunner] Build operation 'Resolve dependencies of classpath' completed
2025-12-28T12:06:52.055+0800 [DEBUG] [org.gradle.internal.component.model.LoggingAttributeMatchingExplanationBuilder] Selected match net.minecraftforge.gradle:net.minecraftforge.gradle.gradle.plugin:6.0.46 configuration runtime from candidates [net.minecraftforge.gradle:net.minecraftforge.gradle.gradle.plugin:6.0.46 configuration runtime] for {org.gradle.category=library, org.gradle.dependency.bundling=external, org.gradle.jvm.version=17, org.gradle.libraryelements=jar, org.gradle.plugin.api-version=8.13, org.gradle.usage=java-runtime}
2025-12-28T12:06:52.055+0800 [DEBUG] [org.gradle.internal.component.model.LoggingAttributeMatchingExplanationBuilder] Selected match net.minecraftforge.gradle:ForgeGradle:6.0.46 variant runtimeElements from candidates [net.minecraftforge.gradle:ForgeGradle:6.0.46 variant runtimeElements] for {org.gradle.category=library, org.gradle.dependency.bundling=external, org.gradle.jvm.version=17, org.gradle.libraryelements=jar, org.gradle.plugin.api-version=8.13, org.gradle.usage=java-runtime}
2025-12-28T12:06:52.055+0800 [DEBUG] [org.gradle.internal.component.model.LoggingAttributeMatchingExplanationBuilder] Selected match commons-io:commons-io:2.11.0 configuration runtime from candidates [commons-io:commons-io:2.11.0 configuration runtime] for {org.gradle.category=library, org.gradle.dependency.bundling=external, org.gradle.jvm.version=17, org.gradle.libraryelements=jar, org.gradle.plugin.api-version=8.13, org.gradle.usage=java-runtime}
2025-12-28T12:06:52.055+0800 [DEBUG] [org.gradle.internal.component.model.LoggingAttributeMatchingExplanationBuilder] Selected match net.minecraftforge:JarJarSelector:0.3.19 variant runtimeElements from candidates [net.minecraftforge:JarJarSelector:0.3.19 variant runtimeElements] for {org.gradle.category=library, org.gradle.dependency.bundling=external, org.gradle.jvm.version=17, org.gradle.libraryelements=jar, org.gradle.plugin.api-version=8.13, org.gradle.usage=java-runtime}
2025-12-28T12:06:52.056+0800 [DEBUG] [org.gradle.internal.component.model.LoggingAttributeMatchingExplanationBuilder] Selected match net.minecraftforge:JarJarMetadata:0.3.19 variant runtimeElements from candidates [net.minecraftforge:JarJarMetadata:0.3.19 variant runtimeElements] for {org.gradle.category=library, org.gradle.dependency.bundling=external, org.gradle.jvm.version=17, org.gradle.libraryelements=jar, org.gradle.plugin.api-version=8.13, org.gradle.usage=java-runtime}
2025-12-28T12:06:52.056+0800 [DEBUG] [org.gradle.internal.component.model.LoggingAttributeMatchingExplanationBuilder] Selected match com.google.code.gson:gson:2.10.1 configuration runtime from candidates [com.google.code.gson:gson:2.10.1 configuration runtime] for {org.gradle.category=library, org.gradle.dependency.bundling=external, org.gradle.jvm.version=17, org.gradle.libraryelements=jar, org.gradle.plugin.api-version=8.13, org.gradle.usage=java-runtime}
2025-12-28T12:06:52.056+0800 [DEBUG] [org.gradle.internal.component.model.LoggingAttributeMatchingExplanationBuilder] Selected match com.google.guava:guava:31.1-jre configuration runtime from candidates [com.google.guava:guava:31.1-jre configuration runtime] for {org.gradle.category=library, org.gradle.dependency.bundling=external, org.gradle.jvm.version=17, org.gradle.libraryelements=jar, org.gradle.plugin.api-version=8.13, org.gradle.usage=java-runtime}
2025-12-28T12:06:52.056+0800 [DEBUG] [org.gradle.internal.component.model.LoggingAttributeMatchingExplanationBuilder] Selected match de.siegmar:fastcsv:2.2.1 variant runtimeElements from candidates [de.siegmar:fastcsv:2.2.1 variant runtimeElements] for {org.gradle.category=library, org.gradle.dependency.bundling=external, org.gradle.jvm.version=17, org.gradle.libraryelements=jar, org.gradle.plugin.api-version=8.13, org.gradle.usage=java-runtime}
2025-12-28T12:06:52.056+0800 [DEBUG] [org.gradle.internal.component.model.LoggingAttributeMatchingExplanationBuilder] Selected match net.minecraftforge:artifactural:3.0.20 variant runtimeElements from candidates [net.minecraftforge:artifactural:3.0.20 variant runtimeElements] for {org.gradle.category=library, org.gradle.dependency.bundling=external, org.gradle.jvm.version=17, org.gradle.libraryelements=jar, org.gradle.plugin.api-version=8.13, org.gradle.usage=java-runtime}
2025-12-28T12:06:52.056+0800 [DEBUG] [org.gradle.internal.component.model.LoggingAttributeMatchingExplanationBuilder] Selected match net.minecraftforge:unsafe:0.2.0 configuration runtime from candidates [net.minecraftforge:unsafe:0.2.0 configuration runtime] for {org.gradle.category=library, org.gradle.dependency.bundling=external, org.gradle.jvm.version=17, org.gradle.libraryelements=jar, org.gradle.plugin.api-version=8.13, org.gradle.usage=java-runtime}
2025-12-28T12:06:52.056+0800 [DEBUG] [org.gradle.internal.component.model.LoggingAttributeMatchingExplanationBuilder] Selected match org.apache.maven:maven-artifact:3.9.1 configuration runtime from candidates [org.apache.maven:maven-artifact:3.9.1 configuration runtime] for {org.gradle.category=library, org.gradle.dependency.bundling=external, org.gradle.jvm.version=17, org.gradle.libraryelements=jar, org.gradle.plugin.api-version=8.13, org.gradle.usage=java-runtime}
2025-12-28T12:06:52.057+0800 [DEBUG] [org.gradle.internal.component.model.LoggingAttributeMatchingExplanationBuilder] Selected match org.apache.httpcomponents:httpclient:4.5.14 configuration runtime from candidates [org.apache.httpcomponents:httpclient:4.5.14 configuration runtime] for {org.gradle.category=library, org.gradle.dependency.bundling=external, org.gradle.jvm.version=17, org.gradle.libraryelements=jar, org.gradle.plugin.api-version=8.13, org.gradle.usage=java-runtime}
2025-12-28T12:06:52.057+0800 [DEBUG] [org.gradle.internal.component.model.LoggingAttributeMatchingExplanationBuilder] Selected match net.minecraftforge:srgutils:0.5.10 variant runtimeElements from candidates [net.minecraftforge:srgutils:0.5.10 variant runtimeElements] for {org.gradle.category=library, org.gradle.dependency.bundling=external, org.gradle.jvm.version=17, org.gradle.libraryelements=jar, org.gradle.plugin.api-version=8.13, org.gradle.usage=java-runtime}
2025-12-28T12:06:52.059+0800 [DEBUG] [org.gradle.internal.component.model.LoggingAttributeMatchingExplanationBuilder] Selected match adhoc variant for net.minecraftforge:DiffPatch:2.0.12 from candidates [adhoc variant for net.minecraftforge:DiffPatch:2.0.12] for {org.gradle.category=library, org.gradle.dependency.bundling=external, org.gradle.jvm.version=17, org.gradle.libraryelements=jar, org.gradle.plugin.api-version=8.13, org.gradle.usage=java-runtime}
2025-12-28T12:06:52.060+0800 [DEBUG] [org.gradle.internal.component.model.LoggingAttributeMatchingExplanationBuilder] Selected match com.google.guava:failureaccess:1.0.1 configuration runtime from candidates [com.google.guava:failureaccess:1.0.1 configuration runtime] for {org.gradle.category=library, org.gradle.dependency.bundling=external, org.gradle.jvm.version=17, org.gradle.libraryelements=jar, org.gradle.plugin.api-version=8.13, org.gradle.usage=java-runtime}
2025-12-28T12:06:52.060+0800 [DEBUG] [org.gradle.internal.component.model.LoggingAttributeMatchingExplanationBuilder] Selected match com.google.guava:listenablefuture:9999.0-empty-to-avoid-conflict-with-guava configuration runtime from candidates [com.google.guava:listenablefuture:9999.0-empty-to-avoid-conflict-with-guava configuration runtime] for {org.gradle.category=library, org.gradle.dependency.bundling=external, org.gradle.jvm.version=17, org.gradle.libraryelements=jar, org.gradle.plugin.api-version=8.13, org.gradle.usage=java-runtime}
2025-12-28T12:06:52.061+0800 [DEBUG] [org.gradle.internal.component.model.LoggingAttributeMatchingExplanationBuilder] Selected match com.google.code.findbugs:jsr305:3.0.2 configuration runtime from candidates [com.google.code.findbugs:jsr305:3.0.2 configuration runtime] for {org.gradle.category=library, org.gradle.dependency.bundling=external, org.gradle.jvm.version=17, org.gradle.libraryelements=jar, org.gradle.plugin.api-version=8.13, org.gradle.usage=java-runtime}
2025-12-28T12:06:52.061+0800 [DEBUG] [org.gradle.internal.component.model.LoggingAttributeMatchingExplanationBuilder] Selected match org.checkerframework:checker-qual:3.12.0 variant runtimeElements from candidates [org.checkerframework:checker-qual:3.12.0 variant runtimeElements] for {org.gradle.category=library, org.gradle.dependency.bundling=external, org.gradle.jvm.version=17, org.gradle.libraryelements=jar, org.gradle.plugin.api-version=8.13, org.gradle.usage=java-runtime}
2025-12-28T12:06:52.062+0800 [DEBUG] [org.gradle.internal.component.model.LoggingAttributeMatchingExplanationBuilder] Selected match com.google.errorprone:error_prone_annotations:2.11.0 configuration runtime from candidates [com.google.errorprone:error_prone_annotations:2.11.0 configuration runtime] for {org.gradle.category=library, org.gradle.dependency.bundling=external, org.gradle.jvm.version=17, org.gradle.libraryelements=jar, org.gradle.plugin.api-version=8.13, org.gradle.usage=java-runtime}
2025-12-28T12:06:52.062+0800 [DEBUG] [org.gradle.internal.component.model.LoggingAttributeMatchingExplanationBuilder] Selected match com.google.j2objc:j2objc-annotations:1.3 configuration runtime from candidates [com.google.j2objc:j2objc-annotations:1.3 configuration runtime] for {org.gradle.category=library, org.gradle.dependency.bundling=external, org.gradle.jvm.version=17, org.gradle.libraryelements=jar, org.gradle.plugin.api-version=8.13, org.gradle.usage=java-runtime}
2025-12-28T12:06:52.062+0800 [DEBUG] [org.gradle.internal.component.model.LoggingAttributeMatchingExplanationBuilder] Selected match org.codehaus.plexus:plexus-utils:3.5.1 configuration runtime from candidates [org.codehaus.plexus:plexus-utils:3.5.1 configuration runtime] for {org.gradle.category=library, org.gradle.dependency.bundling=external, org.gradle.jvm.version=17, org.gradle.libraryelements=jar, org.gradle.plugin.api-version=8.13, org.gradle.usage=java-runtime}
2025-12-28T12:06:52.063+0800 [DEBUG] [org.gradle.internal.component.model.LoggingAttributeMatchingExplanationBuilder] Selected match org.apache.commons:commons-lang3:3.9 configuration runtime from candidates [org.apache.commons:commons-lang3:3.9 configuration runtime] for {org.gradle.category=library, org.gradle.dependency.bundling=external, org.gradle.jvm.version=17, org.gradle.libraryelements=jar, org.gradle.plugin.api-version=8.13, org.gradle.usage=java-runtime}
2025-12-28T12:06:52.063+0800 [DEBUG] [org.gradle.internal.component.model.LoggingAttributeMatchingExplanationBuilder] Selected match org.apache.httpcomponents:httpcore:4.4.16 configuration runtime from candidates [org.apache.httpcomponents:httpcore:4.4.16 configuration runtime] for {org.gradle.category=library, org.gradle.dependency.bundling=external, org.gradle.jvm.version=17, org.gradle.libraryelements=jar, org.gradle.plugin.api-version=8.13, org.gradle.usage=java-runtime}
2025-12-28T12:06:52.063+0800 [DEBUG] [org.gradle.internal.component.model.LoggingAttributeMatchingExplanationBuilder] Selected match commons-logging:commons-logging:1.2 configuration runtime from candidates [commons-logging:commons-logging:1.2 configuration runtime] for {org.gradle.category=library, org.gradle.dependency.bundling=external, org.gradle.jvm.version=17, org.gradle.libraryelements=jar, org.gradle.plugin.api-version=8.13, org.gradle.usage=java-runtime}
2025-12-28T12:06:52.063+0800 [DEBUG] [org.gradle.internal.component.model.LoggingAttributeMatchingExplanationBuilder] Selected match commons-codec:commons-codec:1.11 configuration runtime from candidates [commons-codec:commons-codec:1.11 configuration runtime] for {org.gradle.category=library, org.gradle.dependency.bundling=external, org.gradle.jvm.version=17, org.gradle.libraryelements=jar, org.gradle.plugin.api-version=8.13, org.gradle.usage=java-runtime}
2025-12-28T12:06:52.064+0800 [DEBUG] [org.gradle.internal.component.model.LoggingAttributeMatchingExplanationBuilder] Selected match it.unimi.dsi:fastutil:8.3.1 configuration runtime from candidates [it.unimi.dsi:fastutil:8.3.1 configuration runtime] for {org.gradle.category=library, org.gradle.dependency.bundling=external, org.gradle.jvm.version=17, org.gradle.libraryelements=jar, org.gradle.plugin.api-version=8.13, org.gradle.usage=java-runtime}
2025-12-28T12:06:52.064+0800 [DEBUG] [org.gradle.internal.component.model.LoggingAttributeMatchingExplanationBuilder] Selected match org.apache.commons:commons-compress:1.18 configuration runtime from candidates [org.apache.commons:commons-compress:1.18 configuration runtime] for {org.gradle.category=library, org.gradle.dependency.bundling=external, org.gradle.jvm.version=17, org.gradle.libraryelements=jar, org.gradle.plugin.api-version=8.13, org.gradle.usage=java-runtime}
2025-12-28T12:06:52.064+0800 [DEBUG] [org.gradle.internal.component.model.LoggingAttributeMatchingExplanationBuilder] Selected match org.tukaani:xz:1.8 configuration runtime from candidates [org.tukaani:xz:1.8 configuration runtime] for {org.gradle.category=library, org.gradle.dependency.bundling=external, org.gradle.jvm.version=17, org.gradle.libraryelements=jar, org.gradle.plugin.api-version=8.13, org.gradle.usage=java-runtime}
2025-12-28T12:06:52.064+0800 [DEBUG] [org.gradle.internal.component.model.LoggingAttributeMatchingExplanationBuilder] Selected match net.sf.jopt-simple:jopt-simple:5.0.4 configuration runtime from candidates [net.sf.jopt-simple:jopt-simple:5.0.4 configuration runtime] for {org.gradle.category=library, org.gradle.dependency.bundling=external, org.gradle.jvm.version=17, org.gradle.libraryelements=jar, org.gradle.plugin.api-version=8.13, org.gradle.usage=java-runtime}
2025-12-28T12:06:52.064+0800 [DEBUG] [org.gradle.internal.component.model.LoggingAttributeMatchingExplanationBuilder] Selected match com.machinezoo.noexception:noexception:1.7.1 configuration runtime from candidates [com.machinezoo.noexception:noexception:1.7.1 configuration runtime] for {org.gradle.category=library, org.gradle.dependency.bundling=external, org.gradle.jvm.version=17, org.gradle.libraryelements=jar, org.gradle.plugin.api-version=8.13, org.gradle.usage=java-runtime}
2025-12-28T12:06:52.064+0800 [DEBUG] [org.gradle.internal.component.model.LoggingAttributeMatchingExplanationBuilder] Selected match org.slf4j:slf4j-simple:1.7.30 configuration runtime from candidates [org.slf4j:slf4j-simple:1.7.30 configuration runtime] for {org.gradle.category=library, org.gradle.dependency.bundling=external, org.gradle.jvm.version=17, org.gradle.libraryelements=jar, org.gradle.plugin.api-version=8.13, org.gradle.usage=java-runtime}
2025-12-28T12:06:52.064+0800 [DEBUG] [org.gradle.internal.component.model.LoggingAttributeMatchingExplanationBuilder] Selected match org.slf4j:slf4j-api:1.7.30 configuration runtime from candidates [org.slf4j:slf4j-api:1.7.30 configuration runtime] for {org.gradle.category=library, org.gradle.dependency.bundling=external, org.gradle.jvm.version=17, org.gradle.libraryelements=jar, org.gradle.plugin.api-version=8.13, org.gradle.usage=java-runtime}
2025-12-28T12:06:52.068+0800 [DEBUG] [org.gradle.api.internal.artifacts.ivyservice.ivyresolve.CachingModuleComponentRepository] Found artifact 'org.gradle.internal.component.external.model.UrlBackedArtifactMetadata@342ead46' in resolver cache: C:\Users\StesssQQy\.gradle\caches\modules-2\files-2.1\net.minecraftforge\artifactural\3.0.20\c475266f1fac4a80a6bd195fbcc6c5c7720441bd\artifactural-3.0.20.jar
2025-12-28T12:06:52.068+0800 [DEBUG] [org.gradle.internal.operations.DefaultBuildOperationRunner] Build operation 'Resolve artifactural-3.0.20.jar (net.minecraftforge:artifactural:3.0.20)' completed
2025-12-28T12:06:52.069+0800 [DEBUG] [org.gradle.api.internal.artifacts.ivyservice.ivyresolve.CachingModuleComponentRepository] Found artifact 'org.gradle.internal.component.external.model.UrlBackedArtifactMetadata@7375e8e' in resolver cache: C:\Users\StesssQQy\.gradle\caches\modules-2\files-2.1\net.minecraftforge.gradle\ForgeGradle\6.0.46\fd6397755fe54d888fe4312998b30f4ba27f924f\ForgeGradle-6.0.46.jar
2025-12-28T12:06:52.070+0800 [DEBUG] [org.gradle.api.internal.artifacts.ivyservice.ivyresolve.CachingModuleComponentRepository] Found artifact 'org.gradle.internal.component.external.model.UrlBackedArtifactMetadata@196faa0a' in resolver cache: C:\Users\StesssQQy\.gradle\caches\modules-2\files-2.1\de.siegmar\fastcsv\2.2.1\eb4810305e70a7b2452ff469c630299acc2b1880\fastcsv-2.2.1.jar
2025-12-28T12:06:52.070+0800 [DEBUG] [org.gradle.api.internal.artifacts.ivyservice.ivyresolve.CachingModuleComponentRepository] Found artifact 'maven-artifact-3.9.1.jar (org.apache.maven:maven-artifact:3.9.1)' in resolver cache: C:\Users\StesssQQy\.gradle\caches\modules-2\files-2.1\org.apache.maven\maven-artifact\3.9.1\9f8307f12f2e65066dcc4122d92126f46a6ea40\maven-artifact-3.9.1.jar
2025-12-28T12:06:52.071+0800 [DEBUG] [org.gradle.api.internal.artifacts.ivyservice.ivyresolve.CachingModuleComponentRepository] Found artifact 'httpclient-4.5.14.jar (org.apache.httpcomponents:httpclient:4.5.14)' in resolver cache: C:\Users\StesssQQy\.gradle\caches\modules-2\files-2.1\org.apache.httpcomponents\httpclient\4.5.14\1194890e6f56ec29177673f2f12d0b8e627dec98\httpclient-4.5.14.jar
2025-12-28T12:06:52.072+0800 [DEBUG] [org.gradle.api.internal.artifacts.ivyservice.ivyresolve.CachingModuleComponentRepository] Found artifact 'guava-31.1-jre.jar (com.google.guava:guava:31.1-jre)' in resolver cache: C:\Users\StesssQQy\.gradle\caches\modules-2\files-2.1\com.google.guava\guava\31.1-jre\60458f877d055d0c9114d9e1a2efb737b4bc282c\guava-31.1-jre.jar
2025-12-28T12:06:52.074+0800 [DEBUG] [org.gradle.api.internal.artifacts.ivyservice.ivyresolve.CachingModuleComponentRepository] Found artifact 'org.gradle.internal.component.external.model.UrlBackedArtifactMetadata@308cab0' in resolver cache: C:\Users\StesssQQy\.gradle\caches\modules-2\files-2.1\net.minecraftforge\srgutils\0.5.10\e17c35076be020c539ea4c83735f2b40f46a7848\srgutils-0.5.10.jar
2025-12-28T12:06:52.075+0800 [DEBUG] [org.gradle.api.internal.artifacts.ivyservice.ivyresolve.CachingModuleComponentRepository] Found artifact 'DiffPatch-2.0.12-all.jar (net.minecraftforge:DiffPatch:2.0.12)' in resolver cache: C:\Users\StesssQQy\.gradle\caches\modules-2\files-2.1\net.minecraftforge\DiffPatch\2.0.12\7182b5f298c31f28aa50e97016f154b0ad746ad6\DiffPatch-2.0.12-all.jar
2025-12-28T12:06:52.077+0800 [DEBUG] [org.gradle.api.internal.artifacts.ivyservice.ivyresolve.CachingModuleComponentRepository] Found artifact 'gson-2.10.1.jar (com.google.code.gson:gson:2.10.1)' in resolver cache: C:\Users\StesssQQy\.gradle\caches\modules-2\files-2.1\com.google.code.gson\gson\2.10.1\b3add478d4382b78ea20b1671390a858002feb6c\gson-2.10.1.jar
2025-12-28T12:06:52.079+0800 [DEBUG] [org.gradle.api.internal.artifacts.ivyservice.ivyresolve.CachingModuleComponentRepository] Found artifact 'jsr305-3.0.2.jar (com.google.code.findbugs:jsr305:3.0.2)' in resolver cache: C:\Users\StesssQQy\.gradle\caches\modules-2\files-2.1\com.google.code.findbugs\jsr305\3.0.2\25ea2e8b0c338a877313bd4672d3fe056ea78f0d\jsr305-3.0.2.jar
2025-12-28T12:06:52.080+0800 [DEBUG] [org.gradle.api.internal.artifacts.ivyservice.ivyresolve.CachingModuleComponentRepository] Found artifact 'org.gradle.internal.component.external.model.UrlBackedArtifactMetadata@4df0f622' in resolver cache: C:\Users\StesssQQy\.gradle\caches\modules-2\files-2.1\net.minecraftforge\JarJarSelector\0.3.19\376cc9c8ea60720cf027c01fc033de915699801c\JarJarSelector-0.3.19.jar
2025-12-28T12:06:52.081+0800 [DEBUG] [org.gradle.api.internal.artifacts.ivyservice.ivyresolve.CachingModuleComponentRepository] Found artifact 'commons-io-2.11.0.jar (commons-io:commons-io:2.11.0)' in resolver cache: C:\Users\StesssQQy\.gradle\caches\modules-2\files-2.1\commons-io\commons-io\2.11.0\a2503f302b11ebde7ebc3df41daebe0e4eea3689\commons-io-2.11.0.jar
2025-12-28T12:06:52.082+0800 [DEBUG] [org.gradle.api.internal.artifacts.ivyservice.ivyresolve.CachingModuleComponentRepository] Found artifact 'error_prone_annotations-2.11.0.jar (com.google.errorprone:error_prone_annotations:2.11.0)' in resolver cache: C:\Users\StesssQQy\.gradle\caches\modules-2\files-2.1\com.google.errorprone\error_prone_annotations\2.11.0\c5a0ace696d3f8b1c1d8cc036d8c03cc0cbe6b69\error_prone_annotations-2.11.0.jar
2025-12-28T12:06:52.083+0800 [DEBUG] [org.gradle.api.internal.artifacts.ivyservice.ivyresolve.CachingModuleComponentRepository] Found artifact 'org.gradle.internal.component.external.model.UrlBackedArtifactMetadata@7a6919a5' in resolver cache: C:\Users\StesssQQy\.gradle\caches\modules-2\files-2.1\net.minecraftforge\JarJarMetadata\0.3.19\83feaa9b770e6ac0e96ee4fc23fa89325c5fe2\JarJarMetadata-0.3.19.jar
2025-12-28T12:06:52.084+0800 [DEBUG] [org.gradle.api.internal.artifacts.ivyservice.ivyresolve.CachingModuleComponentRepository] Found artifact 'unsafe-0.2.0.jar (net.minecraftforge:unsafe:0.2.0)' in resolver cache: C:\Users\StesssQQy\.gradle\caches\modules-2\files-2.1\net.minecraftforge\unsafe\0.2.0\54d7a0a5e8fdb71b973025caa46f341ae5904f39\unsafe-0.2.0.jar
2025-12-28T12:06:52.085+0800 [DEBUG] [org.gradle.internal.operations.DefaultBuildOperationRunner] Build operation 'Resolve unsafe-0.2.0.jar (net.minecraftforge:unsafe:0.2.0)' completed
2025-12-28T12:06:52.085+0800 [DEBUG] [org.gradle.api.internal.artifacts.ivyservice.ivyresolve.CachingModuleComponentRepository] Found artifact 'listenablefuture-9999.0-empty-to-avoid-conflict-with-guava.jar (com.google.guava:listenablefuture:9999.0-empty-to-avoid-conflict-with-guava)' in resolver cache: C:\Users\StesssQQy\.gradle\caches\modules-2\files-2.1\com.google.guava\listenablefuture\9999.0-empty-to-avoid-conflict-with-guava\b421526c5f297295adef1c886e5246c39d4ac629\listenablefuture-9999.0-empty-to-avoid-conflict-with-guava.jar
2025-12-28T12:06:52.086+0800 [DEBUG] [org.gradle.api.internal.artifacts.ivyservice.ivyresolve.CachingModuleComponentRepository] Found artifact 'failureaccess-1.0.1.jar (com.google.guava:failureaccess:1.0.1)' in resolver cache: C:\Users\StesssQQy\.gradle\caches\modules-2\files-2.1\com.google.guava\failureaccess\1.0.1\1dcf1de382a0bf95a3d8b0849546c88bac1292c9\failureaccess-1.0.1.jar
2025-12-28T12:06:52.087+0800 [DEBUG] [org.gradle.api.internal.artifacts.ivyservice.ivyresolve.CachingModuleComponentRepository] Found artifact 'org.gradle.internal.component.external.model.UrlBackedArtifactMetadata@19f36ac5' in resolver cache: C:\Users\StesssQQy\.gradle\caches\modules-2\files-2.1\org.checkerframework\checker-qual\3.12.0\d5692f0526415fcc6de94bb5bfbd3afd9dd3b3e5\checker-qual-3.12.0.jar
2025-12-28T12:06:52.088+0800 [DEBUG] [org.gradle.api.internal.artifacts.ivyservice.ivyresolve.CachingModuleComponentRepository] Found artifact 'commons-lang3-3.9.jar (org.apache.commons:commons-lang3:3.9)' in resolver cache: C:\Users\StesssQQy\.gradle\caches\modules-2\files-2.1\org.apache.commons\commons-lang3\3.9\122c7cee69b53ed4a7681c03d4ee4c0e2765da5\commons-lang3-3.9.jar
2025-12-28T12:06:52.089+0800 [DEBUG] [org.gradle.api.internal.artifacts.ivyservice.ivyresolve.CachingModuleComponentRepository] Found artifact 'j2objc-annotations-1.3.jar (com.google.j2objc:j2objc-annotations:1.3)' in resolver cache: C:\Users\StesssQQy\.gradle\caches\modules-2\files-2.1\com.google.j2objc\j2objc-annotations\1.3\ba035118bc8bac37d7eff77700720999acd9986d\j2objc-annotations-1.3.jar
2025-12-28T12:06:52.090+0800 [DEBUG] [org.gradle.api.internal.artifacts.ivyservice.ivyresolve.CachingModuleComponentRepository] Found artifact 'commons-logging-1.2.jar (commons-logging:commons-logging:1.2)' in resolver cache: C:\Users\StesssQQy\.gradle\caches\modules-2\files-2.1\commons-logging\commons-logging\1.2\4bfc12adfe4842bf07b657f0369c4cb522955686\commons-logging-1.2.jar
2025-12-28T12:06:52.090+0800 [DEBUG] [org.gradle.internal.operations.DefaultBuildOperationRunner] Build operation 'Resolve commons-logging-1.2.jar (commons-logging:commons-logging:1.2)' completed
2025-12-28T12:06:52.091+0800 [DEBUG] [org.gradle.api.internal.artifacts.ivyservice.ivyresolve.CachingModuleComponentRepository] Found artifact 'commons-compress-1.18.jar (org.apache.commons:commons-compress:1.18)' in resolver cache: C:\Users\StesssQQy\.gradle\caches\modules-2\files-2.1\org.apache.commons\commons-compress\1.18\1191f9f2bc0c47a8cce69193feb1ff0a8bcb37d5\commons-compress-1.18.jar
2025-12-28T12:06:52.092+0800 [DEBUG] [org.gradle.api.internal.artifacts.ivyservice.ivyresolve.CachingModuleComponentRepository] Found artifact 'noexception-1.7.1.jar (com.machinezoo.noexception:noexception:1.7.1)' in resolver cache: C:\Users\StesssQQy\.gradle\caches\modules-2\files-2.1\com.machinezoo.noexception\noexception\1.7.1\b65330c98e38a1f915fa54a6e5eca496505e3f0a\noexception-1.7.1.jar
2025-12-28T12:06:52.092+0800 [DEBUG] [org.gradle.internal.operations.DefaultBuildOperationRunner] Build operation 'Resolve noexception-1.7.1.jar (com.machinezoo.noexception:noexception:1.7.1)' completed
2025-12-28T12:06:52.093+0800 [DEBUG] [org.gradle.api.internal.artifacts.ivyservice.ivyresolve.CachingModuleComponentRepository] Found artifact 'plexus-utils-3.5.1.jar (org.codehaus.plexus:plexus-utils:3.5.1)' in resolver cache: C:\Users\StesssQQy\.gradle\caches\modules-2\files-2.1\org.codehaus.plexus\plexus-utils\3.5.1\c6bfb17c97ecc8863e88778ea301be742c62b06d\plexus-utils-3.5.1.jar
2025-12-28T12:06:52.094+0800 [DEBUG] [org.gradle.api.internal.artifacts.ivyservice.ivyresolve.CachingModuleComponentRepository] Found artifact 'httpcore-4.4.16.jar (org.apache.httpcomponents:httpcore:4.4.16)' in resolver cache: C:\Users\StesssQQy\.gradle\caches\modules-2\files-2.1\org.apache.httpcomponents\httpcore\4.4.16\51cf043c87253c9f58b539c9f7e44c8894223850\httpcore-4.4.16.jar
2025-12-28T12:06:52.095+0800 [DEBUG] [org.gradle.api.internal.artifacts.ivyservice.ivyresolve.CachingModuleComponentRepository] Found artifact 'commons-codec-1.11.jar (commons-codec:commons-codec:1.11)' in resolver cache: C:\Users\StesssQQy\.gradle\caches\modules-2\files-2.1\commons-codec\commons-codec\1.11\3acb4705652e16236558f0f4f2192cc33c3bd189\commons-codec-1.11.jar
2025-12-28T12:06:52.096+0800 [DEBUG] [org.gradle.api.internal.artifacts.ivyservice.ivyresolve.CachingModuleComponentRepository] Found artifact 'fastutil-8.3.1.jar (it.unimi.dsi:fastutil:8.3.1)' in resolver cache: C:\Users\StesssQQy\.gradle\caches\modules-2\files-2.1\it.unimi.dsi\fastutil\8.3.1\ff33b340d60b81f4c1015fa8008bb30ff0a0d53b\fastutil-8.3.1.jar
2025-12-28T12:06:52.097+0800 [DEBUG] [org.gradle.api.internal.artifacts.ivyservice.ivyresolve.CachingModuleComponentRepository] Found artifact 'xz-1.8.jar (org.tukaani:xz:1.8)' in resolver cache: C:\Users\StesssQQy\.gradle\caches\modules-2\files-2.1\org.tukaani\xz\1.8\c4f7d054303948eb6a4066194253886c8af07128\xz-1.8.jar
2025-12-28T12:06:52.099+0800 [DEBUG] [org.gradle.api.internal.artifacts.ivyservice.ivyresolve.CachingModuleComponentRepository] Found artifact 'slf4j-api-1.7.30.jar (org.slf4j:slf4j-api:1.7.30)' in resolver cache: C:\Users\StesssQQy\.gradle\caches\modules-2\files-2.1\org.slf4j\slf4j-api\1.7.30\b5a4b6d16ab13e34a88fae84c35cd5d68cac922c\slf4j-api-1.7.30.jar
2025-12-28T12:06:52.099+0800 [DEBUG] [org.gradle.internal.operations.DefaultBuildOperationRunner] Build operation 'Resolve slf4j-api-1.7.30.jar (org.slf4j:slf4j-api:1.7.30)' completed
2025-12-28T12:06:52.099+0800 [DEBUG] [org.gradle.internal.resources.AbstractTrackedResourceLock] Daemon worker: released lock on state of build :
2025-12-28T12:06:52.100+0800 [DEBUG] [org.gradle.api.internal.artifacts.ivyservice.ivyresolve.CachingModuleComponentRepository] Found artifact 'jopt-simple-5.0.4.jar (net.sf.jopt-simple:jopt-simple:5.0.4)' in resolver cache: C:\Users\StesssQQy\.gradle\caches\modules-2\files-2.1\net.sf.jopt-simple\jopt-simple\5.0.4\4fdac2fbe92dfad86aa6e9301736f6b4342a3f5c\jopt-simple-5.0.4.jar
2025-12-28T12:06:52.100+0800 [DEBUG] [org.gradle.internal.resources.AbstractTrackedResourceLock] Daemon worker: released lock on worker lease
2025-12-28T12:06:52.100+0800 [DEBUG] [org.gradle.api.internal.artifacts.ivyservice.ivyresolve.CachingModuleComponentRepository] Found artifact 'slf4j-simple-1.7.30.jar (org.slf4j:slf4j-simple:1.7.30)' in resolver cache: C:\Users\StesssQQy\.gradle\caches\modules-2\files-2.1\org.slf4j\slf4j-simple\1.7.30\e606eac955f55ecf1d8edcccba04eb8ac98088dd\slf4j-simple-1.7.30.jar
2025-12-28T12:06:52.101+0800 [DEBUG] [org.gradle.internal.resources.AbstractTrackedResourceLock] Daemon worker: acquired lock on state of build :
2025-12-28T12:06:52.101+0800 [DEBUG] [org.gradle.internal.resources.AbstractTrackedResourceLock] Daemon worker: acquired lock on worker lease
2025-12-28T12:06:52.102+0800 [DEBUG] [org.gradle.internal.operations.DefaultBuildOperationRunner] Build operation 'Resolve files of configuration 'classpath'' completed
2025-12-28T12:06:52.103+0800 [DEBUG] [org.gradle.internal.component.model.LoggingAttributeMatchingExplanationBuilder] Candidate net.minecraftforge.gradle:net.minecraftforge.gradle.gradle.plugin:6.0.46 configuration runtime doesn't match attributes {org.gradle.category=library, org.gradle.dependency.bundling=external, org.gradle.internal.instrumented=instrumented-and-upgraded, org.gradle.jvm.version=17, org.gradle.libraryelements=jar, org.gradle.plugin.api-version=8.13, org.gradle.usage=java-runtime}
2025-12-28T12:06:52.103+0800 [DEBUG] [org.gradle.internal.component.model.LoggingAttributeMatchingExplanationBuilder] Candidate net.minecraftforge.gradle:ForgeGradle:6.0.46 variant runtimeElements doesn't match attributes {org.gradle.category=library, org.gradle.dependency.bundling=external, org.gradle.internal.instrumented=instrumented-and-upgraded, org.gradle.jvm.version=17, org.gradle.libraryelements=jar, org.gradle.plugin.api-version=8.13, org.gradle.usage=java-runtime}
2025-12-28T12:06:52.105+0800 [DEBUG] [org.gradle.internal.component.model.LoggingAttributeMatchingExplanationBuilder] Candidate commons-io:commons-io:2.11.0 configuration runtime doesn't match attributes {org.gradle.category=library, org.gradle.dependency.bundling=external, org.gradle.internal.instrumented=instrumented-and-upgraded, org.gradle.jvm.version=17, org.gradle.libraryelements=jar, org.gradle.plugin.api-version=8.13, org.gradle.usage=java-runtime}
2025-12-28T12:06:52.105+0800 [DEBUG] [org.gradle.internal.component.model.LoggingAttributeMatchingExplanationBuilder] Candidate net.minecraftforge:JarJarSelector:0.3.19 variant runtimeElements doesn't match attributes {org.gradle.category=library, org.gradle.dependency.bundling=external, org.gradle.internal.instrumented=instrumented-and-upgraded, org.gradle.jvm.version=17, org.gradle.libraryelements=jar, org.gradle.plugin.api-version=8.13, org.gradle.usage=java-runtime}
2025-12-28T12:06:52.106+0800 [DEBUG] [org.gradle.internal.component.model.LoggingAttributeMatchingExplanationBuilder] Candidate net.minecraftforge:JarJarMetadata:0.3.19 variant runtimeElements doesn't match attributes {org.gradle.category=library, org.gradle.dependency.bundling=external, org.gradle.internal.instrumented=instrumented-and-upgraded, org.gradle.jvm.version=17, org.gradle.libraryelements=jar, org.gradle.plugin.api-version=8.13, org.gradle.usage=java-runtime}
2025-12-28T12:06:52.107+0800 [DEBUG] [org.gradle.internal.component.model.LoggingAttributeMatchingExplanationBuilder] Candidate com.google.code.gson:gson:2.10.1 configuration runtime doesn't match attributes {org.gradle.category=library, org.gradle.dependency.bundling=external, org.gradle.internal.instrumented=instrumented-and-upgraded, org.gradle.jvm.version=17, org.gradle.libraryelements=jar, org.gradle.plugin.api-version=8.13, org.gradle.usage=java-runtime}
2025-12-28T12:06:52.107+0800 [DEBUG] [org.gradle.internal.component.model.LoggingAttributeMatchingExplanationBuilder] Candidate com.google.guava:guava:31.1-jre configuration runtime doesn't match attributes {org.gradle.category=library, org.gradle.dependency.bundling=external, org.gradle.internal.instrumented=instrumented-and-upgraded, org.gradle.jvm.version=17, org.gradle.libraryelements=jar, org.gradle.plugin.api-version=8.13, org.gradle.usage=java-runtime}
2025-12-28T12:06:52.108+0800 [DEBUG] [org.gradle.internal.component.model.LoggingAttributeMatchingExplanationBuilder] Candidate de.siegmar:fastcsv:2.2.1 variant runtimeElements doesn't match attributes {org.gradle.category=library, org.gradle.dependency.bundling=external, org.gradle.internal.instrumented=instrumented-and-upgraded, org.gradle.jvm.version=17, org.gradle.libraryelements=jar, org.gradle.plugin.api-version=8.13, org.gradle.usage=java-runtime}
2025-12-28T12:06:52.109+0800 [DEBUG] [org.gradle.internal.component.model.LoggingAttributeMatchingExplanationBuilder] Candidate net.minecraftforge:artifactural:3.0.20 variant runtimeElements doesn't match attributes {org.gradle.category=library, org.gradle.dependency.bundling=external, org.gradle.internal.instrumented=instrumented-and-upgraded, org.gradle.jvm.version=17, org.gradle.libraryelements=jar, org.gradle.plugin.api-version=8.13, org.gradle.usage=java-runtime}
2025-12-28T12:06:52.110+0800 [DEBUG] [org.gradle.internal.component.model.LoggingAttributeMatchingExplanationBuilder] Candidate net.minecraftforge:unsafe:0.2.0 configuration runtime doesn't match attributes {org.gradle.category=library, org.gradle.dependency.bundling=external, org.gradle.internal.instrumented=instrumented-and-upgraded, org.gradle.jvm.version=17, org.gradle.libraryelements=jar, org.gradle.plugin.api-version=8.13, org.gradle.usage=java-runtime}
2025-12-28T12:06:52.110+0800 [DEBUG] [org.gradle.internal.component.model.LoggingAttributeMatchingExplanationBuilder] Candidate org.apache.maven:maven-artifact:3.9.1 configuration runtime doesn't match attributes {org.gradle.category=library, org.gradle.dependency.bundling=external, org.gradle.internal.instrumented=instrumented-and-upgraded, org.gradle.jvm.version=17, org.gradle.libraryelements=jar, org.gradle.plugin.api-version=8.13, org.gradle.usage=java-runtime}
2025-12-28T12:06:52.112+0800 [DEBUG] [org.gradle.internal.component.model.LoggingAttributeMatchingExplanationBuilder] Candidate org.apache.httpcomponents:httpclient:4.5.14 configuration runtime doesn't match attributes {org.gradle.category=library, org.gradle.dependency.bundling=external, org.gradle.internal.instrumented=instrumented-and-upgraded, org.gradle.jvm.version=17, org.gradle.libraryelements=jar, org.gradle.plugin.api-version=8.13, org.gradle.usage=java-runtime}
2025-12-28T12:06:52.113+0800 [DEBUG] [org.gradle.internal.component.model.LoggingAttributeMatchingExplanationBuilder] Candidate net.minecraftforge:srgutils:0.5.10 variant runtimeElements doesn't match attributes {org.gradle.category=library, org.gradle.dependency.bundling=external, org.gradle.internal.instrumented=instrumented-and-upgraded, org.gradle.jvm.version=17, org.gradle.libraryelements=jar, org.gradle.plugin.api-version=8.13, org.gradle.usage=java-runtime}
2025-12-28T12:06:52.114+0800 [DEBUG] [org.gradle.internal.component.model.LoggingAttributeMatchingExplanationBuilder] Candidate adhoc variant for net.minecraftforge:DiffPatch:2.0.12 doesn't match attributes {org.gradle.category=library, org.gradle.dependency.bundling=external, org.gradle.internal.instrumented=instrumented-and-upgraded, org.gradle.jvm.version=17, org.gradle.libraryelements=jar, org.gradle.plugin.api-version=8.13, org.gradle.usage=java-runtime}
2025-12-28T12:06:52.115+0800 [DEBUG] [org.gradle.internal.component.model.LoggingAttributeMatchingExplanationBuilder] Candidate com.google.guava:failureaccess:1.0.1 configuration runtime doesn't match attributes {org.gradle.category=library, org.gradle.dependency.bundling=external, org.gradle.internal.instrumented=instrumented-and-upgraded, org.gradle.jvm.version=17, org.gradle.libraryelements=jar, org.gradle.plugin.api-version=8.13, org.gradle.usage=java-runtime}
2025-12-28T12:06:52.116+0800 [DEBUG] [org.gradle.internal.component.model.LoggingAttributeMatchingExplanationBuilder] Candidate com.google.guava:listenablefuture:9999.0-empty-to-avoid-conflict-with-guava configuration runtime doesn't match attributes {org.gradle.category=library, org.gradle.dependency.bundling=external, org.gradle.internal.instrumented=instrumented-and-upgraded, org.gradle.jvm.version=17, org.gradle.libraryelements=jar, org.gradle.plugin.api-version=8.13, org.gradle.usage=java-runtime}
2025-12-28T12:06:52.117+0800 [DEBUG] [org.gradle.internal.component.model.LoggingAttributeMatchingExplanationBuilder] Candidate com.google.code.findbugs:jsr305:3.0.2 configuration runtime doesn't match attributes {org.gradle.category=library, org.gradle.dependency.bundling=external, org.gradle.internal.instrumented=instrumented-and-upgraded, org.gradle.jvm.version=17, org.gradle.libraryelements=jar, org.gradle.plugin.api-version=8.13, org.gradle.usage=java-runtime}
2025-12-28T12:06:52.118+0800 [DEBUG] [org.gradle.internal.component.model.LoggingAttributeMatchingExplanationBuilder] Candidate org.checkerframework:checker-qual:3.12.0 variant runtimeElements doesn't match attributes {org.gradle.category=library, org.gradle.dependency.bundling=external, org.gradle.internal.instrumented=instrumented-and-upgraded, org.gradle.jvm.version=17, org.gradle.libraryelements=jar, org.gradle.plugin.api-version=8.13, org.gradle.usage=java-runtime}
2025-12-28T12:06:52.118+0800 [DEBUG] [org.gradle.internal.component.model.LoggingAttributeMatchingExplanationBuilder] Candidate com.google.errorprone:error_prone_annotations:2.11.0 configuration runtime doesn't match attributes {org.gradle.category=library, org.gradle.dependency.bundling=external, org.gradle.internal.instrumented=instrumented-and-upgraded, org.gradle.jvm.version=17, org.gradle.libraryelements=jar, org.gradle.plugin.api-version=8.13, org.gradle.usage=java-runtime}
2025-12-28T12:06:52.118+0800 [DEBUG] [org.gradle.internal.component.model.LoggingAttributeMatchingExplanationBuilder] Candidate com.google.j2objc:j2objc-annotations:1.3 configuration runtime doesn't match attributes {org.gradle.category=library, org.gradle.dependency.bundling=external, org.gradle.internal.instrumented=instrumented-and-upgraded, org.gradle.jvm.version=17, org.gradle.libraryelements=jar, org.gradle.plugin.api-version=8.13, org.gradle.usage=java-runtime}
2025-12-28T12:06:52.118+0800 [DEBUG] [org.gradle.internal.component.model.LoggingAttributeMatchingExplanationBuilder] Candidate org.codehaus.plexus:plexus-utils:3.5.1 configuration runtime doesn't match attributes {org.gradle.category=library, org.gradle.dependency.bundling=external, org.gradle.internal.instrumented=instrumented-and-upgraded, org.gradle.jvm.version=17, org.gradle.libraryelements=jar, org.gradle.plugin.api-version=8.13, org.gradle.usage=java-runtime}
2025-12-28T12:06:52.119+0800 [DEBUG] [org.gradle.internal.component.model.LoggingAttributeMatchingExplanationBuilder] Candidate org.apache.commons:commons-lang3:3.9 configuration runtime doesn't match attributes {org.gradle.category=library, org.gradle.dependency.bundling=external, org.gradle.internal.instrumented=instrumented-and-upgraded, org.gradle.jvm.version=17, org.gradle.libraryelements=jar, org.gradle.plugin.api-version=8.13, org.gradle.usage=java-runtime}
2025-12-28T12:06:52.119+0800 [DEBUG] [org.gradle.internal.component.model.LoggingAttributeMatchingExplanationBuilder] Candidate org.apache.httpcomponents:httpcore:4.4.16 configuration runtime doesn't match attributes {org.gradle.category=library, org.gradle.dependency.bundling=external, org.gradle.internal.instrumented=instrumented-and-upgraded, org.gradle.jvm.version=17, org.gradle.libraryelements=jar, org.gradle.plugin.api-version=8.13, org.gradle.usage=java-runtime}
2025-12-28T12:06:52.119+0800 [DEBUG] [org.gradle.internal.component.model.LoggingAttributeMatchingExplanationBuilder] Candidate commons-logging:commons-logging:1.2 configuration runtime doesn't match attributes {org.gradle.category=library, org.gradle.dependency.bundling=external, org.gradle.internal.instrumented=instrumented-and-upgraded, org.gradle.jvm.version=17, org.gradle.libraryelements=jar, org.gradle.plugin.api-version=8.13, org.gradle.usage=java-runtime}
2025-12-28T12:06:52.119+0800 [DEBUG] [org.gradle.internal.component.model.LoggingAttributeMatchingExplanationBuilder] Candidate commons-codec:commons-codec:1.11 configuration runtime doesn't match attributes {org.gradle.category=library, org.gradle.dependency.bundling=external, org.gradle.internal.instrumented=instrumented-and-upgraded, org.gradle.jvm.version=17, org.gradle.libraryelements=jar, org.gradle.plugin.api-version=8.13, org.gradle.usage=java-runtime}
2025-12-28T12:06:52.119+0800 [DEBUG] [org.gradle.internal.component.model.LoggingAttributeMatchingExplanationBuilder] Candidate it.unimi.dsi:fastutil:8.3.1 configuration runtime doesn't match attributes {org.gradle.category=library, org.gradle.dependency.bundling=external, org.gradle.internal.instrumented=instrumented-and-upgraded, org.gradle.jvm.version=17, org.gradle.libraryelements=jar, org.gradle.plugin.api-version=8.13, org.gradle.usage=java-runtime}
2025-12-28T12:06:52.119+0800 [DEBUG] [org.gradle.internal.component.model.LoggingAttributeMatchingExplanationBuilder] Candidate org.apache.commons:commons-compress:1.18 configuration runtime doesn't match attributes {org.gradle.category=library, org.gradle.dependency.bundling=external, org.gradle.internal.instrumented=instrumented-and-upgraded, org.gradle.jvm.version=17, org.gradle.libraryelements=jar, org.gradle.plugin.api-version=8.13, org.gradle.usage=java-runtime}
2025-12-28T12:06:52.120+0800 [DEBUG] [org.gradle.internal.component.model.LoggingAttributeMatchingExplanationBuilder] Candidate org.tukaani:xz:1.8 configuration runtime doesn't match attributes {org.gradle.category=library, org.gradle.dependency.bundling=external, org.gradle.internal.instrumented=instrumented-and-upgraded, org.gradle.jvm.version=17, org.gradle.libraryelements=jar, org.gradle.plugin.api-version=8.13, org.gradle.usage=java-runtime}
2025-12-28T12:06:52.120+0800 [DEBUG] [org.gradle.internal.component.model.LoggingAttributeMatchingExplanationBuilder] Candidate net.sf.jopt-simple:jopt-simple:5.0.4 configuration runtime doesn't match attributes {org.gradle.category=library, org.gradle.dependency.bundling=external, org.gradle.internal.instrumented=instrumented-and-upgraded, org.gradle.jvm.version=17, org.gradle.libraryelements=jar, org.gradle.plugin.api-version=8.13, org.gradle.usage=java-runtime}
2025-12-28T12:06:52.120+0800 [DEBUG] [org.gradle.internal.component.model.LoggingAttributeMatchingExplanationBuilder] Candidate com.machinezoo.noexception:noexception:1.7.1 configuration runtime doesn't match attributes {org.gradle.category=library, org.gradle.dependency.bundling=external, org.gradle.internal.instrumented=instrumented-and-upgraded, org.gradle.jvm.version=17, org.gradle.libraryelements=jar, org.gradle.plugin.api-version=8.13, org.gradle.usage=java-runtime}
2025-12-28T12:06:52.121+0800 [DEBUG] [org.gradle.internal.component.model.LoggingAttributeMatchingExplanationBuilder] Candidate org.slf4j:slf4j-simple:1.7.30 configuration runtime doesn't match attributes {org.gradle.category=library, org.gradle.dependency.bundling=external, org.gradle.internal.instrumented=instrumented-and-upgraded, org.gradle.jvm.version=17, org.gradle.libraryelements=jar, org.gradle.plugin.api-version=8.13, org.gradle.usage=java-runtime}
2025-12-28T12:06:52.121+0800 [DEBUG] [org.gradle.internal.component.model.LoggingAttributeMatchingExplanationBuilder] Candidate org.slf4j:slf4j-api:1.7.30 configuration runtime doesn't match attributes {org.gradle.category=library, org.gradle.dependency.bundling=external, org.gradle.internal.instrumented=instrumented-and-upgraded, org.gradle.jvm.version=17, org.gradle.libraryelements=jar, org.gradle.plugin.api-version=8.13, org.gradle.usage=java-runtime}
2025-12-28T12:06:52.122+0800 [DEBUG] [org.gradle.internal.operations.DefaultBuildOperationRunner] Build operation 'Fingerprint transform inputs' completed
2025-12-28T12:06:52.123+0800 [DEBUG] [org.gradle.internal.component.model.LoggingAttributeMatchingExplanationBuilder] Candidate net.minecraftforge.gradle:net.minecraftforge.gradle.gradle.plugin:6.0.46 configuration runtime doesn't match attributes {org.gradle.category=library, org.gradle.dependency.bundling=external, org.gradle.internal.instrumented=analyzed-artifact, org.gradle.jvm.version=17, org.gradle.libraryelements=classes, org.gradle.plugin.api-version=8.13, org.gradle.usage=java-runtime}
2025-12-28T12:06:52.123+0800 [DEBUG] [org.gradle.internal.component.model.LoggingAttributeMatchingExplanationBuilder] Candidate net.minecraftforge.gradle:ForgeGradle:6.0.46 variant runtimeElements doesn't match attributes {org.gradle.category=library, org.gradle.dependency.bundling=external, org.gradle.internal.instrumented=analyzed-artifact, org.gradle.jvm.version=17, org.gradle.libraryelements=classes, org.gradle.plugin.api-version=8.13, org.gradle.usage=java-runtime}
2025-12-28T12:06:52.123+0800 [DEBUG] [org.gradle.internal.component.model.LoggingAttributeMatchingExplanationBuilder] Candidate commons-io:commons-io:2.11.0 configuration runtime doesn't match attributes {org.gradle.category=library, org.gradle.dependency.bundling=external, org.gradle.internal.instrumented=analyzed-artifact, org.gradle.jvm.version=17, org.gradle.libraryelements=classes, org.gradle.plugin.api-version=8.13, org.gradle.usage=java-runtime}
2025-12-28T12:06:52.124+0800 [DEBUG] [org.gradle.internal.component.model.LoggingAttributeMatchingExplanationBuilder] Candidate net.minecraftforge:JarJarSelector:0.3.19 variant runtimeElements doesn't match attributes {org.gradle.category=library, org.gradle.dependency.bundling=external, org.gradle.internal.instrumented=analyzed-artifact, org.gradle.jvm.version=17, org.gradle.libraryelements=classes, org.gradle.plugin.api-version=8.13, org.gradle.usage=java-runtime}
2025-12-28T12:06:52.124+0800 [DEBUG] [org.gradle.internal.component.model.LoggingAttributeMatchingExplanationBuilder] Candidate net.minecraftforge:JarJarMetadata:0.3.19 variant runtimeElements doesn't match attributes {org.gradle.category=library, org.gradle.dependency.bundling=external, org.gradle.internal.instrumented=analyzed-artifact, org.gradle.jvm.version=17, org.gradle.libraryelements=classes, org.gradle.plugin.api-version=8.13, org.gradle.usage=java-runtime}
2025-12-28T12:06:52.124+0800 [DEBUG] [org.gradle.internal.component.model.LoggingAttributeMatchingExplanationBuilder] Candidate com.google.code.gson:gson:2.10.1 configuration runtime doesn't match attributes {org.gradle.category=library, org.gradle.dependency.bundling=external, org.gradle.internal.instrumented=analyzed-artifact, org.gradle.jvm.version=17, org.gradle.libraryelements=classes, org.gradle.plugin.api-version=8.13, org.gradle.usage=java-runtime}
2025-12-28T12:06:52.124+0800 [DEBUG] [org.gradle.internal.component.model.LoggingAttributeMatchingExplanationBuilder] Candidate com.google.guava:guava:31.1-jre configuration runtime doesn't match attributes {org.gradle.category=library, org.gradle.dependency.bundling=external, org.gradle.internal.instrumented=analyzed-artifact, org.gradle.jvm.version=17, org.gradle.libraryelements=classes, org.gradle.plugin.api-version=8.13, org.gradle.usage=java-runtime}
2025-12-28T12:06:52.124+0800 [DEBUG] [org.gradle.internal.component.model.LoggingAttributeMatchingExplanationBuilder] Candidate de.siegmar:fastcsv:2.2.1 variant runtimeElements doesn't match attributes {org.gradle.category=library, org.gradle.dependency.bundling=external, org.gradle.internal.instrumented=analyzed-artifact, org.gradle.jvm.version=17, org.gradle.libraryelements=classes, org.gradle.plugin.api-version=8.13, org.gradle.usage=java-runtime}
2025-12-28T12:06:52.125+0800 [DEBUG] [org.gradle.internal.component.model.LoggingAttributeMatchingExplanationBuilder] Candidate net.minecraftforge:artifactural:3.0.20 variant runtimeElements doesn't match attributes {org.gradle.category=library, org.gradle.dependency.bundling=external, org.gradle.internal.instrumented=analyzed-artifact, org.gradle.jvm.version=17, org.gradle.libraryelements=classes, org.gradle.plugin.api-version=8.13, org.gradle.usage=java-runtime}
2025-12-28T12:06:52.125+0800 [DEBUG] [org.gradle.internal.component.model.LoggingAttributeMatchingExplanationBuilder] Candidate net.minecraftforge:unsafe:0.2.0 configuration runtime doesn't match attributes {org.gradle.category=library, org.gradle.dependency.bundling=external, org.gradle.internal.instrumented=analyzed-artifact, org.gradle.jvm.version=17, org.gradle.libraryelements=classes, org.gradle.plugin.api-version=8.13, org.gradle.usage=java-runtime}
2025-12-28T12:06:52.125+0800 [DEBUG] [org.gradle.internal.component.model.LoggingAttributeMatchingExplanationBuilder] Candidate org.apache.maven:maven-artifact:3.9.1 configuration runtime doesn't match attributes {org.gradle.category=library, org.gradle.dependency.bundling=external, org.gradle.internal.instrumented=analyzed-artifact, org.gradle.jvm.version=17, org.gradle.libraryelements=classes, org.gradle.plugin.api-version=8.13, org.gradle.usage=java-runtime}
2025-12-28T12:06:52.125+0800 [DEBUG] [org.gradle.internal.component.model.LoggingAttributeMatchingExplanationBuilder] Candidate org.apache.httpcomponents:httpclient:4.5.14 configuration runtime doesn't match attributes {org.gradle.category=library, org.gradle.dependency.bundling=external, org.gradle.internal.instrumented=analyzed-artifact, org.gradle.jvm.version=17, org.gradle.libraryelements=classes, org.gradle.plugin.api-version=8.13, org.gradle.usage=java-runtime}
2025-12-28T12:06:52.125+0800 [DEBUG] [org.gradle.internal.component.model.LoggingAttributeMatchingExplanationBuilder] Candidate net.minecraftforge:srgutils:0.5.10 variant runtimeElements doesn't match attributes {org.gradle.category=library, org.gradle.dependency.bundling=external, org.gradle.internal.instrumented=analyzed-artifact, org.gradle.jvm.version=17, org.gradle.libraryelements=classes, org.gradle.plugin.api-version=8.13, org.gradle.usage=java-runtime}
2025-12-28T12:06:52.126+0800 [DEBUG] [org.gradle.internal.component.model.LoggingAttributeMatchingExplanationBuilder] Candidate adhoc variant for net.minecraftforge:DiffPatch:2.0.12 doesn't match attributes {org.gradle.category=library, org.gradle.dependency.bundling=external, org.gradle.internal.instrumented=analyzed-artifact, org.gradle.jvm.version=17, org.gradle.libraryelements=classes, org.gradle.plugin.api-version=8.13, org.gradle.usage=java-runtime}
2025-12-28T12:06:52.126+0800 [DEBUG] [org.gradle.internal.component.model.LoggingAttributeMatchingExplanationBuilder] Candidate com.google.guava:failureaccess:1.0.1 configuration runtime doesn't match attributes {org.gradle.category=library, org.gradle.dependency.bundling=external, org.gradle.internal.instrumented=analyzed-artifact, org.gradle.jvm.version=17, org.gradle.libraryelements=classes, org.gradle.plugin.api-version=8.13, org.gradle.usage=java-runtime}
2025-12-28T12:06:52.126+0800 [DEBUG] [org.gradle.internal.component.model.LoggingAttributeMatchingExplanationBuilder] Candidate com.google.guava:listenablefuture:9999.0-empty-to-avoid-conflict-with-guava configuration runtime doesn't match attributes {org.gradle.category=library, org.gradle.dependency.bundling=external, org.gradle.internal.instrumented=analyzed-artifact, org.gradle.jvm.version=17, org.gradle.libraryelements=classes, org.gradle.plugin.api-version=8.13, org.gradle.usage=java-runtime}
2025-12-28T12:06:52.126+0800 [DEBUG] [org.gradle.internal.component.model.LoggingAttributeMatchingExplanationBuilder] Candidate com.google.code.findbugs:jsr305:3.0.2 configuration runtime doesn't match attributes {org.gradle.category=library, org.gradle.dependency.bundling=external, org.gradle.internal.instrumented=analyzed-artifact, org.gradle.jvm.version=17, org.gradle.libraryelements=classes, org.gradle.plugin.api-version=8.13, org.gradle.usage=java-runtime}
2025-12-28T12:06:52.126+0800 [DEBUG] [org.gradle.internal.component.model.LoggingAttributeMatchingExplanationBuilder] Candidate org.checkerframework:checker-qual:3.12.0 variant runtimeElements doesn't match attributes {org.gradle.category=library, org.gradle.dependency.bundling=external, org.gradle.internal.instrumented=analyzed-artifact, org.gradle.jvm.version=17, org.gradle.libraryelements=classes, org.gradle.plugin.api-version=8.13, org.gradle.usage=java-runtime}
2025-12-28T12:06:52.127+0800 [DEBUG] [org.gradle.internal.component.model.LoggingAttributeMatchingExplanationBuilder] Candidate com.google.errorprone:error_prone_annotations:2.11.0 configuration runtime doesn't match attributes {org.gradle.category=library, org.gradle.dependency.bundling=external, org.gradle.internal.instrumented=analyzed-artifact, org.gradle.jvm.version=17, org.gradle.libraryelements=classes, org.gradle.plugin.api-version=8.13, org.gradle.usage=java-runtime}
2025-12-28T12:06:52.127+0800 [DEBUG] [org.gradle.internal.component.model.LoggingAttributeMatchingExplanationBuilder] Candidate com.google.j2objc:j2objc-annotations:1.3 configuration runtime doesn't match attributes {org.gradle.category=library, org.gradle.dependency.bundling=external, org.gradle.internal.instrumented=analyzed-artifact, org.gradle.jvm.version=17, org.gradle.libraryelements=classes, org.gradle.plugin.api-version=8.13, org.gradle.usage=java-runtime}
2025-12-28T12:06:52.127+0800 [DEBUG] [org.gradle.internal.component.model.LoggingAttributeMatchingExplanationBuilder] Candidate org.codehaus.plexus:plexus-utils:3.5.1 configuration runtime doesn't match attributes {org.gradle.category=library, org.gradle.dependency.bundling=external, org.gradle.internal.instrumented=analyzed-artifact, org.gradle.jvm.version=17, org.gradle.libraryelements=classes, org.gradle.plugin.api-version=8.13, org.gradle.usage=java-runtime}
2025-12-28T12:06:52.127+0800 [DEBUG] [org.gradle.internal.component.model.LoggingAttributeMatchingExplanationBuilder] Candidate org.apache.commons:commons-lang3:3.9 configuration runtime doesn't match attributes {org.gradle.category=library, org.gradle.dependency.bundling=external, org.gradle.internal.instrumented=analyzed-artifact, org.gradle.jvm.version=17, org.gradle.libraryelements=classes, org.gradle.plugin.api-version=8.13, org.gradle.usage=java-runtime}
2025-12-28T12:06:52.128+0800 [DEBUG] [org.gradle.internal.component.model.LoggingAttributeMatchingExplanationBuilder] Candidate org.apache.httpcomponents:httpcore:4.4.16 configuration runtime doesn't match attributes {org.gradle.category=library, org.gradle.dependency.bundling=external, org.gradle.internal.instrumented=analyzed-artifact, org.gradle.jvm.version=17, org.gradle.libraryelements=classes, org.gradle.plugin.api-version=8.13, org.gradle.usage=java-runtime}
2025-12-28T12:06:52.128+0800 [DEBUG] [org.gradle.internal.component.model.LoggingAttributeMatchingExplanationBuilder] Candidate commons-logging:commons-logging:1.2 configuration runtime doesn't match attributes {org.gradle.category=library, org.gradle.dependency.bundling=external, org.gradle.internal.instrumented=analyzed-artifact, org.gradle.jvm.version=17, org.gradle.libraryelements=classes, org.gradle.plugin.api-version=8.13, org.gradle.usage=java-runtime}
2025-12-28T12:06:52.128+0800 [DEBUG] [org.gradle.internal.component.model.LoggingAttributeMatchingExplanationBuilder] Candidate commons-codec:commons-codec:1.11 configuration runtime doesn't match attributes {org.gradle.category=library, org.gradle.dependency.bundling=external, org.gradle.internal.instrumented=analyzed-artifact, org.gradle.jvm.version=17, org.gradle.libraryelements=classes, org.gradle.plugin.api-version=8.13, org.gradle.usage=java-runtime}
2025-12-28T12:06:52.128+0800 [DEBUG] [org.gradle.internal.component.model.LoggingAttributeMatchingExplanationBuilder] Candidate it.unimi.dsi:fastutil:8.3.1 configuration runtime doesn't match attributes {org.gradle.category=library, org.gradle.dependency.bundling=external, org.gradle.internal.instrumented=analyzed-artifact, org.gradle.jvm.version=17, org.gradle.libraryelements=classes, org.gradle.plugin.api-version=8.13, org.gradle.usage=java-runtime}
2025-12-28T12:06:52.128+0800 [DEBUG] [org.gradle.internal.component.model.LoggingAttributeMatchingExplanationBuilder] Candidate org.apache.commons:commons-compress:1.18 configuration runtime doesn't match attributes {org.gradle.category=library, org.gradle.dependency.bundling=external, org.gradle.internal.instrumented=analyzed-artifact, org.gradle.jvm.version=17, org.gradle.libraryelements=classes, org.gradle.plugin.api-version=8.13, org.gradle.usage=java-runtime}
2025-12-28T12:06:52.129+0800 [DEBUG] [org.gradle.internal.component.model.LoggingAttributeMatchingExplanationBuilder] Candidate org.tukaani:xz:1.8 configuration runtime doesn't match attributes {org.gradle.category=library, org.gradle.dependency.bundling=external, org.gradle.internal.instrumented=analyzed-artifact, org.gradle.jvm.version=17, org.gradle.libraryelements=classes, org.gradle.plugin.api-version=8.13, org.gradle.usage=java-runtime}
2025-12-28T12:06:52.129+0800 [DEBUG] [org.gradle.internal.component.model.LoggingAttributeMatchingExplanationBuilder] Candidate net.sf.jopt-simple:jopt-simple:5.0.4 configuration runtime doesn't match attributes {org.gradle.category=library, org.gradle.dependency.bundling=external, org.gradle.internal.instrumented=analyzed-artifact, org.gradle.jvm.version=17, org.gradle.libraryelements=classes, org.gradle.plugin.api-version=8.13, org.gradle.usage=java-runtime}
2025-12-28T12:06:52.129+0800 [DEBUG] [org.gradle.internal.component.model.LoggingAttributeMatchingExplanationBuilder] Candidate com.machinezoo.noexception:noexception:1.7.1 configuration runtime doesn't match attributes {org.gradle.category=library, org.gradle.dependency.bundling=external, org.gradle.internal.instrumented=analyzed-artifact, org.gradle.jvm.version=17, org.gradle.libraryelements=classes, org.gradle.plugin.api-version=8.13, org.gradle.usage=java-runtime}
2025-12-28T12:06:52.130+0800 [DEBUG] [org.gradle.internal.component.model.LoggingAttributeMatchingExplanationBuilder] Candidate org.slf4j:slf4j-simple:1.7.30 configuration runtime doesn't match attributes {org.gradle.category=library, org.gradle.dependency.bundling=external, org.gradle.internal.instrumented=analyzed-artifact, org.gradle.jvm.version=17, org.gradle.libraryelements=classes, org.gradle.plugin.api-version=8.13, org.gradle.usage=java-runtime}
2025-12-28T12:06:52.130+0800 [DEBUG] [org.gradle.internal.component.model.LoggingAttributeMatchingExplanationBuilder] Candidate org.slf4j:slf4j-api:1.7.30 configuration runtime doesn't match attributes {org.gradle.category=library, org.gradle.dependency.bundling=external, org.gradle.internal.instrumented=analyzed-artifact, org.gradle.jvm.version=17, org.gradle.libraryelements=classes, org.gradle.plugin.api-version=8.13, org.gradle.usage=java-runtime}
2025-12-28T12:06:52.132+0800 [DEBUG] [org.gradle.internal.operations.DefaultBuildOperationRunner] Build operation 'Identifying work' completed
2025-12-28T12:06:52.135+0800 [DEBUG] [org.gradle.internal.operations.DefaultBuildOperationRunner] Build operation 'Identifying work' completed
2025-12-28T12:06:52.138+0800 [DEBUG] [org.gradle.internal.operations.DefaultBuildOperationRunner] Build operation 'Identifying work' completed
2025-12-28T12:06:52.143+0800 [DEBUG] [org.gradle.internal.operations.DefaultBuildOperationRunner] Build operation 'Identifying work' completed
2025-12-28T12:06:52.145+0800 [DEBUG] [org.gradle.internal.operations.DefaultBuildOperationRunner] Build operation 'Execute unit of work' completed
2025-12-28T12:06:52.146+0800 [DEBUG] [org.gradle.internal.operations.DefaultBuildOperationRunner] Build operation 'Identifying work' completed
2025-12-28T12:06:52.147+0800 [DEBUG] [org.gradle.internal.operations.DefaultBuildOperationRunner] Build operation 'Execute unit of work' completed
2025-12-28T12:06:52.149+0800 [DEBUG] [org.gradle.internal.operations.DefaultBuildOperationRunner] Build operation 'Identifying work' completed
2025-12-28T12:06:52.151+0800 [DEBUG] [org.gradle.internal.operations.DefaultBuildOperationRunner] Build operation 'Execute unit of work' completed
2025-12-28T12:06:52.153+0800 [DEBUG] [org.gradle.internal.operations.DefaultBuildOperationRunner] Build operation 'Identifying work' completed
2025-12-28T12:06:52.157+0800 [DEBUG] [org.gradle.internal.operations.DefaultBuildOperationRunner] Build operation 'Identifying work' completed
2025-12-28T12:06:52.161+0800 [DEBUG] [org.gradle.internal.operations.DefaultBuildOperationRunner] Build operation 'Identifying work' completed
2025-12-28T12:06:52.161+0800 [DEBUG] [org.gradle.internal.operations.DefaultBuildOperationRunner] Build operation 'Execute unit of work' completed
2025-12-28T12:06:52.162+0800 [DEBUG] [org.gradle.internal.operations.DefaultBuildOperationRunner] Build operation 'Execute unit of work' completed
2025-12-28T12:06:52.163+0800 [DEBUG] [org.gradle.internal.operations.DefaultBuildOperationRunner] Build operation 'Execute unit of work' completed
2025-12-28T12:06:52.164+0800 [DEBUG] [org.gradle.internal.operations.DefaultBuildOperationRunner] Build operation 'Identifying work' completed
2025-12-28T12:06:52.167+0800 [DEBUG] [org.gradle.internal.operations.DefaultBuildOperationRunner] Build operation 'Execute unit of work' completed
2025-12-28T12:06:52.168+0800 [DEBUG] [org.gradle.internal.operations.DefaultBuildOperationRunner] Build operation 'Identifying work' completed
2025-12-28T12:06:52.171+0800 [DEBUG] [org.gradle.internal.operations.DefaultBuildOperationRunner] Build operation 'Identifying work' completed
2025-12-28T12:06:52.175+0800 [DEBUG] [org.gradle.internal.operations.DefaultBuildOperationRunner] Build operation 'Execute unit of work' completed
2025-12-28T12:06:52.175+0800 [DEBUG] [org.gradle.internal.operations.DefaultBuildOperationRunner] Build operation 'Identifying work' completed
2025-12-28T12:06:52.179+0800 [DEBUG] [org.gradle.internal.operations.DefaultBuildOperationRunner] Build operation 'Execute unit of work' completed
2025-12-28T12:06:52.179+0800 [DEBUG] [org.gradle.internal.operations.DefaultBuildOperationRunner] Build operation 'Identifying work' completed
2025-12-28T12:06:52.180+0800 [DEBUG] [org.gradle.internal.operations.DefaultBuildOperationRunner] Build operation 'Execute unit of work' completed
2025-12-28T12:06:52.189+0800 [DEBUG] [org.gradle.internal.operations.DefaultBuildOperationRunner] Build operation 'Execute unit of work' completed
2025-12-28T12:06:52.189+0800 [DEBUG] [org.gradle.internal.operations.DefaultBuildOperationRunner] Build operation 'Identifying work' completed
2025-12-28T12:06:52.192+0800 [DEBUG] [org.gradle.internal.operations.DefaultBuildOperationRunner] Build operation 'Execute unit of work' completed
2025-12-28T12:06:52.192+0800 [DEBUG] [org.gradle.internal.operations.DefaultBuildOperationRunner] Build operation 'Identifying work' completed
2025-12-28T12:06:52.193+0800 [DEBUG] [org.gradle.internal.operations.DefaultBuildOperationRunner] Build operation 'Execute unit of work' completed
2025-12-28T12:06:52.193+0800 [DEBUG] [org.gradle.internal.operations.DefaultBuildOperationRunner] Build operation 'Execute unit of work' completed
2025-12-28T12:06:52.196+0800 [DEBUG] [org.gradle.internal.operations.DefaultBuildOperationRunner] Build operation 'Identifying work' completed
2025-12-28T12:06:52.200+0800 [DEBUG] [org.gradle.internal.operations.DefaultBuildOperationRunner] Build operation 'Identifying work' completed
2025-12-28T12:06:52.202+0800 [DEBUG] [org.gradle.internal.operations.DefaultBuildOperationRunner] Build operation 'Execute unit of work' completed
2025-12-28T12:06:52.203+0800 [DEBUG] [org.gradle.internal.operations.DefaultBuildOperationRunner] Build operation 'Identifying work' completed
2025-12-28T12:06:52.206+0800 [DEBUG] [org.gradle.internal.operations.DefaultBuildOperationRunner] Build operation 'Execute unit of work' completed
2025-12-28T12:06:52.211+0800 [DEBUG] [org.gradle.internal.operations.DefaultBuildOperationRunner] Build operation 'Identifying work' completed
2025-12-28T12:06:52.211+0800 [DEBUG] [org.gradle.internal.operations.DefaultBuildOperationRunner] Build operation 'Execute unit of work' completed
2025-12-28T12:06:52.214+0800 [DEBUG] [org.gradle.internal.operations.DefaultBuildOperationRunner] Build operation 'Identifying work' completed
2025-12-28T12:06:52.216+0800 [DEBUG] [org.gradle.internal.operations.DefaultBuildOperationRunner] Build operation 'Execute unit of work' completed
2025-12-28T12:06:52.218+0800 [DEBUG] [org.gradle.internal.operations.DefaultBuildOperationRunner] Build operation 'Identifying work' completed
2025-12-28T12:06:52.220+0800 [DEBUG] [org.gradle.internal.operations.DefaultBuildOperationRunner] Build operation 'Identifying work' completed
2025-12-28T12:06:52.223+0800 [DEBUG] [org.gradle.internal.operations.DefaultBuildOperationRunner] Build operation 'Identifying work' completed
2025-12-28T12:06:52.226+0800 [DEBUG] [org.gradle.internal.operations.DefaultBuildOperationRunner] Build operation 'Identifying work' completed
2025-12-28T12:06:52.228+0800 [DEBUG] [org.gradle.internal.operations.DefaultBuildOperationRunner] Build operation 'Execute unit of work' completed
2025-12-28T12:06:52.229+0800 [DEBUG] [org.gradle.internal.operations.DefaultBuildOperationRunner] Build operation 'Identifying work' completed
2025-12-28T12:06:52.232+0800 [DEBUG] [org.gradle.internal.operations.DefaultBuildOperationRunner] Build operation 'Identifying work' completed
2025-12-28T12:06:52.234+0800 [DEBUG] [org.gradle.internal.operations.DefaultBuildOperationRunner] Build operation 'Identifying work' completed
2025-12-28T12:06:52.237+0800 [DEBUG] [org.gradle.internal.operations.DefaultBuildOperationRunner] Build operation 'Identifying work' completed
2025-12-28T12:06:52.238+0800 [DEBUG] [org.gradle.internal.operations.DefaultBuildOperationRunner] Build operation 'Execute unit of work' completed
2025-12-28T12:06:52.239+0800 [DEBUG] [org.gradle.internal.operations.DefaultBuildOperationRunner] Build operation 'Identifying work' completed
2025-12-28T12:06:52.238+0800 [DEBUG] [org.gradle.internal.operations.DefaultBuildOperationRunner] Build operation 'Execute unit of work' completed
2025-12-28T12:06:52.245+0800 [DEBUG] [org.gradle.internal.operations.DefaultBuildOperationRunner] Build operation 'Execute unit of work' completed
2025-12-28T12:06:52.245+0800 [DEBUG] [org.gradle.internal.operations.DefaultBuildOperationRunner] Build operation 'Execute unit of work' completed
2025-12-28T12:06:52.246+0800 [DEBUG] [org.gradle.internal.operations.DefaultBuildOperationRunner] Build operation 'Execute unit of work' completed
2025-12-28T12:06:52.252+0800 [DEBUG] [org.gradle.internal.operations.DefaultBuildOperationRunner] Build operation 'Execute unit of work' completed
2025-12-28T12:06:52.255+0800 [DEBUG] [org.gradle.internal.operations.DefaultBuildOperationRunner] Build operation 'Execute unit of work' completed
2025-12-28T12:06:52.256+0800 [DEBUG] [org.gradle.internal.operations.DefaultBuildOperationRunner] Build operation 'Identifying work' completed
2025-12-28T12:06:52.259+0800 [DEBUG] [org.gradle.internal.operations.DefaultBuildOperationRunner] Build operation 'Execute unit of work' completed
2025-12-28T12:06:52.261+0800 [DEBUG] [org.gradle.internal.operations.DefaultBuildOperationRunner] Build operation 'Execute unit of work' completed
2025-12-28T12:06:52.261+0800 [DEBUG] [org.gradle.internal.operations.DefaultBuildOperationRunner] Build operation 'Execute unit of work' completed
2025-12-28T12:06:52.263+0800 [DEBUG] [org.gradle.internal.operations.DefaultBuildOperationRunner] Build operation 'Execute unit of work' completed
2025-12-28T12:06:52.268+0800 [DEBUG] [org.gradle.internal.operations.DefaultBuildOperationRunner] Build operation 'Execute unit of work' completed
2025-12-28T12:06:52.269+0800 [DEBUG] [org.gradle.internal.operations.DefaultBuildOperationRunner] Build operation 'Execute transform chain: slf4j-api-1.7.30.jar (org.slf4j:slf4j-api:1.7.30)' completed
2025-12-28T12:06:52.271+0800 [DEBUG] [org.gradle.internal.operations.DefaultBuildOperationRunner] Build operation 'Resolve files of configuration 'classpath'' completed
2025-12-28T12:06:52.273+0800 [DEBUG] [org.gradle.internal.operations.DefaultBuildOperationRunner] Build operation 'Fingerprint transform inputs' completed
2025-12-28T12:06:52.274+0800 [DEBUG] [org.gradle.internal.operations.DefaultBuildOperationRunner] Build operation 'Fingerprint transform inputs' completed
2025-12-28T12:06:52.275+0800 [DEBUG] [org.gradle.internal.operations.DefaultBuildOperationRunner] Build operation 'Identifying work' completed
2025-12-28T12:06:52.276+0800 [DEBUG] [org.gradle.internal.operations.DefaultBuildOperationRunner] Build operation 'Identifying work' completed
2025-12-28T12:06:52.277+0800 [DEBUG] [org.gradle.internal.operations.DefaultBuildOperationRunner] Build operation 'Identifying work' completed
2025-12-28T12:06:52.278+0800 [DEBUG] [org.gradle.internal.operations.DefaultBuildOperationRunner] Build operation 'Identifying work' completed
2025-12-28T12:06:52.280+0800 [DEBUG] [org.gradle.internal.operations.DefaultBuildOperationRunner] Build operation 'Identifying work' completed
2025-12-28T12:06:52.281+0800 [DEBUG] [org.gradle.internal.operations.DefaultBuildOperationRunner] Build operation 'Identifying work' completed
2025-12-28T12:06:52.282+0800 [DEBUG] [org.gradle.internal.operations.DefaultBuildOperationRunner] Build operation 'Identifying work' completed
2025-12-28T12:06:52.283+0800 [DEBUG] [org.gradle.internal.operations.DefaultBuildOperationRunner] Build operation 'Identifying work' completed
2025-12-28T12:06:52.284+0800 [DEBUG] [org.gradle.internal.operations.DefaultBuildOperationRunner] Build operation 'Identifying work' completed
2025-12-28T12:06:52.284+0800 [DEBUG] [org.gradle.internal.operations.DefaultBuildOperationRunner] Build operation 'Identifying work' completed
2025-12-28T12:06:52.285+0800 [DEBUG] [org.gradle.internal.operations.DefaultBuildOperationRunner] Build operation 'Identifying work' completed
2025-12-28T12:06:52.286+0800 [DEBUG] [org.gradle.internal.operations.DefaultBuildOperationRunner] Build operation 'Execute unit of work' completed
2025-12-28T12:06:52.286+0800 [DEBUG] [org.gradle.internal.operations.DefaultBuildOperationRunner] Build operation 'Identifying work' completed
2025-12-28T12:06:52.287+0800 [DEBUG] [org.gradle.internal.operations.DefaultBuildOperationRunner] Build operation 'Identifying work' completed
2025-12-28T12:06:52.288+0800 [DEBUG] [org.gradle.internal.operations.DefaultBuildOperationRunner] Build operation 'Identifying work' completed
2025-12-28T12:06:52.289+0800 [DEBUG] [org.gradle.internal.operations.DefaultBuildOperationRunner] Build operation 'Identifying work' completed
2025-12-28T12:06:52.290+0800 [DEBUG] [org.gradle.internal.operations.DefaultBuildOperationRunner] Build operation 'Identifying work' completed
2025-12-28T12:06:52.290+0800 [DEBUG] [org.gradle.internal.operations.DefaultBuildOperationRunner] Build operation 'Identifying work' completed
2025-12-28T12:06:52.291+0800 [DEBUG] [org.gradle.internal.operations.DefaultBuildOperationRunner] Build operation 'Identifying work' completed
2025-12-28T12:06:52.289+0800 [DEBUG] [org.gradle.internal.operations.DefaultBuildOperationRunner] Build operation 'Identifying work' completed
2025-12-28T12:06:52.291+0800 [DEBUG] [org.gradle.internal.operations.DefaultBuildOperationRunner] Build operation 'Identifying work' completed
2025-12-28T12:06:52.289+0800 [DEBUG] [org.gradle.internal.operations.DefaultBuildOperationRunner] Build operation 'Identifying work' completed
2025-12-28T12:06:52.292+0800 [DEBUG] [org.gradle.internal.operations.DefaultBuildOperationRunner] Build operation 'Identifying work' completed
2025-12-28T12:06:52.295+0800 [DEBUG] [org.gradle.internal.operations.DefaultBuildOperationRunner] Build operation 'Identifying work' completed
2025-12-28T12:06:52.295+0800 [DEBUG] [org.gradle.internal.operations.DefaultBuildOperationRunner] Build operation 'Identifying work' completed
2025-12-28T12:06:52.296+0800 [DEBUG] [org.gradle.internal.operations.DefaultBuildOperationRunner] Build operation 'Identifying work' completed
2025-12-28T12:06:52.297+0800 [DEBUG] [org.gradle.internal.operations.DefaultBuildOperationRunner] Build operation 'Identifying work' completed
2025-12-28T12:06:52.300+0800 [DEBUG] [org.gradle.internal.operations.DefaultBuildOperationRunner] Build operation 'Identifying work' completed
2025-12-28T12:06:52.302+0800 [DEBUG] [org.gradle.internal.operations.DefaultBuildOperationRunner] Build operation 'Identifying work' completed
2025-12-28T12:06:52.302+0800 [DEBUG] [org.gradle.internal.operations.DefaultBuildOperationRunner] Build operation 'Execute unit of work' completed
2025-12-28T12:06:52.303+0800 [DEBUG] [org.gradle.internal.operations.DefaultBuildOperationRunner] Build operation 'Identifying work' completed
2025-12-28T12:06:52.304+0800 [DEBUG] [org.gradle.internal.operations.DefaultBuildOperationRunner] Build operation 'Execute unit of work' completed
2025-12-28T12:06:52.305+0800 [DEBUG] [org.gradle.internal.operations.DefaultBuildOperationRunner] Build operation 'Identifying work' completed
2025-12-28T12:06:52.305+0800 [DEBUG] [org.gradle.internal.operations.DefaultBuildOperationRunner] Build operation 'Identifying work' completed
2025-12-28T12:06:52.306+0800 [DEBUG] [org.gradle.internal.operations.DefaultBuildOperationRunner] Build operation 'Identifying work' completed
2025-12-28T12:06:52.306+0800 [DEBUG] [org.gradle.internal.operations.DefaultBuildOperationRunner] Build operation 'Execute unit of work' completed
2025-12-28T12:06:52.307+0800 [DEBUG] [org.gradle.internal.operations.DefaultBuildOperationRunner] Build operation 'Execute unit of work' completed
2025-12-28T12:06:52.308+0800 [DEBUG] [org.gradle.internal.operations.DefaultBuildOperationRunner] Build operation 'Identifying work' completed
2025-12-28T12:06:52.306+0800 [DEBUG] [org.gradle.internal.operations.DefaultBuildOperationRunner] Build operation 'Execute unit of work' completed
2025-12-28T12:06:52.308+0800 [DEBUG] [org.gradle.internal.operations.DefaultBuildOperationRunner] Build operation 'Identifying work' completed
2025-12-28T12:06:52.309+0800 [DEBUG] [org.gradle.internal.operations.DefaultBuildOperationRunner] Build operation 'Identifying work' completed
2025-12-28T12:06:52.313+0800 [DEBUG] [org.gradle.internal.operations.DefaultBuildOperationRunner] Build operation 'Execute unit of work' completed
2025-12-28T12:06:52.314+0800 [DEBUG] [org.gradle.internal.operations.DefaultBuildOperationRunner] Build operation 'Identifying work' completed
2025-12-28T12:06:52.317+0800 [DEBUG] [org.gradle.internal.operations.DefaultBuildOperationRunner] Build operation 'Identifying work' completed
2025-12-28T12:06:52.319+0800 [DEBUG] [org.gradle.internal.operations.DefaultBuildOperationRunner] Build operation 'Identifying work' completed
2025-12-28T12:06:52.319+0800 [DEBUG] [org.gradle.internal.operations.DefaultBuildOperationRunner] Build operation 'Execute unit of work' completed
2025-12-28T12:06:52.321+0800 [DEBUG] [org.gradle.internal.operations.DefaultBuildOperationRunner] Build operation 'Identifying work' completed
2025-12-28T12:06:52.322+0800 [DEBUG] [org.gradle.internal.operations.DefaultBuildOperationRunner] Build operation 'Identifying work' completed
2025-12-28T12:06:52.323+0800 [DEBUG] [org.gradle.internal.operations.DefaultBuildOperationRunner] Build operation 'Execute unit of work' completed
2025-12-28T12:06:52.324+0800 [DEBUG] [org.gradle.internal.operations.DefaultBuildOperationRunner] Build operation 'Execute unit of work' completed
2025-12-28T12:06:52.325+0800 [DEBUG] [org.gradle.internal.operations.DefaultBuildOperationRunner] Build operation 'Identifying work' completed
2025-12-28T12:06:52.326+0800 [DEBUG] [org.gradle.internal.operations.DefaultBuildOperationRunner] Build operation 'Identifying work' completed
2025-12-28T12:06:52.337+0800 [DEBUG] [org.gradle.internal.operations.DefaultBuildOperationRunner] Build operation 'Identifying work' completed
2025-12-28T12:06:52.338+0800 [DEBUG] [org.gradle.internal.operations.DefaultBuildOperationRunner] Build operation 'Identifying work' completed
2025-12-28T12:06:52.339+0800 [DEBUG] [org.gradle.internal.operations.DefaultBuildOperationRunner] Build operation 'Execute unit of work' completed
2025-12-28T12:06:52.339+0800 [DEBUG] [org.gradle.internal.operations.DefaultBuildOperationRunner] Build operation 'Identifying work' completed
2025-12-28T12:06:52.340+0800 [DEBUG] [org.gradle.internal.operations.DefaultBuildOperationRunner] Build operation 'Identifying work' completed
2025-12-28T12:06:52.341+0800 [DEBUG] [org.gradle.internal.operations.DefaultBuildOperationRunner] Build operation 'Identifying work' completed
2025-12-28T12:06:52.343+0800 [DEBUG] [org.gradle.internal.operations.DefaultBuildOperationRunner] Build operation 'Identifying work' completed
2025-12-28T12:06:52.344+0800 [DEBUG] [org.gradle.internal.operations.DefaultBuildOperationRunner] Build operation 'Identifying work' completed
2025-12-28T12:06:52.346+0800 [DEBUG] [org.gradle.internal.operations.DefaultBuildOperationRunner] Build operation 'Identifying work' completed
2025-12-28T12:06:52.347+0800 [DEBUG] [org.gradle.internal.operations.DefaultBuildOperationRunner] Build operation 'Identifying work' completed
2025-12-28T12:06:52.349+0800 [DEBUG] [org.gradle.internal.operations.DefaultBuildOperationRunner] Build operation 'Identifying work' completed
2025-12-28T12:06:52.350+0800 [DEBUG] [org.gradle.internal.operations.DefaultBuildOperationRunner] Build operation 'Identifying work' completed
2025-12-28T12:06:52.352+0800 [DEBUG] [org.gradle.internal.operations.DefaultBuildOperationRunner] Build operation 'Identifying work' completed
2025-12-28T12:06:52.353+0800 [DEBUG] [org.gradle.internal.operations.DefaultBuildOperationRunner] Build operation 'Identifying work' completed
2025-12-28T12:06:52.355+0800 [DEBUG] [org.gradle.internal.operations.DefaultBuildOperationRunner] Build operation 'Identifying work' completed
2025-12-28T12:06:52.356+0800 [DEBUG] [org.gradle.internal.operations.DefaultBuildOperationRunner] Build operation 'Execute unit of work' completed
2025-12-28T12:06:52.356+0800 [DEBUG] [org.gradle.internal.operations.DefaultBuildOperationRunner] Build operation 'Execute unit of work' completed
2025-12-28T12:06:52.357+0800 [DEBUG] [org.gradle.internal.operations.DefaultBuildOperationRunner] Build operation 'Identifying work' completed
2025-12-28T12:06:52.359+0800 [DEBUG] [org.gradle.internal.operations.DefaultBuildOperationRunner] Build operation 'Identifying work' completed
2025-12-28T12:06:52.368+0800 [DEBUG] [org.gradle.internal.operations.DefaultBuildOperationRunner] Build operation 'Execute unit of work' completed
2025-12-28T12:06:52.369+0800 [DEBUG] [org.gradle.internal.operations.DefaultBuildOperationRunner] Build operation 'Identifying work' completed
2025-12-28T12:06:52.369+0800 [DEBUG] [org.gradle.internal.operations.DefaultBuildOperationRunner] Build operation 'Execute unit of work' completed
2025-12-28T12:06:52.370+0800 [DEBUG] [org.gradle.internal.operations.DefaultBuildOperationRunner] Build operation 'Execute unit of work' completed
2025-12-28T12:06:52.370+0800 [DEBUG] [org.gradle.internal.operations.DefaultBuildOperationRunner] Build operation 'Execute unit of work' completed
2025-12-28T12:06:52.371+0800 [DEBUG] [org.gradle.internal.operations.DefaultBuildOperationRunner] Build operation 'Identifying work' completed
2025-12-28T12:06:52.375+0800 [DEBUG] [org.gradle.internal.operations.DefaultBuildOperationRunner] Build operation 'Execute unit of work' completed
2025-12-28T12:06:52.372+0800 [DEBUG] [org.gradle.internal.operations.DefaultBuildOperationRunner] Build operation 'Identifying work' completed
2025-12-28T12:06:52.377+0800 [DEBUG] [org.gradle.internal.operations.DefaultBuildOperationRunner] Build operation 'Identifying work' completed
2025-12-28T12:06:52.378+0800 [DEBUG] [org.gradle.internal.operations.DefaultBuildOperationRunner] Build operation 'Identifying work' completed
2025-12-28T12:06:52.378+0800 [DEBUG] [org.gradle.internal.operations.DefaultBuildOperationRunner] Build operation 'Identifying work' completed
2025-12-28T12:06:52.377+0800 [DEBUG] [org.gradle.internal.operations.DefaultBuildOperationRunner] Build operation 'Execute unit of work' completed
2025-12-28T12:06:52.379+0800 [DEBUG] [org.gradle.internal.operations.DefaultBuildOperationRunner] Build operation 'Identifying work' completed
2025-12-28T12:06:52.380+0800 [DEBUG] [org.gradle.internal.operations.DefaultBuildOperationRunner] Build operation 'Identifying work' completed
2025-12-28T12:06:52.381+0800 [DEBUG] [org.gradle.internal.operations.DefaultBuildOperationRunner] Build operation 'Identifying work' completed
2025-12-28T12:06:52.383+0800 [DEBUG] [org.gradle.internal.operations.DefaultBuildOperationRunner] Build operation 'Identifying work' completed
2025-12-28T12:06:52.388+0800 [DEBUG] [org.gradle.internal.operations.DefaultBuildOperationRunner] Build operation 'Execute unit of work' completed
2025-12-28T12:06:52.390+0800 [DEBUG] [org.gradle.internal.operations.DefaultBuildOperationRunner] Build operation 'Identifying work' completed
2025-12-28T12:06:52.391+0800 [DEBUG] [org.gradle.internal.operations.DefaultBuildOperationRunner] Build operation 'Identifying work' completed
2025-12-28T12:06:52.397+0800 [DEBUG] [org.gradle.internal.operations.DefaultBuildOperationRunner] Build operation 'Execute unit of work' completed
2025-12-28T12:06:52.399+0800 [DEBUG] [org.gradle.internal.operations.DefaultBuildOperationRunner] Build operation 'Execute unit of work' completed
2025-12-28T12:06:52.400+0800 [DEBUG] [org.gradle.internal.operations.DefaultBuildOperationRunner] Build operation 'Identifying work' completed
2025-12-28T12:06:52.401+0800 [DEBUG] [org.gradle.internal.operations.DefaultBuildOperationRunner] Build operation 'Execute unit of work' completed
2025-12-28T12:06:52.401+0800 [DEBUG] [org.gradle.internal.operations.DefaultBuildOperationRunner] Build operation 'Execute unit of work' completed
2025-12-28T12:06:52.403+0800 [DEBUG] [org.gradle.internal.operations.DefaultBuildOperationRunner] Build operation 'Identifying work' completed
2025-12-28T12:06:52.404+0800 [DEBUG] [org.gradle.internal.operations.DefaultBuildOperationRunner] Build operation 'Identifying work' completed
2025-12-28T12:06:52.407+0800 [DEBUG] [org.gradle.internal.operations.DefaultBuildOperationRunner] Build operation 'Execute unit of work' completed
2025-12-28T12:06:52.408+0800 [DEBUG] [org.gradle.internal.operations.DefaultBuildOperationRunner] Build operation 'Execute unit of work' completed
2025-12-28T12:06:52.404+0800 [DEBUG] [org.gradle.internal.operations.DefaultBuildOperationRunner] Build operation 'Identifying work' completed
2025-12-28T12:06:52.409+0800 [DEBUG] [org.gradle.internal.operations.DefaultBuildOperationRunner] Build operation 'Execute unit of work' completed
2025-12-28T12:06:52.411+0800 [DEBUG] [org.gradle.internal.operations.DefaultBuildOperationRunner] Build operation 'Identifying work' completed
2025-12-28T12:06:52.412+0800 [DEBUG] [org.gradle.internal.operations.DefaultBuildOperationRunner] Build operation 'Identifying work' completed
2025-12-28T12:06:52.413+0800 [DEBUG] [org.gradle.internal.operations.DefaultBuildOperationRunner] Build operation 'Identifying work' completed
2025-12-28T12:06:52.413+0800 [DEBUG] [org.gradle.internal.operations.DefaultBuildOperationRunner] Build operation 'Identifying work' completed
2025-12-28T12:06:52.415+0800 [DEBUG] [org.gradle.internal.operations.DefaultBuildOperationRunner] Build operation 'Identifying work' completed
2025-12-28T12:06:52.415+0800 [DEBUG] [org.gradle.internal.operations.DefaultBuildOperationRunner] Build operation 'Identifying work' completed
2025-12-28T12:06:52.416+0800 [DEBUG] [org.gradle.internal.operations.DefaultBuildOperationRunner] Build operation 'Identifying work' completed
2025-12-28T12:06:52.419+0800 [DEBUG] [org.gradle.internal.operations.DefaultBuildOperationRunner] Build operation 'Execute unit of work' completed
2025-12-28T12:06:52.422+0800 [DEBUG] [org.gradle.internal.operations.DefaultBuildOperationRunner] Build operation 'Execute unit of work' completed
2025-12-28T12:06:52.423+0800 [DEBUG] [org.gradle.internal.operations.DefaultBuildOperationRunner] Build operation 'Identifying work' completed
2025-12-28T12:06:52.424+0800 [DEBUG] [org.gradle.internal.operations.DefaultBuildOperationRunner] Build operation 'Identifying work' completed
2025-12-28T12:06:52.425+0800 [DEBUG] [org.gradle.internal.operations.DefaultBuildOperationRunner] Build operation 'Identifying work' completed
2025-12-28T12:06:52.426+0800 [DEBUG] [org.gradle.internal.operations.DefaultBuildOperationRunner] Build operation 'Identifying work' completed
2025-12-28T12:06:52.428+0800 [DEBUG] [org.gradle.internal.operations.DefaultBuildOperationRunner] Build operation 'Execute unit of work' completed
2025-12-28T12:06:52.432+0800 [DEBUG] [org.gradle.internal.operations.DefaultBuildOperationRunner] Build operation 'Identifying work' completed
2025-12-28T12:06:52.432+0800 [DEBUG] [org.gradle.internal.operations.DefaultBuildOperationRunner] Build operation 'Execute unit of work' completed
2025-12-28T12:06:52.433+0800 [DEBUG] [org.gradle.internal.operations.DefaultBuildOperationRunner] Build operation 'Execute unit of work' completed
2025-12-28T12:06:52.434+0800 [DEBUG] [org.gradle.internal.operations.DefaultBuildOperationRunner] Build operation 'Execute unit of work' completed
2025-12-28T12:06:52.437+0800 [DEBUG] [org.gradle.internal.operations.DefaultBuildOperationRunner] Build operation 'Identifying work' completed
2025-12-28T12:06:52.438+0800 [DEBUG] [org.gradle.internal.operations.DefaultBuildOperationRunner] Build operation 'Identifying work' completed
2025-12-28T12:06:52.438+0800 [DEBUG] [org.gradle.internal.operations.DefaultBuildOperationRunner] Build operation 'Identifying work' completed
2025-12-28T12:06:52.441+0800 [DEBUG] [org.gradle.internal.operations.DefaultBuildOperationRunner] Build operation 'Execute unit of work' completed
2025-12-28T12:06:52.444+0800 [DEBUG] [org.gradle.internal.operations.DefaultBuildOperationRunner] Build operation 'Identifying work' completed
2025-12-28T12:06:52.445+0800 [DEBUG] [org.gradle.internal.operations.DefaultBuildOperationRunner] Build operation 'Identifying work' completed
2025-12-28T12:06:52.446+0800 [DEBUG] [org.gradle.internal.operations.DefaultBuildOperationRunner] Build operation 'Execute unit of work' completed
2025-12-28T12:06:52.449+0800 [DEBUG] [org.gradle.internal.operations.DefaultBuildOperationRunner] Build operation 'Identifying work' completed
2025-12-28T12:06:52.443+0800 [DEBUG] [org.gradle.internal.operations.DefaultBuildOperationRunner] Build operation 'Execute unit of work' completed
2025-12-28T12:06:52.451+0800 [DEBUG] [org.gradle.internal.operations.DefaultBuildOperationRunner] Build operation 'Identifying work' completed
2025-12-28T12:06:52.453+0800 [DEBUG] [org.gradle.internal.operations.DefaultBuildOperationRunner] Build operation 'Execute unit of work' completed
2025-12-28T12:06:52.456+0800 [DEBUG] [org.gradle.internal.operations.DefaultBuildOperationRunner] Build operation 'Identifying work' completed
2025-12-28T12:06:52.455+0800 [DEBUG] [org.gradle.internal.operations.DefaultBuildOperationRunner] Build operation 'Identifying work' completed
2025-12-28T12:06:52.456+0800 [DEBUG] [org.gradle.internal.operations.DefaultBuildOperationRunner] Build operation 'Identifying work' completed
2025-12-28T12:06:52.458+0800 [DEBUG] [org.gradle.internal.operations.DefaultBuildOperationRunner] Build operation 'Execute unit of work' completed
2025-12-28T12:06:52.463+0800 [DEBUG] [org.gradle.internal.operations.DefaultBuildOperationRunner] Build operation 'Execute unit of work' completed
2025-12-28T12:06:52.465+0800 [DEBUG] [org.gradle.internal.operations.DefaultBuildOperationRunner] Build operation 'Identifying work' completed
2025-12-28T12:06:52.468+0800 [DEBUG] [org.gradle.internal.operations.DefaultBuildOperationRunner] Build operation 'Identifying work' completed
2025-12-28T12:06:52.469+0800 [DEBUG] [org.gradle.internal.operations.DefaultBuildOperationRunner] Build operation 'Execute unit of work' completed
2025-12-28T12:06:52.471+0800 [DEBUG] [org.gradle.internal.operations.DefaultBuildOperationRunner] Build operation 'Execute unit of work' completed
2025-12-28T12:06:52.473+0800 [DEBUG] [org.gradle.internal.operations.DefaultBuildOperationRunner] Build operation 'Identifying work' completed
2025-12-28T12:06:52.475+0800 [DEBUG] [org.gradle.internal.operations.DefaultBuildOperationRunner] Build operation 'Identifying work' completed
2025-12-28T12:06:52.476+0800 [DEBUG] [org.gradle.internal.operations.DefaultBuildOperationRunner] Build operation 'Execute unit of work' completed
2025-12-28T12:06:52.476+0800 [DEBUG] [org.gradle.internal.operations.DefaultBuildOperationRunner] Build operation 'Execute unit of work' completed
2025-12-28T12:06:52.477+0800 [DEBUG] [org.gradle.internal.operations.DefaultBuildOperationRunner] Build operation 'Execute unit of work' completed
2025-12-28T12:06:52.478+0800 [DEBUG] [org.gradle.internal.operations.DefaultBuildOperationRunner] Build operation 'Execute transform chain: artifactural-3.0.20.jar (net.minecraftforge:artifactural:3.0.20)' completed
2025-12-28T12:06:52.479+0800 [DEBUG] [org.gradle.internal.operations.DefaultBuildOperationRunner] Build operation 'Identifying work' completed
2025-12-28T12:06:52.480+0800 [DEBUG] [org.gradle.internal.operations.DefaultBuildOperationRunner] Build operation 'Identifying work' completed
2025-12-28T12:06:52.483+0800 [DEBUG] [org.gradle.internal.operations.DefaultBuildOperationRunner] Build operation 'Execute unit of work' completed
2025-12-28T12:06:52.483+0800 [DEBUG] [org.gradle.internal.operations.DefaultBuildOperationRunner] Build operation 'Identifying work' completed
2025-12-28T12:06:52.485+0800 [DEBUG] [org.gradle.internal.operations.DefaultBuildOperationRunner] Build operation 'Identifying work' completed
2025-12-28T12:06:52.486+0800 [DEBUG] [org.gradle.internal.operations.DefaultBuildOperationRunner] Build operation 'Identifying work' completed
2025-12-28T12:06:52.487+0800 [DEBUG] [org.gradle.internal.operations.DefaultBuildOperationRunner] Build operation 'Execute unit of work' completed
2025-12-28T12:06:52.488+0800 [DEBUG] [org.gradle.internal.operations.DefaultBuildOperationRunner] Build operation 'Identifying work' completed
2025-12-28T12:06:52.490+0800 [DEBUG] [org.gradle.internal.operations.DefaultBuildOperationRunner] Build operation 'Identifying work' completed
2025-12-28T12:06:52.490+0800 [DEBUG] [org.gradle.internal.operations.DefaultBuildOperationRunner] Build operation 'Identifying work' completed
2025-12-28T12:06:52.495+0800 [DEBUG] [org.gradle.internal.operations.DefaultBuildOperationRunner] Build operation 'Identifying work' completed
2025-12-28T12:06:52.497+0800 [DEBUG] [org.gradle.internal.operations.DefaultBuildOperationRunner] Build operation 'Execute unit of work' completed
2025-12-28T12:06:52.498+0800 [DEBUG] [org.gradle.internal.operations.DefaultBuildOperationRunner] Build operation 'Execute unit of work' completed
2025-12-28T12:06:52.500+0800 [DEBUG] [org.gradle.internal.operations.DefaultBuildOperationRunner] Build operation 'Identifying work' completed
2025-12-28T12:06:52.501+0800 [DEBUG] [org.gradle.internal.operations.DefaultBuildOperationRunner] Build operation 'Execute unit of work' completed
2025-12-28T12:06:52.505+0800 [DEBUG] [org.gradle.internal.operations.DefaultBuildOperationRunner] Build operation 'Identifying work' completed
2025-12-28T12:06:52.505+0800 [DEBUG] [org.gradle.internal.operations.DefaultBuildOperationRunner] Build operation 'Identifying work' completed
2025-12-28T12:06:52.513+0800 [DEBUG] [org.gradle.internal.operations.DefaultBuildOperationRunner] Build operation 'Execute unit of work' completed
2025-12-28T12:06:52.518+0800 [DEBUG] [org.gradle.internal.operations.DefaultBuildOperationRunner] Build operation 'Execute unit of work' completed
2025-12-28T12:06:52.517+0800 [DEBUG] [org.gradle.internal.operations.DefaultBuildOperationRunner] Build operation 'Execute unit of work' completed
2025-12-28T12:06:52.518+0800 [DEBUG] [org.gradle.internal.operations.DefaultBuildOperationRunner] Build operation 'Execute unit of work' completed
2025-12-28T12:06:52.521+0800 [DEBUG] [org.gradle.internal.operations.DefaultBuildOperationRunner] Build operation 'Identifying work' completed
2025-12-28T12:06:52.522+0800 [DEBUG] [org.gradle.internal.operations.DefaultBuildOperationRunner] Build operation 'Identifying work' completed
2025-12-28T12:06:52.523+0800 [DEBUG] [org.gradle.internal.operations.DefaultBuildOperationRunner] Build operation 'Identifying work' completed
2025-12-28T12:06:52.524+0800 [DEBUG] [org.gradle.internal.operations.DefaultBuildOperationRunner] Build operation 'Identifying work' completed
2025-12-28T12:06:52.524+0800 [DEBUG] [org.gradle.internal.operations.DefaultBuildOperationRunner] Build operation 'Identifying work' completed
2025-12-28T12:06:52.525+0800 [DEBUG] [org.gradle.internal.operations.DefaultBuildOperationRunner] Build operation 'Identifying work' completed
2025-12-28T12:06:52.525+0800 [DEBUG] [org.gradle.internal.operations.DefaultBuildOperationRunner] Build operation 'Identifying work' completed
2025-12-28T12:06:52.524+0800 [DEBUG] [org.gradle.internal.operations.DefaultBuildOperationRunner] Build operation 'Execute unit of work' completed
2025-12-28T12:06:52.526+0800 [DEBUG] [org.gradle.internal.operations.DefaultBuildOperationRunner] Build operation 'Identifying work' completed
2025-12-28T12:06:52.527+0800 [DEBUG] [org.gradle.internal.operations.DefaultBuildOperationRunner] Build operation 'Identifying work' completed
2025-12-28T12:06:52.532+0800 [DEBUG] [org.gradle.internal.operations.DefaultBuildOperationRunner] Build operation 'Identifying work' completed
2025-12-28T12:06:52.533+0800 [DEBUG] [org.gradle.internal.operations.DefaultBuildOperationRunner] Build operation 'Identifying work' completed
2025-12-28T12:06:52.534+0800 [DEBUG] [org.gradle.internal.operations.DefaultBuildOperationRunner] Build operation 'Identifying work' completed
2025-12-28T12:06:52.536+0800 [DEBUG] [org.gradle.internal.operations.DefaultBuildOperationRunner] Build operation 'Execute unit of work' completed
2025-12-28T12:06:52.538+0800 [DEBUG] [org.gradle.internal.operations.DefaultBuildOperationRunner] Build operation 'Identifying work' completed
2025-12-28T12:06:52.538+0800 [DEBUG] [org.gradle.internal.operations.DefaultBuildOperationRunner] Build operation 'Execute unit of work' completed
2025-12-28T12:06:52.542+0800 [DEBUG] [org.gradle.internal.operations.DefaultBuildOperationRunner] Build operation 'Execute unit of work' completed
2025-12-28T12:06:52.543+0800 [DEBUG] [org.gradle.internal.operations.DefaultBuildOperationRunner] Build operation 'Identifying work' completed
2025-12-28T12:06:52.545+0800 [DEBUG] [org.gradle.internal.operations.DefaultBuildOperationRunner] Build operation 'Execute unit of work' completed
2025-12-28T12:06:52.546+0800 [DEBUG] [org.gradle.internal.operations.DefaultBuildOperationRunner] Build operation 'Identifying work' completed
2025-12-28T12:06:52.546+0800 [DEBUG] [org.gradle.internal.operations.DefaultBuildOperationRunner] Build operation 'Execute unit of work' completed
2025-12-28T12:06:52.551+0800 [DEBUG] [org.gradle.internal.operations.DefaultBuildOperationRunner] Build operation 'Identifying work' completed
2025-12-28T12:06:52.552+0800 [DEBUG] [org.gradle.internal.operations.DefaultBuildOperationRunner] Build operation 'Execute unit of work' completed
2025-12-28T12:06:52.553+0800 [DEBUG] [org.gradle.internal.operations.DefaultBuildOperationRunner] Build operation 'Identifying work' completed
2025-12-28T12:06:52.553+0800 [DEBUG] [org.gradle.internal.operations.DefaultBuildOperationRunner] Build operation 'Execute unit of work' completed
2025-12-28T12:06:52.554+0800 [DEBUG] [org.gradle.internal.operations.DefaultBuildOperationRunner] Build operation 'Identifying work' completed
2025-12-28T12:06:52.555+0800 [DEBUG] [org.gradle.internal.operations.DefaultBuildOperationRunner] Build operation 'Identifying work' completed
2025-12-28T12:06:52.555+0800 [DEBUG] [org.gradle.internal.operations.DefaultBuildOperationRunner] Build operation 'Execute unit of work' completed
2025-12-28T12:06:52.556+0800 [DEBUG] [org.gradle.internal.operations.DefaultBuildOperationRunner] Build operation 'Identifying work' completed
2025-12-28T12:06:52.559+0800 [DEBUG] [org.gradle.internal.operations.DefaultBuildOperationRunner] Build operation 'Identifying work' completed
2025-12-28T12:06:52.559+0800 [DEBUG] [org.gradle.internal.operations.DefaultBuildOperationRunner] Build operation 'Execute unit of work' completed
2025-12-28T12:06:52.560+0800 [DEBUG] [org.gradle.internal.operations.DefaultBuildOperationRunner] Build operation 'Identifying work' completed
2025-12-28T12:06:52.561+0800 [DEBUG] [org.gradle.internal.operations.DefaultBuildOperationRunner] Build operation 'Identifying work' completed
2025-12-28T12:06:52.562+0800 [DEBUG] [org.gradle.internal.operations.DefaultBuildOperationRunner] Build operation 'Identifying work' completed
2025-12-28T12:06:52.563+0800 [DEBUG] [org.gradle.internal.operations.DefaultBuildOperationRunner] Build operation 'Identifying work' completed
2025-12-28T12:06:52.564+0800 [DEBUG] [org.gradle.internal.operations.DefaultBuildOperationRunner] Build operation 'Execute unit of work' completed
2025-12-28T12:06:52.567+0800 [DEBUG] [org.gradle.internal.operations.DefaultBuildOperationRunner] Build operation 'Identifying work' completed
2025-12-28T12:06:52.569+0800 [DEBUG] [org.gradle.internal.operations.DefaultBuildOperationRunner] Build operation 'Identifying work' completed
2025-12-28T12:06:52.570+0800 [DEBUG] [org.gradle.internal.operations.DefaultBuildOperationRunner] Build operation 'Execute unit of work' completed
2025-12-28T12:06:52.571+0800 [DEBUG] [org.gradle.internal.operations.DefaultBuildOperationRunner] Build operation 'Execute unit of work' completed
2025-12-28T12:06:52.571+0800 [DEBUG] [org.gradle.internal.operations.DefaultBuildOperationRunner] Build operation 'Execute unit of work' completed
2025-12-28T12:06:52.572+0800 [DEBUG] [org.gradle.internal.operations.DefaultBuildOperationRunner] Build operation 'Identifying work' completed
2025-12-28T12:06:52.573+0800 [DEBUG] [org.gradle.internal.operations.DefaultBuildOperationRunner] Build operation 'Execute unit of work' completed
2025-12-28T12:06:52.575+0800 [DEBUG] [org.gradle.internal.operations.DefaultBuildOperationRunner] Build operation 'Identifying work' completed
2025-12-28T12:06:52.575+0800 [DEBUG] [org.gradle.internal.operations.DefaultBuildOperationRunner] Build operation 'Execute unit of work' completed
2025-12-28T12:06:52.575+0800 [DEBUG] [org.gradle.internal.operations.DefaultBuildOperationRunner] Build operation 'Identifying work' completed
2025-12-28T12:06:52.577+0800 [DEBUG] [org.gradle.internal.operations.DefaultBuildOperationRunner] Build operation 'Identifying work' completed
2025-12-28T12:06:52.577+0800 [DEBUG] [org.gradle.internal.operations.DefaultBuildOperationRunner] Build operation 'Identifying work' completed
2025-12-28T12:06:52.587+0800 [DEBUG] [org.gradle.internal.operations.DefaultBuildOperationRunner] Build operation 'Execute unit of work' completed
2025-12-28T12:06:52.588+0800 [DEBUG] [org.gradle.internal.operations.DefaultBuildOperationRunner] Build operation 'Execute unit of work' completed
2025-12-28T12:06:52.589+0800 [DEBUG] [org.gradle.internal.operations.DefaultBuildOperationRunner] Build operation 'Execute unit of work' completed
2025-12-28T12:06:52.590+0800 [DEBUG] [org.gradle.internal.operations.DefaultBuildOperationRunner] Build operation 'Execute unit of work' completed
2025-12-28T12:06:52.587+0800 [DEBUG] [org.gradle.internal.operations.DefaultBuildOperationRunner] Build operation 'Identifying work' completed
2025-12-28T12:06:52.591+0800 [DEBUG] [org.gradle.internal.operations.DefaultBuildOperationRunner] Build operation 'Execute unit of work' completed
2025-12-28T12:06:52.591+0800 [DEBUG] [org.gradle.internal.operations.DefaultBuildOperationRunner] Build operation 'Identifying work' completed
2025-12-28T12:06:52.591+0800 [DEBUG] [org.gradle.internal.operations.DefaultBuildOperationRunner] Build operation 'Identifying work' completed
2025-12-28T12:06:52.590+0800 [DEBUG] [org.gradle.internal.operations.DefaultBuildOperationRunner] Build operation 'Identifying work' completed
2025-12-28T12:06:52.594+0800 [DEBUG] [org.gradle.internal.operations.DefaultBuildOperationRunner] Build operation 'Identifying work' completed
2025-12-28T12:06:52.594+0800 [DEBUG] [org.gradle.internal.operations.DefaultBuildOperationRunner] Build operation 'Identifying work' completed
2025-12-28T12:06:52.593+0800 [DEBUG] [org.gradle.internal.operations.DefaultBuildOperationRunner] Build operation 'Identifying work' completed
2025-12-28T12:06:52.595+0800 [DEBUG] [org.gradle.internal.operations.DefaultBuildOperationRunner] Build operation 'Identifying work' completed
2025-12-28T12:06:52.596+0800 [DEBUG] [org.gradle.internal.operations.DefaultBuildOperationRunner] Build operation 'Identifying work' completed
2025-12-28T12:06:52.600+0800 [DEBUG] [org.gradle.internal.operations.DefaultBuildOperationRunner] Build operation 'Execute unit of work' completed
2025-12-28T12:06:52.604+0800 [DEBUG] [org.gradle.internal.operations.DefaultBuildOperationRunner] Build operation 'Identifying work' completed
2025-12-28T12:06:52.605+0800 [DEBUG] [org.gradle.internal.operations.DefaultBuildOperationRunner] Build operation 'Identifying work' completed
2025-12-28T12:06:52.605+0800 [DEBUG] [org.gradle.internal.operations.DefaultBuildOperationRunner] Build operation 'Execute unit of work' completed
2025-12-28T12:06:52.607+0800 [DEBUG] [org.gradle.internal.operations.DefaultBuildOperationRunner] Build operation 'Execute unit of work' completed
2025-12-28T12:06:52.608+0800 [DEBUG] [org.gradle.internal.operations.DefaultBuildOperationRunner] Build operation 'Identifying work' completed
2025-12-28T12:06:52.609+0800 [DEBUG] [org.gradle.internal.operations.DefaultBuildOperationRunner] Build operation 'Execute unit of work' completed
2025-12-28T12:06:52.609+0800 [DEBUG] [org.gradle.internal.operations.DefaultBuildOperationRunner] Build operation 'Execute unit of work' completed
2025-12-28T12:06:52.611+0800 [DEBUG] [org.gradle.internal.operations.DefaultBuildOperationRunner] Build operation 'Identifying work' completed
2025-12-28T12:06:52.612+0800 [DEBUG] [org.gradle.internal.operations.DefaultBuildOperationRunner] Build operation 'Execute unit of work' completed
2025-12-28T12:06:52.612+0800 [DEBUG] [org.gradle.internal.operations.DefaultBuildOperationRunner] Build operation 'Identifying work' completed
2025-12-28T12:06:52.612+0800 [DEBUG] [org.gradle.internal.operations.DefaultBuildOperationRunner] Build operation 'Identifying work' completed
2025-12-28T12:06:52.614+0800 [DEBUG] [org.gradle.internal.operations.DefaultBuildOperationRunner] Build operation 'Identifying work' completed
2025-12-28T12:06:52.615+0800 [DEBUG] [org.gradle.internal.operations.DefaultBuildOperationRunner] Build operation 'Identifying work' completed
2025-12-28T12:06:52.614+0800 [DEBUG] [org.gradle.internal.operations.DefaultBuildOperationRunner] Build operation 'Identifying work' completed
2025-12-28T12:06:52.616+0800 [DEBUG] [org.gradle.internal.operations.DefaultBuildOperationRunner] Build operation 'Identifying work' completed
2025-12-28T12:06:52.620+0800 [DEBUG] [org.gradle.internal.operations.DefaultBuildOperationRunner] Build operation 'Execute unit of work' completed
2025-12-28T12:06:52.622+0800 [DEBUG] [org.gradle.internal.operations.DefaultBuildOperationRunner] Build operation 'Execute unit of work' completed
2025-12-28T12:06:52.623+0800 [DEBUG] [org.gradle.internal.operations.DefaultBuildOperationRunner] Build operation 'Execute unit of work' completed
2025-12-28T12:06:52.627+0800 [DEBUG] [org.gradle.internal.operations.DefaultBuildOperationRunner] Build operation 'Identifying work' completed
2025-12-28T12:06:52.626+0800 [DEBUG] [org.gradle.internal.operations.DefaultBuildOperationRunner] Build operation 'Identifying work' completed
2025-12-28T12:06:52.628+0800 [DEBUG] [org.gradle.internal.operations.DefaultBuildOperationRunner] Build operation 'Identifying work' completed
2025-12-28T12:06:52.628+0800 [DEBUG] [org.gradle.internal.operations.DefaultBuildOperationRunner] Build operation 'Identifying work' completed
2025-12-28T12:06:52.627+0800 [DEBUG] [org.gradle.internal.operations.DefaultBuildOperationRunner] Build operation 'Execute unit of work' completed
2025-12-28T12:06:52.630+0800 [DEBUG] [org.gradle.internal.operations.DefaultBuildOperationRunner] Build operation 'Execute unit of work' completed
2025-12-28T12:06:52.631+0800 [DEBUG] [org.gradle.internal.operations.DefaultBuildOperationRunner] Build operation 'Identifying work' completed
2025-12-28T12:06:52.631+0800 [DEBUG] [org.gradle.internal.operations.DefaultBuildOperationRunner] Build operation 'Execute unit of work' completed
2025-12-28T12:06:52.633+0800 [DEBUG] [org.gradle.internal.operations.DefaultBuildOperationRunner] Build operation 'Identifying work' completed
2025-12-28T12:06:52.633+0800 [DEBUG] [org.gradle.internal.operations.DefaultBuildOperationRunner] Build operation 'Identifying work' completed
2025-12-28T12:06:52.635+0800 [DEBUG] [org.gradle.internal.operations.DefaultBuildOperationRunner] Build operation 'Execute unit of work' completed
2025-12-28T12:06:52.636+0800 [DEBUG] [org.gradle.internal.operations.DefaultBuildOperationRunner] Build operation 'Execute unit of work' completed
2025-12-28T12:06:52.637+0800 [DEBUG] [org.gradle.internal.operations.DefaultBuildOperationRunner] Build operation 'Identifying work' completed
2025-12-28T12:06:52.637+0800 [DEBUG] [org.gradle.internal.operations.DefaultBuildOperationRunner] Build operation 'Identifying work' completed
2025-12-28T12:06:52.638+0800 [DEBUG] [org.gradle.internal.operations.DefaultBuildOperationRunner] Build operation 'Execute unit of work' completed
2025-12-28T12:06:52.639+0800 [DEBUG] [org.gradle.internal.operations.DefaultBuildOperationRunner] Build operation 'Identifying work' completed
2025-12-28T12:06:52.640+0800 [DEBUG] [org.gradle.internal.operations.DefaultBuildOperationRunner] Build operation 'Identifying work' completed
2025-12-28T12:06:52.641+0800 [DEBUG] [org.gradle.internal.operations.DefaultBuildOperationRunner] Build operation 'Identifying work' completed
2025-12-28T12:06:52.642+0800 [DEBUG] [org.gradle.internal.operations.DefaultBuildOperationRunner] Build operation 'Execute unit of work' completed
2025-12-28T12:06:52.645+0800 [DEBUG] [org.gradle.internal.operations.DefaultBuildOperationRunner] Build operation 'Identifying work' completed
2025-12-28T12:06:52.651+0800 [DEBUG] [org.gradle.internal.operations.DefaultBuildOperationRunner] Build operation 'Execute unit of work' completed
2025-12-28T12:06:52.652+0800 [DEBUG] [org.gradle.internal.operations.DefaultBuildOperationRunner] Build operation 'Execute unit of work' completed
2025-12-28T12:06:52.653+0800 [DEBUG] [org.gradle.internal.operations.DefaultBuildOperationRunner] Build operation 'Execute unit of work' completed
2025-12-28T12:06:52.654+0800 [DEBUG] [org.gradle.internal.operations.DefaultBuildOperationRunner] Build operation 'Execute unit of work' completed
2025-12-28T12:06:52.655+0800 [DEBUG] [org.gradle.internal.operations.DefaultBuildOperationRunner] Build operation 'Execute unit of work' completed
2025-12-28T12:06:52.657+0800 [DEBUG] [org.gradle.internal.operations.DefaultBuildOperationRunner] Build operation 'Execute transform chain: DiffPatch-2.0.12-all.jar (net.minecraftforge:DiffPatch:2.0.12)' completed
2025-12-28T12:06:52.658+0800 [DEBUG] [org.gradle.internal.operations.DefaultBuildOperationRunner] Build operation 'Identifying work' completed
2025-12-28T12:06:52.657+0800 [DEBUG] [org.gradle.internal.operations.DefaultBuildOperationRunner] Build operation 'Identifying work' completed
2025-12-28T12:06:52.657+0800 [DEBUG] [org.gradle.internal.operations.DefaultBuildOperationRunner] Build operation 'Identifying work' completed
2025-12-28T12:06:52.656+0800 [DEBUG] [org.gradle.internal.operations.DefaultBuildOperationRunner] Build operation 'Execute unit of work' completed
2025-12-28T12:06:52.660+0800 [DEBUG] [org.gradle.internal.operations.DefaultBuildOperationRunner] Build operation 'Identifying work' completed
2025-12-28T12:06:52.660+0800 [DEBUG] [org.gradle.internal.operations.DefaultBuildOperationRunner] Build operation 'Identifying work' completed
2025-12-28T12:06:52.661+0800 [DEBUG] [org.gradle.internal.operations.DefaultBuildOperationRunner] Build operation 'Identifying work' completed
2025-12-28T12:06:52.663+0800 [DEBUG] [org.gradle.internal.operations.DefaultBuildOperationRunner] Build operation 'Identifying work' completed
2025-12-28T12:06:52.664+0800 [DEBUG] [org.gradle.internal.operations.DefaultBuildOperationRunner] Build operation 'Identifying work' completed
2025-12-28T12:06:52.665+0800 [DEBUG] [org.gradle.internal.operations.DefaultBuildOperationRunner] Build operation 'Identifying work' completed
2025-12-28T12:06:52.667+0800 [DEBUG] [org.gradle.internal.operations.DefaultBuildOperationRunner] Build operation 'Execute unit of work' completed
2025-12-28T12:06:52.670+0800 [DEBUG] [org.gradle.internal.operations.DefaultBuildOperationRunner] Build operation 'Identifying work' completed
2025-12-28T12:06:52.671+0800 [DEBUG] [org.gradle.internal.operations.DefaultBuildOperationRunner] Build operation 'Execute unit of work' completed
2025-12-28T12:06:52.671+0800 [DEBUG] [org.gradle.internal.operations.DefaultBuildOperationRunner] Build operation 'Execute unit of work' completed
2025-12-28T12:06:52.672+0800 [DEBUG] [org.gradle.internal.operations.DefaultBuildOperationRunner] Build operation 'Identifying work' completed
2025-12-28T12:06:52.675+0800 [DEBUG] [org.gradle.internal.operations.DefaultBuildOperationRunner] Build operation 'Identifying work' completed
2025-12-28T12:06:52.676+0800 [DEBUG] [org.gradle.internal.operations.DefaultBuildOperationRunner] Build operation 'Execute unit of work' completed
2025-12-28T12:06:52.676+0800 [DEBUG] [org.gradle.internal.operations.DefaultBuildOperationRunner] Build operation 'Identifying work' completed
2025-12-28T12:06:52.677+0800 [DEBUG] [org.gradle.internal.operations.DefaultBuildOperationRunner] Build operation 'Identifying work' completed
2025-12-28T12:06:52.678+0800 [DEBUG] [org.gradle.internal.operations.DefaultBuildOperationRunner] Build operation 'Identifying work' completed
2025-12-28T12:06:52.681+0800 [DEBUG] [org.gradle.internal.operations.DefaultBuildOperationRunner] Build operation 'Execute unit of work' completed
2025-12-28T12:06:52.682+0800 [DEBUG] [org.gradle.internal.operations.DefaultBuildOperationRunner] Build operation 'Execute unit of work' completed
2025-12-28T12:06:52.685+0800 [DEBUG] [org.gradle.internal.operations.DefaultBuildOperationRunner] Build operation 'Execute unit of work' completed
2025-12-28T12:06:52.686+0800 [DEBUG] [org.gradle.internal.operations.DefaultBuildOperationRunner] Build operation 'Identifying work' completed
2025-12-28T12:06:52.686+0800 [DEBUG] [org.gradle.internal.operations.DefaultBuildOperationRunner] Build operation 'Identifying work' completed
2025-12-28T12:06:52.688+0800 [DEBUG] [org.gradle.internal.operations.DefaultBuildOperationRunner] Build operation 'Execute unit of work' completed
2025-12-28T12:06:52.688+0800 [DEBUG] [org.gradle.internal.operations.DefaultBuildOperationRunner] Build operation 'Identifying work' completed
2025-12-28T12:06:52.691+0800 [DEBUG] [org.gradle.internal.operations.DefaultBuildOperationRunner] Build operation 'Identifying work' completed
2025-12-28T12:06:52.692+0800 [DEBUG] [org.gradle.internal.operations.DefaultBuildOperationRunner] Build operation 'Execute unit of work' completed
2025-12-28T12:06:52.694+0800 [DEBUG] [org.gradle.internal.operations.DefaultBuildOperationRunner] Build operation 'Execute unit of work' completed
2025-12-28T12:06:52.697+0800 [DEBUG] [org.gradle.internal.operations.DefaultBuildOperationRunner] Build operation 'Execute unit of work' completed
2025-12-28T12:06:52.699+0800 [DEBUG] [org.gradle.internal.operations.DefaultBuildOperationRunner] Build operation 'Identifying work' completed
2025-12-28T12:06:52.694+0800 [DEBUG] [org.gradle.internal.operations.DefaultBuildOperationRunner] Build operation 'Identifying work' completed
2025-12-28T12:06:52.701+0800 [DEBUG] [org.gradle.internal.operations.DefaultBuildOperationRunner] Build operation 'Execute unit of work' completed
2025-12-28T12:06:52.701+0800 [DEBUG] [org.gradle.internal.operations.DefaultBuildOperationRunner] Build operation 'Execute unit of work' completed
2025-12-28T12:06:52.705+0800 [DEBUG] [org.gradle.internal.operations.DefaultBuildOperationRunner] Build operation 'Identifying work' completed
2025-12-28T12:06:52.705+0800 [DEBUG] [org.gradle.internal.operations.DefaultBuildOperationRunner] Build operation 'Identifying work' completed
2025-12-28T12:06:52.707+0800 [DEBUG] [org.gradle.internal.operations.DefaultBuildOperationRunner] Build operation 'Execute unit of work' completed
2025-12-28T12:06:52.709+0800 [DEBUG] [org.gradle.internal.operations.DefaultBuildOperationRunner] Build operation 'Identifying work' completed
2025-12-28T12:06:52.706+0800 [DEBUG] [org.gradle.internal.operations.DefaultBuildOperationRunner] Build operation 'Identifying work' completed
2025-12-28T12:06:52.710+0800 [DEBUG] [org.gradle.internal.operations.DefaultBuildOperationRunner] Build operation 'Identifying work' completed
2025-12-28T12:06:52.712+0800 [DEBUG] [org.gradle.internal.operations.DefaultBuildOperationRunner] Build operation 'Identifying work' completed
2025-12-28T12:06:52.712+0800 [DEBUG] [org.gradle.internal.operations.DefaultBuildOperationRunner] Build operation 'Execute unit of work' completed
2025-12-28T12:06:52.715+0800 [DEBUG] [org.gradle.internal.operations.DefaultBuildOperationRunner] Build operation 'Identifying work' completed
2025-12-28T12:06:52.716+0800 [DEBUG] [org.gradle.internal.operations.DefaultBuildOperationRunner] Build operation 'Identifying work' completed
2025-12-28T12:06:52.709+0800 [DEBUG] [org.gradle.internal.operations.DefaultBuildOperationRunner] Build operation 'Execute unit of work' completed
2025-12-28T12:06:52.719+0800 [DEBUG] [org.gradle.internal.operations.DefaultBuildOperationRunner] Build operation 'Identifying work' completed
2025-12-28T12:06:52.722+0800 [DEBUG] [org.gradle.internal.operations.DefaultBuildOperationRunner] Build operation 'Identifying work' completed
2025-12-28T12:06:52.723+0800 [DEBUG] [org.gradle.internal.operations.DefaultBuildOperationRunner] Build operation 'Identifying work' completed
2025-12-28T12:06:52.709+0800 [DEBUG] [org.gradle.internal.operations.DefaultBuildOperationRunner] Build operation 'Identifying work' completed
2025-12-28T12:06:52.724+0800 [DEBUG] [org.gradle.internal.operations.DefaultBuildOperationRunner] Build operation 'Execute unit of work' completed
2025-12-28T12:06:52.725+0800 [DEBUG] [org.gradle.internal.operations.DefaultBuildOperationRunner] Build operation 'Execute unit of work' completed
2025-12-28T12:06:52.726+0800 [DEBUG] [org.gradle.internal.operations.DefaultBuildOperationRunner] Build operation 'Execute unit of work' completed
2025-12-28T12:06:52.727+0800 [DEBUG] [org.gradle.internal.operations.DefaultBuildOperationRunner] Build operation 'Identifying work' completed
2025-12-28T12:06:52.728+0800 [DEBUG] [org.gradle.internal.operations.DefaultBuildOperationRunner] Build operation 'Identifying work' completed
2025-12-28T12:06:52.730+0800 [DEBUG] [org.gradle.internal.operations.DefaultBuildOperationRunner] Build operation 'Identifying work' completed
2025-12-28T12:06:52.735+0800 [DEBUG] [org.gradle.internal.operations.DefaultBuildOperationRunner] Build operation 'Execute unit of work' completed
2025-12-28T12:06:52.736+0800 [DEBUG] [org.gradle.internal.operations.DefaultBuildOperationRunner] Build operation 'Execute unit of work' completed
2025-12-28T12:06:52.738+0800 [DEBUG] [org.gradle.internal.operations.DefaultBuildOperationRunner] Build operation 'Identifying work' completed
2025-12-28T12:06:52.741+0800 [DEBUG] [org.gradle.internal.operations.DefaultBuildOperationRunner] Build operation 'Execute unit of work' completed
2025-12-28T12:06:52.742+0800 [DEBUG] [org.gradle.internal.operations.DefaultBuildOperationRunner] Build operation 'Execute unit of work' completed
2025-12-28T12:06:52.743+0800 [DEBUG] [org.gradle.internal.operations.DefaultBuildOperationRunner] Build operation 'Execute unit of work' completed
2025-12-28T12:06:52.749+0800 [DEBUG] [org.gradle.internal.operations.DefaultBuildOperationRunner] Build operation 'Execute unit of work' completed
2025-12-28T12:06:52.750+0800 [DEBUG] [org.gradle.internal.operations.DefaultBuildOperationRunner] Build operation 'Identifying work' completed
2025-12-28T12:06:52.750+0800 [DEBUG] [org.gradle.internal.operations.DefaultBuildOperationRunner] Build operation 'Identifying work' completed
2025-12-28T12:06:52.751+0800 [DEBUG] [org.gradle.internal.operations.DefaultBuildOperationRunner] Build operation 'Execute transform chain: commons-codec-1.11.jar (commons-codec:commons-codec:1.11)' completed
2025-12-28T12:06:52.752+0800 [DEBUG] [org.gradle.internal.operations.DefaultBuildOperationRunner] Build operation 'Execute unit of work' completed
2025-12-28T12:06:52.752+0800 [DEBUG] [org.gradle.internal.operations.DefaultBuildOperationRunner] Build operation 'Identifying work' completed
2025-12-28T12:06:52.751+0800 [DEBUG] [org.gradle.internal.resources.AbstractTrackedResourceLock] Daemon worker: released lock on state of build :
2025-12-28T12:06:52.753+0800 [DEBUG] [org.gradle.internal.resources.AbstractTrackedResourceLock] Daemon worker: released lock on worker lease
2025-12-28T12:06:52.753+0800 [DEBUG] [org.gradle.internal.operations.DefaultBuildOperationRunner] Build operation 'Identifying work' completed
2025-12-28T12:06:52.755+0800 [DEBUG] [org.gradle.internal.operations.DefaultBuildOperationRunner] Build operation 'Identifying work' completed
2025-12-28T12:06:52.756+0800 [DEBUG] [org.gradle.internal.operations.DefaultBuildOperationRunner] Build operation 'Execute unit of work' completed
2025-12-28T12:06:52.756+0800 [DEBUG] [org.gradle.internal.operations.DefaultBuildOperationRunner] Build operation 'Execute unit of work' completed
2025-12-28T12:06:52.757+0800 [DEBUG] [org.gradle.internal.operations.DefaultBuildOperationRunner] Build operation 'Identifying work' completed
2025-12-28T12:06:52.756+0800 [DEBUG] [org.gradle.internal.operations.DefaultBuildOperationRunner] Build operation 'Execute unit of work' completed
2025-12-28T12:06:52.758+0800 [DEBUG] [org.gradle.internal.operations.DefaultBuildOperationRunner] Build operation 'Identifying work' completed
2025-12-28T12:06:52.759+0800 [DEBUG] [org.gradle.internal.operations.DefaultBuildOperationRunner] Build operation 'Identifying work' completed
2025-12-28T12:06:52.759+0800 [DEBUG] [org.gradle.internal.operations.DefaultBuildOperationRunner] Build operation 'Identifying work' completed
2025-12-28T12:06:52.760+0800 [DEBUG] [org.gradle.internal.operations.DefaultBuildOperationRunner] Build operation 'Identifying work' completed
2025-12-28T12:06:52.760+0800 [DEBUG] [org.gradle.internal.operations.DefaultBuildOperationRunner] Build operation 'Identifying work' completed
2025-12-28T12:06:52.763+0800 [DEBUG] [org.gradle.internal.operations.DefaultBuildOperationRunner] Build operation 'Execute unit of work' completed
2025-12-28T12:06:52.765+0800 [DEBUG] [org.gradle.internal.operations.DefaultBuildOperationRunner] Build operation 'Identifying work' completed
2025-12-28T12:06:52.767+0800 [DEBUG] [org.gradle.internal.operations.DefaultBuildOperationRunner] Build operation 'Execute unit of work' completed
2025-12-28T12:06:52.768+0800 [DEBUG] [org.gradle.internal.operations.DefaultBuildOperationRunner] Build operation 'Execute unit of work' completed
2025-12-28T12:06:52.769+0800 [DEBUG] [org.gradle.internal.operations.DefaultBuildOperationRunner] Build operation 'Execute unit of work' completed
2025-12-28T12:06:52.769+0800 [DEBUG] [org.gradle.internal.operations.DefaultBuildOperationRunner] Build operation 'Execute unit of work' completed
2025-12-28T12:06:52.771+0800 [DEBUG] [org.gradle.internal.operations.DefaultBuildOperationRunner] Build operation 'Identifying work' completed
2025-12-28T12:06:52.772+0800 [DEBUG] [org.gradle.internal.operations.DefaultBuildOperationRunner] Build operation 'Identifying work' completed
2025-12-28T12:06:52.773+0800 [DEBUG] [org.gradle.internal.operations.DefaultBuildOperationRunner] Build operation 'Identifying work' completed
2025-12-28T12:06:52.772+0800 [DEBUG] [org.gradle.internal.operations.DefaultBuildOperationRunner] Build operation 'Identifying work' completed
2025-12-28T12:06:52.775+0800 [DEBUG] [org.gradle.internal.operations.DefaultBuildOperationRunner] Build operation 'Execute unit of work' completed
2025-12-28T12:06:52.775+0800 [DEBUG] [org.gradle.internal.operations.DefaultBuildOperationRunner] Build operation 'Identifying work' completed
2025-12-28T12:06:52.775+0800 [DEBUG] [org.gradle.internal.operations.DefaultBuildOperationRunner] Build operation 'Identifying work' completed
2025-12-28T12:06:52.776+0800 [DEBUG] [org.gradle.internal.operations.DefaultBuildOperationRunner] Build operation 'Execute unit of work' completed
2025-12-28T12:06:52.780+0800 [DEBUG] [org.gradle.internal.operations.DefaultBuildOperationRunner] Build operation 'Execute unit of work' completed
2025-12-28T12:06:52.780+0800 [DEBUG] [org.gradle.internal.operations.DefaultBuildOperationRunner] Build operation 'Identifying work' completed
2025-12-28T12:06:52.782+0800 [DEBUG] [org.gradle.internal.operations.DefaultBuildOperationRunner] Build operation 'Identifying work' completed
2025-12-28T12:06:52.782+0800 [DEBUG] [org.gradle.internal.operations.DefaultBuildOperationRunner] Build operation 'Identifying work' completed
2025-12-28T12:06:52.783+0800 [DEBUG] [org.gradle.internal.operations.DefaultBuildOperationRunner] Build operation 'Identifying work' completed
2025-12-28T12:06:52.783+0800 [DEBUG] [org.gradle.internal.operations.DefaultBuildOperationRunner] Build operation 'Execute unit of work' completed
2025-12-28T12:06:52.787+0800 [DEBUG] [org.gradle.internal.operations.DefaultBuildOperationRunner] Build operation 'Identifying work' completed
2025-12-28T12:06:52.788+0800 [DEBUG] [org.gradle.internal.operations.DefaultBuildOperationRunner] Build operation 'Execute unit of work' completed
2025-12-28T12:06:52.790+0800 [DEBUG] [org.gradle.internal.operations.DefaultBuildOperationRunner] Build operation 'Execute unit of work' completed
2025-12-28T12:06:52.790+0800 [DEBUG] [org.gradle.internal.operations.DefaultBuildOperationRunner] Build operation 'Identifying work' completed
2025-12-28T12:06:52.791+0800 [DEBUG] [org.gradle.internal.operations.DefaultBuildOperationRunner] Build operation 'Identifying work' completed
2025-12-28T12:06:52.792+0800 [DEBUG] [org.gradle.internal.operations.DefaultBuildOperationRunner] Build operation 'Execute unit of work' completed
2025-12-28T12:06:52.793+0800 [DEBUG] [org.gradle.internal.operations.DefaultBuildOperationRunner] Build operation 'Identifying work' completed
2025-12-28T12:06:52.796+0800 [DEBUG] [org.gradle.internal.operations.DefaultBuildOperationRunner] Build operation 'Identifying work' completed
2025-12-28T12:06:52.797+0800 [DEBUG] [org.gradle.internal.operations.DefaultBuildOperationRunner] Build operation 'Execute unit of work' completed
2025-12-28T12:06:52.797+0800 [DEBUG] [org.gradle.internal.operations.DefaultBuildOperationRunner] Build operation 'Execute unit of work' completed
2025-12-28T12:06:52.799+0800 [DEBUG] [org.gradle.internal.operations.DefaultBuildOperationRunner] Build operation 'Identifying work' completed
2025-12-28T12:06:52.799+0800 [DEBUG] [org.gradle.internal.operations.DefaultBuildOperationRunner] Build operation 'Execute unit of work' completed
2025-12-28T12:06:52.801+0800 [DEBUG] [org.gradle.internal.operations.DefaultBuildOperationRunner] Build operation 'Identifying work' completed
2025-12-28T12:06:52.802+0800 [DEBUG] [org.gradle.internal.operations.DefaultBuildOperationRunner] Build operation 'Identifying work' completed
2025-12-28T12:06:52.802+0800 [DEBUG] [org.gradle.internal.operations.DefaultBuildOperationRunner] Build operation 'Execute unit of work' completed
2025-12-28T12:06:52.806+0800 [DEBUG] [org.gradle.internal.operations.DefaultBuildOperationRunner] Build operation 'Execute unit of work' completed
2025-12-28T12:06:52.811+0800 [DEBUG] [org.gradle.internal.operations.DefaultBuildOperationRunner] Build operation 'Execute unit of work' completed
2025-12-28T12:06:52.812+0800 [DEBUG] [org.gradle.internal.operations.DefaultBuildOperationRunner] Build operation 'Execute unit of work' completed
2025-12-28T12:06:52.815+0800 [DEBUG] [org.gradle.internal.operations.DefaultBuildOperationRunner] Build operation 'Identifying work' completed
2025-12-28T12:06:52.816+0800 [DEBUG] [org.gradle.internal.operations.DefaultBuildOperationRunner] Build operation 'Identifying work' completed
2025-12-28T12:06:52.816+0800 [DEBUG] [org.gradle.internal.operations.DefaultBuildOperationRunner] Build operation 'Execute unit of work' completed
2025-12-28T12:06:52.817+0800 [DEBUG] [org.gradle.internal.operations.DefaultBuildOperationRunner] Build operation 'Identifying work' completed
2025-12-28T12:06:52.823+0800 [DEBUG] [org.gradle.internal.operations.DefaultBuildOperationRunner] Build operation 'Execute unit of work' completed
2025-12-28T12:06:52.823+0800 [DEBUG] [org.gradle.internal.operations.DefaultBuildOperationRunner] Build operation 'Execute unit of work' completed
2025-12-28T12:06:52.826+0800 [DEBUG] [org.gradle.internal.operations.DefaultBuildOperationRunner] Build operation 'Identifying work' completed
2025-12-28T12:06:52.828+0800 [DEBUG] [org.gradle.internal.operations.DefaultBuildOperationRunner] Build operation 'Execute unit of work' completed
2025-12-28T12:06:52.830+0800 [DEBUG] [org.gradle.internal.operations.DefaultBuildOperationRunner] Build operation 'Identifying work' completed
2025-12-28T12:06:52.833+0800 [DEBUG] [org.gradle.internal.operations.DefaultBuildOperationRunner] Build operation 'Execute unit of work' completed
2025-12-28T12:06:52.837+0800 [DEBUG] [org.gradle.internal.operations.DefaultBuildOperationRunner] Build operation 'Execute unit of work' completed
2025-12-28T12:06:52.839+0800 [DEBUG] [org.gradle.internal.resources.AbstractTrackedResourceLock] Daemon worker: acquired lock on state of build :
2025-12-28T12:06:52.839+0800 [DEBUG] [org.gradle.internal.resources.AbstractTrackedResourceLock] Daemon worker: acquired lock on worker lease
2025-12-28T12:06:52.841+0800 [DEBUG] [org.gradle.internal.operations.DefaultBuildOperationRunner] Build operation 'Resolve files of configuration 'classpath'' completed
2025-12-28T12:06:52.842+0800 [DEBUG] [org.gradle.internal.operations.DefaultBuildOperationRunner] Build operation 'Resolve files of configuration 'classpath'' completed
2025-12-28T12:06:52.857+0800 [DEBUG] [org.gradle.internal.operations.DefaultBuildOperationRunner] Build operation 'Register task :eclipse' completed
2025-12-28T12:06:52.859+0800 [DEBUG] [org.gradle.internal.operations.DefaultBuildOperationRunner] Build operation 'Register task :cleanEclipse' completed
2025-12-28T12:06:52.907+0800 [DEBUG] [org.gradle.internal.operations.DefaultBuildOperationRunner] Build operation 'Register task :eclipseProject' completed
2025-12-28T12:06:52.912+0800 [DEBUG] [org.gradle.internal.operations.DefaultBuildOperationRunner] Build operation 'Register task :cleanEclipseProject' completed
2025-12-28T12:06:52.956+0800 [DEBUG] [org.gradle.internal.operations.DefaultBuildOperationRunner] Build operation 'Apply plugin org.gradle.eclipse to root project 'Neo Anomalous Might'' completed
2025-12-28T12:06:52.972+0800 [DEBUG] [org.gradle.internal.operations.DefaultBuildOperationRunner] Build operation 'Register task :idea' completed
2025-12-28T12:06:52.973+0800 [DEBUG] [org.gradle.internal.operations.DefaultBuildOperationRunner] Build operation 'Register task :cleanIdea' completed
2025-12-28T12:06:52.984+0800 [DEBUG] [org.gradle.internal.operations.DefaultBuildOperationRunner] Build operation 'Register task :ideaWorkspace' completed
2025-12-28T12:06:52.986+0800 [DEBUG] [org.gradle.internal.operations.DefaultBuildOperationRunner] Build operation 'Register task :cleanIdeaWorkspace' completed
2025-12-28T12:06:53.003+0800 [DEBUG] [org.gradle.internal.operations.DefaultBuildOperationRunner] Build operation 'Register task :ideaProject' completed
2025-12-28T12:06:53.011+0800 [DEBUG] [org.gradle.internal.operations.DefaultBuildOperationRunner] Build operation 'Register task :cleanIdeaProject' completed
2025-12-28T12:06:53.014+0800 [DEBUG] [org.gradle.internal.operations.DefaultBuildOperationRunner] Build operation 'Register task :openIdea' completed
2025-12-28T12:06:53.034+0800 [DEBUG] [org.gradle.internal.operations.DefaultBuildOperationRunner] Build operation 'Register task :ideaModule' completed
2025-12-28T12:06:53.047+0800 [DEBUG] [org.gradle.internal.operations.DefaultBuildOperationRunner] Build operation 'Register task :cleanIdeaModule' completed
2025-12-28T12:06:53.070+0800 [DEBUG] [org.gradle.internal.operations.DefaultBuildOperationRunner] Build operation 'Apply plugin org.gradle.idea to root project 'Neo Anomalous Might'' completed
2025-12-28T12:06:53.115+0800 [DEBUG] [org.gradle.internal.operations.DefaultBuildOperationRunner] Build operation 'Register task :publish' completed
2025-12-28T12:06:53.118+0800 [DEBUG] [org.gradle.internal.operations.DefaultBuildOperationRunner] Build operation 'Apply plugin org.gradle.api.publish.plugins.PublishingPlugin to root project 'Neo Anomalous Might'' completed
2025-12-28T12:06:53.119+0800 [DEBUG] [org.gradle.internal.operations.DefaultBuildOperationRunner] Build operation 'Register task :publishToMavenLocal' completed
2025-12-28T12:06:53.127+0800 [DEBUG] [org.gradle.internal.operations.DefaultBuildOperationRunner] Build operation 'Apply plugin org.gradle.maven-publish to root project 'Neo Anomalous Might'' completed
2025-12-28T12:06:53.231+0800 [DEBUG] [org.gradle.api.Project] Checking Java version
2025-12-28T12:06:53.258+0800 [DEBUG] [org.gradle.api.Project] Checking Gradle version
2025-12-28T12:06:53.259+0800 [DEBUG] [org.gradle.api.Project] Checking server connections
2025-12-28T12:06:53.500+0800 [DEBUG] [jdk.event.security] X509Certificate: Alg:SHA256withRSA, Serial:570a119742c4e3cc, Subject:CN=Actalis Authentication Root CA, O=Actalis S.p.A./03358520967, L=Milan, C=IT, Issuer:CN=Actalis Authentication Root CA, O=Actalis S.p.A./03358520967, L=Milan, C=IT, Key type:RSA, Length:4096, Cert Id:1729119956, Valid from:2011/9/22 下午7:22, Valid until:2030/9/22 下午7:22
2025-12-28T12:06:53.503+0800 [DEBUG] [jdk.event.security] X509Certificate: Alg:SHA1withRSA, Serial:1, Subject:CN=AddTrust External CA Root, OU=AddTrust External TTP Network, O=AddTrust AB, C=SE, Issuer:CN=AddTrust External CA Root, OU=AddTrust External TTP Network, O=AddTrust AB, C=SE, Key type:RSA, Length:2048, Cert Id:-326352672, Valid from:2000/5/30 下午6:48, Valid until:2020/5/30 下午6:48
2025-12-28T12:06:53.504+0800 [DEBUG] [jdk.event.security] X509Certificate: Alg:SHA1withRSA, Serial:1, Subject:CN=AddTrust Qualified CA Root, OU=AddTrust TTP Network, O=AddTrust AB, C=SE, Issuer:CN=AddTrust Qualified CA Root, OU=AddTrust TTP Network, O=AddTrust AB, C=SE, Key type:RSA, Length:2048, Cert Id:607365522, Valid from:2000/5/30 下午6:44, Valid until:2020/5/30 下午6:44
2025-12-28T12:06:53.506+0800 [DEBUG] [jdk.event.security] X509Certificate: Alg:SHA256withRSA, Serial:7777062726a9b17c, Subject:CN=AffirmTrust Commercial, O=AffirmTrust, C=US, Issuer:CN=AffirmTrust Commercial, O=AffirmTrust, C=US, Key type:RSA, Length:2048, Cert Id:630485644, Valid from:2010/1/29 下午10:06, Valid until:2030/12/31 下午10:06
2025-12-28T12:06:53.508+0800 [DEBUG] [jdk.event.security] X509Certificate: Alg:SHA1withRSA, Serial:7c4f04391cd4992d, Subject:CN=AffirmTrust Networking, O=AffirmTrust, C=US, Issuer:CN=AffirmTrust Networking, O=AffirmTrust, C=US, Key type:RSA, Length:2048, Cert Id:651670175, Valid from:2010/1/29 下午10:08, Valid until:2030/12/31 下午10:08
2025-12-28T12:06:53.510+0800 [DEBUG] [jdk.event.security] X509Certificate: Alg:SHA384withRSA, Serial:6d8c1446b1a60aee, Subject:CN=AffirmTrust Premium, O=AffirmTrust, C=US, Issuer:CN=AffirmTrust Premium, O=AffirmTrust, C=US, Key type:RSA, Length:4096, Cert Id:-2130283955, Valid from:2010/1/29 下午10:10, Valid until:2040/12/31 下午10:10
2025-12-28T12:06:53.515+0800 [DEBUG] [jdk.event.security] X509Certificate: Alg:SHA384withECDSA, Serial:7497258ac73f7a54, Subject:CN=AffirmTrust Premium ECC, O=AffirmTrust, C=US, Issuer:CN=AffirmTrust Premium ECC, O=AffirmTrust, C=US, Key type:EC, Length:384, Cert Id:-2080363786, Valid from:2010/1/29 下午10:20, Valid until:2040/12/31 下午10:20
2025-12-28T12:06:53.518+0800 [DEBUG] [jdk.event.security] X509Certificate: Alg:SHA256withRSA, Serial:66c9fcf99bf8c0a39e2f0788a43e696365bca, Subject:CN=Amazon Root CA 1, O=Amazon, C=US, Issuer:CN=Amazon Root CA 1, O=Amazon, C=US, Key type:RSA, Length:2048, Cert Id:-1472444962, Valid from:2015/5/26 上午8:00, Valid until:2038/1/17 上午8:00
2025-12-28T12:06:53.520+0800 [DEBUG] [jdk.event.security] X509Certificate: Alg:SHA384withRSA, Serial:66c9fd29635869f0a0fe58678f85b26bb8a37, Subject:CN=Amazon Root CA 2, O=Amazon, C=US, Issuer:CN=Amazon Root CA 2, O=Amazon, C=US, Key type:RSA, Length:4096, Cert Id:-1766132388, Valid from:2015/5/26 上午8:00, Valid until:2040/5/26 上午8:00
2025-12-28T12:06:53.521+0800 [DEBUG] [jdk.event.security] X509Certificate: Alg:SHA256withECDSA, Serial:66c9fd5749736663f3b0b9ad9e89e7603f24a, Subject:CN=Amazon Root CA 3, O=Amazon, C=US, Issuer:CN=Amazon Root CA 3, O=Amazon, C=US, Key type:EC, Length:256, Cert Id:-1562287523, Valid from:2015/5/26 上午8:00, Valid until:2040/5/26 上午8:00
2025-12-28T12:06:53.524+0800 [DEBUG] [jdk.event.security] X509Certificate: Alg:SHA384withECDSA, Serial:66c9fd7c1bb104c2943e5717b7b2cc81ac10e, Subject:CN=Amazon Root CA 4, O=Amazon, C=US, Issuer:CN=Amazon Root CA 4, O=Amazon, C=US, Key type:EC, Length:384, Cert Id:-1654272513, Valid from:2015/5/26 上午8:00, Valid until:2040/5/26 上午8:00
2025-12-28T12:06:53.525+0800 [DEBUG] [jdk.event.security] X509Certificate: Alg:SHA1withRSA, Serial:20000b9, Subject:CN=Baltimore CyberTrust Root, OU=CyberTrust, O=Baltimore, C=IE, Issuer:CN=Baltimore CyberTrust Root, OU=CyberTrust, O=Baltimore, C=IE, Key type:RSA, Length:2048, Cert Id:1425294543, Valid from:2000/5/13 上午2:46, Valid until:2025/5/13 上午7:59
2025-12-28T12:06:53.527+0800 [DEBUG] [jdk.event.security] X509Certificate: Alg:SHA256withRSA, Serial:2, Subject:CN=Buypass Class 2 Root CA, O=Buypass AS-983163327, C=NO, Issuer:CN=Buypass Class 2 Root CA, O=Buypass AS-983163327, C=NO, Key type:RSA, Length:4096, Cert Id:969960563, Valid from:2010/10/26 下午4:38, Valid until:2040/10/26 下午4:38
2025-12-28T12:06:53.528+0800 [DEBUG] [jdk.event.security] X509Certificate: Alg:SHA256withRSA, Serial:2, Subject:CN=Buypass Class 3 Root CA, O=Buypass AS-983163327, C=NO, Issuer:CN=Buypass Class 3 Root CA, O=Buypass AS-983163327, C=NO, Key type:RSA, Length:4096, Cert Id:1264269967, Valid from:2010/10/26 下午4:28, Valid until:2040/10/26 下午4:28
2025-12-28T12:06:53.536+0800 [DEBUG] [jdk.event.security] X509Certificate: Alg:SHA1withRSA, Serial:a3da427ea4b1aeda, Subject:CN=Chambers of Commerce Root - 2008, O=AC Camerfirma S.A., SERIALNUMBER=A82743287, L=Madrid (see current address at www.camerfirma.com/address), C=EU, Issuer:CN=Chambers of Commerce Root - 2008, O=AC Camerfirma S.A., SERIALNUMBER=A82743287, L=Madrid (see current address at www.camerfirma.com/address), C=EU, Key type:RSA, Length:4096, Cert Id:-28263924, Valid from:2008/8/1 下午8:29, Valid until:2038/7/31 下午8:29
2025-12-28T12:06:53.567+0800 [DEBUG] [jdk.event.security] X509Certificate: Alg:SHA1withRSA, Serial:0, Subject:CN=Chambers of Commerce Root, OU=http://www.chambersign.org, O=AC Camerfirma SA CIF A82743287, C=EU, Issuer:CN=Chambers of Commerce Root, OU=http://www.chambersign.org, O=AC Camerfirma SA CIF A82743287, C=EU, Key type:RSA, Length:2048, Cert Id:1827306452, Valid from:2003/10/1 上午12:13, Valid until:2037/10/1 上午12:13
2025-12-28T12:06:53.570+0800 [DEBUG] [jdk.event.security] X509Certificate: Alg:SHA1withRSA, Serial:c9cdd3e9d57d23ce, Subject:CN=Global Chambersign Root - 2008, O=AC Camerfirma S.A., SERIALNUMBER=A82743287, L=Madrid (see current address at www.camerfirma.com/address), C=EU, Issuer:CN=Global Chambersign Root - 2008, O=AC Camerfirma S.A., SERIALNUMBER=A82743287, L=Madrid (see current address at www.camerfirma.com/address), C=EU, Key type:RSA, Length:4096, Cert Id:1271252776, Valid from:2008/8/1 下午8:31, Valid until:2038/7/31 下午8:31
2025-12-28T12:06:53.572+0800 [DEBUG] [jdk.event.security] X509Certificate: Alg:SHA384withECDSA, Serial:62533b1470333275cf98d9ab9bfccf8, Subject:CN=Certainly Root E1, O=Certainly, C=US, Issuer:CN=Certainly Root E1, O=Certainly, C=US, Key type:EC, Length:384, Cert Id:792571453, Valid from:2021/4/1 上午8:00, Valid until:2046/4/1 上午8:00
2025-12-28T12:06:53.573+0800 [DEBUG] [jdk.event.security] X509Certificate: Alg:SHA256withRSA, Serial:8e0ff94b907168653354f4d44439b7e0, Subject:CN=Certainly Root R1, O=Certainly, C=US, Issuer:CN=Certainly Root R1, O=Certainly, C=US, Key type:RSA, Length:4096, Cert Id:-2039008761, Valid from:2021/4/1 上午8:00, Valid until:2046/4/1 上午8:00
2025-12-28T12:06:53.576+0800 [DEBUG] [jdk.event.security] X509Certificate: Alg:SHA1withRSA, Serial:fedce3010fc948ff, Subject:CN=Certigna, O=Dhimyotis, C=FR, Issuer:CN=Certigna, O=Dhimyotis, C=FR, Key type:RSA, Length:2048, Cert Id:-788091456, Valid from:2007/6/29 下午11:13, Valid until:2027/6/29 下午11:13
2025-12-28T12:06:53.578+0800 [DEBUG] [jdk.event.security] X509Certificate: Alg:SHA256withRSA, Serial:cae91b89f155030da3e6416dc4e3a6e1, Subject:CN=Certigna Root CA, OU=0002 48146308100036, O=Dhimyotis, C=FR, Issuer:CN=Certigna Root CA, OU=0002 48146308100036, O=Dhimyotis, C=FR, Key type:RSA, Length:4096, Cert Id:356684591, Valid from:2013/10/1 下午4:32, Valid until:2033/10/1 下午4:32
2025-12-28T12:06:53.580+0800 [DEBUG] [jdk.event.security] X509Certificate: Alg:SHA1withRSA, Serial:10020, Subject:CN=Certum CA, O=Unizeto Sp. z o.o., C=PL, Issuer:CN=Certum CA, O=Unizeto Sp. z o.o., C=PL, Key type:RSA, Length:2048, Cert Id:-744451266, Valid from:2002/6/11 下午6:46, Valid until:2027/6/11 下午6:46
2025-12-28T12:06:53.581+0800 [DEBUG] [jdk.event.security] X509Certificate: Alg:SHA1withRSA, Serial:444c0, Subject:CN=Certum Trusted Network CA, OU=Certum Certification Authority, O=Unizeto Technologies S.A., C=PL, Issuer:CN=Certum Trusted Network CA, OU=Certum Certification Authority, O=Unizeto Technologies S.A., C=PL, Key type:RSA, Length:2048, Cert Id:2014002193, Valid from:2008/10/22 下午8:07, Valid until:2029/12/31 下午8:07
2025-12-28T12:06:53.582+0800 [DEBUG] [jdk.event.security] X509Certificate: Alg:SHA1withRSA, Serial:15c8bd65475cafb897005ee406d2bc9d, Subject:OU=ePKI Root Certification Authority, O="Chunghwa Telecom Co., Ltd.", C=TW, Issuer:OU=ePKI Root Certification Authority, O="Chunghwa Telecom Co., Ltd.", C=TW, Key type:RSA, Length:4096, Cert Id:-662636137, Valid from:2004/12/20 上午10:31, Valid until:2034/12/20 上午10:31
2025-12-28T12:06:53.584+0800 [DEBUG] [jdk.event.security] X509Certificate: Alg:SHA1withRSA, Serial:1, Subject:CN=AAA Certificate Services, O=Comodo CA Limited, L=Salford, ST=Greater Manchester, C=GB, Issuer:CN=AAA Certificate Services, O=Comodo CA Limited, L=Salford, ST=Greater Manchester, C=GB, Key type:RSA, Length:2048, Cert Id:-1197580894, Valid from:2004/1/1 上午8:00, Valid until:2029/1/1 上午7:59
2025-12-28T12:06:53.585+0800 [DEBUG] [jdk.event.security] X509Certificate: Alg:SHA384withECDSA, Serial:1f47afaa62007050544c019e9b63992a, Subject:CN=COMODO ECC Certification Authority, O=COMODO CA Limited, L=Salford, ST=Greater Manchester, C=GB, Issuer:CN=COMODO ECC Certification Authority, O=COMODO CA Limited, L=Salford, ST=Greater Manchester, C=GB, Key type:EC, Length:384, Cert Id:1146488932, Valid from:2008/3/6 上午8:00, Valid until:2038/1/19 上午7:59
2025-12-28T12:06:53.587+0800 [DEBUG] [jdk.event.security] X509Certificate: Alg:SHA384withRSA, Serial:4caaf9cadb636fe01ff74ed85b03869d, Subject:CN=COMODO RSA Certification Authority, O=COMODO CA Limited, L=Salford, ST=Greater Manchester, C=GB, Issuer:CN=COMODO RSA Certification Authority, O=COMODO CA Limited, L=Salford, ST=Greater Manchester, C=GB, Key type:RSA, Length:4096, Cert Id:1769425049, Valid from:2010/1/19 上午8:00, Valid until:2038/1/19 上午7:59
2025-12-28T12:06:53.589+0800 [DEBUG] [jdk.event.security] X509Certificate: Alg:SHA256withRSA, Serial:b931c3ad63967ea6723bfc3af9af44b, Subject:CN=DigiCert Assured ID Root G2, OU=www.digicert.com, O=DigiCert Inc, C=US, Issuer:CN=DigiCert Assured ID Root G2, OU=www.digicert.com, O=DigiCert Inc, C=US, Key type:RSA, Length:2048, Cert Id:-385398383, Valid from:2013/8/1 下午8:00, Valid until:2038/1/15 下午8:00
2025-12-28T12:06:53.591+0800 [DEBUG] [jdk.event.security] X509Certificate: Alg:SHA384withECDSA, Serial:ba15afa1ddfa0b54944afcd24a06cec, Subject:CN=DigiCert Assured ID Root G3, OU=www.digicert.com, O=DigiCert Inc, C=US, Issuer:CN=DigiCert Assured ID Root G3, OU=www.digicert.com, O=DigiCert Inc, C=US, Key type:EC, Length:384, Cert Id:-645537245, Valid from:2013/8/1 下午8:00, Valid until:2038/1/15 下午8:00
2025-12-28T12:06:53.593+0800 [DEBUG] [jdk.event.security] X509Certificate: Alg:SHA1withRSA, Serial:ce7e0e517d846fe8fe560fc1bf03039, Subject:CN=DigiCert Assured ID Root CA, OU=www.digicert.com, O=DigiCert Inc, C=US, Issuer:CN=DigiCert Assured ID Root CA, OU=www.digicert.com, O=DigiCert Inc, C=US, Key type:RSA, Length:2048, Cert Id:-860404528, Valid from:2006/11/10 上午8:00, Valid until:2031/11/10 上午8:00
2025-12-28T12:06:53.595+0800 [DEBUG] [jdk.event.security] X509Certificate: Alg:SHA384withECDSA, Serial:3698fe712d519f3ced0fdb7b1643011, Subject:CN=DigiCert CS ECC P384 Root G5, O="DigiCert, Inc.", C=US, Issuer:CN=DigiCert CS ECC P384 Root G5, O="DigiCert, Inc.", C=US, Key type:EC, Length:384, Cert Id:381797637, Valid from:2021/1/15 上午8:00, Valid until:2046/1/15 上午7:59
2025-12-28T12:06:53.598+0800 [DEBUG] [jdk.event.security] X509Certificate: Alg:SHA384withRSA, Serial:6cee131be6d55c807f7c0c7fb44e620, Subject:CN=DigiCert CS RSA4096 Root G5, O="DigiCert, Inc.", C=US, Issuer:CN=DigiCert CS RSA4096 Root G5, O="DigiCert, Inc.", C=US, Key type:RSA, Length:4096, Cert Id:1193514382, Valid from:2021/1/15 上午8:00, Valid until:2046/1/15 上午7:59
2025-12-28T12:06:53.600+0800 [DEBUG] [jdk.event.security] X509Certificate: Alg:SHA1withRSA, Serial:83be056904246b1a1756ac95991c74a, Subject:CN=DigiCert Global Root CA, OU=www.digicert.com, O=DigiCert Inc, C=US, Issuer:CN=DigiCert Global Root CA, OU=www.digicert.com, O=DigiCert Inc, C=US, Key type:RSA, Length:2048, Cert Id:1341898239, Valid from:2006/11/10 上午8:00, Valid until:2031/11/10 上午8:00
2025-12-28T12:06:53.601+0800 [DEBUG] [jdk.event.security] X509Certificate: Alg:SHA256withRSA, Serial:33af1e6a711a9a0bb2864b11d09fae5, Subject:CN=DigiCert Global Root G2, OU=www.digicert.com, O=DigiCert Inc, C=US, Issuer:CN=DigiCert Global Root G2, OU=www.digicert.com, O=DigiCert Inc, C=US, Key type:RSA, Length:2048, Cert Id:1136084297, Valid from:2013/8/1 下午8:00, Valid until:2038/1/15 下午8:00
2025-12-28T12:06:53.603+0800 [DEBUG] [jdk.event.security] X509Certificate: Alg:SHA384withECDSA, Serial:55556bcf25ea43535c3a40fd5ab4572, Subject:CN=DigiCert Global Root G3, OU=www.digicert.com, O=DigiCert Inc, C=US, Issuer:CN=DigiCert Global Root G3, OU=www.digicert.com, O=DigiCert Inc, C=US, Key type:EC, Length:384, Cert Id:-795968543, Valid from:2013/8/1 下午8:00, Valid until:2038/1/15 下午8:00
2025-12-28T12:06:53.605+0800 [DEBUG] [jdk.event.security] X509Certificate: Alg:SHA1withRSA, Serial:2ac5c266a0b409b8f0b79f2ae462577, Subject:CN=DigiCert High Assurance EV Root CA, OU=www.digicert.com, O=DigiCert Inc, C=US, Issuer:CN=DigiCert High Assurance EV Root CA, OU=www.digicert.com, O=DigiCert Inc, C=US, Key type:RSA, Length:2048, Cert Id:-1410680354, Valid from:2006/11/10 上午8:00, Valid until:2031/11/10 上午8:00
2025-12-28T12:06:53.607+0800 [DEBUG] [jdk.event.security] X509Certificate: Alg:SHA384withECDSA, Serial:9e09365acf7d9c8b93e1c0b042a2ef3, Subject:CN=DigiCert TLS ECC P384 Root G5, O="DigiCert, Inc.", C=US, Issuer:CN=DigiCert TLS ECC P384 Root G5, O="DigiCert, Inc.", C=US, Key type:EC, Length:384, Cert Id:-354195278, Valid from:2021/1/15 上午8:00, Valid until:2046/1/15 上午7:59
2025-12-28T12:06:53.608+0800 [DEBUG] [jdk.event.security] X509Certificate: Alg:SHA384withRSA, Serial:8f9b478a8fa7eda6a333789de7ccf8a, Subject:CN=DigiCert TLS RSA4096 Root G5, O="DigiCert, Inc.", C=US, Issuer:CN=DigiCert TLS RSA4096 Root G5, O="DigiCert, Inc.", C=US, Key type:RSA, Length:4096, Cert Id:165956757, Valid from:2021/1/15 上午8:00, Valid until:2046/1/15 上午7:59
2025-12-28T12:06:53.610+0800 [DEBUG] [jdk.event.security] X509Certificate: Alg:SHA384withRSA, Serial:59b1b579e8e2132e23907bda777755c, Subject:CN=DigiCert Trusted Root G4, OU=www.digicert.com, O=DigiCert Inc, C=US, Issuer:CN=DigiCert Trusted Root G4, OU=www.digicert.com, O=DigiCert Inc, C=US, Key type:RSA, Length:4096, Cert Id:1057369358, Valid from:2013/8/1 下午8:00, Valid until:2038/1/15 下午8:00
2025-12-28T12:06:53.611+0800 [DEBUG] [jdk.event.security] X509Certificate: Alg:SHA256withRSA, Serial:983f3, Subject:CN=D-TRUST Root Class 3 CA 2 2009, O=D-Trust GmbH, C=DE, Issuer:CN=D-TRUST Root Class 3 CA 2 2009, O=D-Trust GmbH, C=DE, Key type:RSA, Length:2048, Cert Id:1430153102, Valid from:2009/11/5 下午4:35, Valid until:2029/11/5 下午4:35
2025-12-28T12:06:53.612+0800 [DEBUG] [jdk.event.security] X509Certificate: Alg:SHA256withRSA, Serial:983f4, Subject:CN=D-TRUST Root Class 3 CA 2 EV 2009, O=D-Trust GmbH, C=DE, Issuer:CN=D-TRUST Root Class 3 CA 2 EV 2009, O=D-Trust GmbH, C=DE, Key type:RSA, Length:2048, Cert Id:971313728, Valid from:2009/11/5 下午4:50, Valid until:2029/11/5 下午4:50
2025-12-28T12:06:53.613+0800 [DEBUG] [jdk.event.security] X509Certificate: Alg:SHA384withECDSA, Serial:3cf607a968700eda8b84, Subject:CN=emSign ECC Root CA - G3, O=eMudhra Technologies Limited, OU=emSign PKI, C=IN, Issuer:CN=emSign ECC Root CA - G3, O=eMudhra Technologies Limited, OU=emSign PKI, C=IN, Key type:EC, Length:384, Cert Id:-462931589, Valid from:2018/2/19 上午2:30, Valid until:2043/2/19 上午2:30
2025-12-28T12:06:53.615+0800 [DEBUG] [jdk.event.security] X509Certificate: Alg:SHA256withRSA, Serial:31f5e4620c6c58edd6d8, Subject:CN=emSign Root CA - G1, O=eMudhra Technologies Limited, OU=emSign PKI, C=IN, Issuer:CN=emSign Root CA - G1, O=eMudhra Technologies Limited, OU=emSign PKI, C=IN, Key type:RSA, Length:2048, Cert Id:392709196, Valid from:2018/2/19 上午2:30, Valid until:2043/2/19 上午2:30
2025-12-28T12:06:53.616+0800 [DEBUG] [jdk.event.security] X509Certificate: Alg:SHA384withRSA, Serial:864dbf0fe35ed77d8ed8, Subject:CN=emSign Root CA - G2, O=eMudhra Technologies Limited, OU=emSign PKI, C=IN, Issuer:CN=emSign Root CA - G2, O=eMudhra Technologies Limited, OU=emSign PKI, C=IN, Key type:RSA, Length:4096, Cert Id:-921027170, Valid from:2018/2/19 上午2:30, Valid until:2043/2/19 上午2:30
2025-12-28T12:06:53.618+0800 [DEBUG] [jdk.event.security] X509Certificate: Alg:SHA1withRSA, Serial:3863def8, Subject:CN=Entrust.net Certification Authority (2048), OU=(c) 1999 Entrust.net Limited, OU=www.entrust.net/CPS_2048 incorp. by ref. (limits liab.), O=Entrust.net, Issuer:CN=Entrust.net Certification Authority (2048), OU=(c) 1999 Entrust.net Limited, OU=www.entrust.net/CPS_2048 incorp. by ref. (limits liab.), O=Entrust.net, Key type:RSA, Length:2048, Cert Id:-328536082, Valid from:1999/12/25 上午1:50, Valid until:2029/7/24 下午10:15
2025-12-28T12:06:53.621+0800 [DEBUG] [jdk.event.security] X509Certificate: Alg:SHA1withRSA, Serial:456b5054, Subject:CN=Entrust Root Certification Authority, OU="(c) 2006 Entrust, Inc.", OU=www.entrust.net/CPS is incorporated by reference, O="Entrust, Inc.", C=US, Issuer:CN=Entrust Root Certification Authority, OU="(c) 2006 Entrust, Inc.", OU=www.entrust.net/CPS is incorporated by reference, O="Entrust, Inc.", C=US, Key type:RSA, Length:2048, Cert Id:-1261404096, Valid from:2006/11/28 上午4:23, Valid until:2026/11/28 上午4:53
2025-12-28T12:06:53.622+0800 [DEBUG] [jdk.event.security] X509Certificate: Alg:SHA384withECDSA, Serial:a68b79290000000050d091f9, Subject:CN=Entrust Root Certification Authority - EC1, OU="(c) 2012 Entrust, Inc. - for authorized use only", OU=See www.entrust.net/legal-terms, O="Entrust, Inc.", C=US, Issuer:CN=Entrust Root Certification Authority - EC1, OU="(c) 2012 Entrust, Inc. - for authorized use only", OU=See www.entrust.net/legal-terms, O="Entrust, Inc.", C=US, Key type:EC, Length:384, Cert Id:924514073, Valid from:2012/12/18 下午11:25, Valid until:2037/12/18 下午11:55
2025-12-28T12:06:53.624+0800 [DEBUG] [jdk.event.security] X509Certificate: Alg:SHA256withRSA, Serial:4a538c28, Subject:CN=Entrust Root Certification Authority - G2, OU="(c) 2009 Entrust, Inc. - for authorized use only", OU=See www.entrust.net/legal-terms, O="Entrust, Inc.", C=US, Issuer:CN=Entrust Root Certification Authority - G2, OU="(c) 2009 Entrust, Inc. - for authorized use only", OU=See www.entrust.net/legal-terms, O="Entrust, Inc.", C=US, Key type:RSA, Length:2048, Cert Id:1936920337, Valid from:2009/7/8 上午1:25, Valid until:2030/12/8 上午1:55
2025-12-28T12:06:53.625+0800 [DEBUG] [jdk.event.security] X509Certificate: Alg:SHA256withRSA, Serial:d9b5437fafa9390f000000005565ad58, Subject:CN=Entrust Root Certification Authority - G4, OU="(c) 2015 Entrust, Inc. - for authorized use only", OU=See www.entrust.net/legal-terms, O="Entrust, Inc.", C=US, Issuer:CN=Entrust Root Certification Authority - G4, OU="(c) 2015 Entrust, Inc. - for authorized use only", OU=See www.entrust.net/legal-terms, O="Entrust, Inc.", C=US, Key type:RSA, Length:4096, Cert Id:1368037548, Valid from:2015/5/27 下午7:11, Valid until:2037/12/27 下午7:41
2025-12-28T12:06:53.627+0800 [DEBUG] [jdk.event.security] X509Certificate: Alg:SHA1withRSA, Serial:23456, Subject:CN=GeoTrust Global CA, O=GeoTrust Inc., C=US, Issuer:CN=GeoTrust Global CA, O=GeoTrust Inc., C=US, Key type:RSA, Length:2048, Cert Id:-2028617374, Valid from:2002/5/21 下午12:00, Valid until:2022/5/21 下午12:00
2025-12-28T12:06:53.628+0800 [DEBUG] [jdk.event.security] X509Certificate: Alg:SHA1withRSA, Serial:18acb56afd69b6153a636cafdafac4a1, Subject:CN=GeoTrust Primary Certification Authority, O=GeoTrust Inc., C=US, Issuer:CN=GeoTrust Primary Certification Authority, O=GeoTrust Inc., C=US, Key type:RSA, Length:2048, Cert Id:-965345157, Valid from:2006/11/27 上午8:00, Valid until:2036/7/17 上午7:59
2025-12-28T12:06:53.629+0800 [DEBUG] [jdk.event.security] X509Certificate: Alg:SHA384withECDSA, Serial:3cb2f4480a00e2feeb243b5e603ec36b, Subject:CN=GeoTrust Primary Certification Authority - G2, OU=(c) 2007 GeoTrust Inc. - For authorized use only, O=GeoTrust Inc., C=US, Issuer:CN=GeoTrust Primary Certification Authority - G2, OU=(c) 2007 GeoTrust Inc. - For authorized use only, O=GeoTrust Inc., C=US, Key type:EC, Length:384, Cert Id:-1114303822, Valid from:2007/11/5 上午8:00, Valid until:2038/1/19 上午7:59
2025-12-28T12:06:53.631+0800 [DEBUG] [jdk.event.security] X509Certificate: Alg:SHA256withRSA, Serial:15ac6e9419b2794b41f627a9c3180f1f, Subject:CN=GeoTrust Primary Certification Authority - G3, OU=(c) 2008 GeoTrust Inc. - For authorized use only, O=GeoTrust Inc., C=US, Issuer:CN=GeoTrust Primary Certification Authority - G3, OU=(c) 2008 GeoTrust Inc. - For authorized use only, O=GeoTrust Inc., C=US, Key type:RSA, Length:2048, Cert Id:-1330153758, Valid from:2008/4/2 上午8:00, Valid until:2037/12/2 上午7:59
2025-12-28T12:06:53.632+0800 [DEBUG] [jdk.event.security] X509Certificate: Alg:SHA1withRSA, Serial:1, Subject:CN=GeoTrust Universal CA, O=GeoTrust Inc., C=US, Issuer:CN=GeoTrust Universal CA, O=GeoTrust Inc., C=US, Key type:RSA, Length:4096, Cert Id:313566089, Valid from:2004/3/4 下午1:00, Valid until:2029/3/4 下午1:00
2025-12-28T12:06:53.634+0800 [DEBUG] [jdk.event.security] X509Certificate: Alg:SHA1withRSA, Serial:40000000001154b5ac394, Subject:CN=GlobalSign Root CA, OU=Root CA, O=GlobalSign nv-sa, C=BE, Issuer:CN=GlobalSign Root CA, OU=Root CA, O=GlobalSign nv-sa, C=BE, Key type:RSA, Length:2048, Cert Id:536948034, Valid from:1998/9/1 下午8:00, Valid until:2028/1/28 下午8:00
2025-12-28T12:06:53.635+0800 [DEBUG] [jdk.event.security] X509Certificate: Alg:SHA384withECDSA, Serial:11d2bbba336ed4bce62468c50d841d98e843, Subject:CN=GlobalSign Root E46, O=GlobalSign nv-sa, C=BE, Issuer:CN=GlobalSign Root E46, O=GlobalSign nv-sa, C=BE, Key type:EC, Length:384, Cert Id:-889363391, Valid from:2019/3/20 上午8:00, Valid until:2046/3/20 上午8:00
2025-12-28T12:06:53.637+0800 [DEBUG] [jdk.event.security] X509Certificate: Alg:SHA256withECDSA, Serial:2a38a41c960a04de42b228a50be8349802, Subject:CN=GlobalSign, O=GlobalSign, OU=GlobalSign ECC Root CA - R4, Issuer:CN=GlobalSign, O=GlobalSign, OU=GlobalSign ECC Root CA - R4, Key type:EC, Length:256, Cert Id:-1923273545, Valid from:2012/11/13 上午8:00, Valid until:2038/1/19 上午11:14
2025-12-28T12:06:53.638+0800 [DEBUG] [jdk.event.security] X509Certificate: Alg:SHA384withECDSA, Serial:605949e0262ebb55f90a778a71f94ad86c, Subject:CN=GlobalSign, O=GlobalSign, OU=GlobalSign ECC Root CA - R5, Issuer:CN=GlobalSign, O=GlobalSign, OU=GlobalSign ECC Root CA - R5, Key type:EC, Length:384, Cert Id:1997048439, Valid from:2012/11/13 上午8:00, Valid until:2038/1/19 上午11:14
2025-12-28T12:06:53.639+0800 [DEBUG] [jdk.event.security] X509Certificate: Alg:SHA256withRSA, Serial:4000000000121585308a2, Subject:CN=GlobalSign, O=GlobalSign, OU=GlobalSign Root CA - R3, Issuer:CN=GlobalSign, O=GlobalSign, OU=GlobalSign Root CA - R3, Key type:RSA, Length:2048, Cert Id:733875591, Valid from:2009/3/18 下午6:00, Valid until:2029/3/18 下午6:00
2025-12-28T12:06:53.641+0800 [DEBUG] [jdk.event.security] X509Certificate: Alg:SHA384withRSA, Serial:11d2bbb9d723189e405f0a9d2dd0df2567d1, Subject:CN=GlobalSign Root R46, O=GlobalSign nv-sa, C=BE, Issuer:CN=GlobalSign Root R46, O=GlobalSign nv-sa, C=BE, Key type:RSA, Length:4096, Cert Id:1275948927, Valid from:2019/3/20 上午8:00, Valid until:2046/3/20 上午8:00
2025-12-28T12:06:53.642+0800 [DEBUG] [jdk.event.security] X509Certificate: Alg:SHA384withRSA, Serial:45e6bb038333c3856548e6ff4551, Subject:CN=GlobalSign, O=GlobalSign, OU=GlobalSign Root CA - R6, Issuer:CN=GlobalSign, O=GlobalSign, OU=GlobalSign Root CA - R6, Key type:RSA, Length:4096, Cert Id:-506627753, Valid from:2014/12/10 上午8:00, Valid until:2034/12/10 上午8:00
2025-12-28T12:06:53.644+0800 [DEBUG] [jdk.event.security] X509Certificate: Alg:SHA1withRSA, Serial:0, Subject:OU=Go Daddy Class 2 Certification Authority, O="The Go Daddy Group, Inc.", C=US, Issuer:OU=Go Daddy Class 2 Certification Authority, O="The Go Daddy Group, Inc.", C=US, Key type:RSA, Length:2048, Cert Id:-271444299, Valid from:2004/6/30 上午1:06, Valid until:2034/6/30 上午1:06
2025-12-28T12:06:53.645+0800 [DEBUG] [jdk.event.security] X509Certificate: Alg:SHA256withRSA, Serial:0, Subject:CN=Go Daddy Root Certificate Authority - G2, O="GoDaddy.com, Inc.", L=Scottsdale, ST=Arizona, C=US, Issuer:CN=Go Daddy Root Certificate Authority - G2, O="GoDaddy.com, Inc.", L=Scottsdale, ST=Arizona, C=US, Key type:RSA, Length:2048, Cert Id:439600313, Valid from:2009/9/1 上午8:00, Valid until:2038/1/1 上午7:59
2025-12-28T12:06:53.647+0800 [DEBUG] [jdk.event.security] X509Certificate: Alg:SHA384withRSA, Serial:203e5936f31b01349886ba217, Subject:CN=GTS Root R1, O=Google Trust Services LLC, C=US, Issuer:CN=GTS Root R1, O=Google Trust Services LLC, C=US, Key type:RSA, Length:4096, Cert Id:657172038, Valid from:2016/6/22 上午8:00, Valid until:2036/6/22 上午8:00
2025-12-28T12:06:53.648+0800 [DEBUG] [jdk.event.security] X509Certificate: Alg:SHA384withRSA, Serial:203e5aec58d04251aab1125aa, Subject:CN=GTS Root R2, O=Google Trust Services LLC, C=US, Issuer:CN=GTS Root R2, O=Google Trust Services LLC, C=US, Key type:RSA, Length:4096, Cert Id:948387669, Valid from:2016/6/22 上午8:00, Valid until:2036/6/22 上午8:00
2025-12-28T12:06:53.650+0800 [DEBUG] [jdk.event.security] X509Certificate: Alg:SHA384withECDSA, Serial:203e5b882eb20f825276d3d66, Subject:CN=GTS Root R3, O=Google Trust Services LLC, C=US, Issuer:CN=GTS Root R3, O=Google Trust Services LLC, C=US, Key type:EC, Length:384, Cert Id:1163081155, Valid from:2016/6/22 上午8:00, Valid until:2036/6/22 上午8:00
2025-12-28T12:06:53.651+0800 [DEBUG] [jdk.event.security] X509Certificate: Alg:SHA384withECDSA, Serial:203e5c068ef631a9c72905052, Subject:CN=GTS Root R4, O=Google Trust Services LLC, C=US, Issuer:CN=GTS Root R4, O=Google Trust Services LLC, C=US, Key type:EC, Length:384, Cert Id:1326433111, Valid from:2016/6/22 上午8:00, Valid until:2036/6/22 上午8:00
2025-12-28T12:06:53.674+0800 [DEBUG] [jdk.event.security] X509Certificate: Alg:SHA256withECDSA, Serial:0, Subject:CN=Hellenic Academic and Research Institutions ECC RootCA 2015, O=Hellenic Academic and Research Institutions Cert. Authority, L=Athens, C=GR, Issuer:CN=Hellenic Academic and Research Institutions ECC RootCA 2015, O=Hellenic Academic and Research Institutions Cert. Authority, L=Athens, C=GR, Key type:EC, Length:384, Cert Id:513613456, Valid from:2015/7/7 下午6:37, Valid until:2040/6/30 下午6:37
2025-12-28T12:06:53.688+0800 [DEBUG] [jdk.event.security] X509Certificate: Alg:SHA256withRSA, Serial:0, Subject:CN=Hellenic Academic and Research Institutions RootCA 2015, O=Hellenic Academic and Research Institutions Cert. Authority, L=Athens, C=GR, Issuer:CN=Hellenic Academic and Research Institutions RootCA 2015, O=Hellenic Academic and Research Institutions Cert. Authority, L=Athens, C=GR, Key type:RSA, Length:4096, Cert Id:-802976731, Valid from:2015/7/7 下午6:11, Valid until:2040/6/30 下午6:11
2025-12-28T12:06:53.690+0800 [DEBUG] [jdk.event.security] X509Certificate: Alg:SHA256withRSA, Serial:a0142800000014523c844b500000002, Subject:CN=IdenTrust Commercial Root CA 1, O=IdenTrust, C=US, Issuer:CN=IdenTrust Commercial Root CA 1, O=IdenTrust, C=US, Key type:RSA, Length:4096, Cert Id:1232565210, Valid from:2014/1/17 上午2:12, Valid until:2034/1/17 上午2:12
2025-12-28T12:06:53.691+0800 [DEBUG] [jdk.event.security] X509Certificate: Alg:SHA256withRSA, Serial:a0142800000014523cf467c00000002, Subject:CN=IdenTrust Public Sector Root CA 1, O=IdenTrust, C=US, Issuer:CN=IdenTrust Public Sector Root CA 1, O=IdenTrust, C=US, Key type:RSA, Length:4096, Cert Id:2123370772, Valid from:2014/1/17 上午1:53, Valid until:2034/1/17 上午1:53
2025-12-28T12:06:53.693+0800 [DEBUG] [jdk.event.security] X509Certificate: Alg:SHA256withRSA, Serial:8210cfb0d240e3594463e0bb63828b00, Subject:CN=ISRG Root X1, O=Internet Security Research Group, C=US, Issuer:CN=ISRG Root X1, O=Internet Security Research Group, C=US, Key type:RSA, Length:4096, Cert Id:1521974916, Valid from:2015/6/4 下午7:04, Valid until:2035/6/4 下午7:04
2025-12-28T12:06:53.694+0800 [DEBUG] [jdk.event.security] X509Certificate: Alg:SHA384withECDSA, Serial:41d29dd172eaeea780c12c6ce92f8752, Subject:CN=ISRG Root X2, O=Internet Security Research Group, C=US, Issuer:CN=ISRG Root X2, O=Internet Security Research Group, C=US, Key type:EC, Length:384, Cert Id:-896325052, Valid from:2020/9/4 上午8:00, Valid until:2040/9/18 上午12:00
2025-12-28T12:06:53.696+0800 [DEBUG] [jdk.event.security] X509Certificate: Alg:SHA256withRSA, Serial:a7ea6df4b449eda6a24859ee6b815d3167fbbb1, Subject:CN=LuxTrust Global Root 2, O=LuxTrust S.A., C=LU, Issuer:CN=LuxTrust Global Root 2, O=LuxTrust S.A., C=LU, Key type:RSA, Length:4096, Cert Id:-1239330694, Valid from:2015/3/5 下午9:21, Valid until:2035/3/5 下午9:21
2025-12-28T12:06:53.721+0800 [DEBUG] [jdk.event.security] X509Certificate: Alg:SHA256withRSA, Serial:bb8, Subject:CN=LuxTrust Global Root, O=LuxTrust s.a., C=LU, Issuer:CN=LuxTrust Global Root, O=LuxTrust s.a., C=LU, Key type:RSA, Length:2048, Cert Id:1714819687, Valid from:2011/3/17 下午5:51, Valid until:2021/3/17 下午5:51
2025-12-28T12:06:53.723+0800 [DEBUG] [jdk.event.security] X509Certificate: Alg:SHA384withECDSA, Serial:66f23daf87de8bb14aea0c573101c2ec, Subject:CN=Microsoft ECC Root Certificate Authority 2017, O=Microsoft Corporation, C=US, Issuer:CN=Microsoft ECC Root Certificate Authority 2017, O=Microsoft Corporation, C=US, Key type:EC, Length:384, Cert Id:-1054206011, Valid from:2019/12/19 上午7:06, Valid until:2042/7/19 上午7:16
2025-12-28T12:06:53.724+0800 [DEBUG] [jdk.event.security] X509Certificate: Alg:SHA384withRSA, Serial:1ed397095fd8b4b347701eaabe7f45b3, Subject:CN=Microsoft RSA Root Certificate Authority 2017, O=Microsoft Corporation, C=US, Issuer:CN=Microsoft RSA Root Certificate Authority 2017, O=Microsoft Corporation, C=US, Key type:RSA, Length:4096, Cert Id:-1446618248, Valid from:2019/12/19 上午6:51, Valid until:2042/7/19 上午7:00
2025-12-28T12:06:53.728+0800 [DEBUG] [jdk.event.security] X509Certificate: Alg:SHA1withRSA, Serial:3ab6508b, Subject:CN=QuoVadis Root Certification Authority, OU=Root Certification Authority, O=QuoVadis Limited, C=BM, Issuer:CN=QuoVadis Root Certification Authority, OU=Root Certification Authority, O=QuoVadis Limited, C=BM, Key type:RSA, Length:2048, Cert Id:-1882405602, Valid from:2001/3/20 上午2:33, Valid until:2021/3/18 上午2:33
2025-12-28T12:06:53.729+0800 [DEBUG] [jdk.event.security] X509Certificate: Alg:SHA256withRSA, Serial:78585f2ead2c194be3370735341328b596d46593, Subject:CN=QuoVadis Root CA 1 G3, O=QuoVadis Limited, C=BM, Issuer:CN=QuoVadis Root CA 1 G3, O=QuoVadis Limited, C=BM, Key type:RSA, Length:4096, Cert Id:-762436034, Valid from:2012/1/13 上午1:27, Valid until:2042/1/13 上午1:27
2025-12-28T12:06:53.731+0800 [DEBUG] [jdk.event.security] X509Certificate: Alg:SHA1withRSA, Serial:509, Subject:CN=QuoVadis Root CA 2, O=QuoVadis Limited, C=BM, Issuer:CN=QuoVadis Root CA 2, O=QuoVadis Limited, C=BM, Key type:RSA, Length:4096, Cert Id:338250116, Valid from:2006/11/25 上午2:27, Valid until:2031/11/25 上午2:23
2025-12-28T12:06:53.732+0800 [DEBUG] [jdk.event.security] X509Certificate: Alg:SHA256withRSA, Serial:445734245b81899b35f2ceb82b3b5ba726f07528, Subject:CN=QuoVadis Root CA 2 G3, O=QuoVadis Limited, C=BM, Issuer:CN=QuoVadis Root CA 2 G3, O=QuoVadis Limited, C=BM, Key type:RSA, Length:4096, Cert Id:696763521, Valid from:2012/1/13 上午2:59, Valid until:2042/1/13 上午2:59
2025-12-28T12:06:53.733+0800 [DEBUG] [jdk.event.security] X509Certificate: Alg:SHA1withRSA, Serial:5c6, Subject:CN=QuoVadis Root CA 3, O=QuoVadis Limited, C=BM, Issuer:CN=QuoVadis Root CA 3, O=QuoVadis Limited, C=BM, Key type:RSA, Length:4096, Cert Id:1470392860, Valid from:2006/11/25 上午3:11, Valid until:2031/11/25 上午3:06
2025-12-28T12:06:53.735+0800 [DEBUG] [jdk.event.security] X509Certificate: Alg:SHA256withRSA, Serial:2ef59b0228a7db7affd5a3a9eebd03a0cf126a1d, Subject:CN=QuoVadis Root CA 3 G3, O=QuoVadis Limited, C=BM, Issuer:CN=QuoVadis Root CA 3 G3, O=QuoVadis Limited, C=BM, Key type:RSA, Length:4096, Cert Id:-705622991, Valid from:2012/1/13 上午4:26, Valid until:2042/1/13 上午4:26
2025-12-28T12:06:53.736+0800 [DEBUG] [jdk.event.security] X509Certificate: Alg:SHA256withRSA, Serial:0, Subject:OU=Security Communication RootCA2, O="SECOM Trust Systems CO.,LTD.", C=JP, Issuer:OU=Security Communication RootCA2, O="SECOM Trust Systems CO.,LTD.", C=JP, Key type:RSA, Length:2048, Cert Id:1521072570, Valid from:2009/5/29 下午1:00, Valid until:2029/5/29 下午1:00
2025-12-28T12:06:53.738+0800 [DEBUG] [jdk.event.security] X509Certificate: Alg:SHA1withRSA, Serial:cf08e5c0816a5ad427ff0eb271859d0, Subject:CN=SecureTrust CA, O=SecureTrust Corporation, C=US, Issuer:CN=SecureTrust CA, O=SecureTrust Corporation, C=US, Key type:RSA, Length:2048, Cert Id:2034155325, Valid from:2006/11/8 上午3:31, Valid until:2030/1/1 上午3:40
2025-12-28T12:06:53.739+0800 [DEBUG] [jdk.event.security] X509Certificate: Alg:SHA256withECDSA, Serial:75e6dfcbc1685ba8, Subject:CN=SSL.com Root Certification Authority ECC, O=SSL Corporation, L=Houston, ST=Texas, C=US, Issuer:CN=SSL.com Root Certification Authority ECC, O=SSL Corporation, L=Houston, ST=Texas, C=US, Key type:EC, Length:384, Cert Id:-1368293613, Valid from:2016/2/13 上午2:14, Valid until:2041/2/13 上午2:14
2025-12-28T12:06:53.741+0800 [DEBUG] [jdk.event.security] X509Certificate: Alg:SHA256withRSA, Serial:56b629cd34bc78f6, Subject:CN=SSL.com EV Root Certification Authority RSA R2, O=SSL Corporation, L=Houston, ST=Texas, C=US, Issuer:CN=SSL.com EV Root Certification Authority RSA R2, O=SSL Corporation, L=Houston, ST=Texas, C=US, Key type:RSA, Length:4096, Cert Id:1381862403, Valid from:2017/6/1 上午2:14, Valid until:2042/5/31 上午2:14
2025-12-28T12:06:53.742+0800 [DEBUG] [jdk.event.security] X509Certificate: Alg:SHA256withRSA, Serial:7b2c9bd316803299, Subject:CN=SSL.com Root Certification Authority RSA, O=SSL Corporation, L=Houston, ST=Texas, C=US, Issuer:CN=SSL.com Root Certification Authority RSA, O=SSL Corporation, L=Houston, ST=Texas, C=US, Key type:RSA, Length:4096, Cert Id:156725711, Valid from:2016/2/13 上午1:39, Valid until:2041/2/13 上午1:39
2025-12-28T12:06:53.744+0800 [DEBUG] [jdk.event.security] X509Certificate: Alg:SHA1withRSA, Serial:0, Subject:OU=Starfield Class 2 Certification Authority, O="Starfield Technologies, Inc.", C=US, Issuer:OU=Starfield Class 2 Certification Authority, O="Starfield Technologies, Inc.", C=US, Key type:RSA, Length:2048, Cert Id:1825617644, Valid from:2004/6/30 上午1:39, Valid until:2034/6/30 上午1:39
2025-12-28T12:06:53.745+0800 [DEBUG] [jdk.event.security] X509Certificate: Alg:SHA256withRSA, Serial:0, Subject:CN=Starfield Root Certificate Authority - G2, O="Starfield Technologies, Inc.", L=Scottsdale, ST=Arizona, C=US, Issuer:CN=Starfield Root Certificate Authority - G2, O="Starfield Technologies, Inc.", L=Scottsdale, ST=Arizona, C=US, Key type:RSA, Length:2048, Cert Id:-1026641587, Valid from:2009/9/1 上午8:00, Valid until:2038/1/1 上午7:59
2025-12-28T12:06:53.746+0800 [DEBUG] [jdk.event.security] X509Certificate: Alg:SHA256withRSA, Serial:0, Subject:CN=Starfield Services Root Certificate Authority - G2, O="Starfield Technologies, Inc.", L=Scottsdale, ST=Arizona, C=US, Issuer:CN=Starfield Services Root Certificate Authority - G2, O="Starfield Technologies, Inc.", L=Scottsdale, ST=Arizona, C=US, Key type:RSA, Length:2048, Cert Id:1964785574, Valid from:2009/9/1 上午8:00, Valid until:2038/1/1 上午7:59
2025-12-28T12:06:53.747+0800 [DEBUG] [jdk.event.security] X509Certificate: Alg:SHA1withRSA, Serial:bb401c43f55e4fb0, Subject:CN=SwissSign Gold CA - G2, O=SwissSign AG, C=CH, Issuer:CN=SwissSign Gold CA - G2, O=SwissSign AG, C=CH, Key type:RSA, Length:4096, Cert Id:1516221943, Valid from:2006/10/25 下午4:30, Valid until:2036/10/25 下午4:30
2025-12-28T12:06:53.749+0800 [DEBUG] [jdk.event.security] X509Certificate: Alg:SHA1withRSA, Serial:4eb200670c035d4f, Subject:CN=SwissSign Platinum CA - G2, O=SwissSign AG, C=CH, Issuer:CN=SwissSign Platinum CA - G2, O=SwissSign AG, C=CH, Key type:RSA, Length:4096, Cert Id:771312514, Valid from:2006/10/25 下午4:36, Valid until:2036/10/25 下午4:36
2025-12-28T12:06:53.750+0800 [DEBUG] [jdk.event.security] X509Certificate: Alg:SHA1withRSA, Serial:4f1bd42f54bb2f4b, Subject:CN=SwissSign Silver CA - G2, O=SwissSign AG, C=CH, Issuer:CN=SwissSign Silver CA - G2, O=SwissSign AG, C=CH, Key type:RSA, Length:4096, Cert Id:126726124, Valid from:2006/10/25 下午4:32, Valid until:2036/10/25 下午4:32
2025-12-28T12:06:53.752+0800 [DEBUG] [jdk.event.security] X509Certificate: Alg:SHA256withRSA, Serial:1675f27d6fe7ae3e4acbe095b059e, Subject:CN=Telia Root CA v2, O=Telia Finland Oyj, C=FI, Issuer:CN=Telia Root CA v2, O=Telia Finland Oyj, C=FI, Key type:RSA, Length:4096, Cert Id:-821903320, Valid from:2018/11/29 下午7:55, Valid until:2043/11/29 下午7:55
2025-12-28T12:06:53.773+0800 [DEBUG] [jdk.event.security] X509Certificate: Alg:SHA1withRSA, Serial:95be16a0f72e46f17b398272fa8bcd96, Subject:CN=TeliaSonera Root CA v1, O=TeliaSonera, Issuer:CN=TeliaSonera Root CA v1, O=TeliaSonera, Key type:RSA, Length:4096, Cert Id:1495358374, Valid from:2007/10/18 下午8:00, Valid until:2032/10/18 下午8:00
2025-12-28T12:06:53.775+0800 [DEBUG] [jdk.event.security] X509Certificate: Alg:SHA1withRSA, Serial:344ed55720d5edec49f42fce37db2b6d, Subject:CN=thawte Primary Root CA, OU="(c) 2006 thawte, Inc. - For authorized use only", OU=Certification Services Division, O="thawte, Inc.", C=US, Issuer:CN=thawte Primary Root CA, OU="(c) 2006 thawte, Inc. - For authorized use only", OU=Certification Services Division, O="thawte, Inc.", C=US, Key type:RSA, Length:2048, Cert Id:643000026, Valid from:2006/11/17 上午8:00, Valid until:2036/7/17 上午7:59
2025-12-28T12:06:53.778+0800 [DEBUG] [jdk.event.security] X509Certificate: Alg:SHA384withECDSA, Serial:35fc265cd9844fc93d263d579baed756, Subject:CN=thawte Primary Root CA - G2, OU="(c) 2007 thawte, Inc. - For authorized use only", O="thawte, Inc.", C=US, Issuer:CN=thawte Primary Root CA - G2, OU="(c) 2007 thawte, Inc. - For authorized use only", O="thawte, Inc.", C=US, Key type:EC, Length:384, Cert Id:2068083090, Valid from:2007/11/5 上午8:00, Valid until:2038/1/19 上午7:59
2025-12-28T12:06:53.780+0800 [DEBUG] [jdk.event.security] X509Certificate: Alg:SHA256withRSA, Serial:600197b746a7eab4b49ad64b2ff790fb, Subject:CN=thawte Primary Root CA - G3, OU="(c) 2008 thawte, Inc. - For authorized use only", OU=Certification Services Division, O="thawte, Inc.", C=US, Issuer:CN=thawte Primary Root CA - G3, OU="(c) 2008 thawte, Inc. - For authorized use only", OU=Certification Services Division, O="thawte, Inc.", C=US, Key type:RSA, Length:2048, Cert Id:1032730720, Valid from:2008/4/2 上午8:00, Valid until:2037/12/2 上午7:59
2025-12-28T12:06:53.781+0800 [DEBUG] [jdk.event.security] X509Certificate: Alg:SHA256withRSA, Serial:1, Subject:CN=T-TeleSec GlobalRoot Class 2, OU=T-Systems Trust Center, O=T-Systems Enterprise Services GmbH, C=DE, Issuer:CN=T-TeleSec GlobalRoot Class 2, OU=T-Systems Trust Center, O=T-Systems Enterprise Services GmbH, C=DE, Key type:RSA, Length:2048, Cert Id:-1238464039, Valid from:2008/10/1 下午6:40, Valid until:2033/10/2 上午7:59
2025-12-28T12:06:53.783+0800 [DEBUG] [jdk.event.security] X509Certificate: Alg:SHA256withRSA, Serial:1, Subject:CN=T-TeleSec GlobalRoot Class 3, OU=T-Systems Trust Center, O=T-Systems Enterprise Services GmbH, C=DE, Issuer:CN=T-TeleSec GlobalRoot Class 3, OU=T-Systems Trust Center, O=T-Systems Enterprise Services GmbH, C=DE, Key type:RSA, Length:2048, Cert Id:1894096264, Valid from:2008/10/1 下午6:29, Valid until:2033/10/2 上午7:59
2025-12-28T12:06:53.790+0800 [DEBUG] [jdk.event.security] X509Certificate: Alg:SHA256withRSA, Serial:cbe, Subject:CN=TWCA Global Root CA, OU=Root CA, O=TAIWAN-CA, C=TW, Issuer:CN=TWCA Global Root CA, OU=Root CA, O=TAIWAN-CA, C=TW, Key type:RSA, Length:4096, Cert Id:861175838, Valid from:2012/6/27 下午2:28, Valid until:2030/12/31 下午11:59
2025-12-28T12:06:53.792+0800 [DEBUG] [jdk.event.security] X509Certificate: Alg:SHA384withECDSA, Serial:5c8b99c55a94c5d27156decd8980cc26, Subject:CN=USERTrust ECC Certification Authority, O=The USERTRUST Network, L=Jersey City, ST=New Jersey, C=US, Issuer:CN=USERTrust ECC Certification Authority, O=The USERTRUST Network, L=Jersey City, ST=New Jersey, C=US, Key type:EC, Length:384, Cert Id:-965679910, Valid from:2010/2/1 上午8:00, Valid until:2038/1/19 上午7:59
2025-12-28T12:06:53.793+0800 [DEBUG] [jdk.event.security] X509Certificate: Alg:SHA384withRSA, Serial:1fd6d30fca3ca51a81bbc640e35032d, Subject:CN=USERTrust RSA Certification Authority, O=The USERTRUST Network, L=Jersey City, ST=New Jersey, C=US, Issuer:CN=USERTrust RSA Certification Authority, O=The USERTRUST Network, L=Jersey City, ST=New Jersey, C=US, Key type:RSA, Length:4096, Cert Id:-347365895, Valid from:2010/2/1 上午8:00, Valid until:2038/1/19 上午7:59
2025-12-28T12:06:53.819+0800 [DEBUG] [jdk.event.security] X509Certificate: Alg:SHA1withRSA, Serial:44be0c8b500024b411d3362de0b35f1b, Subject:CN=UTN-USERFirst-Object, OU=http://www.usertrust.com, O=The USERTRUST Network, L=Salt Lake City, ST=UT, C=US, Issuer:CN=UTN-USERFirst-Object, OU=http://www.usertrust.com, O=The USERTRUST Network, L=Salt Lake City, ST=UT, C=US, Key type:RSA, Length:2048, Cert Id:-297053428, Valid from:1999/7/10 上午2:31, Valid until:2019/7/10 上午2:40
2025-12-28T12:06:53.820+0800 [DEBUG] [jdk.event.security] X509Certificate: Alg:SHA1withRSA, Serial:9b7e0649a33e62b9d5ee90487129ef57, Subject:CN=VeriSign Class 3 Public Primary Certification Authority - G3, OU="(c) 1999 VeriSign, Inc. - For authorized use only", OU=VeriSign Trust Network, O="VeriSign, Inc.", C=US, Issuer:CN=VeriSign Class 3 Public Primary Certification Authority - G3, OU="(c) 1999 VeriSign, Inc. - For authorized use only", OU=VeriSign Trust Network, O="VeriSign, Inc.", C=US, Key type:RSA, Length:2048, Cert Id:2057300190, Valid from:1999/10/1 上午8:00, Valid until:2036/7/17 上午7:59
2025-12-28T12:06:53.822+0800 [DEBUG] [jdk.event.security] X509Certificate: Alg:SHA384withECDSA, Serial:2f80fe238c0e220f486712289187acb3, Subject:CN=VeriSign Class 3 Public Primary Certification Authority - G4, OU="(c) 2007 VeriSign, Inc. - For authorized use only", OU=VeriSign Trust Network, O="VeriSign, Inc.", C=US, Issuer:CN=VeriSign Class 3 Public Primary Certification Authority - G4, OU="(c) 2007 VeriSign, Inc. - For authorized use only", OU=VeriSign Trust Network, O="VeriSign, Inc.", C=US, Key type:EC, Length:384, Cert Id:-131493977, Valid from:2007/11/5 上午8:00, Valid until:2038/1/19 上午7:59
2025-12-28T12:06:53.823+0800 [DEBUG] [jdk.event.security] X509Certificate: Alg:SHA1withRSA, Serial:18dad19e267de8bb4a2158cdcc6b3b4a, Subject:CN=VeriSign Class 3 Public Primary Certification Authority - G5, OU="(c) 2006 VeriSign, Inc. - For authorized use only", OU=VeriSign Trust Network, O="VeriSign, Inc.", C=US, Issuer:CN=VeriSign Class 3 Public Primary Certification Authority - G5, OU="(c) 2006 VeriSign, Inc. - For authorized use only", OU=VeriSign Trust Network, O="VeriSign, Inc.", C=US, Key type:RSA, Length:2048, Cert Id:303010488, Valid from:2006/11/8 上午8:00, Valid until:2036/7/17 上午7:59
2025-12-28T12:06:53.824+0800 [DEBUG] [jdk.event.security] X509Certificate: Alg:SHA256withRSA, Serial:401ac46421b31321030ebbe4121ac51d, Subject:CN=VeriSign Universal Root Certification Authority, OU="(c) 2008 VeriSign, Inc. - For authorized use only", OU=VeriSign Trust Network, O="VeriSign, Inc.", C=US, Issuer:CN=VeriSign Universal Root Certification Authority, OU="(c) 2008 VeriSign, Inc. - For authorized use only", OU=VeriSign Trust Network, O="VeriSign, Inc.", C=US, Key type:RSA, Length:2048, Cert Id:-1976681486, Valid from:2008/4/2 上午8:00, Valid until:2037/12/2 上午7:59
2025-12-28T12:06:53.826+0800 [DEBUG] [jdk.event.security] X509Certificate: Alg:SHA1withRSA, Serial:50946cec18ead59c4dd597ef758fa0ad, Subject:CN=XRamp Global Certification Authority, O=XRamp Security Services Inc, OU=www.xrampsecurity.com, C=US, Issuer:CN=XRamp Global Certification Authority, O=XRamp Security Services Inc, OU=www.xrampsecurity.com, C=US, Key type:RSA, Length:2048, Cert Id:-952474086, Valid from:2004/11/2 上午1:14, Valid until:2035/1/1 下午1:37
2025-12-28T12:06:54.263+0800 [LIFECYCLE] [org.gradle.cache.internal.DefaultFileLockManager] 
2025-12-28T12:06:54.263+0800 [DEBUG] [org.gradle.cache.internal.DefaultFileLockManager] Waiting to acquire shared lock on daemon addresses registry.
2025-12-28T12:06:54.264+0800 [DEBUG] [org.gradle.cache.internal.DefaultFileLockManager] Lock acquired on daemon addresses registry.
2025-12-28T12:06:54.266+0800 [DEBUG] [org.gradle.cache.internal.DefaultFileLockManager] Releasing lock on daemon addresses registry.
2025-12-28T12:06:54.270+0800 [DEBUG] [org.gradle.cache.internal.DefaultFileLockManager] Waiting to acquire shared lock on daemon addresses registry.
2025-12-28T12:06:54.271+0800 [DEBUG] [org.gradle.cache.internal.DefaultFileLockManager] Lock acquired on daemon addresses registry.
2025-12-28T12:06:54.272+0800 [DEBUG] [org.gradle.cache.internal.DefaultFileLockManager] Releasing lock on daemon addresses registry.
2025-12-28T12:06:53.860+0800 [LIFECYCLE] [org.gradle.internal.logging.progress.ProgressLoggerFactory] 
2025-12-28T12:06:53.860+0800 [LIFECYCLE] [org.gradle.internal.logging.progress.ProgressLoggerFactory] > Configure project :
2025-12-28T12:06:54.505+0800 [DEBUG] [jdk.event.security] X509Certificate: Alg:SHA256withECDSA, Serial:7d585c67d5d168ba0d54bf858161a182, Subject:CN=minecraftforge.net, Issuer:CN=WE1, O=Google Trust Services, C=US, Key type:EC, Length:256, Cert Id:575147925, Valid from:2025/11/11 上午12:50, Valid until:2026/2/9 上午1:48
2025-12-28T12:06:54.506+0800 [DEBUG] [jdk.event.security] X509Certificate: Alg:SHA384withECDSA, Serial:7ff31977972c224a76155d13b6d685e3, Subject:CN=WE1, O=Google Trust Services, C=US, Issuer:CN=GTS Root R4, O=Google Trust Services LLC, C=US, Key type:EC, Length:256, Cert Id:-405937123, Valid from:2023/12/13 下午5:00, Valid until:2029/2/20 下午10:00
2025-12-28T12:06:54.507+0800 [DEBUG] [jdk.event.security] X509Certificate: Alg:SHA256withRSA, Serial:7fe530bf331343bedd821610493d8a1b, Subject:CN=GTS Root R4, O=Google Trust Services LLC, C=US, Issuer:CN=GlobalSign Root CA, OU=Root CA, O=GlobalSign nv-sa, C=BE, Key type:EC, Length:384, Cert Id:-1321978076, Valid from:2023/11/15 上午11:43, Valid until:2028/1/28 上午8:00
2025-12-28T12:06:54.596+0800 [DEBUG] [jdk.event.security] ValidationChain: 1326433111, -405937123, 575147925
2025-12-28T12:06:54.599+0800 [DEBUG] [jdk.event.security] X509Certificate: Alg:SHA256withRSA, Serial:570a119742c4e3cc, Subject:CN=Actalis Authentication Root CA, O=Actalis S.p.A./03358520967, L=Milan, C=IT, Issuer:CN=Actalis Authentication Root CA, O=Actalis S.p.A./03358520967, L=Milan, C=IT, Key type:RSA, Length:4096, Cert Id:1729119956, Valid from:2011/9/22 下午7:22, Valid until:2030/9/22 下午7:22
2025-12-28T12:06:54.600+0800 [DEBUG] [jdk.event.security] X509Certificate: Alg:SHA1withRSA, Serial:1, Subject:CN=AddTrust External CA Root, OU=AddTrust External TTP Network, O=AddTrust AB, C=SE, Issuer:CN=AddTrust External CA Root, OU=AddTrust External TTP Network, O=AddTrust AB, C=SE, Key type:RSA, Length:2048, Cert Id:-326352672, Valid from:2000/5/30 下午6:48, Valid until:2020/5/30 下午6:48
2025-12-28T12:06:54.600+0800 [DEBUG] [jdk.event.security] X509Certificate: Alg:SHA1withRSA, Serial:1, Subject:CN=AddTrust Qualified CA Root, OU=AddTrust TTP Network, O=AddTrust AB, C=SE, Issuer:CN=AddTrust Qualified CA Root, OU=AddTrust TTP Network, O=AddTrust AB, C=SE, Key type:RSA, Length:2048, Cert Id:607365522, Valid from:2000/5/30 下午6:44, Valid until:2020/5/30 下午6:44
2025-12-28T12:06:54.601+0800 [DEBUG] [jdk.event.security] X509Certificate: Alg:SHA256withRSA, Serial:7777062726a9b17c, Subject:CN=AffirmTrust Commercial, O=AffirmTrust, C=US, Issuer:CN=AffirmTrust Commercial, O=AffirmTrust, C=US, Key type:RSA, Length:2048, Cert Id:630485644, Valid from:2010/1/29 下午10:06, Valid until:2030/12/31 下午10:06
2025-12-28T12:06:54.601+0800 [DEBUG] [jdk.event.security] X509Certificate: Alg:SHA1withRSA, Serial:7c4f04391cd4992d, Subject:CN=AffirmTrust Networking, O=AffirmTrust, C=US, Issuer:CN=AffirmTrust Networking, O=AffirmTrust, C=US, Key type:RSA, Length:2048, Cert Id:651670175, Valid from:2010/1/29 下午10:08, Valid until:2030/12/31 下午10:08
2025-12-28T12:06:54.602+0800 [DEBUG] [jdk.event.security] X509Certificate: Alg:SHA384withRSA, Serial:6d8c1446b1a60aee, Subject:CN=AffirmTrust Premium, O=AffirmTrust, C=US, Issuer:CN=AffirmTrust Premium, O=AffirmTrust, C=US, Key type:RSA, Length:4096, Cert Id:-2130283955, Valid from:2010/1/29 下午10:10, Valid until:2040/12/31 下午10:10
2025-12-28T12:06:54.602+0800 [DEBUG] [jdk.event.security] X509Certificate: Alg:SHA384withECDSA, Serial:7497258ac73f7a54, Subject:CN=AffirmTrust Premium ECC, O=AffirmTrust, C=US, Issuer:CN=AffirmTrust Premium ECC, O=AffirmTrust, C=US, Key type:EC, Length:384, Cert Id:-2080363786, Valid from:2010/1/29 下午10:20, Valid until:2040/12/31 下午10:20
2025-12-28T12:06:54.603+0800 [DEBUG] [jdk.event.security] X509Certificate: Alg:SHA256withRSA, Serial:66c9fcf99bf8c0a39e2f0788a43e696365bca, Subject:CN=Amazon Root CA 1, O=Amazon, C=US, Issuer:CN=Amazon Root CA 1, O=Amazon, C=US, Key type:RSA, Length:2048, Cert Id:-1472444962, Valid from:2015/5/26 上午8:00, Valid until:2038/1/17 上午8:00
2025-12-28T12:06:54.603+0800 [DEBUG] [jdk.event.security] X509Certificate: Alg:SHA384withRSA, Serial:66c9fd29635869f0a0fe58678f85b26bb8a37, Subject:CN=Amazon Root CA 2, O=Amazon, C=US, Issuer:CN=Amazon Root CA 2, O=Amazon, C=US, Key type:RSA, Length:4096, Cert Id:-1766132388, Valid from:2015/5/26 上午8:00, Valid until:2040/5/26 上午8:00
2025-12-28T12:06:54.604+0800 [DEBUG] [jdk.event.security] X509Certificate: Alg:SHA256withECDSA, Serial:66c9fd5749736663f3b0b9ad9e89e7603f24a, Subject:CN=Amazon Root CA 3, O=Amazon, C=US, Issuer:CN=Amazon Root CA 3, O=Amazon, C=US, Key type:EC, Length:256, Cert Id:-1562287523, Valid from:2015/5/26 上午8:00, Valid until:2040/5/26 上午8:00
2025-12-28T12:06:54.605+0800 [DEBUG] [jdk.event.security] X509Certificate: Alg:SHA384withECDSA, Serial:66c9fd7c1bb104c2943e5717b7b2cc81ac10e, Subject:CN=Amazon Root CA 4, O=Amazon, C=US, Issuer:CN=Amazon Root CA 4, O=Amazon, C=US, Key type:EC, Length:384, Cert Id:-1654272513, Valid from:2015/5/26 上午8:00, Valid until:2040/5/26 上午8:00
2025-12-28T12:06:54.605+0800 [DEBUG] [jdk.event.security] X509Certificate: Alg:SHA1withRSA, Serial:20000b9, Subject:CN=Baltimore CyberTrust Root, OU=CyberTrust, O=Baltimore, C=IE, Issuer:CN=Baltimore CyberTrust Root, OU=CyberTrust, O=Baltimore, C=IE, Key type:RSA, Length:2048, Cert Id:1425294543, Valid from:2000/5/13 上午2:46, Valid until:2025/5/13 上午7:59
2025-12-28T12:06:54.605+0800 [DEBUG] [jdk.event.security] X509Certificate: Alg:SHA256withRSA, Serial:2, Subject:CN=Buypass Class 2 Root CA, O=Buypass AS-983163327, C=NO, Issuer:CN=Buypass Class 2 Root CA, O=Buypass AS-983163327, C=NO, Key type:RSA, Length:4096, Cert Id:969960563, Valid from:2010/10/26 下午4:38, Valid until:2040/10/26 下午4:38
2025-12-28T12:06:54.606+0800 [DEBUG] [jdk.event.security] X509Certificate: Alg:SHA256withRSA, Serial:2, Subject:CN=Buypass Class 3 Root CA, O=Buypass AS-983163327, C=NO, Issuer:CN=Buypass Class 3 Root CA, O=Buypass AS-983163327, C=NO, Key type:RSA, Length:4096, Cert Id:1264269967, Valid from:2010/10/26 下午4:28, Valid until:2040/10/26 下午4:28
2025-12-28T12:06:54.607+0800 [DEBUG] [jdk.event.security] X509Certificate: Alg:SHA1withRSA, Serial:a3da427ea4b1aeda, Subject:CN=Chambers of Commerce Root - 2008, O=AC Camerfirma S.A., SERIALNUMBER=A82743287, L=Madrid (see current address at www.camerfirma.com/address), C=EU, Issuer:CN=Chambers of Commerce Root - 2008, O=AC Camerfirma S.A., SERIALNUMBER=A82743287, L=Madrid (see current address at www.camerfirma.com/address), C=EU, Key type:RSA, Length:4096, Cert Id:-28263924, Valid from:2008/8/1 下午8:29, Valid until:2038/7/31 下午8:29
2025-12-28T12:06:54.607+0800 [DEBUG] [jdk.event.security] X509Certificate: Alg:SHA1withRSA, Serial:0, Subject:CN=Chambers of Commerce Root, OU=http://www.chambersign.org, O=AC Camerfirma SA CIF A82743287, C=EU, Issuer:CN=Chambers of Commerce Root, OU=http://www.chambersign.org, O=AC Camerfirma SA CIF A82743287, C=EU, Key type:RSA, Length:2048, Cert Id:1827306452, Valid from:2003/10/1 上午12:13, Valid until:2037/10/1 上午12:13
2025-12-28T12:06:54.607+0800 [DEBUG] [jdk.event.security] X509Certificate: Alg:SHA1withRSA, Serial:c9cdd3e9d57d23ce, Subject:CN=Global Chambersign Root - 2008, O=AC Camerfirma S.A., SERIALNUMBER=A82743287, L=Madrid (see current address at www.camerfirma.com/address), C=EU, Issuer:CN=Global Chambersign Root - 2008, O=AC Camerfirma S.A., SERIALNUMBER=A82743287, L=Madrid (see current address at www.camerfirma.com/address), C=EU, Key type:RSA, Length:4096, Cert Id:1271252776, Valid from:2008/8/1 下午8:31, Valid until:2038/7/31 下午8:31
2025-12-28T12:06:54.608+0800 [DEBUG] [jdk.event.security] X509Certificate: Alg:SHA384withECDSA, Serial:62533b1470333275cf98d9ab9bfccf8, Subject:CN=Certainly Root E1, O=Certainly, C=US, Issuer:CN=Certainly Root E1, O=Certainly, C=US, Key type:EC, Length:384, Cert Id:792571453, Valid from:2021/4/1 上午8:00, Valid until:2046/4/1 上午8:00
2025-12-28T12:06:54.608+0800 [DEBUG] [jdk.event.security] X509Certificate: Alg:SHA256withRSA, Serial:8e0ff94b907168653354f4d44439b7e0, Subject:CN=Certainly Root R1, O=Certainly, C=US, Issuer:CN=Certainly Root R1, O=Certainly, C=US, Key type:RSA, Length:4096, Cert Id:-2039008761, Valid from:2021/4/1 上午8:00, Valid until:2046/4/1 上午8:00
2025-12-28T12:06:54.608+0800 [DEBUG] [jdk.event.security] X509Certificate: Alg:SHA1withRSA, Serial:fedce3010fc948ff, Subject:CN=Certigna, O=Dhimyotis, C=FR, Issuer:CN=Certigna, O=Dhimyotis, C=FR, Key type:RSA, Length:2048, Cert Id:-788091456, Valid from:2007/6/29 下午11:13, Valid until:2027/6/29 下午11:13
2025-12-28T12:06:54.609+0800 [DEBUG] [jdk.event.security] X509Certificate: Alg:SHA256withRSA, Serial:cae91b89f155030da3e6416dc4e3a6e1, Subject:CN=Certigna Root CA, OU=0002 48146308100036, O=Dhimyotis, C=FR, Issuer:CN=Certigna Root CA, OU=0002 48146308100036, O=Dhimyotis, C=FR, Key type:RSA, Length:4096, Cert Id:356684591, Valid from:2013/10/1 下午4:32, Valid until:2033/10/1 下午4:32
2025-12-28T12:06:54.609+0800 [DEBUG] [jdk.event.security] X509Certificate: Alg:SHA1withRSA, Serial:10020, Subject:CN=Certum CA, O=Unizeto Sp. z o.o., C=PL, Issuer:CN=Certum CA, O=Unizeto Sp. z o.o., C=PL, Key type:RSA, Length:2048, Cert Id:-744451266, Valid from:2002/6/11 下午6:46, Valid until:2027/6/11 下午6:46
2025-12-28T12:06:54.610+0800 [DEBUG] [jdk.event.security] X509Certificate: Alg:SHA1withRSA, Serial:444c0, Subject:CN=Certum Trusted Network CA, OU=Certum Certification Authority, O=Unizeto Technologies S.A., C=PL, Issuer:CN=Certum Trusted Network CA, OU=Certum Certification Authority, O=Unizeto Technologies S.A., C=PL, Key type:RSA, Length:2048, Cert Id:2014002193, Valid from:2008/10/22 下午8:07, Valid until:2029/12/31 下午8:07
2025-12-28T12:06:54.611+0800 [DEBUG] [jdk.event.security] X509Certificate: Alg:SHA1withRSA, Serial:15c8bd65475cafb897005ee406d2bc9d, Subject:OU=ePKI Root Certification Authority, O="Chunghwa Telecom Co., Ltd.", C=TW, Issuer:OU=ePKI Root Certification Authority, O="Chunghwa Telecom Co., Ltd.", C=TW, Key type:RSA, Length:4096, Cert Id:-662636137, Valid from:2004/12/20 上午10:31, Valid until:2034/12/20 上午10:31
2025-12-28T12:06:54.611+0800 [DEBUG] [jdk.event.security] X509Certificate: Alg:SHA1withRSA, Serial:1, Subject:CN=AAA Certificate Services, O=Comodo CA Limited, L=Salford, ST=Greater Manchester, C=GB, Issuer:CN=AAA Certificate Services, O=Comodo CA Limited, L=Salford, ST=Greater Manchester, C=GB, Key type:RSA, Length:2048, Cert Id:-1197580894, Valid from:2004/1/1 上午8:00, Valid until:2029/1/1 上午7:59
2025-12-28T12:06:54.612+0800 [DEBUG] [jdk.event.security] X509Certificate: Alg:SHA384withECDSA, Serial:1f47afaa62007050544c019e9b63992a, Subject:CN=COMODO ECC Certification Authority, O=COMODO CA Limited, L=Salford, ST=Greater Manchester, C=GB, Issuer:CN=COMODO ECC Certification Authority, O=COMODO CA Limited, L=Salford, ST=Greater Manchester, C=GB, Key type:EC, Length:384, Cert Id:1146488932, Valid from:2008/3/6 上午8:00, Valid until:2038/1/19 上午7:59
2025-12-28T12:06:54.613+0800 [DEBUG] [jdk.event.security] X509Certificate: Alg:SHA384withRSA, Serial:4caaf9cadb636fe01ff74ed85b03869d, Subject:CN=COMODO RSA Certification Authority, O=COMODO CA Limited, L=Salford, ST=Greater Manchester, C=GB, Issuer:CN=COMODO RSA Certification Authority, O=COMODO CA Limited, L=Salford, ST=Greater Manchester, C=GB, Key type:RSA, Length:4096, Cert Id:1769425049, Valid from:2010/1/19 上午8:00, Valid until:2038/1/19 上午7:59
2025-12-28T12:06:54.613+0800 [DEBUG] [jdk.event.security] X509Certificate: Alg:SHA256withRSA, Serial:b931c3ad63967ea6723bfc3af9af44b, Subject:CN=DigiCert Assured ID Root G2, OU=www.digicert.com, O=DigiCert Inc, C=US, Issuer:CN=DigiCert Assured ID Root G2, OU=www.digicert.com, O=DigiCert Inc, C=US, Key type:RSA, Length:2048, Cert Id:-385398383, Valid from:2013/8/1 下午8:00, Valid until:2038/1/15 下午8:00
2025-12-28T12:06:54.614+0800 [DEBUG] [jdk.event.security] X509Certificate: Alg:SHA384withECDSA, Serial:ba15afa1ddfa0b54944afcd24a06cec, Subject:CN=DigiCert Assured ID Root G3, OU=www.digicert.com, O=DigiCert Inc, C=US, Issuer:CN=DigiCert Assured ID Root G3, OU=www.digicert.com, O=DigiCert Inc, C=US, Key type:EC, Length:384, Cert Id:-645537245, Valid from:2013/8/1 下午8:00, Valid until:2038/1/15 下午8:00
2025-12-28T12:06:54.615+0800 [DEBUG] [jdk.event.security] X509Certificate: Alg:SHA1withRSA, Serial:ce7e0e517d846fe8fe560fc1bf03039, Subject:CN=DigiCert Assured ID Root CA, OU=www.digicert.com, O=DigiCert Inc, C=US, Issuer:CN=DigiCert Assured ID Root CA, OU=www.digicert.com, O=DigiCert Inc, C=US, Key type:RSA, Length:2048, Cert Id:-860404528, Valid from:2006/11/10 上午8:00, Valid until:2031/11/10 上午8:00
2025-12-28T12:06:54.616+0800 [DEBUG] [jdk.event.security] X509Certificate: Alg:SHA384withECDSA, Serial:3698fe712d519f3ced0fdb7b1643011, Subject:CN=DigiCert CS ECC P384 Root G5, O="DigiCert, Inc.", C=US, Issuer:CN=DigiCert CS ECC P384 Root G5, O="DigiCert, Inc.", C=US, Key type:EC, Length:384, Cert Id:381797637, Valid from:2021/1/15 上午8:00, Valid until:2046/1/15 上午7:59
2025-12-28T12:06:54.616+0800 [DEBUG] [jdk.event.security] X509Certificate: Alg:SHA384withRSA, Serial:6cee131be6d55c807f7c0c7fb44e620, Subject:CN=DigiCert CS RSA4096 Root G5, O="DigiCert, Inc.", C=US, Issuer:CN=DigiCert CS RSA4096 Root G5, O="DigiCert, Inc.", C=US, Key type:RSA, Length:4096, Cert Id:1193514382, Valid from:2021/1/15 上午8:00, Valid until:2046/1/15 上午7:59
2025-12-28T12:06:54.617+0800 [DEBUG] [jdk.event.security] X509Certificate: Alg:SHA1withRSA, Serial:83be056904246b1a1756ac95991c74a, Subject:CN=DigiCert Global Root CA, OU=www.digicert.com, O=DigiCert Inc, C=US, Issuer:CN=DigiCert Global Root CA, OU=www.digicert.com, O=DigiCert Inc, C=US, Key type:RSA, Length:2048, Cert Id:1341898239, Valid from:2006/11/10 上午8:00, Valid until:2031/11/10 上午8:00
2025-12-28T12:06:54.618+0800 [DEBUG] [jdk.event.security] X509Certificate: Alg:SHA256withRSA, Serial:33af1e6a711a9a0bb2864b11d09fae5, Subject:CN=DigiCert Global Root G2, OU=www.digicert.com, O=DigiCert Inc, C=US, Issuer:CN=DigiCert Global Root G2, OU=www.digicert.com, O=DigiCert Inc, C=US, Key type:RSA, Length:2048, Cert Id:1136084297, Valid from:2013/8/1 下午8:00, Valid until:2038/1/15 下午8:00
2025-12-28T12:06:54.618+0800 [DEBUG] [jdk.event.security] X509Certificate: Alg:SHA384withECDSA, Serial:55556bcf25ea43535c3a40fd5ab4572, Subject:CN=DigiCert Global Root G3, OU=www.digicert.com, O=DigiCert Inc, C=US, Issuer:CN=DigiCert Global Root G3, OU=www.digicert.com, O=DigiCert Inc, C=US, Key type:EC, Length:384, Cert Id:-795968543, Valid from:2013/8/1 下午8:00, Valid until:2038/1/15 下午8:00
2025-12-28T12:06:54.619+0800 [DEBUG] [jdk.event.security] X509Certificate: Alg:SHA1withRSA, Serial:2ac5c266a0b409b8f0b79f2ae462577, Subject:CN=DigiCert High Assurance EV Root CA, OU=www.digicert.com, O=DigiCert Inc, C=US, Issuer:CN=DigiCert High Assurance EV Root CA, OU=www.digicert.com, O=DigiCert Inc, C=US, Key type:RSA, Length:2048, Cert Id:-1410680354, Valid from:2006/11/10 上午8:00, Valid until:2031/11/10 上午8:00
2025-12-28T12:06:54.619+0800 [DEBUG] [jdk.event.security] X509Certificate: Alg:SHA384withECDSA, Serial:9e09365acf7d9c8b93e1c0b042a2ef3, Subject:CN=DigiCert TLS ECC P384 Root G5, O="DigiCert, Inc.", C=US, Issuer:CN=DigiCert TLS ECC P384 Root G5, O="DigiCert, Inc.", C=US, Key type:EC, Length:384, Cert Id:-354195278, Valid from:2021/1/15 上午8:00, Valid until:2046/1/15 上午7:59
2025-12-28T12:06:54.620+0800 [DEBUG] [jdk.event.security] X509Certificate: Alg:SHA384withRSA, Serial:8f9b478a8fa7eda6a333789de7ccf8a, Subject:CN=DigiCert TLS RSA4096 Root G5, O="DigiCert, Inc.", C=US, Issuer:CN=DigiCert TLS RSA4096 Root G5, O="DigiCert, Inc.", C=US, Key type:RSA, Length:4096, Cert Id:165956757, Valid from:2021/1/15 上午8:00, Valid until:2046/1/15 上午7:59
2025-12-28T12:06:54.621+0800 [DEBUG] [jdk.event.security] X509Certificate: Alg:SHA384withRSA, Serial:59b1b579e8e2132e23907bda777755c, Subject:CN=DigiCert Trusted Root G4, OU=www.digicert.com, O=DigiCert Inc, C=US, Issuer:CN=DigiCert Trusted Root G4, OU=www.digicert.com, O=DigiCert Inc, C=US, Key type:RSA, Length:4096, Cert Id:1057369358, Valid from:2013/8/1 下午8:00, Valid until:2038/1/15 下午8:00
2025-12-28T12:06:54.621+0800 [DEBUG] [jdk.event.security] X509Certificate: Alg:SHA256withRSA, Serial:983f3, Subject:CN=D-TRUST Root Class 3 CA 2 2009, O=D-Trust GmbH, C=DE, Issuer:CN=D-TRUST Root Class 3 CA 2 2009, O=D-Trust GmbH, C=DE, Key type:RSA, Length:2048, Cert Id:1430153102, Valid from:2009/11/5 下午4:35, Valid until:2029/11/5 下午4:35
2025-12-28T12:06:54.622+0800 [DEBUG] [jdk.event.security] X509Certificate: Alg:SHA256withRSA, Serial:983f4, Subject:CN=D-TRUST Root Class 3 CA 2 EV 2009, O=D-Trust GmbH, C=DE, Issuer:CN=D-TRUST Root Class 3 CA 2 EV 2009, O=D-Trust GmbH, C=DE, Key type:RSA, Length:2048, Cert Id:971313728, Valid from:2009/11/5 下午4:50, Valid until:2029/11/5 下午4:50
2025-12-28T12:06:54.622+0800 [DEBUG] [jdk.event.security] X509Certificate: Alg:SHA384withECDSA, Serial:3cf607a968700eda8b84, Subject:CN=emSign ECC Root CA - G3, O=eMudhra Technologies Limited, OU=emSign PKI, C=IN, Issuer:CN=emSign ECC Root CA - G3, O=eMudhra Technologies Limited, OU=emSign PKI, C=IN, Key type:EC, Length:384, Cert Id:-462931589, Valid from:2018/2/19 上午2:30, Valid until:2043/2/19 上午2:30
2025-12-28T12:06:54.623+0800 [DEBUG] [jdk.event.security] X509Certificate: Alg:SHA256withRSA, Serial:31f5e4620c6c58edd6d8, Subject:CN=emSign Root CA - G1, O=eMudhra Technologies Limited, OU=emSign PKI, C=IN, Issuer:CN=emSign Root CA - G1, O=eMudhra Technologies Limited, OU=emSign PKI, C=IN, Key type:RSA, Length:2048, Cert Id:392709196, Valid from:2018/2/19 上午2:30, Valid until:2043/2/19 上午2:30
2025-12-28T12:06:54.624+0800 [DEBUG] [jdk.event.security] X509Certificate: Alg:SHA384withRSA, Serial:864dbf0fe35ed77d8ed8, Subject:CN=emSign Root CA - G2, O=eMudhra Technologies Limited, OU=emSign PKI, C=IN, Issuer:CN=emSign Root CA - G2, O=eMudhra Technologies Limited, OU=emSign PKI, C=IN, Key type:RSA, Length:4096, Cert Id:-921027170, Valid from:2018/2/19 上午2:30, Valid until:2043/2/19 上午2:30
2025-12-28T12:06:54.625+0800 [DEBUG] [jdk.event.security] X509Certificate: Alg:SHA1withRSA, Serial:3863def8, Subject:CN=Entrust.net Certification Authority (2048), OU=(c) 1999 Entrust.net Limited, OU=www.entrust.net/CPS_2048 incorp. by ref. (limits liab.), O=Entrust.net, Issuer:CN=Entrust.net Certification Authority (2048), OU=(c) 1999 Entrust.net Limited, OU=www.entrust.net/CPS_2048 incorp. by ref. (limits liab.), O=Entrust.net, Key type:RSA, Length:2048, Cert Id:-328536082, Valid from:1999/12/25 上午1:50, Valid until:2029/7/24 下午10:15
2025-12-28T12:06:54.625+0800 [DEBUG] [jdk.event.security] X509Certificate: Alg:SHA1withRSA, Serial:456b5054, Subject:CN=Entrust Root Certification Authority, OU="(c) 2006 Entrust, Inc.", OU=www.entrust.net/CPS is incorporated by reference, O="Entrust, Inc.", C=US, Issuer:CN=Entrust Root Certification Authority, OU="(c) 2006 Entrust, Inc.", OU=www.entrust.net/CPS is incorporated by reference, O="Entrust, Inc.", C=US, Key type:RSA, Length:2048, Cert Id:-1261404096, Valid from:2006/11/28 上午4:23, Valid until:2026/11/28 上午4:53
2025-12-28T12:06:54.626+0800 [DEBUG] [jdk.event.security] X509Certificate: Alg:SHA384withECDSA, Serial:a68b79290000000050d091f9, Subject:CN=Entrust Root Certification Authority - EC1, OU="(c) 2012 Entrust, Inc. - for authorized use only", OU=See www.entrust.net/legal-terms, O="Entrust, Inc.", C=US, Issuer:CN=Entrust Root Certification Authority - EC1, OU="(c) 2012 Entrust, Inc. - for authorized use only", OU=See www.entrust.net/legal-terms, O="Entrust, Inc.", C=US, Key type:EC, Length:384, Cert Id:924514073, Valid from:2012/12/18 下午11:25, Valid until:2037/12/18 下午11:55
2025-12-28T12:06:54.627+0800 [DEBUG] [jdk.event.security] X509Certificate: Alg:SHA256withRSA, Serial:4a538c28, Subject:CN=Entrust Root Certification Authority - G2, OU="(c) 2009 Entrust, Inc. - for authorized use only", OU=See www.entrust.net/legal-terms, O="Entrust, Inc.", C=US, Issuer:CN=Entrust Root Certification Authority - G2, OU="(c) 2009 Entrust, Inc. - for authorized use only", OU=See www.entrust.net/legal-terms, O="Entrust, Inc.", C=US, Key type:RSA, Length:2048, Cert Id:1936920337, Valid from:2009/7/8 上午1:25, Valid until:2030/12/8 上午1:55
2025-12-28T12:06:54.628+0800 [DEBUG] [jdk.event.security] X509Certificate: Alg:SHA256withRSA, Serial:d9b5437fafa9390f000000005565ad58, Subject:CN=Entrust Root Certification Authority - G4, OU="(c) 2015 Entrust, Inc. - for authorized use only", OU=See www.entrust.net/legal-terms, O="Entrust, Inc.", C=US, Issuer:CN=Entrust Root Certification Authority - G4, OU="(c) 2015 Entrust, Inc. - for authorized use only", OU=See www.entrust.net/legal-terms, O="Entrust, Inc.", C=US, Key type:RSA, Length:4096, Cert Id:1368037548, Valid from:2015/5/27 下午7:11, Valid until:2037/12/27 下午7:41
2025-12-28T12:06:54.629+0800 [DEBUG] [jdk.event.security] X509Certificate: Alg:SHA1withRSA, Serial:23456, Subject:CN=GeoTrust Global CA, O=GeoTrust Inc., C=US, Issuer:CN=GeoTrust Global CA, O=GeoTrust Inc., C=US, Key type:RSA, Length:2048, Cert Id:-2028617374, Valid from:2002/5/21 下午12:00, Valid until:2022/5/21 下午12:00
2025-12-28T12:06:54.630+0800 [DEBUG] [jdk.event.security] X509Certificate: Alg:SHA1withRSA, Serial:18acb56afd69b6153a636cafdafac4a1, Subject:CN=GeoTrust Primary Certification Authority, O=GeoTrust Inc., C=US, Issuer:CN=GeoTrust Primary Certification Authority, O=GeoTrust Inc., C=US, Key type:RSA, Length:2048, Cert Id:-965345157, Valid from:2006/11/27 上午8:00, Valid until:2036/7/17 上午7:59
2025-12-28T12:06:54.631+0800 [DEBUG] [jdk.event.security] X509Certificate: Alg:SHA384withECDSA, Serial:3cb2f4480a00e2feeb243b5e603ec36b, Subject:CN=GeoTrust Primary Certification Authority - G2, OU=(c) 2007 GeoTrust Inc. - For authorized use only, O=GeoTrust Inc., C=US, Issuer:CN=GeoTrust Primary Certification Authority - G2, OU=(c) 2007 GeoTrust Inc. - For authorized use only, O=GeoTrust Inc., C=US, Key type:EC, Length:384, Cert Id:-1114303822, Valid from:2007/11/5 上午8:00, Valid until:2038/1/19 上午7:59
2025-12-28T12:06:54.631+0800 [DEBUG] [jdk.event.security] X509Certificate: Alg:SHA256withRSA, Serial:15ac6e9419b2794b41f627a9c3180f1f, Subject:CN=GeoTrust Primary Certification Authority - G3, OU=(c) 2008 GeoTrust Inc. - For authorized use only, O=GeoTrust Inc., C=US, Issuer:CN=GeoTrust Primary Certification Authority - G3, OU=(c) 2008 GeoTrust Inc. - For authorized use only, O=GeoTrust Inc., C=US, Key type:RSA, Length:2048, Cert Id:-1330153758, Valid from:2008/4/2 上午8:00, Valid until:2037/12/2 上午7:59
2025-12-28T12:06:54.633+0800 [DEBUG] [jdk.event.security] X509Certificate: Alg:SHA1withRSA, Serial:1, Subject:CN=GeoTrust Universal CA, O=GeoTrust Inc., C=US, Issuer:CN=GeoTrust Universal CA, O=GeoTrust Inc., C=US, Key type:RSA, Length:4096, Cert Id:313566089, Valid from:2004/3/4 下午1:00, Valid until:2029/3/4 下午1:00
2025-12-28T12:06:54.633+0800 [DEBUG] [jdk.event.security] X509Certificate: Alg:SHA1withRSA, Serial:40000000001154b5ac394, Subject:CN=GlobalSign Root CA, OU=Root CA, O=GlobalSign nv-sa, C=BE, Issuer:CN=GlobalSign Root CA, OU=Root CA, O=GlobalSign nv-sa, C=BE, Key type:RSA, Length:2048, Cert Id:536948034, Valid from:1998/9/1 下午8:00, Valid until:2028/1/28 下午8:00
2025-12-28T12:06:54.634+0800 [DEBUG] [jdk.event.security] X509Certificate: Alg:SHA384withECDSA, Serial:11d2bbba336ed4bce62468c50d841d98e843, Subject:CN=GlobalSign Root E46, O=GlobalSign nv-sa, C=BE, Issuer:CN=GlobalSign Root E46, O=GlobalSign nv-sa, C=BE, Key type:EC, Length:384, Cert Id:-889363391, Valid from:2019/3/20 上午8:00, Valid until:2046/3/20 上午8:00
2025-12-28T12:06:54.634+0800 [DEBUG] [jdk.event.security] X509Certificate: Alg:SHA256withECDSA, Serial:2a38a41c960a04de42b228a50be8349802, Subject:CN=GlobalSign, O=GlobalSign, OU=GlobalSign ECC Root CA - R4, Issuer:CN=GlobalSign, O=GlobalSign, OU=GlobalSign ECC Root CA - R4, Key type:EC, Length:256, Cert Id:-1923273545, Valid from:2012/11/13 上午8:00, Valid until:2038/1/19 上午11:14
2025-12-28T12:06:54.635+0800 [DEBUG] [jdk.event.security] X509Certificate: Alg:SHA384withECDSA, Serial:605949e0262ebb55f90a778a71f94ad86c, Subject:CN=GlobalSign, O=GlobalSign, OU=GlobalSign ECC Root CA - R5, Issuer:CN=GlobalSign, O=GlobalSign, OU=GlobalSign ECC Root CA - R5, Key type:EC, Length:384, Cert Id:1997048439, Valid from:2012/11/13 上午8:00, Valid until:2038/1/19 上午11:14
2025-12-28T12:06:54.635+0800 [DEBUG] [jdk.event.security] X509Certificate: Alg:SHA256withRSA, Serial:4000000000121585308a2, Subject:CN=GlobalSign, O=GlobalSign, OU=GlobalSign Root CA - R3, Issuer:CN=GlobalSign, O=GlobalSign, OU=GlobalSign Root CA - R3, Key type:RSA, Length:2048, Cert Id:733875591, Valid from:2009/3/18 下午6:00, Valid until:2029/3/18 下午6:00
2025-12-28T12:06:54.636+0800 [DEBUG] [jdk.event.security] X509Certificate: Alg:SHA384withRSA, Serial:11d2bbb9d723189e405f0a9d2dd0df2567d1, Subject:CN=GlobalSign Root R46, O=GlobalSign nv-sa, C=BE, Issuer:CN=GlobalSign Root R46, O=GlobalSign nv-sa, C=BE, Key type:RSA, Length:4096, Cert Id:1275948927, Valid from:2019/3/20 上午8:00, Valid until:2046/3/20 上午8:00
2025-12-28T12:06:54.637+0800 [DEBUG] [jdk.event.security] X509Certificate: Alg:SHA384withRSA, Serial:45e6bb038333c3856548e6ff4551, Subject:CN=GlobalSign, O=GlobalSign, OU=GlobalSign Root CA - R6, Issuer:CN=GlobalSign, O=GlobalSign, OU=GlobalSign Root CA - R6, Key type:RSA, Length:4096, Cert Id:-506627753, Valid from:2014/12/10 上午8:00, Valid until:2034/12/10 上午8:00
2025-12-28T12:06:54.637+0800 [DEBUG] [jdk.event.security] X509Certificate: Alg:SHA1withRSA, Serial:0, Subject:OU=Go Daddy Class 2 Certification Authority, O="The Go Daddy Group, Inc.", C=US, Issuer:OU=Go Daddy Class 2 Certification Authority, O="The Go Daddy Group, Inc.", C=US, Key type:RSA, Length:2048, Cert Id:-271444299, Valid from:2004/6/30 上午1:06, Valid until:2034/6/30 上午1:06
2025-12-28T12:06:54.638+0800 [DEBUG] [jdk.event.security] X509Certificate: Alg:SHA256withRSA, Serial:0, Subject:CN=Go Daddy Root Certificate Authority - G2, O="GoDaddy.com, Inc.", L=Scottsdale, ST=Arizona, C=US, Issuer:CN=Go Daddy Root Certificate Authority - G2, O="GoDaddy.com, Inc.", L=Scottsdale, ST=Arizona, C=US, Key type:RSA, Length:2048, Cert Id:439600313, Valid from:2009/9/1 上午8:00, Valid until:2038/1/1 上午7:59
2025-12-28T12:06:54.638+0800 [DEBUG] [jdk.event.security] X509Certificate: Alg:SHA384withRSA, Serial:203e5936f31b01349886ba217, Subject:CN=GTS Root R1, O=Google Trust Services LLC, C=US, Issuer:CN=GTS Root R1, O=Google Trust Services LLC, C=US, Key type:RSA, Length:4096, Cert Id:657172038, Valid from:2016/6/22 上午8:00, Valid until:2036/6/22 上午8:00
2025-12-28T12:06:54.639+0800 [DEBUG] [jdk.event.security] X509Certificate: Alg:SHA384withRSA, Serial:203e5aec58d04251aab1125aa, Subject:CN=GTS Root R2, O=Google Trust Services LLC, C=US, Issuer:CN=GTS Root R2, O=Google Trust Services LLC, C=US, Key type:RSA, Length:4096, Cert Id:948387669, Valid from:2016/6/22 上午8:00, Valid until:2036/6/22 上午8:00
2025-12-28T12:06:54.639+0800 [DEBUG] [jdk.event.security] X509Certificate: Alg:SHA384withECDSA, Serial:203e5b882eb20f825276d3d66, Subject:CN=GTS Root R3, O=Google Trust Services LLC, C=US, Issuer:CN=GTS Root R3, O=Google Trust Services LLC, C=US, Key type:EC, Length:384, Cert Id:1163081155, Valid from:2016/6/22 上午8:00, Valid until:2036/6/22 上午8:00
2025-12-28T12:06:54.640+0800 [DEBUG] [jdk.event.security] X509Certificate: Alg:SHA384withECDSA, Serial:203e5c068ef631a9c72905052, Subject:CN=GTS Root R4, O=Google Trust Services LLC, C=US, Issuer:CN=GTS Root R4, O=Google Trust Services LLC, C=US, Key type:EC, Length:384, Cert Id:1326433111, Valid from:2016/6/22 上午8:00, Valid until:2036/6/22 上午8:00
2025-12-28T12:06:54.640+0800 [DEBUG] [jdk.event.security] X509Certificate: Alg:SHA256withECDSA, Serial:0, Subject:CN=Hellenic Academic and Research Institutions ECC RootCA 2015, O=Hellenic Academic and Research Institutions Cert. Authority, L=Athens, C=GR, Issuer:CN=Hellenic Academic and Research Institutions ECC RootCA 2015, O=Hellenic Academic and Research Institutions Cert. Authority, L=Athens, C=GR, Key type:EC, Length:384, Cert Id:513613456, Valid from:2015/7/7 下午6:37, Valid until:2040/6/30 下午6:37
2025-12-28T12:06:54.641+0800 [DEBUG] [jdk.event.security] X509Certificate: Alg:SHA256withRSA, Serial:0, Subject:CN=Hellenic Academic and Research Institutions RootCA 2015, O=Hellenic Academic and Research Institutions Cert. Authority, L=Athens, C=GR, Issuer:CN=Hellenic Academic and Research Institutions RootCA 2015, O=Hellenic Academic and Research Institutions Cert. Authority, L=Athens, C=GR, Key type:RSA, Length:4096, Cert Id:-802976731, Valid from:2015/7/7 下午6:11, Valid until:2040/6/30 下午6:11
2025-12-28T12:06:54.641+0800 [DEBUG] [jdk.event.security] X509Certificate: Alg:SHA256withRSA, Serial:a0142800000014523c844b500000002, Subject:CN=IdenTrust Commercial Root CA 1, O=IdenTrust, C=US, Issuer:CN=IdenTrust Commercial Root CA 1, O=IdenTrust, C=US, Key type:RSA, Length:4096, Cert Id:1232565210, Valid from:2014/1/17 上午2:12, Valid until:2034/1/17 上午2:12
2025-12-28T12:06:54.641+0800 [DEBUG] [jdk.event.security] X509Certificate: Alg:SHA256withRSA, Serial:a0142800000014523cf467c00000002, Subject:CN=IdenTrust Public Sector Root CA 1, O=IdenTrust, C=US, Issuer:CN=IdenTrust Public Sector Root CA 1, O=IdenTrust, C=US, Key type:RSA, Length:4096, Cert Id:2123370772, Valid from:2014/1/17 上午1:53, Valid until:2034/1/17 上午1:53
2025-12-28T12:06:54.642+0800 [DEBUG] [jdk.event.security] X509Certificate: Alg:SHA256withRSA, Serial:8210cfb0d240e3594463e0bb63828b00, Subject:CN=ISRG Root X1, O=Internet Security Research Group, C=US, Issuer:CN=ISRG Root X1, O=Internet Security Research Group, C=US, Key type:RSA, Length:4096, Cert Id:1521974916, Valid from:2015/6/4 下午7:04, Valid until:2035/6/4 下午7:04
2025-12-28T12:06:54.643+0800 [DEBUG] [jdk.event.security] X509Certificate: Alg:SHA384withECDSA, Serial:41d29dd172eaeea780c12c6ce92f8752, Subject:CN=ISRG Root X2, O=Internet Security Research Group, C=US, Issuer:CN=ISRG Root X2, O=Internet Security Research Group, C=US, Key type:EC, Length:384, Cert Id:-896325052, Valid from:2020/9/4 上午8:00, Valid until:2040/9/18 上午12:00
2025-12-28T12:06:54.644+0800 [DEBUG] [jdk.event.security] X509Certificate: Alg:SHA256withRSA, Serial:a7ea6df4b449eda6a24859ee6b815d3167fbbb1, Subject:CN=LuxTrust Global Root 2, O=LuxTrust S.A., C=LU, Issuer:CN=LuxTrust Global Root 2, O=LuxTrust S.A., C=LU, Key type:RSA, Length:4096, Cert Id:-1239330694, Valid from:2015/3/5 下午9:21, Valid until:2035/3/5 下午9:21
2025-12-28T12:06:54.644+0800 [DEBUG] [jdk.event.security] X509Certificate: Alg:SHA256withRSA, Serial:bb8, Subject:CN=LuxTrust Global Root, O=LuxTrust s.a., C=LU, Issuer:CN=LuxTrust Global Root, O=LuxTrust s.a., C=LU, Key type:RSA, Length:2048, Cert Id:1714819687, Valid from:2011/3/17 下午5:51, Valid until:2021/3/17 下午5:51
2025-12-28T12:06:54.645+0800 [DEBUG] [jdk.event.security] X509Certificate: Alg:SHA384withECDSA, Serial:66f23daf87de8bb14aea0c573101c2ec, Subject:CN=Microsoft ECC Root Certificate Authority 2017, O=Microsoft Corporation, C=US, Issuer:CN=Microsoft ECC Root Certificate Authority 2017, O=Microsoft Corporation, C=US, Key type:EC, Length:384, Cert Id:-1054206011, Valid from:2019/12/19 上午7:06, Valid until:2042/7/19 上午7:16
2025-12-28T12:06:54.646+0800 [DEBUG] [jdk.event.security] X509Certificate: Alg:SHA384withRSA, Serial:1ed397095fd8b4b347701eaabe7f45b3, Subject:CN=Microsoft RSA Root Certificate Authority 2017, O=Microsoft Corporation, C=US, Issuer:CN=Microsoft RSA Root Certificate Authority 2017, O=Microsoft Corporation, C=US, Key type:RSA, Length:4096, Cert Id:-1446618248, Valid from:2019/12/19 上午6:51, Valid until:2042/7/19 上午7:00
2025-12-28T12:06:54.646+0800 [DEBUG] [jdk.event.security] X509Certificate: Alg:SHA1withRSA, Serial:3ab6508b, Subject:CN=QuoVadis Root Certification Authority, OU=Root Certification Authority, O=QuoVadis Limited, C=BM, Issuer:CN=QuoVadis Root Certification Authority, OU=Root Certification Authority, O=QuoVadis Limited, C=BM, Key type:RSA, Length:2048, Cert Id:-1882405602, Valid from:2001/3/20 上午2:33, Valid until:2021/3/18 上午2:33
2025-12-28T12:06:54.647+0800 [DEBUG] [jdk.event.security] X509Certificate: Alg:SHA256withRSA, Serial:78585f2ead2c194be3370735341328b596d46593, Subject:CN=QuoVadis Root CA 1 G3, O=QuoVadis Limited, C=BM, Issuer:CN=QuoVadis Root CA 1 G3, O=QuoVadis Limited, C=BM, Key type:RSA, Length:4096, Cert Id:-762436034, Valid from:2012/1/13 上午1:27, Valid until:2042/1/13 上午1:27
2025-12-28T12:06:54.648+0800 [DEBUG] [jdk.event.security] X509Certificate: Alg:SHA1withRSA, Serial:509, Subject:CN=QuoVadis Root CA 2, O=QuoVadis Limited, C=BM, Issuer:CN=QuoVadis Root CA 2, O=QuoVadis Limited, C=BM, Key type:RSA, Length:4096, Cert Id:338250116, Valid from:2006/11/25 上午2:27, Valid until:2031/11/25 上午2:23
2025-12-28T12:06:54.648+0800 [DEBUG] [jdk.event.security] X509Certificate: Alg:SHA256withRSA, Serial:445734245b81899b35f2ceb82b3b5ba726f07528, Subject:CN=QuoVadis Root CA 2 G3, O=QuoVadis Limited, C=BM, Issuer:CN=QuoVadis Root CA 2 G3, O=QuoVadis Limited, C=BM, Key type:RSA, Length:4096, Cert Id:696763521, Valid from:2012/1/13 上午2:59, Valid until:2042/1/13 上午2:59
2025-12-28T12:06:54.649+0800 [DEBUG] [jdk.event.security] X509Certificate: Alg:SHA1withRSA, Serial:5c6, Subject:CN=QuoVadis Root CA 3, O=QuoVadis Limited, C=BM, Issuer:CN=QuoVadis Root CA 3, O=QuoVadis Limited, C=BM, Key type:RSA, Length:4096, Cert Id:1470392860, Valid from:2006/11/25 上午3:11, Valid until:2031/11/25 上午3:06
2025-12-28T12:06:54.650+0800 [DEBUG] [jdk.event.security] X509Certificate: Alg:SHA256withRSA, Serial:2ef59b0228a7db7affd5a3a9eebd03a0cf126a1d, Subject:CN=QuoVadis Root CA 3 G3, O=QuoVadis Limited, C=BM, Issuer:CN=QuoVadis Root CA 3 G3, O=QuoVadis Limited, C=BM, Key type:RSA, Length:4096, Cert Id:-705622991, Valid from:2012/1/13 上午4:26, Valid until:2042/1/13 上午4:26
2025-12-28T12:06:54.650+0800 [DEBUG] [jdk.event.security] X509Certificate: Alg:SHA256withRSA, Serial:0, Subject:OU=Security Communication RootCA2, O="SECOM Trust Systems CO.,LTD.", C=JP, Issuer:OU=Security Communication RootCA2, O="SECOM Trust Systems CO.,LTD.", C=JP, Key type:RSA, Length:2048, Cert Id:1521072570, Valid from:2009/5/29 下午1:00, Valid until:2029/5/29 下午1:00
2025-12-28T12:06:54.651+0800 [DEBUG] [jdk.event.security] X509Certificate: Alg:SHA1withRSA, Serial:cf08e5c0816a5ad427ff0eb271859d0, Subject:CN=SecureTrust CA, O=SecureTrust Corporation, C=US, Issuer:CN=SecureTrust CA, O=SecureTrust Corporation, C=US, Key type:RSA, Length:2048, Cert Id:2034155325, Valid from:2006/11/8 上午3:31, Valid until:2030/1/1 上午3:40
2025-12-28T12:06:54.651+0800 [DEBUG] [jdk.event.security] X509Certificate: Alg:SHA256withECDSA, Serial:75e6dfcbc1685ba8, Subject:CN=SSL.com Root Certification Authority ECC, O=SSL Corporation, L=Houston, ST=Texas, C=US, Issuer:CN=SSL.com Root Certification Authority ECC, O=SSL Corporation, L=Houston, ST=Texas, C=US, Key type:EC, Length:384, Cert Id:-1368293613, Valid from:2016/2/13 上午2:14, Valid until:2041/2/13 上午2:14
2025-12-28T12:06:54.652+0800 [DEBUG] [jdk.event.security] X509Certificate: Alg:SHA256withRSA, Serial:56b629cd34bc78f6, Subject:CN=SSL.com EV Root Certification Authority RSA R2, O=SSL Corporation, L=Houston, ST=Texas, C=US, Issuer:CN=SSL.com EV Root Certification Authority RSA R2, O=SSL Corporation, L=Houston, ST=Texas, C=US, Key type:RSA, Length:4096, Cert Id:1381862403, Valid from:2017/6/1 上午2:14, Valid until:2042/5/31 上午2:14
2025-12-28T12:06:54.652+0800 [DEBUG] [jdk.event.security] X509Certificate: Alg:SHA256withRSA, Serial:7b2c9bd316803299, Subject:CN=SSL.com Root Certification Authority RSA, O=SSL Corporation, L=Houston, ST=Texas, C=US, Issuer:CN=SSL.com Root Certification Authority RSA, O=SSL Corporation, L=Houston, ST=Texas, C=US, Key type:RSA, Length:4096, Cert Id:156725711, Valid from:2016/2/13 上午1:39, Valid until:2041/2/13 上午1:39
2025-12-28T12:06:54.653+0800 [DEBUG] [jdk.event.security] X509Certificate: Alg:SHA1withRSA, Serial:0, Subject:OU=Starfield Class 2 Certification Authority, O="Starfield Technologies, Inc.", C=US, Issuer:OU=Starfield Class 2 Certification Authority, O="Starfield Technologies, Inc.", C=US, Key type:RSA, Length:2048, Cert Id:1825617644, Valid from:2004/6/30 上午1:39, Valid until:2034/6/30 上午1:39
2025-12-28T12:06:54.653+0800 [DEBUG] [jdk.event.security] X509Certificate: Alg:SHA256withRSA, Serial:0, Subject:CN=Starfield Root Certificate Authority - G2, O="Starfield Technologies, Inc.", L=Scottsdale, ST=Arizona, C=US, Issuer:CN=Starfield Root Certificate Authority - G2, O="Starfield Technologies, Inc.", L=Scottsdale, ST=Arizona, C=US, Key type:RSA, Length:2048, Cert Id:-1026641587, Valid from:2009/9/1 上午8:00, Valid until:2038/1/1 上午7:59
2025-12-28T12:06:54.654+0800 [DEBUG] [jdk.event.security] X509Certificate: Alg:SHA256withRSA, Serial:0, Subject:CN=Starfield Services Root Certificate Authority - G2, O="Starfield Technologies, Inc.", L=Scottsdale, ST=Arizona, C=US, Issuer:CN=Starfield Services Root Certificate Authority - G2, O="Starfield Technologies, Inc.", L=Scottsdale, ST=Arizona, C=US, Key type:RSA, Length:2048, Cert Id:1964785574, Valid from:2009/9/1 上午8:00, Valid until:2038/1/1 上午7:59
2025-12-28T12:06:54.654+0800 [DEBUG] [jdk.event.security] X509Certificate: Alg:SHA1withRSA, Serial:bb401c43f55e4fb0, Subject:CN=SwissSign Gold CA - G2, O=SwissSign AG, C=CH, Issuer:CN=SwissSign Gold CA - G2, O=SwissSign AG, C=CH, Key type:RSA, Length:4096, Cert Id:1516221943, Valid from:2006/10/25 下午4:30, Valid until:2036/10/25 下午4:30
2025-12-28T12:06:54.655+0800 [DEBUG] [jdk.event.security] X509Certificate: Alg:SHA1withRSA, Serial:4eb200670c035d4f, Subject:CN=SwissSign Platinum CA - G2, O=SwissSign AG, C=CH, Issuer:CN=SwissSign Platinum CA - G2, O=SwissSign AG, C=CH, Key type:RSA, Length:4096, Cert Id:771312514, Valid from:2006/10/25 下午4:36, Valid until:2036/10/25 下午4:36
2025-12-28T12:06:54.655+0800 [DEBUG] [jdk.event.security] X509Certificate: Alg:SHA1withRSA, Serial:4f1bd42f54bb2f4b, Subject:CN=SwissSign Silver CA - G2, O=SwissSign AG, C=CH, Issuer:CN=SwissSign Silver CA - G2, O=SwissSign AG, C=CH, Key type:RSA, Length:4096, Cert Id:126726124, Valid from:2006/10/25 下午4:32, Valid until:2036/10/25 下午4:32
2025-12-28T12:06:54.656+0800 [DEBUG] [jdk.event.security] X509Certificate: Alg:SHA256withRSA, Serial:1675f27d6fe7ae3e4acbe095b059e, Subject:CN=Telia Root CA v2, O=Telia Finland Oyj, C=FI, Issuer:CN=Telia Root CA v2, O=Telia Finland Oyj, C=FI, Key type:RSA, Length:4096, Cert Id:-821903320, Valid from:2018/11/29 下午7:55, Valid until:2043/11/29 下午7:55
2025-12-28T12:06:54.656+0800 [DEBUG] [jdk.event.security] X509Certificate: Alg:SHA1withRSA, Serial:95be16a0f72e46f17b398272fa8bcd96, Subject:CN=TeliaSonera Root CA v1, O=TeliaSonera, Issuer:CN=TeliaSonera Root CA v1, O=TeliaSonera, Key type:RSA, Length:4096, Cert Id:1495358374, Valid from:2007/10/18 下午8:00, Valid until:2032/10/18 下午8:00
2025-12-28T12:06:54.656+0800 [DEBUG] [jdk.event.security] X509Certificate: Alg:SHA1withRSA, Serial:344ed55720d5edec49f42fce37db2b6d, Subject:CN=thawte Primary Root CA, OU="(c) 2006 thawte, Inc. - For authorized use only", OU=Certification Services Division, O="thawte, Inc.", C=US, Issuer:CN=thawte Primary Root CA, OU="(c) 2006 thawte, Inc. - For authorized use only", OU=Certification Services Division, O="thawte, Inc.", C=US, Key type:RSA, Length:2048, Cert Id:643000026, Valid from:2006/11/17 上午8:00, Valid until:2036/7/17 上午7:59
2025-12-28T12:06:54.657+0800 [DEBUG] [jdk.event.security] X509Certificate: Alg:SHA384withECDSA, Serial:35fc265cd9844fc93d263d579baed756, Subject:CN=thawte Primary Root CA - G2, OU="(c) 2007 thawte, Inc. - For authorized use only", O="thawte, Inc.", C=US, Issuer:CN=thawte Primary Root CA - G2, OU="(c) 2007 thawte, Inc. - For authorized use only", O="thawte, Inc.", C=US, Key type:EC, Length:384, Cert Id:2068083090, Valid from:2007/11/5 上午8:00, Valid until:2038/1/19 上午7:59
2025-12-28T12:06:54.658+0800 [DEBUG] [jdk.event.security] X509Certificate: Alg:SHA256withRSA, Serial:600197b746a7eab4b49ad64b2ff790fb, Subject:CN=thawte Primary Root CA - G3, OU="(c) 2008 thawte, Inc. - For authorized use only", OU=Certification Services Division, O="thawte, Inc.", C=US, Issuer:CN=thawte Primary Root CA - G3, OU="(c) 2008 thawte, Inc. - For authorized use only", OU=Certification Services Division, O="thawte, Inc.", C=US, Key type:RSA, Length:2048, Cert Id:1032730720, Valid from:2008/4/2 上午8:00, Valid until:2037/12/2 上午7:59
2025-12-28T12:06:54.658+0800 [DEBUG] [jdk.event.security] X509Certificate: Alg:SHA256withRSA, Serial:1, Subject:CN=T-TeleSec GlobalRoot Class 2, OU=T-Systems Trust Center, O=T-Systems Enterprise Services GmbH, C=DE, Issuer:CN=T-TeleSec GlobalRoot Class 2, OU=T-Systems Trust Center, O=T-Systems Enterprise Services GmbH, C=DE, Key type:RSA, Length:2048, Cert Id:-1238464039, Valid from:2008/10/1 下午6:40, Valid until:2033/10/2 上午7:59
2025-12-28T12:06:54.659+0800 [DEBUG] [jdk.event.security] X509Certificate: Alg:SHA256withRSA, Serial:1, Subject:CN=T-TeleSec GlobalRoot Class 3, OU=T-Systems Trust Center, O=T-Systems Enterprise Services GmbH, C=DE, Issuer:CN=T-TeleSec GlobalRoot Class 3, OU=T-Systems Trust Center, O=T-Systems Enterprise Services GmbH, C=DE, Key type:RSA, Length:2048, Cert Id:1894096264, Valid from:2008/10/1 下午6:29, Valid until:2033/10/2 上午7:59
2025-12-28T12:06:54.660+0800 [DEBUG] [jdk.event.security] X509Certificate: Alg:SHA256withRSA, Serial:cbe, Subject:CN=TWCA Global Root CA, OU=Root CA, O=TAIWAN-CA, C=TW, Issuer:CN=TWCA Global Root CA, OU=Root CA, O=TAIWAN-CA, C=TW, Key type:RSA, Length:4096, Cert Id:861175838, Valid from:2012/6/27 下午2:28, Valid until:2030/12/31 下午11:59
2025-12-28T12:06:54.661+0800 [DEBUG] [jdk.event.security] X509Certificate: Alg:SHA384withECDSA, Serial:5c8b99c55a94c5d27156decd8980cc26, Subject:CN=USERTrust ECC Certification Authority, O=The USERTRUST Network, L=Jersey City, ST=New Jersey, C=US, Issuer:CN=USERTrust ECC Certification Authority, O=The USERTRUST Network, L=Jersey City, ST=New Jersey, C=US, Key type:EC, Length:384, Cert Id:-965679910, Valid from:2010/2/1 上午8:00, Valid until:2038/1/19 上午7:59
2025-12-28T12:06:54.661+0800 [DEBUG] [jdk.event.security] X509Certificate: Alg:SHA384withRSA, Serial:1fd6d30fca3ca51a81bbc640e35032d, Subject:CN=USERTrust RSA Certification Authority, O=The USERTRUST Network, L=Jersey City, ST=New Jersey, C=US, Issuer:CN=USERTrust RSA Certification Authority, O=The USERTRUST Network, L=Jersey City, ST=New Jersey, C=US, Key type:RSA, Length:4096, Cert Id:-347365895, Valid from:2010/2/1 上午8:00, Valid until:2038/1/19 上午7:59
2025-12-28T12:06:54.662+0800 [DEBUG] [jdk.event.security] X509Certificate: Alg:SHA1withRSA, Serial:44be0c8b500024b411d3362de0b35f1b, Subject:CN=UTN-USERFirst-Object, OU=http://www.usertrust.com, O=The USERTRUST Network, L=Salt Lake City, ST=UT, C=US, Issuer:CN=UTN-USERFirst-Object, OU=http://www.usertrust.com, O=The USERTRUST Network, L=Salt Lake City, ST=UT, C=US, Key type:RSA, Length:2048, Cert Id:-297053428, Valid from:1999/7/10 上午2:31, Valid until:2019/7/10 上午2:40
2025-12-28T12:06:54.663+0800 [DEBUG] [jdk.event.security] X509Certificate: Alg:SHA1withRSA, Serial:9b7e0649a33e62b9d5ee90487129ef57, Subject:CN=VeriSign Class 3 Public Primary Certification Authority - G3, OU="(c) 1999 VeriSign, Inc. - For authorized use only", OU=VeriSign Trust Network, O="VeriSign, Inc.", C=US, Issuer:CN=VeriSign Class 3 Public Primary Certification Authority - G3, OU="(c) 1999 VeriSign, Inc. - For authorized use only", OU=VeriSign Trust Network, O="VeriSign, Inc.", C=US, Key type:RSA, Length:2048, Cert Id:2057300190, Valid from:1999/10/1 上午8:00, Valid until:2036/7/17 上午7:59
2025-12-28T12:06:54.663+0800 [DEBUG] [jdk.event.security] X509Certificate: Alg:SHA384withECDSA, Serial:2f80fe238c0e220f486712289187acb3, Subject:CN=VeriSign Class 3 Public Primary Certification Authority - G4, OU="(c) 2007 VeriSign, Inc. - For authorized use only", OU=VeriSign Trust Network, O="VeriSign, Inc.", C=US, Issuer:CN=VeriSign Class 3 Public Primary Certification Authority - G4, OU="(c) 2007 VeriSign, Inc. - For authorized use only", OU=VeriSign Trust Network, O="VeriSign, Inc.", C=US, Key type:EC, Length:384, Cert Id:-131493977, Valid from:2007/11/5 上午8:00, Valid until:2038/1/19 上午7:59
2025-12-28T12:06:54.664+0800 [DEBUG] [jdk.event.security] X509Certificate: Alg:SHA1withRSA, Serial:18dad19e267de8bb4a2158cdcc6b3b4a, Subject:CN=VeriSign Class 3 Public Primary Certification Authority - G5, OU="(c) 2006 VeriSign, Inc. - For authorized use only", OU=VeriSign Trust Network, O="VeriSign, Inc.", C=US, Issuer:CN=VeriSign Class 3 Public Primary Certification Authority - G5, OU="(c) 2006 VeriSign, Inc. - For authorized use only", OU=VeriSign Trust Network, O="VeriSign, Inc.", C=US, Key type:RSA, Length:2048, Cert Id:303010488, Valid from:2006/11/8 上午8:00, Valid until:2036/7/17 上午7:59
2025-12-28T12:06:54.664+0800 [DEBUG] [jdk.event.security] X509Certificate: Alg:SHA256withRSA, Serial:401ac46421b31321030ebbe4121ac51d, Subject:CN=VeriSign Universal Root Certification Authority, OU="(c) 2008 VeriSign, Inc. - For authorized use only", OU=VeriSign Trust Network, O="VeriSign, Inc.", C=US, Issuer:CN=VeriSign Universal Root Certification Authority, OU="(c) 2008 VeriSign, Inc. - For authorized use only", OU=VeriSign Trust Network, O="VeriSign, Inc.", C=US, Key type:RSA, Length:2048, Cert Id:-1976681486, Valid from:2008/4/2 上午8:00, Valid until:2037/12/2 上午7:59
2025-12-28T12:06:54.665+0800 [DEBUG] [jdk.event.security] X509Certificate: Alg:SHA1withRSA, Serial:50946cec18ead59c4dd597ef758fa0ad, Subject:CN=XRamp Global Certification Authority, O=XRamp Security Services Inc, OU=www.xrampsecurity.com, C=US, Issuer:CN=XRamp Global Certification Authority, O=XRamp Security Services Inc, OU=www.xrampsecurity.com, C=US, Key type:RSA, Length:2048, Cert Id:-952474086, Valid from:2004/11/2 上午1:14, Valid until:2035/1/1 下午1:37
2025-12-28T12:06:54.734+0800 [DEBUG] [jdk.event.security]  TLSHandshake: maven.minecraftforge.net:443, TLSv1.3, TLS_AES_256_GCM_SHA384, 575147925
2025-12-28T12:06:54.737+0800 [DEBUG] [sun.net.www.protocol.http.HttpURLConnection] sun.net.www.MessageHeader@2d5e239d5 pairs: {HEAD / HTTP/1.1: null}{User-Agent: Java/17.0.12}{Host: maven.minecraftforge.net}{Accept: */*}{Connection: keep-alive}
2025-12-28T12:06:55.017+0800 [DEBUG] [sun.net.www.protocol.http.HttpURLConnection] sun.net.www.MessageHeader@2256f39912 pairs: {null: HTTP/1.1 200 OK}{Date: Sun, 28 Dec 2025 04:06:53 GMT}{Content-Type: text/plain}{Content-Length: 0}{Connection: keep-alive}{cf-cache-status: DYNAMIC}{Speculation-Rules: "/cdn-cgi/speculation"}{Report-To: {"group":"cf-nel","max_age":604800,"endpoints":[{"url":"https://a.nel.cloudflare.com/report/v4?s=L7U3jTNI57EGq9JapSKjTD306Hc6mBkNPE%2FBVtOJmE1LxpDQGfnz2LyLTya6uD06F0OJJkjsnZldeByYLVNPIQSp2qVNMle%2BAZ5hbtBWYXuZ%2BiPwINA4BQ%3D%3D"}]}}{Nel: {"report_to":"cf-nel","success_fraction":0.0,"max_age":604800}}{Server: cloudflare}{CF-RAY: 9b4e30081c5e8b40-AMS}{alt-svc: h3=":443"; ma=86400}
2025-12-28T12:06:55.176+0800 [DEBUG] [jdk.event.security] X509Certificate: Alg:SHA384withRSA, Serial:3302e6d3ec8e45a36db373c43d000002e6d3ec, Subject:CN=AzureRSA07 OCSP Cert, O=Microsoft Corporation, L=Redmond, ST=WA, C=US, Issuer:CN=Microsoft Azure RSA TLS Issuing CA 07, O=Microsoft Corporation, C=US, Key type:RSA, Length:2048, Cert Id:-1576886788, Valid from:2025/12/23 下午11:50, Valid until:2026/1/22 下午11:50
2025-12-28T12:06:55.177+0800 [DEBUG] [jdk.event.security] X509Certificate: Alg:SHA384withRSA, Serial:33027bf39c4b7601ec116193b00000027bf39c, Subject:CN=*.minecraft.net, O=Microsoft Corporation, L=Redmond, ST=WA, C=US, Issuer:CN=Microsoft Azure RSA TLS Issuing CA 07, O=Microsoft Corporation, C=US, Key type:RSA, Length:2048, Cert Id:-67870801, Valid from:2025/10/5 上午12:45, Valid until:2026/4/3 上午12:45
2025-12-28T12:06:55.179+0800 [DEBUG] [jdk.event.security] X509Certificate: Alg:SHA384withRSA, Serial:a43a9509b01352f899579ec7208ba50, Subject:CN=Microsoft Azure RSA TLS Issuing CA 07, O=Microsoft Corporation, C=US, Issuer:CN=DigiCert Global Root G2, OU=www.digicert.com, O=DigiCert Inc, C=US, Key type:RSA, Length:4096, Cert Id:-857913442, Valid from:2023/6/8 上午8:00, Valid until:2026/8/26 上午7:59
2025-12-28T12:06:55.179+0800 [DEBUG] [jdk.event.security] X509Certificate: Alg:SHA256withRSA, Serial:33af1e6a711a9a0bb2864b11d09fae5, Subject:CN=DigiCert Global Root G2, OU=www.digicert.com, O=DigiCert Inc, C=US, Issuer:CN=DigiCert Global Root G2, OU=www.digicert.com, O=DigiCert Inc, C=US, Key type:RSA, Length:2048, Cert Id:1136084297, Valid from:2013/8/1 下午8:00, Valid until:2038/1/15 下午8:00
2025-12-28T12:06:55.192+0800 [DEBUG] [jdk.event.security] ValidationChain: 1136084297, -857913442, -67870801
2025-12-28T12:06:55.205+0800 [DEBUG] [jdk.event.security]  TLSHandshake: libraries.minecraft.net:443, TLSv1.3, TLS_AES_256_GCM_SHA384, -67870801
2025-12-28T12:06:55.206+0800 [DEBUG] [sun.net.www.protocol.http.HttpURLConnection] sun.net.www.MessageHeader@2edaa655 pairs: {HEAD / HTTP/1.1: null}{User-Agent: Java/17.0.12}{Host: libraries.minecraft.net}{Accept: */*}{Connection: keep-alive}
2025-12-28T12:06:55.906+0800 [DEBUG] [sun.net.www.protocol.http.HttpURLConnection] sun.net.www.MessageHeader@434f3d2b7 pairs: {null: HTTP/1.1 404 The specified resource does not exist.}{Date: Sun, 28 Dec 2025 04:06:54 GMT}{Connection: keep-alive}{x-ms-request-id: 8d8bc9f0-101e-000d-50af-772d8b000000}{x-azure-ref: 20251228T040653Z-16bc9bbd4d7lxmxjhC1TYOr62s00000015y0000000005a84}{x-fd-int-roxy-purgeid: 0}{X-Cache: TCP_MISS}
2025-12-28T12:06:56.123+0800 [LIFECYCLE] [org.gradle.internal.operations.DefaultBuildOperationRunner] 
2025-12-28T12:06:56.123+0800 [DEBUG] [org.gradle.internal.operations.DefaultBuildOperationRunner] Build operation 'Apply plugin org.gradle.api.plugins.JavaPlugin to root project 'Neo Anomalous Might'' started
2025-12-28T12:06:56.137+0800 [DEBUG] [org.gradle.internal.operations.DefaultBuildOperationRunner] Build operation 'Apply plugin org.gradle.api.plugins.JavaBasePlugin to root project 'Neo Anomalous Might'' started
2025-12-28T12:06:56.156+0800 [DEBUG] [org.gradle.internal.operations.DefaultBuildOperationRunner] Build operation 'Apply plugin org.gradle.api.plugins.BasePlugin to root project 'Neo Anomalous Might'' started
2025-12-28T12:06:56.162+0800 [DEBUG] [org.gradle.internal.operations.DefaultBuildOperationRunner] Build operation 'Apply plugin org.gradle.language.base.plugins.LifecycleBasePlugin to root project 'Neo Anomalous Might'' started
2025-12-28T12:06:56.165+0800 [DEBUG] [org.gradle.internal.operations.DefaultBuildOperationRunner] Build operation 'Register task :clean' started
2025-12-28T12:06:56.165+0800 [DEBUG] [org.gradle.internal.operations.DefaultBuildOperationRunner] Completing Build operation 'Register task :clean'
2025-12-28T12:06:56.168+0800 [DEBUG] [org.gradle.internal.operations.DefaultBuildOperationRunner] Build operation 'Register task :assemble' started
2025-12-28T12:06:56.169+0800 [DEBUG] [org.gradle.internal.operations.DefaultBuildOperationRunner] Completing Build operation 'Register task :assemble'
2025-12-28T12:06:56.169+0800 [DEBUG] [org.gradle.internal.operations.DefaultBuildOperationRunner] Build operation 'Register task :check' started
2025-12-28T12:06:56.169+0800 [DEBUG] [org.gradle.internal.operations.DefaultBuildOperationRunner] Completing Build operation 'Register task :check'
2025-12-28T12:06:56.170+0800 [DEBUG] [org.gradle.internal.operations.DefaultBuildOperationRunner] Build operation 'Register task :build' started
2025-12-28T12:06:56.170+0800 [DEBUG] [org.gradle.internal.operations.DefaultBuildOperationRunner] Completing Build operation 'Register task :build'
2025-12-28T12:06:56.171+0800 [DEBUG] [org.gradle.internal.operations.DefaultBuildOperationRunner] Completing Build operation 'Apply plugin org.gradle.language.base.plugins.LifecycleBasePlugin to root project 'Neo Anomalous Might''
2025-12-28T12:06:56.192+0800 [DEBUG] [org.gradle.internal.operations.DefaultBuildOperationRunner] Build operation 'Execute container callback action' started
2025-12-28T12:06:56.193+0800 [DEBUG] [org.gradle.internal.operations.DefaultBuildOperationRunner] Completing Build operation 'Execute container callback action'
2025-12-28T12:06:56.193+0800 [DEBUG] [org.gradle.internal.operations.DefaultBuildOperationRunner] Build operation 'Execute container callback action' started
2025-12-28T12:06:56.194+0800 [DEBUG] [org.gradle.internal.operations.DefaultBuildOperationRunner] Completing Build operation 'Execute container callback action'
2025-12-28T12:06:56.195+0800 [DEBUG] [org.gradle.internal.operations.DefaultBuildOperationRunner] Completing Build operation 'Apply plugin org.gradle.api.plugins.BasePlugin to root project 'Neo Anomalous Might''
2025-12-28T12:06:56.196+0800 [DEBUG] [org.gradle.internal.operations.DefaultBuildOperationRunner] Build operation 'Apply plugin org.gradle.api.plugins.JvmEcosystemPlugin to root project 'Neo Anomalous Might'' started
2025-12-28T12:06:56.214+0800 [DEBUG] [org.gradle.internal.operations.DefaultBuildOperationRunner] Completing Build operation 'Apply plugin org.gradle.api.plugins.JvmEcosystemPlugin to root project 'Neo Anomalous Might''
2025-12-28T12:06:56.215+0800 [DEBUG] [org.gradle.internal.operations.DefaultBuildOperationRunner] Build operation 'Apply plugin org.gradle.api.plugins.ReportingBasePlugin to root project 'Neo Anomalous Might'' started
2025-12-28T12:06:56.225+0800 [DEBUG] [org.gradle.internal.operations.DefaultBuildOperationRunner] Completing Build operation 'Apply plugin org.gradle.api.plugins.ReportingBasePlugin to root project 'Neo Anomalous Might''
2025-12-28T12:06:56.226+0800 [DEBUG] [org.gradle.internal.operations.DefaultBuildOperationRunner] Build operation 'Apply plugin org.gradle.api.plugins.JvmToolchainsPlugin to root project 'Neo Anomalous Might'' started
2025-12-28T12:06:56.348+0800 [DEBUG] [org.gradle.internal.operations.DefaultBuildOperationRunner] Completing Build operation 'Apply plugin org.gradle.api.plugins.JvmToolchainsPlugin to root project 'Neo Anomalous Might''
2025-12-28T12:06:56.366+0800 [DEBUG] [org.gradle.internal.operations.DefaultBuildOperationRunner] Build operation 'Register task :buildNeeded' started
2025-12-28T12:06:56.367+0800 [DEBUG] [org.gradle.internal.operations.DefaultBuildOperationRunner] Completing Build operation 'Register task :buildNeeded'
2025-12-28T12:06:56.367+0800 [DEBUG] [org.gradle.internal.operations.DefaultBuildOperationRunner] Build operation 'Register task :buildDependents' started
2025-12-28T12:06:56.367+0800 [DEBUG] [org.gradle.internal.operations.DefaultBuildOperationRunner] Completing Build operation 'Register task :buildDependents'
2025-12-28T12:06:56.368+0800 [DEBUG] [org.gradle.internal.operations.DefaultBuildOperationRunner] Build operation 'Execute container callback action' started
2025-12-28T12:06:56.370+0800 [DEBUG] [org.gradle.internal.operations.DefaultBuildOperationRunner] Completing Build operation 'Execute container callback action'
2025-12-28T12:06:56.370+0800 [DEBUG] [org.gradle.internal.operations.DefaultBuildOperationRunner] Build operation 'Execute container callback action' started
2025-12-28T12:06:56.376+0800 [DEBUG] [org.gradle.internal.operations.DefaultBuildOperationRunner] Build operation 'Register task :eclipseJdt' started
2025-12-28T12:06:56.376+0800 [DEBUG] [org.gradle.internal.operations.DefaultBuildOperationRunner] Completing Build operation 'Register task :eclipseJdt'
2025-12-28T12:06:56.377+0800 [DEBUG] [org.gradle.internal.operations.DefaultBuildOperationRunner] Build operation 'Register task :cleanEclipseJdt' started
2025-12-28T12:06:56.378+0800 [DEBUG] [org.gradle.internal.operations.DefaultBuildOperationRunner] Completing Build operation 'Register task :cleanEclipseJdt'
2025-12-28T12:06:56.381+0800 [DEBUG] [org.gradle.internal.operations.DefaultBuildOperationRunner] Completing Build operation 'Execute container callback action'
2025-12-28T12:06:56.381+0800 [DEBUG] [org.gradle.internal.operations.DefaultBuildOperationRunner] Build operation 'Execute container callback action' started
2025-12-28T12:06:56.383+0800 [DEBUG] [org.gradle.internal.operations.DefaultBuildOperationRunner] Build operation 'Register task :eclipseClasspath' started
2025-12-28T12:06:56.384+0800 [DEBUG] [org.gradle.internal.operations.DefaultBuildOperationRunner] Completing Build operation 'Register task :eclipseClasspath'
2025-12-28T12:06:56.385+0800 [DEBUG] [org.gradle.internal.operations.DefaultBuildOperationRunner] Build operation 'Register task :cleanEclipseClasspath' started
2025-12-28T12:06:56.386+0800 [DEBUG] [org.gradle.internal.operations.DefaultBuildOperationRunner] Completing Build operation 'Register task :cleanEclipseClasspath'
2025-12-28T12:06:56.391+0800 [DEBUG] [org.gradle.internal.operations.DefaultBuildOperationRunner] Completing Build operation 'Execute container callback action'
2025-12-28T12:06:56.391+0800 [DEBUG] [org.gradle.internal.operations.DefaultBuildOperationRunner] Completing Build operation 'Apply plugin org.gradle.api.plugins.JavaBasePlugin to root project 'Neo Anomalous Might''
2025-12-28T12:06:56.392+0800 [DEBUG] [org.gradle.internal.operations.DefaultBuildOperationRunner] Build operation 'Apply plugin org.gradle.jvm-test-suite to root project 'Neo Anomalous Might'' started
2025-12-28T12:06:56.397+0800 [DEBUG] [org.gradle.internal.operations.DefaultBuildOperationRunner] Build operation 'Apply plugin org.gradle.testing.base.plugins.TestSuiteBasePlugin to root project 'Neo Anomalous Might'' started
2025-12-28T12:06:56.402+0800 [DEBUG] [org.gradle.internal.operations.DefaultBuildOperationRunner] Build operation 'Execute container callback action' started
2025-12-28T12:06:56.404+0800 [DEBUG] [org.gradle.internal.operations.DefaultBuildOperationRunner] Completing Build operation 'Execute container callback action'
2025-12-28T12:06:56.405+0800 [DEBUG] [org.gradle.internal.operations.DefaultBuildOperationRunner] Completing Build operation 'Apply plugin org.gradle.testing.base.plugins.TestSuiteBasePlugin to root project 'Neo Anomalous Might''
2025-12-28T12:06:56.409+0800 [DEBUG] [org.gradle.internal.operations.DefaultBuildOperationRunner] Build operation 'Execute container callback action' started
2025-12-28T12:06:56.410+0800 [DEBUG] [org.gradle.internal.operations.DefaultBuildOperationRunner] Completing Build operation 'Execute container callback action'
2025-12-28T12:06:56.410+0800 [DEBUG] [org.gradle.internal.operations.DefaultBuildOperationRunner] Completing Build operation 'Apply plugin org.gradle.jvm-test-suite to root project 'Neo Anomalous Might''
2025-12-28T12:06:56.445+0800 [DEBUG] [org.gradle.internal.operations.DefaultBuildOperationRunner] Build operation 'Execute container callback action' started
2025-12-28T12:06:56.446+0800 [DEBUG] [org.gradle.internal.operations.DefaultBuildOperationRunner] Build operation 'Execute container callback action' started
2025-12-28T12:06:56.446+0800 [DEBUG] [org.gradle.internal.operations.DefaultBuildOperationRunner] Completing Build operation 'Execute container callback action'
2025-12-28T12:06:56.446+0800 [DEBUG] [org.gradle.internal.operations.DefaultBuildOperationRunner] Build operation 'Execute container callback action' started
2025-12-28T12:06:56.446+0800 [DEBUG] [org.gradle.internal.operations.DefaultBuildOperationRunner] Completing Build operation 'Execute container callback action'
2025-12-28T12:06:56.447+0800 [DEBUG] [org.gradle.internal.operations.DefaultBuildOperationRunner] Build operation 'Execute container callback action' started
2025-12-28T12:06:56.447+0800 [DEBUG] [org.gradle.internal.operations.DefaultBuildOperationRunner] Completing Build operation 'Execute container callback action'
2025-12-28T12:06:56.452+0800 [DEBUG] [org.gradle.internal.operations.DefaultBuildOperationRunner] Build operation 'Execute container callback action' started
2025-12-28T12:06:56.452+0800 [DEBUG] [org.gradle.internal.operations.DefaultBuildOperationRunner] Completing Build operation 'Execute container callback action'
2025-12-28T12:06:56.453+0800 [DEBUG] [org.gradle.internal.operations.DefaultBuildOperationRunner] Build operation 'Execute container callback action' started
2025-12-28T12:06:56.453+0800 [DEBUG] [org.gradle.internal.operations.DefaultBuildOperationRunner] Completing Build operation 'Execute container callback action'
2025-12-28T12:06:56.454+0800 [DEBUG] [org.gradle.internal.operations.DefaultBuildOperationRunner] Build operation 'Execute container callback action' started
2025-12-28T12:06:56.454+0800 [DEBUG] [org.gradle.internal.operations.DefaultBuildOperationRunner] Completing Build operation 'Execute container callback action'
2025-12-28T12:06:56.457+0800 [DEBUG] [org.gradle.internal.operations.DefaultBuildOperationRunner] Build operation 'Register task :processResources' started
2025-12-28T12:06:56.457+0800 [DEBUG] [org.gradle.internal.operations.DefaultBuildOperationRunner] Completing Build operation 'Register task :processResources'
2025-12-28T12:06:56.466+0800 [DEBUG] [org.gradle.internal.operations.DefaultBuildOperationRunner] Build operation 'Register task :compileJava' started
2025-12-28T12:06:56.466+0800 [DEBUG] [org.gradle.internal.operations.DefaultBuildOperationRunner] Completing Build operation 'Register task :compileJava'
2025-12-28T12:06:56.475+0800 [DEBUG] [org.gradle.internal.operations.DefaultBuildOperationRunner] Build operation 'Register task :classes' started
2025-12-28T12:06:56.475+0800 [DEBUG] [org.gradle.internal.operations.DefaultBuildOperationRunner] Completing Build operation 'Register task :classes'
2025-12-28T12:06:56.477+0800 [DEBUG] [org.gradle.internal.operations.DefaultBuildOperationRunner] Completing Build operation 'Execute container callback action'
2025-12-28T12:06:56.480+0800 [DEBUG] [org.gradle.internal.operations.DefaultBuildOperationRunner] Build operation 'Register task :jar' started
2025-12-28T12:06:56.481+0800 [DEBUG] [org.gradle.internal.operations.DefaultBuildOperationRunner] Completing Build operation 'Register task :jar'
2025-12-28T12:06:56.482+0800 [DEBUG] [org.gradle.internal.operations.DefaultBuildOperationRunner] Build operation 'Execute container callback action' started
2025-12-28T12:06:56.482+0800 [DEBUG] [org.gradle.internal.operations.DefaultBuildOperationRunner] Completing Build operation 'Execute container callback action'
2025-12-28T12:06:56.483+0800 [DEBUG] [org.gradle.internal.operations.DefaultBuildOperationRunner] Build operation 'Execute container callback action' started
2025-12-28T12:06:56.484+0800 [DEBUG] [org.gradle.internal.operations.DefaultBuildOperationRunner] Completing Build operation 'Execute container callback action'
2025-12-28T12:06:56.484+0800 [DEBUG] [org.gradle.internal.operations.DefaultBuildOperationRunner] Build operation 'Execute container callback action' started
2025-12-28T12:06:56.484+0800 [DEBUG] [org.gradle.internal.operations.DefaultBuildOperationRunner] Completing Build operation 'Execute container callback action'
2025-12-28T12:06:56.485+0800 [DEBUG] [org.gradle.internal.operations.DefaultBuildOperationRunner] Build operation 'Execute container callback action' started
2025-12-28T12:06:56.485+0800 [DEBUG] [org.gradle.internal.operations.DefaultBuildOperationRunner] Completing Build operation 'Execute container callback action'
2025-12-28T12:06:56.494+0800 [DEBUG] [org.gradle.internal.operations.DefaultBuildOperationRunner] Build operation 'Register task :javadoc' started
2025-12-28T12:06:56.494+0800 [DEBUG] [org.gradle.internal.operations.DefaultBuildOperationRunner] Completing Build operation 'Register task :javadoc'
2025-12-28T12:06:56.505+0800 [DEBUG] [org.gradle.internal.operations.DefaultBuildOperationRunner] Build operation 'Execute container callback action' started
2025-12-28T12:06:56.505+0800 [DEBUG] [org.gradle.internal.operations.DefaultBuildOperationRunner] Completing Build operation 'Execute container callback action'
2025-12-28T12:06:56.523+0800 [DEBUG] [org.gradle.internal.operations.DefaultBuildOperationRunner] Build operation 'Execute container callback action' started
2025-12-28T12:06:56.524+0800 [DEBUG] [org.gradle.internal.operations.DefaultBuildOperationRunner] Build operation 'Execute container callback action' started
2025-12-28T12:06:56.525+0800 [DEBUG] [org.gradle.internal.operations.DefaultBuildOperationRunner] Completing Build operation 'Execute container callback action'
2025-12-28T12:06:56.526+0800 [DEBUG] [org.gradle.internal.operations.DefaultBuildOperationRunner] Build operation 'Execute container callback action' started
2025-12-28T12:06:56.526+0800 [DEBUG] [org.gradle.internal.operations.DefaultBuildOperationRunner] Completing Build operation 'Execute container callback action'
2025-12-28T12:06:56.526+0800 [DEBUG] [org.gradle.internal.operations.DefaultBuildOperationRunner] Build operation 'Execute container callback action' started
2025-12-28T12:06:56.527+0800 [DEBUG] [org.gradle.internal.operations.DefaultBuildOperationRunner] Completing Build operation 'Execute container callback action'
2025-12-28T12:06:56.527+0800 [DEBUG] [org.gradle.internal.operations.DefaultBuildOperationRunner] Build operation 'Execute container callback action' started
2025-12-28T12:06:56.527+0800 [DEBUG] [org.gradle.internal.operations.DefaultBuildOperationRunner] Completing Build operation 'Execute container callback action'
2025-12-28T12:06:56.528+0800 [DEBUG] [org.gradle.internal.operations.DefaultBuildOperationRunner] Build operation 'Execute container callback action' started
2025-12-28T12:06:56.528+0800 [DEBUG] [org.gradle.internal.operations.DefaultBuildOperationRunner] Completing Build operation 'Execute container callback action'
2025-12-28T12:06:56.529+0800 [DEBUG] [org.gradle.internal.operations.DefaultBuildOperationRunner] Build operation 'Execute container callback action' started
2025-12-28T12:06:56.529+0800 [DEBUG] [org.gradle.internal.operations.DefaultBuildOperationRunner] Completing Build operation 'Execute container callback action'
2025-12-28T12:06:56.529+0800 [DEBUG] [org.gradle.internal.operations.DefaultBuildOperationRunner] Build operation 'Register task :processTestResources' started
2025-12-28T12:06:56.529+0800 [DEBUG] [org.gradle.internal.operations.DefaultBuildOperationRunner] Completing Build operation 'Register task :processTestResources'
2025-12-28T12:06:56.530+0800 [DEBUG] [org.gradle.internal.operations.DefaultBuildOperationRunner] Build operation 'Register task :compileTestJava' started
2025-12-28T12:06:56.530+0800 [DEBUG] [org.gradle.internal.operations.DefaultBuildOperationRunner] Completing Build operation 'Register task :compileTestJava'
2025-12-28T12:06:56.530+0800 [DEBUG] [org.gradle.internal.operations.DefaultBuildOperationRunner] Build operation 'Register task :testClasses' started
2025-12-28T12:06:56.530+0800 [DEBUG] [org.gradle.internal.operations.DefaultBuildOperationRunner] Completing Build operation 'Register task :testClasses'
2025-12-28T12:06:56.531+0800 [DEBUG] [org.gradle.internal.operations.DefaultBuildOperationRunner] Completing Build operation 'Execute container callback action'
2025-12-28T12:06:56.552+0800 [DEBUG] [org.gradle.internal.operations.DefaultBuildOperationRunner] Build operation 'Execute container callback action' started
2025-12-28T12:06:56.561+0800 [DEBUG] [org.gradle.internal.operations.DefaultBuildOperationRunner] Build operation 'Execute container callback action' started
2025-12-28T12:06:56.561+0800 [DEBUG] [org.gradle.internal.operations.DefaultBuildOperationRunner] Completing Build operation 'Execute container callback action'
2025-12-28T12:06:56.561+0800 [DEBUG] [org.gradle.internal.operations.DefaultBuildOperationRunner] Build operation 'Execute container callback action' started
2025-12-28T12:06:56.563+0800 [DEBUG] [org.gradle.internal.operations.DefaultBuildOperationRunner] Completing Build operation 'Execute container callback action'
2025-12-28T12:06:56.564+0800 [DEBUG] [org.gradle.internal.operations.DefaultBuildOperationRunner] Completing Build operation 'Execute container callback action'
2025-12-28T12:06:56.564+0800 [DEBUG] [org.gradle.internal.operations.DefaultBuildOperationRunner] Build operation 'Execute container callback action' started
2025-12-28T12:06:56.565+0800 [DEBUG] [org.gradle.internal.operations.DefaultBuildOperationRunner] Completing Build operation 'Execute container callback action'
2025-12-28T12:06:56.565+0800 [DEBUG] [org.gradle.internal.operations.DefaultBuildOperationRunner] Build operation 'Execute container callback action' started
2025-12-28T12:06:56.568+0800 [DEBUG] [org.gradle.internal.operations.DefaultBuildOperationRunner] Build operation 'Register task :test' started
2025-12-28T12:06:56.568+0800 [DEBUG] [org.gradle.internal.operations.DefaultBuildOperationRunner] Completing Build operation 'Register task :test'
2025-12-28T12:06:56.568+0800 [DEBUG] [org.gradle.internal.operations.DefaultBuildOperationRunner] Build operation 'Execute container callback action' started
2025-12-28T12:06:56.569+0800 [DEBUG] [org.gradle.internal.operations.DefaultBuildOperationRunner] Completing Build operation 'Execute container callback action'
2025-12-28T12:06:56.569+0800 [DEBUG] [org.gradle.internal.operations.DefaultBuildOperationRunner] Build operation 'Execute container callback action' started
2025-12-28T12:06:56.570+0800 [DEBUG] [org.gradle.internal.operations.DefaultBuildOperationRunner] Build operation 'Execute container callback action' started
2025-12-28T12:06:56.571+0800 [DEBUG] [org.gradle.internal.operations.DefaultBuildOperationRunner] Build operation 'Execute container callback action' started
2025-12-28T12:06:56.571+0800 [DEBUG] [org.gradle.internal.operations.DefaultBuildOperationRunner] Completing Build operation 'Execute container callback action'
2025-12-28T12:06:56.571+0800 [DEBUG] [org.gradle.internal.operations.DefaultBuildOperationRunner] Completing Build operation 'Execute container callback action'
2025-12-28T12:06:56.571+0800 [DEBUG] [org.gradle.internal.operations.DefaultBuildOperationRunner] Completing Build operation 'Execute container callback action'
2025-12-28T12:06:56.571+0800 [DEBUG] [org.gradle.internal.operations.DefaultBuildOperationRunner] Build operation 'Execute container callback action' started
2025-12-28T12:06:56.581+0800 [DEBUG] [org.gradle.internal.operations.DefaultBuildOperationRunner] Completing Build operation 'Execute container callback action'
2025-12-28T12:06:56.581+0800 [DEBUG] [org.gradle.internal.operations.DefaultBuildOperationRunner] Completing Build operation 'Execute container callback action'
2025-12-28T12:06:56.581+0800 [DEBUG] [org.gradle.internal.operations.DefaultBuildOperationRunner] Build operation 'Execute container callback action' started
2025-12-28T12:06:56.582+0800 [DEBUG] [org.gradle.internal.operations.DefaultBuildOperationRunner] Completing Build operation 'Execute container callback action'
2025-12-28T12:06:56.582+0800 [DEBUG] [org.gradle.internal.operations.DefaultBuildOperationRunner] Build operation 'Execute container callback action' started
2025-12-28T12:06:56.582+0800 [DEBUG] [org.gradle.internal.operations.DefaultBuildOperationRunner] Completing Build operation 'Execute container callback action'
2025-12-28T12:06:56.583+0800 [DEBUG] [org.gradle.internal.operations.DefaultBuildOperationRunner] Build operation 'Execute container callback action' started
2025-12-28T12:06:56.584+0800 [DEBUG] [org.gradle.internal.operations.DefaultBuildOperationRunner] Completing Build operation 'Execute container callback action'
2025-12-28T12:06:56.586+0800 [DEBUG] [org.gradle.internal.operations.DefaultBuildOperationRunner] Build operation 'Execute container callback action' started
2025-12-28T12:06:56.586+0800 [DEBUG] [org.gradle.internal.operations.DefaultBuildOperationRunner] Completing Build operation 'Execute container callback action'
2025-12-28T12:06:56.586+0800 [DEBUG] [org.gradle.internal.operations.DefaultBuildOperationRunner] Build operation 'Execute container callback action' started
2025-12-28T12:06:56.586+0800 [DEBUG] [org.gradle.internal.operations.DefaultBuildOperationRunner] Completing Build operation 'Execute container callback action'
2025-12-28T12:06:56.588+0800 [DEBUG] [org.gradle.internal.operations.DefaultBuildOperationRunner] Build operation 'Execute container callback action' started
2025-12-28T12:06:56.594+0800 [DEBUG] [org.gradle.internal.operations.DefaultBuildOperationRunner] Completing Build operation 'Execute container callback action'
2025-12-28T12:06:56.594+0800 [DEBUG] [org.gradle.internal.operations.DefaultBuildOperationRunner] Build operation 'Execute container callback action' started
2025-12-28T12:06:56.597+0800 [DEBUG] [org.gradle.internal.operations.DefaultBuildOperationRunner] Build operation 'Execute container callback action' started
2025-12-28T12:06:56.597+0800 [DEBUG] [org.gradle.internal.operations.DefaultBuildOperationRunner] Completing Build operation 'Execute container callback action'
2025-12-28T12:06:56.598+0800 [DEBUG] [org.gradle.internal.operations.DefaultBuildOperationRunner] Build operation 'Execute container callback action' started
2025-12-28T12:06:56.598+0800 [DEBUG] [org.gradle.internal.operations.DefaultBuildOperationRunner] Completing Build operation 'Execute container callback action'
2025-12-28T12:06:56.599+0800 [DEBUG] [org.gradle.internal.operations.DefaultBuildOperationRunner] Build operation 'Execute container callback action' started
2025-12-28T12:06:56.599+0800 [DEBUG] [org.gradle.internal.operations.DefaultBuildOperationRunner] Completing Build operation 'Execute container callback action'
2025-12-28T12:06:56.599+0800 [DEBUG] [org.gradle.internal.operations.DefaultBuildOperationRunner] Build operation 'Execute container callback action' started
2025-12-28T12:06:56.599+0800 [DEBUG] [org.gradle.internal.operations.DefaultBuildOperationRunner] Completing Build operation 'Execute container callback action'
2025-12-28T12:06:56.599+0800 [DEBUG] [org.gradle.internal.operations.DefaultBuildOperationRunner] Build operation 'Execute container callback action' started
2025-12-28T12:06:56.599+0800 [DEBUG] [org.gradle.internal.operations.DefaultBuildOperationRunner] Completing Build operation 'Execute container callback action'
2025-12-28T12:06:56.600+0800 [DEBUG] [org.gradle.internal.operations.DefaultBuildOperationRunner] Build operation 'Execute container callback action' started
2025-12-28T12:06:56.600+0800 [DEBUG] [org.gradle.internal.operations.DefaultBuildOperationRunner] Completing Build operation 'Execute container callback action'
2025-12-28T12:06:56.600+0800 [DEBUG] [org.gradle.internal.operations.DefaultBuildOperationRunner] Build operation 'Execute container callback action' started
2025-12-28T12:06:56.600+0800 [DEBUG] [org.gradle.internal.operations.DefaultBuildOperationRunner] Completing Build operation 'Execute container callback action'
2025-12-28T12:06:56.600+0800 [DEBUG] [org.gradle.internal.operations.DefaultBuildOperationRunner] Build operation 'Execute container callback action' started
2025-12-28T12:06:56.600+0800 [DEBUG] [org.gradle.internal.operations.DefaultBuildOperationRunner] Completing Build operation 'Execute container callback action'
2025-12-28T12:06:56.600+0800 [DEBUG] [org.gradle.internal.operations.DefaultBuildOperationRunner] Build operation 'Execute container callback action' started
2025-12-28T12:06:56.600+0800 [DEBUG] [org.gradle.internal.operations.DefaultBuildOperationRunner] Completing Build operation 'Execute container callback action'
2025-12-28T12:06:56.601+0800 [DEBUG] [org.gradle.internal.operations.DefaultBuildOperationRunner] Build operation 'Execute container callback action' started
2025-12-28T12:06:56.601+0800 [DEBUG] [org.gradle.internal.operations.DefaultBuildOperationRunner] Completing Build operation 'Execute container callback action'
2025-12-28T12:06:56.601+0800 [DEBUG] [org.gradle.internal.operations.DefaultBuildOperationRunner] Build operation 'Execute container callback action' started
2025-12-28T12:06:56.601+0800 [DEBUG] [org.gradle.internal.operations.DefaultBuildOperationRunner] Completing Build operation 'Execute container callback action'
2025-12-28T12:06:56.601+0800 [DEBUG] [org.gradle.internal.operations.DefaultBuildOperationRunner] Build operation 'Execute container callback action' started
2025-12-28T12:06:56.601+0800 [DEBUG] [org.gradle.internal.operations.DefaultBuildOperationRunner] Completing Build operation 'Execute container callback action'
2025-12-28T12:06:56.601+0800 [DEBUG] [org.gradle.internal.operations.DefaultBuildOperationRunner] Build operation 'Execute container callback action' started
2025-12-28T12:06:56.601+0800 [DEBUG] [org.gradle.internal.operations.DefaultBuildOperationRunner] Completing Build operation 'Execute container callback action'
2025-12-28T12:06:56.601+0800 [DEBUG] [org.gradle.internal.operations.DefaultBuildOperationRunner] Build operation 'Execute container callback action' started
2025-12-28T12:06:56.602+0800 [DEBUG] [org.gradle.internal.operations.DefaultBuildOperationRunner] Completing Build operation 'Execute container callback action'
2025-12-28T12:06:56.602+0800 [DEBUG] [org.gradle.internal.operations.DefaultBuildOperationRunner] Build operation 'Execute container callback action' started
2025-12-28T12:06:56.602+0800 [DEBUG] [org.gradle.internal.operations.DefaultBuildOperationRunner] Completing Build operation 'Execute container callback action'
2025-12-28T12:06:56.602+0800 [DEBUG] [org.gradle.internal.operations.DefaultBuildOperationRunner] Build operation 'Execute container callback action' started
2025-12-28T12:06:56.602+0800 [DEBUG] [org.gradle.internal.operations.DefaultBuildOperationRunner] Completing Build operation 'Execute container callback action'
2025-12-28T12:06:56.602+0800 [DEBUG] [org.gradle.internal.operations.DefaultBuildOperationRunner] Build operation 'Execute container callback action' started
2025-12-28T12:06:56.602+0800 [DEBUG] [org.gradle.internal.operations.DefaultBuildOperationRunner] Completing Build operation 'Execute container callback action'
2025-12-28T12:06:56.602+0800 [DEBUG] [org.gradle.internal.operations.DefaultBuildOperationRunner] Build operation 'Execute container callback action' started
2025-12-28T12:06:56.602+0800 [DEBUG] [org.gradle.internal.operations.DefaultBuildOperationRunner] Completing Build operation 'Execute container callback action'
2025-12-28T12:06:56.603+0800 [DEBUG] [org.gradle.internal.operations.DefaultBuildOperationRunner] Build operation 'Execute container callback action' started
2025-12-28T12:06:56.603+0800 [DEBUG] [org.gradle.internal.operations.DefaultBuildOperationRunner] Completing Build operation 'Execute container callback action'
2025-12-28T12:06:56.603+0800 [DEBUG] [org.gradle.internal.operations.DefaultBuildOperationRunner] Build operation 'Execute container callback action' started
2025-12-28T12:06:56.603+0800 [DEBUG] [org.gradle.internal.operations.DefaultBuildOperationRunner] Completing Build operation 'Execute container callback action'
2025-12-28T12:06:56.603+0800 [DEBUG] [org.gradle.internal.operations.DefaultBuildOperationRunner] Completing Build operation 'Execute container callback action'
2025-12-28T12:06:56.603+0800 [DEBUG] [org.gradle.internal.operations.DefaultBuildOperationRunner] Completing Build operation 'Apply plugin org.gradle.api.plugins.JavaPlugin to root project 'Neo Anomalous Might''
2025-12-28T12:06:56.605+0800 [DEBUG] [org.gradle.internal.operations.DefaultBuildOperationRunner] Build operation 'Execute container callback action' started
2025-12-28T12:06:56.605+0800 [DEBUG] [org.gradle.internal.operations.DefaultBuildOperationRunner] Completing Build operation 'Execute container callback action'
2025-12-28T12:06:56.605+0800 [DEBUG] [org.gradle.internal.operations.DefaultBuildOperationRunner] Build operation 'Execute container callback action' started
2025-12-28T12:06:56.606+0800 [DEBUG] [org.gradle.internal.operations.DefaultBuildOperationRunner] Completing Build operation 'Execute container callback action'
2025-12-28T12:06:56.610+0800 [DEBUG] [org.gradle.internal.operations.DefaultBuildOperationRunner] Build operation 'Execute container callback action' started
2025-12-28T12:06:56.611+0800 [DEBUG] [org.gradle.internal.operations.DefaultBuildOperationRunner] Completing Build operation 'Execute container callback action'
2025-12-28T12:06:56.611+0800 [DEBUG] [org.gradle.internal.operations.DefaultBuildOperationRunner] Build operation 'Execute container callback action' started
2025-12-28T12:06:56.611+0800 [DEBUG] [org.gradle.internal.operations.DefaultBuildOperationRunner] Completing Build operation 'Execute container callback action'
2025-12-28T12:06:56.705+0800 [DEBUG] [org.gradle.internal.operations.DefaultBuildOperationRunner] Build operation 'Execute container callback action' started
2025-12-28T12:06:56.706+0800 [DEBUG] [org.gradle.internal.operations.DefaultBuildOperationRunner] Completing Build operation 'Execute container callback action'
2025-12-28T12:06:56.754+0800 [DEBUG] [org.gradle.internal.operations.DefaultBuildOperationRunner] Build operation 'Register task :downloadMcpConfig' started
2025-12-28T12:06:56.754+0800 [DEBUG] [org.gradle.internal.operations.DefaultBuildOperationRunner] Completing Build operation 'Register task :downloadMcpConfig'
2025-12-28T12:06:56.754+0800 [DEBUG] [org.gradle.internal.operations.DefaultBuildOperationRunner] Build operation 'Register task :extractSrg' started
2025-12-28T12:06:56.754+0800 [DEBUG] [org.gradle.internal.operations.DefaultBuildOperationRunner] Completing Build operation 'Register task :extractSrg'
2025-12-28T12:06:56.754+0800 [DEBUG] [org.gradle.internal.operations.DefaultBuildOperationRunner] Build operation 'Register task :createSrgToMcp' started
2025-12-28T12:06:56.755+0800 [DEBUG] [org.gradle.internal.operations.DefaultBuildOperationRunner] Completing Build operation 'Register task :createSrgToMcp'
2025-12-28T12:06:56.755+0800 [DEBUG] [org.gradle.internal.operations.DefaultBuildOperationRunner] Build operation 'Register task :createMcpToSrg' started
2025-12-28T12:06:56.755+0800 [DEBUG] [org.gradle.internal.operations.DefaultBuildOperationRunner] Completing Build operation 'Register task :createMcpToSrg'
2025-12-28T12:06:56.755+0800 [DEBUG] [org.gradle.internal.operations.DefaultBuildOperationRunner] Build operation 'Register task :downloadMCMeta' started
2025-12-28T12:06:56.755+0800 [DEBUG] [org.gradle.internal.operations.DefaultBuildOperationRunner] Completing Build operation 'Register task :downloadMCMeta'
2025-12-28T12:06:56.755+0800 [DEBUG] [org.gradle.internal.operations.DefaultBuildOperationRunner] Build operation 'Register task :extractNatives' started
2025-12-28T12:06:56.756+0800 [DEBUG] [org.gradle.internal.operations.DefaultBuildOperationRunner] Completing Build operation 'Register task :extractNatives'
2025-12-28T12:06:56.756+0800 [DEBUG] [org.gradle.internal.operations.DefaultBuildOperationRunner] Build operation 'Register task :downloadAssets' started
2025-12-28T12:06:56.756+0800 [DEBUG] [org.gradle.internal.operations.DefaultBuildOperationRunner] Completing Build operation 'Register task :downloadAssets'
2025-12-28T12:06:56.800+0800 [DEBUG] [org.gradle.internal.operations.DefaultBuildOperationRunner] Build operation 'Execute container callback action' started
2025-12-28T12:06:56.800+0800 [DEBUG] [org.gradle.internal.operations.DefaultBuildOperationRunner] Completing Build operation 'Execute container callback action'
2025-12-28T12:06:56.801+0800 [DEBUG] [org.gradle.internal.operations.DefaultBuildOperationRunner] Build operation 'Execute container callback action' started
2025-12-28T12:06:56.801+0800 [DEBUG] [org.gradle.internal.operations.DefaultBuildOperationRunner] Completing Build operation 'Execute container callback action'
2025-12-28T12:06:56.801+0800 [DEBUG] [org.gradle.internal.operations.DefaultBuildOperationRunner] Build operation 'Register task :jarJar' started
2025-12-28T12:06:56.802+0800 [DEBUG] [org.gradle.internal.operations.DefaultBuildOperationRunner] Completing Build operation 'Register task :jarJar'
2025-12-28T12:06:56.806+0800 [DEBUG] [org.gradle.internal.operations.DefaultBuildOperationRunner] Build operation 'Execute container callback action' started
2025-12-28T12:06:56.806+0800 [DEBUG] [org.gradle.internal.operations.DefaultBuildOperationRunner] Completing Build operation 'Execute container callback action'
2025-12-28T12:06:56.806+0800 [DEBUG] [org.gradle.internal.operations.DefaultBuildOperationRunner] Build operation 'Execute container callback action' started
2025-12-28T12:06:56.807+0800 [DEBUG] [org.gradle.internal.operations.DefaultBuildOperationRunner] Completing Build operation 'Execute container callback action'
2025-12-28T12:06:56.807+0800 [DEBUG] [org.gradle.internal.operations.DefaultBuildOperationRunner] Build operation 'Execute container callback action' started
2025-12-28T12:06:56.807+0800 [DEBUG] [org.gradle.internal.operations.DefaultBuildOperationRunner] Completing Build operation 'Execute container callback action'
2025-12-28T12:06:56.807+0800 [DEBUG] [org.gradle.internal.operations.DefaultBuildOperationRunner] Build operation 'Execute container callback action' started
2025-12-28T12:06:56.807+0800 [DEBUG] [org.gradle.internal.operations.DefaultBuildOperationRunner] Completing Build operation 'Execute container callback action'
2025-12-28T12:06:56.807+0800 [DEBUG] [org.gradle.internal.operations.DefaultBuildOperationRunner] Build operation 'Execute container callback action' started
2025-12-28T12:06:56.807+0800 [DEBUG] [org.gradle.internal.operations.DefaultBuildOperationRunner] Completing Build operation 'Execute container callback action'
2025-12-28T12:06:56.812+0800 [DEBUG] [org.gradle.internal.operations.DefaultBuildOperationRunner] Completing Build operation 'Apply plugin net.minecraftforge.gradle to root project 'Neo Anomalous Might''
2025-12-28T12:06:56.812+0800 [DEBUG] [org.gradle.internal.operations.DefaultBuildOperationRunner] Build operation 'Identifying work' started
2025-12-28T12:06:56.813+0800 [DEBUG] [org.gradle.internal.operations.DefaultBuildOperationRunner] Completing Build operation 'Identifying work'
2025-12-28T12:06:56.949+0800 [DEBUG] [org.gradle.internal.operations.DefaultBuildOperationRunner] Build operation 'Execute container callback action' started
2025-12-28T12:06:56.949+0800 [DEBUG] [org.gradle.internal.operations.DefaultBuildOperationRunner] Completing Build operation 'Execute container callback action'
2025-12-28T12:06:56.950+0800 [DEBUG] [org.gradle.internal.operations.DefaultBuildOperationRunner] Build operation 'Execute container callback action' started
2025-12-28T12:06:56.979+0800 [DEBUG] [org.gradle.internal.operations.DefaultBuildOperationRunner] Completing Build operation 'Execute container callback action'
2025-12-28T12:06:56.984+0800 [DEBUG] [org.gradle.internal.operations.DefaultBuildOperationRunner] Build operation 'Execute container callback action' started
2025-12-28T12:06:56.984+0800 [DEBUG] [org.gradle.internal.operations.DefaultBuildOperationRunner] Completing Build operation 'Execute container callback action'
2025-12-28T12:06:56.984+0800 [DEBUG] [org.gradle.internal.operations.DefaultBuildOperationRunner] Build operation 'Execute container callback action' started
2025-12-28T12:06:56.985+0800 [DEBUG] [org.gradle.internal.operations.DefaultBuildOperationRunner] Completing Build operation 'Execute container callback action'
2025-12-28T12:06:56.991+0800 [DEBUG] [org.gradle.internal.operations.DefaultBuildOperationRunner] Build operation 'Execute container callback action' started
2025-12-28T12:06:56.991+0800 [DEBUG] [org.gradle.internal.operations.DefaultBuildOperationRunner] Completing Build operation 'Execute container callback action'
2025-12-28T12:06:56.991+0800 [DEBUG] [org.gradle.internal.operations.DefaultBuildOperationRunner] Build operation 'Execute container callback action' started
2025-12-28T12:06:56.993+0800 [DEBUG] [org.gradle.internal.operations.DefaultBuildOperationRunner] Completing Build operation 'Execute container callback action'
2025-12-28T12:06:56.997+0800 [DEBUG] [org.gradle.internal.operations.DefaultBuildOperationRunner] Build operation 'Execute container callback action' started
2025-12-28T12:06:56.997+0800 [DEBUG] [org.gradle.internal.operations.DefaultBuildOperationRunner] Completing Build operation 'Execute container callback action'
2025-12-28T12:06:56.998+0800 [DEBUG] [org.gradle.internal.operations.DefaultBuildOperationRunner] Build operation 'Execute container callback action' started
2025-12-28T12:06:56.999+0800 [DEBUG] [org.gradle.internal.operations.DefaultBuildOperationRunner] Completing Build operation 'Execute container callback action'
2025-12-28T12:06:57.215+0800 [DEBUG] [org.gradle.internal.operations.DefaultBuildOperationRunner] Build operation 'Execute container callback action' started
2025-12-28T12:06:57.217+0800 [DEBUG] [org.gradle.internal.operations.DefaultBuildOperationRunner] Completing Build operation 'Execute container callback action'
2025-12-28T12:06:57.217+0800 [DEBUG] [org.gradle.internal.operations.DefaultBuildOperationRunner] Build operation 'Execute container callback action' started
2025-12-28T12:06:57.218+0800 [DEBUG] [org.gradle.internal.operations.DefaultBuildOperationRunner] Build operation 'Register task :generateMetadataFileForMavenJavaPublication' started
2025-12-28T12:06:57.218+0800 [DEBUG] [org.gradle.internal.operations.DefaultBuildOperationRunner] Completing Build operation 'Register task :generateMetadataFileForMavenJavaPublication'
2025-12-28T12:06:57.219+0800 [DEBUG] [org.gradle.internal.operations.DefaultBuildOperationRunner] Build operation 'Register task :generatePomFileForMavenJavaPublication' started
2025-12-28T12:06:57.219+0800 [DEBUG] [org.gradle.internal.operations.DefaultBuildOperationRunner] Completing Build operation 'Register task :generatePomFileForMavenJavaPublication'
2025-12-28T12:06:57.221+0800 [DEBUG] [org.gradle.internal.operations.DefaultBuildOperationRunner] Build operation 'Register task :publishMavenJavaPublicationToMavenLocal' started
2025-12-28T12:06:57.221+0800 [DEBUG] [org.gradle.internal.operations.DefaultBuildOperationRunner] Completing Build operation 'Register task :publishMavenJavaPublicationToMavenLocal'
2025-12-28T12:06:57.222+0800 [DEBUG] [org.gradle.internal.operations.DefaultBuildOperationRunner] Completing Build operation 'Execute container callback action'
2025-12-28T12:06:57.222+0800 [DEBUG] [org.gradle.internal.operations.DefaultBuildOperationRunner] Build operation 'Execute container callback action' started
2025-12-28T12:06:57.223+0800 [DEBUG] [org.gradle.internal.operations.DefaultBuildOperationRunner] Completing Build operation 'Execute container callback action'
2025-12-28T12:06:57.223+0800 [DEBUG] [org.gradle.internal.operations.DefaultBuildOperationRunner] Build operation 'Execute container callback action' started
2025-12-28T12:06:57.233+0800 [DEBUG] [org.gradle.internal.operations.DefaultBuildOperationRunner] Build operation 'Realize task :jar' started
2025-12-28T12:06:57.346+0800 [DEBUG] [org.gradle.internal.operations.DefaultBuildOperationRunner] Build operation 'Execute container callback action' started
2025-12-28T12:06:57.348+0800 [DEBUG] [org.gradle.internal.operations.DefaultBuildOperationRunner] Completing Build operation 'Execute container callback action'
2025-12-28T12:06:57.348+0800 [DEBUG] [org.gradle.internal.operations.DefaultBuildOperationRunner] Build operation 'Execute container callback action' started
2025-12-28T12:06:57.348+0800 [DEBUG] [org.gradle.internal.operations.DefaultBuildOperationRunner] Completing Build operation 'Execute container callback action'
2025-12-28T12:06:57.348+0800 [DEBUG] [org.gradle.internal.operations.DefaultBuildOperationRunner] Build operation 'Execute container callback action' started
2025-12-28T12:06:57.349+0800 [DEBUG] [org.gradle.internal.operations.DefaultBuildOperationRunner] Completing Build operation 'Execute container callback action'
2025-12-28T12:06:57.349+0800 [DEBUG] [org.gradle.internal.operations.DefaultBuildOperationRunner] Build operation 'Execute container callback action' started
2025-12-28T12:06:57.396+0800 [DEBUG] [org.gradle.internal.operations.DefaultBuildOperationRunner] Completing Build operation 'Execute container callback action'
2025-12-28T12:06:57.396+0800 [DEBUG] [org.gradle.internal.operations.DefaultBuildOperationRunner] Completing Build operation 'Realize task :jar'
2025-12-28T12:06:57.399+0800 [DEBUG] [org.gradle.internal.operations.DefaultBuildOperationRunner] Completing Build operation 'Execute container callback action'
2025-12-28T12:06:57.514+0800 [DEBUG] [org.gradle.internal.operations.DefaultBuildOperationRunner] Build operation 'Execute container callback action' started
2025-12-28T12:06:57.515+0800 [DEBUG] [org.gradle.internal.operations.DefaultBuildOperationRunner] Build operation 'Register task :publishAllPublicationsToMavenRepository' started
2025-12-28T12:06:57.515+0800 [DEBUG] [org.gradle.internal.operations.DefaultBuildOperationRunner] Completing Build operation 'Register task :publishAllPublicationsToMavenRepository'
2025-12-28T12:06:57.516+0800 [DEBUG] [org.gradle.internal.operations.DefaultBuildOperationRunner] Completing Build operation 'Execute container callback action'
2025-12-28T12:06:57.516+0800 [DEBUG] [org.gradle.internal.operations.DefaultBuildOperationRunner] Build operation 'Execute container callback action' started
2025-12-28T12:06:57.517+0800 [DEBUG] [org.gradle.internal.operations.DefaultBuildOperationRunner] Build operation 'Register task :publishMavenJavaPublicationToMavenRepository' started
2025-12-28T12:06:57.518+0800 [DEBUG] [org.gradle.internal.operations.DefaultBuildOperationRunner] Completing Build operation 'Register task :publishMavenJavaPublicationToMavenRepository'
2025-12-28T12:06:57.519+0800 [DEBUG] [org.gradle.internal.operations.DefaultBuildOperationRunner] Completing Build operation 'Execute container callback action'
2025-12-28T12:06:57.543+0800 [DEBUG] [org.gradle.internal.operations.DefaultBuildOperationRunner] Completing Build operation 'Apply build file 'build.gradle' to root project 'Neo Anomalous Might''
2025-12-28T12:06:57.547+0800 [DEBUG] [org.gradle.internal.operations.DefaultBuildOperationRunner] Build operation 'Notify afterEvaluate listeners of :' started
2025-12-28T12:06:57.550+0800 [DEBUG] [org.gradle.internal.operations.DefaultBuildOperationRunner] Build operation 'Execute Project.afterEvaluate listener' started
2025-12-28T12:06:57.551+0800 [DEBUG] [org.gradle.internal.operations.DefaultBuildOperationRunner] Completing Build operation 'Execute Project.afterEvaluate listener'
2025-12-28T12:06:57.551+0800 [DEBUG] [org.gradle.internal.operations.DefaultBuildOperationRunner] Build operation 'Execute Project.afterEvaluate listener' started
2025-12-28T12:06:57.553+0800 [DEBUG] [org.gradle.internal.operations.DefaultBuildOperationRunner] Completing Build operation 'Execute Project.afterEvaluate listener'
2025-12-28T12:06:57.554+0800 [DEBUG] [org.gradle.internal.operations.DefaultBuildOperationRunner] Build operation 'Execute Project.afterEvaluate listener' started
2025-12-28T12:06:57.569+0800 [DEBUG] [org.gradle.internal.operations.DefaultBuildOperationRunner] Build operation 'Execute container callback action' started
2025-12-28T12:06:57.570+0800 [DEBUG] [org.gradle.internal.operations.DefaultBuildOperationRunner] Completing Build operation 'Execute container callback action'
2025-12-28T12:06:57.575+0800 [DEBUG] [org.gradle.internal.operations.DefaultBuildOperationRunner] Build operation 'Resolve dependencies of :__obfuscated' started
2025-12-28T12:06:57.579+0800 [DEBUG] [org.gradle.internal.operations.DefaultBuildOperationRunner] Completing Build operation 'Resolve dependencies of :__obfuscated'
2025-12-28T12:06:57.598+0800 [DEBUG] [org.gradle.internal.operations.DefaultBuildOperationRunner] Build operation 'Execute container callback action' started
2025-12-28T12:06:57.598+0800 [DEBUG] [org.gradle.internal.operations.DefaultBuildOperationRunner] Completing Build operation 'Execute container callback action'
2025-12-28T12:06:57.601+0800 [DEBUG] [org.gradle.internal.operations.DefaultBuildOperationRunner] Build operation 'Execute container callback action' started
2025-12-28T12:06:57.601+0800 [DEBUG] [org.gradle.internal.operations.DefaultBuildOperationRunner] Completing Build operation 'Execute container callback action'
2025-12-28T12:06:57.601+0800 [DEBUG] [org.gradle.internal.operations.DefaultBuildOperationRunner] Build operation 'Execute container callback action' started
2025-12-28T12:06:57.601+0800 [DEBUG] [org.gradle.internal.operations.DefaultBuildOperationRunner] Completing Build operation 'Execute container callback action'
2025-12-28T12:06:57.602+0800 [DEBUG] [org.gradle.internal.operations.DefaultBuildOperationRunner] Build operation 'Realize task :extractNatives' started
2025-12-28T12:06:57.616+0800 [DEBUG] [org.gradle.internal.operations.DefaultBuildOperationRunner] Build operation 'Execute container callback action' started
2025-12-28T12:06:57.617+0800 [DEBUG] [org.gradle.internal.operations.DefaultBuildOperationRunner] Completing Build operation 'Execute container callback action'
2025-12-28T12:06:57.617+0800 [DEBUG] [org.gradle.internal.operations.DefaultBuildOperationRunner] Completing Build operation 'Realize task :extractNatives'
2025-12-28T12:06:57.618+0800 [DEBUG] [org.gradle.internal.operations.DefaultBuildOperationRunner] Build operation 'Realize task :downloadAssets' started
2025-12-28T12:06:57.626+0800 [DEBUG] [org.gradle.internal.operations.DefaultBuildOperationRunner] Build operation 'Execute container callback action' started
2025-12-28T12:06:57.627+0800 [DEBUG] [org.gradle.internal.operations.DefaultBuildOperationRunner] Completing Build operation 'Execute container callback action'
2025-12-28T12:06:57.627+0800 [DEBUG] [org.gradle.internal.operations.DefaultBuildOperationRunner] Completing Build operation 'Realize task :downloadAssets'
2025-12-28T12:06:57.627+0800 [DEBUG] [org.gradle.internal.operations.DefaultBuildOperationRunner] Build operation 'Realize task :createSrgToMcp' started
2025-12-28T12:06:57.637+0800 [DEBUG] [org.gradle.internal.operations.DefaultBuildOperationRunner] Build operation 'Execute container callback action' started
2025-12-28T12:06:57.639+0800 [DEBUG] [org.gradle.internal.operations.DefaultBuildOperationRunner] Completing Build operation 'Execute container callback action'
2025-12-28T12:06:57.640+0800 [DEBUG] [org.gradle.internal.operations.DefaultBuildOperationRunner] Completing Build operation 'Realize task :createSrgToMcp'
2025-12-28T12:06:55.896+0800 [LIFECYCLE] [org.gradle.internal.logging.progress.ProgressLoggerFactory] 
2025-12-28T12:06:55.896+0800 [LIFECYCLE] [org.gradle.internal.logging.progress.ProgressLoggerFactory] > Configure project :
2025-12-28T12:06:56.166+0800 [DEBUG] [org.gradle.internal.operations.DefaultBuildOperationRunner] Build operation 'Register task :clean' completed
2025-12-28T12:06:56.169+0800 [DEBUG] [org.gradle.internal.operations.DefaultBuildOperationRunner] Build operation 'Register task :assemble' completed
2025-12-28T12:06:56.170+0800 [DEBUG] [org.gradle.internal.operations.DefaultBuildOperationRunner] Build operation 'Register task :check' completed
2025-12-28T12:06:56.170+0800 [DEBUG] [org.gradle.internal.operations.DefaultBuildOperationRunner] Build operation 'Register task :build' completed
2025-12-28T12:06:56.171+0800 [DEBUG] [org.gradle.internal.operations.DefaultBuildOperationRunner] Build operation 'Apply plugin org.gradle.language.base.plugins.LifecycleBasePlugin to root project 'Neo Anomalous Might'' completed
2025-12-28T12:06:56.181+0800 [DEBUG] [org.gradle.internal.locking.LockFileReaderWriter] Lockfiles root: E:\Workpace\MOD\Neo Anomalous Might\gradle\dependency-locks
2025-12-28T12:06:56.193+0800 [DEBUG] [org.gradle.internal.operations.DefaultBuildOperationRunner] Build operation 'Execute container callback action' completed
2025-12-28T12:06:56.194+0800 [DEBUG] [org.gradle.internal.operations.DefaultBuildOperationRunner] Build operation 'Execute container callback action' completed
2025-12-28T12:06:56.195+0800 [DEBUG] [org.gradle.internal.operations.DefaultBuildOperationRunner] Build operation 'Apply plugin org.gradle.api.plugins.BasePlugin to root project 'Neo Anomalous Might'' completed
2025-12-28T12:06:56.214+0800 [DEBUG] [org.gradle.internal.operations.DefaultBuildOperationRunner] Build operation 'Apply plugin org.gradle.api.plugins.JvmEcosystemPlugin to root project 'Neo Anomalous Might'' completed
2025-12-28T12:06:56.225+0800 [DEBUG] [org.gradle.internal.operations.DefaultBuildOperationRunner] Build operation 'Apply plugin org.gradle.api.plugins.ReportingBasePlugin to root project 'Neo Anomalous Might'' completed
2025-12-28T12:06:56.310+0800 [DEBUG] [org.gradle.process.internal.health.memory.DefaultMemoryManager] Memory status broadcaster started
2025-12-28T12:06:56.345+0800 [DEBUG] [org.gradle.cache.internal.DefaultCacheCoordinator] Creating new cache for annotation-processors, path C:\Users\StesssQQy\.gradle\caches\8.13\fileContent\annotation-processors.bin, access org.gradle.cache.internal.DefaultCacheCoordinator@cdc7332
2025-12-28T12:06:56.345+0800 [DEBUG] [org.gradle.cache.internal.DefaultInMemoryCacheDecoratorFactory] Creating in-memory store for cache C:\Users\StesssQQy\.gradle\caches\8.13\fileContent\annotation-processors.bin (max size: 76800)
2025-12-28T12:06:56.349+0800 [DEBUG] [org.gradle.internal.operations.DefaultBuildOperationRunner] Build operation 'Apply plugin org.gradle.api.plugins.JvmToolchainsPlugin to root project 'Neo Anomalous Might'' completed
2025-12-28T12:06:56.367+0800 [DEBUG] [org.gradle.internal.operations.DefaultBuildOperationRunner] Build operation 'Register task :buildNeeded' completed
2025-12-28T12:06:56.367+0800 [DEBUG] [org.gradle.internal.operations.DefaultBuildOperationRunner] Build operation 'Register task :buildDependents' completed
2025-12-28T12:06:56.370+0800 [DEBUG] [org.gradle.internal.operations.DefaultBuildOperationRunner] Build operation 'Execute container callback action' completed
2025-12-28T12:06:56.376+0800 [DEBUG] [org.gradle.internal.operations.DefaultBuildOperationRunner] Build operation 'Register task :eclipseJdt' completed
2025-12-28T12:06:56.378+0800 [DEBUG] [org.gradle.internal.operations.DefaultBuildOperationRunner] Build operation 'Register task :cleanEclipseJdt' completed
2025-12-28T12:06:56.381+0800 [DEBUG] [org.gradle.internal.operations.DefaultBuildOperationRunner] Build operation 'Execute container callback action' completed
2025-12-28T12:06:56.384+0800 [DEBUG] [org.gradle.internal.operations.DefaultBuildOperationRunner] Build operation 'Register task :eclipseClasspath' completed
2025-12-28T12:06:56.386+0800 [DEBUG] [org.gradle.internal.operations.DefaultBuildOperationRunner] Build operation 'Register task :cleanEclipseClasspath' completed
2025-12-28T12:06:56.391+0800 [DEBUG] [org.gradle.internal.operations.DefaultBuildOperationRunner] Build operation 'Execute container callback action' completed
2025-12-28T12:06:56.391+0800 [DEBUG] [org.gradle.internal.operations.DefaultBuildOperationRunner] Build operation 'Apply plugin org.gradle.api.plugins.JavaBasePlugin to root project 'Neo Anomalous Might'' completed
2025-12-28T12:06:56.405+0800 [DEBUG] [org.gradle.internal.operations.DefaultBuildOperationRunner] Build operation 'Execute container callback action' completed
2025-12-28T12:06:56.405+0800 [DEBUG] [org.gradle.internal.operations.DefaultBuildOperationRunner] Build operation 'Apply plugin org.gradle.testing.base.plugins.TestSuiteBasePlugin to root project 'Neo Anomalous Might'' completed
2025-12-28T12:06:56.410+0800 [DEBUG] [org.gradle.internal.operations.DefaultBuildOperationRunner] Build operation 'Execute container callback action' completed
2025-12-28T12:06:56.410+0800 [DEBUG] [org.gradle.internal.operations.DefaultBuildOperationRunner] Build operation 'Apply plugin org.gradle.jvm-test-suite to root project 'Neo Anomalous Might'' completed
2025-12-28T12:06:56.446+0800 [DEBUG] [org.gradle.internal.operations.DefaultBuildOperationRunner] Build operation 'Execute container callback action' completed
2025-12-28T12:06:56.446+0800 [DEBUG] [org.gradle.internal.operations.DefaultBuildOperationRunner] Build operation 'Execute container callback action' completed
2025-12-28T12:06:56.447+0800 [DEBUG] [org.gradle.internal.operations.DefaultBuildOperationRunner] Build operation 'Execute container callback action' completed
2025-12-28T12:06:56.452+0800 [DEBUG] [org.gradle.internal.operations.DefaultBuildOperationRunner] Build operation 'Execute container callback action' completed
2025-12-28T12:06:56.454+0800 [DEBUG] [org.gradle.internal.operations.DefaultBuildOperationRunner] Build operation 'Execute container callback action' completed
2025-12-28T12:06:56.454+0800 [DEBUG] [org.gradle.internal.operations.DefaultBuildOperationRunner] Build operation 'Execute container callback action' completed
2025-12-28T12:06:56.457+0800 [DEBUG] [org.gradle.internal.operations.DefaultBuildOperationRunner] Build operation 'Register task :processResources' completed
2025-12-28T12:06:56.466+0800 [DEBUG] [org.gradle.internal.operations.DefaultBuildOperationRunner] Build operation 'Register task :compileJava' completed
2025-12-28T12:06:56.476+0800 [DEBUG] [org.gradle.internal.operations.DefaultBuildOperationRunner] Build operation 'Register task :classes' completed
2025-12-28T12:06:56.477+0800 [DEBUG] [org.gradle.internal.operations.DefaultBuildOperationRunner] Build operation 'Execute container callback action' completed
2025-12-28T12:06:56.481+0800 [DEBUG] [org.gradle.internal.operations.DefaultBuildOperationRunner] Build operation 'Register task :jar' completed
2025-12-28T12:06:56.482+0800 [DEBUG] [org.gradle.internal.operations.DefaultBuildOperationRunner] Build operation 'Execute container callback action' completed
2025-12-28T12:06:56.484+0800 [DEBUG] [org.gradle.internal.operations.DefaultBuildOperationRunner] Build operation 'Execute container callback action' completed
2025-12-28T12:06:56.484+0800 [DEBUG] [org.gradle.internal.operations.DefaultBuildOperationRunner] Build operation 'Execute container callback action' completed
2025-12-28T12:06:56.485+0800 [DEBUG] [org.gradle.internal.operations.DefaultBuildOperationRunner] Build operation 'Execute container callback action' completed
2025-12-28T12:06:56.494+0800 [DEBUG] [org.gradle.internal.operations.DefaultBuildOperationRunner] Build operation 'Register task :javadoc' completed
2025-12-28T12:06:56.505+0800 [DEBUG] [org.gradle.internal.operations.DefaultBuildOperationRunner] Build operation 'Execute container callback action' completed
2025-12-28T12:06:56.525+0800 [DEBUG] [org.gradle.internal.operations.DefaultBuildOperationRunner] Build operation 'Execute container callback action' completed
2025-12-28T12:06:56.526+0800 [DEBUG] [org.gradle.internal.operations.DefaultBuildOperationRunner] Build operation 'Execute container callback action' completed
2025-12-28T12:06:56.527+0800 [DEBUG] [org.gradle.internal.operations.DefaultBuildOperationRunner] Build operation 'Execute container callback action' completed
2025-12-28T12:06:56.528+0800 [DEBUG] [org.gradle.internal.operations.DefaultBuildOperationRunner] Build operation 'Execute container callback action' completed
2025-12-28T12:06:56.528+0800 [DEBUG] [org.gradle.internal.operations.DefaultBuildOperationRunner] Build operation 'Execute container callback action' completed
2025-12-28T12:06:56.529+0800 [DEBUG] [org.gradle.internal.operations.DefaultBuildOperationRunner] Build operation 'Execute container callback action' completed
2025-12-28T12:06:56.530+0800 [DEBUG] [org.gradle.internal.operations.DefaultBuildOperationRunner] Build operation 'Register task :processTestResources' completed
2025-12-28T12:06:56.530+0800 [DEBUG] [org.gradle.internal.operations.DefaultBuildOperationRunner] Build operation 'Register task :compileTestJava' completed
2025-12-28T12:06:56.531+0800 [DEBUG] [org.gradle.internal.operations.DefaultBuildOperationRunner] Build operation 'Register task :testClasses' completed
2025-12-28T12:06:56.531+0800 [DEBUG] [org.gradle.internal.operations.DefaultBuildOperationRunner] Build operation 'Execute container callback action' completed
2025-12-28T12:06:56.561+0800 [DEBUG] [org.gradle.internal.operations.DefaultBuildOperationRunner] Build operation 'Execute container callback action' completed
2025-12-28T12:06:56.563+0800 [DEBUG] [org.gradle.internal.operations.DefaultBuildOperationRunner] Build operation 'Execute container callback action' completed
2025-12-28T12:06:56.564+0800 [DEBUG] [org.gradle.internal.operations.DefaultBuildOperationRunner] Build operation 'Execute container callback action' completed
2025-12-28T12:06:56.565+0800 [DEBUG] [org.gradle.internal.operations.DefaultBuildOperationRunner] Build operation 'Execute container callback action' completed
2025-12-28T12:06:56.568+0800 [DEBUG] [org.gradle.internal.operations.DefaultBuildOperationRunner] Build operation 'Register task :test' completed
2025-12-28T12:06:56.569+0800 [DEBUG] [org.gradle.internal.operations.DefaultBuildOperationRunner] Build operation 'Execute container callback action' completed
2025-12-28T12:06:56.571+0800 [DEBUG] [org.gradle.internal.operations.DefaultBuildOperationRunner] Build operation 'Execute container callback action' completed
2025-12-28T12:06:56.571+0800 [DEBUG] [org.gradle.internal.operations.DefaultBuildOperationRunner] Build operation 'Execute container callback action' completed
2025-12-28T12:06:56.571+0800 [DEBUG] [org.gradle.internal.operations.DefaultBuildOperationRunner] Build operation 'Execute container callback action' completed
2025-12-28T12:06:56.581+0800 [DEBUG] [org.gradle.internal.operations.DefaultBuildOperationRunner] Build operation 'Execute container callback action' completed
2025-12-28T12:06:56.581+0800 [DEBUG] [org.gradle.internal.operations.DefaultBuildOperationRunner] Build operation 'Execute container callback action' completed
2025-12-28T12:06:56.582+0800 [DEBUG] [org.gradle.internal.operations.DefaultBuildOperationRunner] Build operation 'Execute container callback action' completed
2025-12-28T12:06:56.582+0800 [DEBUG] [org.gradle.internal.operations.DefaultBuildOperationRunner] Build operation 'Execute container callback action' completed
2025-12-28T12:06:56.584+0800 [DEBUG] [org.gradle.internal.operations.DefaultBuildOperationRunner] Build operation 'Execute container callback action' completed
2025-12-28T12:06:56.586+0800 [DEBUG] [org.gradle.internal.operations.DefaultBuildOperationRunner] Build operation 'Execute container callback action' completed
2025-12-28T12:06:56.586+0800 [DEBUG] [org.gradle.internal.operations.DefaultBuildOperationRunner] Build operation 'Execute container callback action' completed
2025-12-28T12:06:56.594+0800 [DEBUG] [org.gradle.internal.operations.DefaultBuildOperationRunner] Build operation 'Execute container callback action' completed
2025-12-28T12:06:56.598+0800 [DEBUG] [org.gradle.internal.operations.DefaultBuildOperationRunner] Build operation 'Execute container callback action' completed
2025-12-28T12:06:56.598+0800 [DEBUG] [org.gradle.internal.operations.DefaultBuildOperationRunner] Build operation 'Execute container callback action' completed
2025-12-28T12:06:56.599+0800 [DEBUG] [org.gradle.internal.operations.DefaultBuildOperationRunner] Build operation 'Execute container callback action' completed
2025-12-28T12:06:56.599+0800 [DEBUG] [org.gradle.internal.operations.DefaultBuildOperationRunner] Build operation 'Execute container callback action' completed
2025-12-28T12:06:56.600+0800 [DEBUG] [org.gradle.internal.operations.DefaultBuildOperationRunner] Build operation 'Execute container callback action' completed
2025-12-28T12:06:56.600+0800 [DEBUG] [org.gradle.internal.operations.DefaultBuildOperationRunner] Build operation 'Execute container callback action' completed
2025-12-28T12:06:56.600+0800 [DEBUG] [org.gradle.internal.operations.DefaultBuildOperationRunner] Build operation 'Execute container callback action' completed
2025-12-28T12:06:56.600+0800 [DEBUG] [org.gradle.internal.operations.DefaultBuildOperationRunner] Build operation 'Execute container callback action' completed
2025-12-28T12:06:56.600+0800 [DEBUG] [org.gradle.internal.operations.DefaultBuildOperationRunner] Build operation 'Execute container callback action' completed
2025-12-28T12:06:56.601+0800 [DEBUG] [org.gradle.internal.operations.DefaultBuildOperationRunner] Build operation 'Execute container callback action' completed
2025-12-28T12:06:56.601+0800 [DEBUG] [org.gradle.internal.operations.DefaultBuildOperationRunner] Build operation 'Execute container callback action' completed
2025-12-28T12:06:56.601+0800 [DEBUG] [org.gradle.internal.operations.DefaultBuildOperationRunner] Build operation 'Execute container callback action' completed
2025-12-28T12:06:56.601+0800 [DEBUG] [org.gradle.internal.operations.DefaultBuildOperationRunner] Build operation 'Execute container callback action' completed
2025-12-28T12:06:56.602+0800 [DEBUG] [org.gradle.internal.operations.DefaultBuildOperationRunner] Build operation 'Execute container callback action' completed
2025-12-28T12:06:56.602+0800 [DEBUG] [org.gradle.internal.operations.DefaultBuildOperationRunner] Build operation 'Execute container callback action' completed
2025-12-28T12:06:56.602+0800 [DEBUG] [org.gradle.internal.operations.DefaultBuildOperationRunner] Build operation 'Execute container callback action' completed
2025-12-28T12:06:56.602+0800 [DEBUG] [org.gradle.internal.operations.DefaultBuildOperationRunner] Build operation 'Execute container callback action' completed
2025-12-28T12:06:56.602+0800 [DEBUG] [org.gradle.internal.operations.DefaultBuildOperationRunner] Build operation 'Execute container callback action' completed
2025-12-28T12:06:56.603+0800 [DEBUG] [org.gradle.internal.operations.DefaultBuildOperationRunner] Build operation 'Execute container callback action' completed
2025-12-28T12:06:56.603+0800 [DEBUG] [org.gradle.internal.operations.DefaultBuildOperationRunner] Build operation 'Execute container callback action' completed
2025-12-28T12:06:56.603+0800 [DEBUG] [org.gradle.internal.operations.DefaultBuildOperationRunner] Build operation 'Execute container callback action' completed
2025-12-28T12:06:56.603+0800 [DEBUG] [org.gradle.internal.operations.DefaultBuildOperationRunner] Build operation 'Apply plugin org.gradle.api.plugins.JavaPlugin to root project 'Neo Anomalous Might'' completed
2025-12-28T12:06:56.605+0800 [DEBUG] [org.gradle.internal.operations.DefaultBuildOperationRunner] Build operation 'Execute container callback action' completed
2025-12-28T12:06:56.606+0800 [DEBUG] [org.gradle.internal.operations.DefaultBuildOperationRunner] Build operation 'Execute container callback action' completed
2025-12-28T12:06:56.611+0800 [DEBUG] [org.gradle.internal.operations.DefaultBuildOperationRunner] Build operation 'Execute container callback action' completed
2025-12-28T12:06:56.611+0800 [DEBUG] [org.gradle.internal.operations.DefaultBuildOperationRunner] Build operation 'Execute container callback action' completed
2025-12-28T12:06:56.700+0800 [DEBUG] [org.gradle.api.internal.artifacts.mvnsettings.DefaultLocalMavenRepositoryLocator] No local repository in Settings file defined. Using default path: C:\Users\StesssQQy\.m2\repository
2025-12-28T12:06:56.706+0800 [DEBUG] [org.gradle.internal.operations.DefaultBuildOperationRunner] Build operation 'Execute container callback action' completed
2025-12-28T12:06:56.754+0800 [DEBUG] [org.gradle.internal.operations.DefaultBuildOperationRunner] Build operation 'Register task :downloadMcpConfig' completed
2025-12-28T12:06:56.754+0800 [DEBUG] [org.gradle.internal.operations.DefaultBuildOperationRunner] Build operation 'Register task :extractSrg' completed
2025-12-28T12:06:56.755+0800 [DEBUG] [org.gradle.internal.operations.DefaultBuildOperationRunner] Build operation 'Register task :createSrgToMcp' completed
2025-12-28T12:06:56.755+0800 [DEBUG] [org.gradle.internal.operations.DefaultBuildOperationRunner] Build operation 'Register task :createMcpToSrg' completed
2025-12-28T12:06:56.755+0800 [DEBUG] [org.gradle.internal.operations.DefaultBuildOperationRunner] Build operation 'Register task :downloadMCMeta' completed
2025-12-28T12:06:56.756+0800 [DEBUG] [org.gradle.internal.operations.DefaultBuildOperationRunner] Build operation 'Register task :extractNatives' completed
2025-12-28T12:06:56.756+0800 [DEBUG] [org.gradle.internal.operations.DefaultBuildOperationRunner] Build operation 'Register task :downloadAssets' completed
2025-12-28T12:06:56.800+0800 [DEBUG] [org.gradle.internal.operations.DefaultBuildOperationRunner] Build operation 'Execute container callback action' completed
2025-12-28T12:06:56.801+0800 [DEBUG] [org.gradle.internal.operations.DefaultBuildOperationRunner] Build operation 'Execute container callback action' completed
2025-12-28T12:06:56.802+0800 [DEBUG] [org.gradle.internal.operations.DefaultBuildOperationRunner] Build operation 'Register task :jarJar' completed
2025-12-28T12:06:56.806+0800 [DEBUG] [org.gradle.internal.operations.DefaultBuildOperationRunner] Build operation 'Execute container callback action' completed
2025-12-28T12:06:56.807+0800 [DEBUG] [org.gradle.internal.operations.DefaultBuildOperationRunner] Build operation 'Execute container callback action' completed
2025-12-28T12:06:56.807+0800 [DEBUG] [org.gradle.internal.operations.DefaultBuildOperationRunner] Build operation 'Execute container callback action' completed
2025-12-28T12:06:56.807+0800 [DEBUG] [org.gradle.internal.operations.DefaultBuildOperationRunner] Build operation 'Execute container callback action' completed
2025-12-28T12:06:56.808+0800 [DEBUG] [org.gradle.internal.operations.DefaultBuildOperationRunner] Build operation 'Execute container callback action' completed
2025-12-28T12:06:56.812+0800 [DEBUG] [org.gradle.internal.operations.DefaultBuildOperationRunner] Build operation 'Apply plugin net.minecraftforge.gradle to root project 'Neo Anomalous Might'' completed
2025-12-28T12:06:56.813+0800 [DEBUG] [org.gradle.internal.operations.DefaultBuildOperationRunner] Build operation 'Identifying work' completed
2025-12-28T12:06:56.904+0800 [QUIET] [system.out] Java: 17.0.12, JVM: 17.0.12+8-LTS-286 (Oracle Corporation), Arch: amd64
2025-12-28T12:06:56.950+0800 [DEBUG] [org.gradle.internal.operations.DefaultBuildOperationRunner] Build operation 'Execute container callback action' completed
2025-12-28T12:06:56.980+0800 [DEBUG] [org.gradle.internal.operations.DefaultBuildOperationRunner] Build operation 'Execute container callback action' completed
2025-12-28T12:06:56.984+0800 [DEBUG] [org.gradle.internal.operations.DefaultBuildOperationRunner] Build operation 'Execute container callback action' completed
2025-12-28T12:06:56.985+0800 [DEBUG] [org.gradle.internal.operations.DefaultBuildOperationRunner] Build operation 'Execute container callback action' completed
2025-12-28T12:06:56.991+0800 [DEBUG] [org.gradle.internal.operations.DefaultBuildOperationRunner] Build operation 'Execute container callback action' completed
2025-12-28T12:06:56.993+0800 [DEBUG] [org.gradle.internal.operations.DefaultBuildOperationRunner] Build operation 'Execute container callback action' completed
2025-12-28T12:06:56.998+0800 [DEBUG] [org.gradle.internal.operations.DefaultBuildOperationRunner] Build operation 'Execute container callback action' completed
2025-12-28T12:06:56.999+0800 [DEBUG] [org.gradle.internal.operations.DefaultBuildOperationRunner] Build operation 'Execute container callback action' completed
2025-12-28T12:06:57.217+0800 [DEBUG] [org.gradle.internal.operations.DefaultBuildOperationRunner] Build operation 'Execute container callback action' completed
2025-12-28T12:06:57.218+0800 [DEBUG] [org.gradle.internal.operations.DefaultBuildOperationRunner] Build operation 'Register task :generateMetadataFileForMavenJavaPublication' completed
2025-12-28T12:06:57.219+0800 [DEBUG] [org.gradle.internal.operations.DefaultBuildOperationRunner] Build operation 'Register task :generatePomFileForMavenJavaPublication' completed
2025-12-28T12:06:57.221+0800 [DEBUG] [org.gradle.internal.operations.DefaultBuildOperationRunner] Build operation 'Register task :publishMavenJavaPublicationToMavenLocal' completed
2025-12-28T12:06:57.222+0800 [DEBUG] [org.gradle.internal.operations.DefaultBuildOperationRunner] Build operation 'Execute container callback action' completed
2025-12-28T12:06:57.223+0800 [DEBUG] [org.gradle.internal.operations.DefaultBuildOperationRunner] Build operation 'Execute container callback action' completed
2025-12-28T12:06:57.348+0800 [DEBUG] [org.gradle.internal.operations.DefaultBuildOperationRunner] Build operation 'Execute container callback action' completed
2025-12-28T12:06:57.348+0800 [DEBUG] [org.gradle.internal.operations.DefaultBuildOperationRunner] Build operation 'Execute container callback action' completed
2025-12-28T12:06:57.349+0800 [DEBUG] [org.gradle.internal.operations.DefaultBuildOperationRunner] Build operation 'Execute container callback action' completed
2025-12-28T12:06:57.396+0800 [DEBUG] [org.gradle.internal.operations.DefaultBuildOperationRunner] Build operation 'Execute container callback action' completed
2025-12-28T12:06:57.396+0800 [DEBUG] [org.gradle.internal.operations.DefaultBuildOperationRunner] Build operation 'Realize task :jar' completed
2025-12-28T12:06:57.400+0800 [DEBUG] [org.gradle.internal.operations.DefaultBuildOperationRunner] Build operation 'Execute container callback action' completed
2025-12-28T12:06:57.515+0800 [DEBUG] [org.gradle.internal.operations.DefaultBuildOperationRunner] Build operation 'Register task :publishAllPublicationsToMavenRepository' completed
2025-12-28T12:06:57.516+0800 [DEBUG] [org.gradle.internal.operations.DefaultBuildOperationRunner] Build operation 'Execute container callback action' completed
2025-12-28T12:06:57.518+0800 [DEBUG] [org.gradle.internal.operations.DefaultBuildOperationRunner] Build operation 'Register task :publishMavenJavaPublicationToMavenRepository' completed
2025-12-28T12:06:57.519+0800 [DEBUG] [org.gradle.internal.operations.DefaultBuildOperationRunner] Build operation 'Execute container callback action' completed
2025-12-28T12:06:57.544+0800 [DEBUG] [org.gradle.internal.operations.DefaultBuildOperationRunner] Build operation 'Apply build file 'build.gradle' to root project 'Neo Anomalous Might'' completed
2025-12-28T12:06:57.544+0800 [DEBUG] [org.gradle.configuration.project.BuildScriptProcessor] Timing: Running the build script took 5.79 secs
2025-12-28T12:06:57.551+0800 [DEBUG] [org.gradle.internal.operations.DefaultBuildOperationRunner] Build operation 'Execute Project.afterEvaluate listener' completed
2025-12-28T12:06:57.554+0800 [DEBUG] [org.gradle.internal.operations.DefaultBuildOperationRunner] Build operation 'Execute Project.afterEvaluate listener' completed
2025-12-28T12:06:57.570+0800 [DEBUG] [org.gradle.internal.operations.DefaultBuildOperationRunner] Build operation 'Execute container callback action' completed
2025-12-28T12:06:57.579+0800 [DEBUG] [org.gradle.internal.operations.DefaultBuildOperationRunner] Build operation 'Resolve dependencies of :__obfuscated' completed
2025-12-28T12:06:57.598+0800 [DEBUG] [org.gradle.api.internal.artifacts.mvnsettings.DefaultLocalMavenRepositoryLocator] No local repository in Settings file defined. Using default path: C:\Users\StesssQQy\.m2\repository
2025-12-28T12:06:57.599+0800 [DEBUG] [org.gradle.internal.operations.DefaultBuildOperationRunner] Build operation 'Execute container callback action' completed
2025-12-28T12:06:57.601+0800 [DEBUG] [org.gradle.internal.operations.DefaultBuildOperationRunner] Build operation 'Execute container callback action' completed
2025-12-28T12:06:57.601+0800 [DEBUG] [org.gradle.internal.operations.DefaultBuildOperationRunner] Build operation 'Execute container callback action' completed
2025-12-28T12:06:57.617+0800 [DEBUG] [org.gradle.internal.operations.DefaultBuildOperationRunner] Build operation 'Execute container callback action' completed
2025-12-28T12:06:57.618+0800 [DEBUG] [org.gradle.internal.operations.DefaultBuildOperationRunner] Build operation 'Realize task :extractNatives' completed
2025-12-28T12:06:57.627+0800 [DEBUG] [org.gradle.internal.operations.DefaultBuildOperationRunner] Build operation 'Execute container callback action' completed
2025-12-28T12:06:57.627+0800 [DEBUG] [org.gradle.internal.operations.DefaultBuildOperationRunner] Build operation 'Realize task :downloadAssets' completed
2025-12-28T12:06:57.640+0800 [DEBUG] [org.gradle.internal.operations.DefaultBuildOperationRunner] Build operation 'Execute container callback action' completed
2025-12-28T12:06:57.640+0800 [DEBUG] [org.gradle.internal.operations.DefaultBuildOperationRunner] Build operation 'Realize task :createSrgToMcp' completed
2025-12-28T12:06:57.697+0800 [INFO] [org.gradle.api.Project] Downloading net.minecraftforge:forge:1.20.1-47.4.10:userdev
2025-12-28T12:06:57.858+0800 [INFO] [org.gradle.api.Project] Downloading net.minecraftforge:forge:1.20.1-47.4.10:universal@jar
2025-12-28T12:06:57.877+0800 [INFO] [org.gradle.api.Project] Downloading net.minecraftforge:forge:1.20.1-47.4.10:sources@jar
2025-12-28T12:06:57.888+0800 [INFO] [org.gradle.api.Project] Downloading de.oceanlabs.mcp:mcp_config:1.20.1-20230612.114412@zip
2025-12-28T12:06:57.927+0800 [LIFECYCLE] [org.gradle.internal.operations.DefaultBuildOperationRunner] 
2025-12-28T12:06:57.927+0800 [DEBUG] [org.gradle.internal.operations.DefaultBuildOperationRunner] Build operation 'Execute container callback action' started
2025-12-28T12:06:57.927+0800 [DEBUG] [org.gradle.internal.operations.DefaultBuildOperationRunner] Completing Build operation 'Execute container callback action'
2025-12-28T12:06:57.928+0800 [DEBUG] [org.gradle.internal.operations.DefaultBuildOperationRunner] Build operation 'Execute container callback action' started
2025-12-28T12:06:57.928+0800 [DEBUG] [org.gradle.internal.operations.DefaultBuildOperationRunner] Completing Build operation 'Execute container callback action'
2025-12-28T12:06:57.931+0800 [DEBUG] [org.gradle.internal.operations.DefaultBuildOperationRunner] Build operation 'Resolve dependencies of :modules_userdev_resolver' started
2025-12-28T12:06:57.994+0800 [DEBUG] [org.gradle.internal.operations.DefaultBuildOperationRunner] Completing Build operation 'Resolve dependencies of :modules_userdev_resolver'
2025-12-28T12:06:57.996+0800 [DEBUG] [org.gradle.internal.operations.DefaultBuildOperationRunner] Build operation 'Resolve files of configuration ':modules_userdev_resolver'' started
2025-12-28T12:06:57.997+0800 [DEBUG] [org.gradle.internal.operations.DefaultBuildOperationRunner] Build operation 'Resolve bootstraplauncher-1.1.2.jar (cpw.mods:bootstraplauncher:1.1.2)' started
2025-12-28T12:06:57.997+0800 [DEBUG] [org.gradle.internal.resources.AbstractTrackedResourceLock] Unconstrained build operations Thread 28: acquired lock on worker lease
2025-12-28T12:06:57.998+0800 [DEBUG] [org.gradle.internal.operations.DefaultBuildOperationRunner] Build operation 'Resolve securejarhandler-2.1.10.jar (cpw.mods:securejarhandler:2.1.10)' started
2025-12-28T12:06:57.998+0800 [DEBUG] [org.gradle.internal.resources.AbstractTrackedResourceLock] Unconstrained build operations Thread 34: acquired lock on worker lease
2025-12-28T12:06:57.998+0800 [DEBUG] [org.gradle.internal.operations.DefaultBuildOperationRunner] Build operation 'Resolve JarJarFileSystems-0.3.19.jar (net.minecraftforge:JarJarFileSystems:0.3.19)' started
2025-12-28T12:06:57.998+0800 [DEBUG] [org.gradle.internal.resources.AbstractTrackedResourceLock] Unconstrained build operations Thread 33: acquired lock on worker lease
2025-12-28T12:06:57.998+0800 [DEBUG] [org.gradle.internal.resources.AbstractTrackedResourceLock] Unconstrained build operations Thread 32: acquired lock on worker lease
2025-12-28T12:06:57.998+0800 [DEBUG] [org.gradle.internal.operations.DefaultBuildOperationRunner] Build operation 'Resolve asm-9.8.jar (org.ow2.asm:asm:9.8)' started
2025-12-28T12:06:57.998+0800 [DEBUG] [org.gradle.internal.operations.DefaultBuildOperationRunner] Completing Build operation 'Resolve bootstraplauncher-1.1.2.jar (cpw.mods:bootstraplauncher:1.1.2)'
2025-12-28T12:06:57.998+0800 [DEBUG] [org.gradle.internal.resources.AbstractTrackedResourceLock] Unconstrained build operations Thread 31: acquired lock on worker lease
2025-12-28T12:06:57.998+0800 [DEBUG] [org.gradle.internal.operations.DefaultBuildOperationRunner] Build operation 'Resolve asm-tree-9.8.jar (org.ow2.asm:asm-tree:9.8)' started
2025-12-28T12:06:57.999+0800 [DEBUG] [org.gradle.internal.resources.AbstractTrackedResourceLock] Unconstrained build operations Thread 30: acquired lock on worker lease
2025-12-28T12:06:57.999+0800 [DEBUG] [org.gradle.internal.operations.DefaultBuildOperationRunner] Build operation 'Resolve asm-analysis-9.8.jar (org.ow2.asm:asm-analysis:9.8)' started
2025-12-28T12:06:58.000+0800 [DEBUG] [org.gradle.internal.operations.DefaultBuildOperationRunner] Completing Build operation 'Resolve JarJarFileSystems-0.3.19.jar (net.minecraftforge:JarJarFileSystems:0.3.19)'
2025-12-28T12:06:57.999+0800 [DEBUG] [org.gradle.internal.resources.AbstractTrackedResourceLock] Unconstrained build operations Thread 29: acquired lock on worker lease
2025-12-28T12:06:57.999+0800 [DEBUG] [org.gradle.internal.operations.DefaultBuildOperationRunner] Build operation 'Resolve asm-util-9.8.jar (org.ow2.asm:asm-util:9.8)' started
2025-12-28T12:06:58.000+0800 [DEBUG] [org.gradle.internal.operations.DefaultBuildOperationRunner] Build operation 'Resolve asm-commons-9.8.jar (org.ow2.asm:asm-commons:9.8)' started
2025-12-28T12:06:58.000+0800 [DEBUG] [org.gradle.internal.operations.DefaultBuildOperationRunner] Build operation 'Resolve JarJarFileSystems-0.3.19.jar (net.minecraftforge:JarJarFileSystems:0.3.19)' completed
2025-12-28T12:06:58.001+0800 [DEBUG] [org.gradle.internal.operations.DefaultBuildOperationRunner] Completing Build operation 'Resolve asm-9.8.jar (org.ow2.asm:asm:9.8)'
2025-12-28T12:06:58.001+0800 [DEBUG] [org.gradle.internal.operations.DefaultBuildOperationRunner] Completing Build operation 'Resolve securejarhandler-2.1.10.jar (cpw.mods:securejarhandler:2.1.10)'
2025-12-28T12:06:58.002+0800 [DEBUG] [org.gradle.internal.operations.DefaultBuildOperationRunner] Build operation 'Resolve asm-9.8.jar (org.ow2.asm:asm:9.8)' completed
2025-12-28T12:06:58.002+0800 [DEBUG] [org.gradle.internal.operations.DefaultBuildOperationRunner] Completing Build operation 'Resolve asm-util-9.8.jar (org.ow2.asm:asm-util:9.8)'
2025-12-28T12:06:58.001+0800 [DEBUG] [org.gradle.internal.resources.AbstractTrackedResourceLock] Unconstrained build operations Thread 34: released lock on worker lease
2025-12-28T12:06:58.002+0800 [DEBUG] [org.gradle.internal.operations.DefaultBuildOperationRunner] Build operation 'Resolve asm-util-9.8.jar (org.ow2.asm:asm-util:9.8)' completed
2025-12-28T12:06:58.002+0800 [DEBUG] [org.gradle.internal.operations.DefaultBuildOperationRunner] Build operation 'Resolve securejarhandler-2.1.10.jar (cpw.mods:securejarhandler:2.1.10)' completed
2025-12-28T12:06:58.003+0800 [DEBUG] [org.gradle.internal.operations.DefaultBuildOperationRunner] Completing Build operation 'Resolve asm-tree-9.8.jar (org.ow2.asm:asm-tree:9.8)'
2025-12-28T12:06:58.003+0800 [DEBUG] [org.gradle.internal.operations.DefaultBuildOperationRunner] Build operation 'Resolve asm-tree-9.8.jar (org.ow2.asm:asm-tree:9.8)' completed
2025-12-28T12:06:58.002+0800 [DEBUG] [org.gradle.internal.resources.AbstractTrackedResourceLock] Unconstrained build operations Thread 33: released lock on worker lease
2025-12-28T12:06:58.003+0800 [DEBUG] [org.gradle.internal.resources.AbstractTrackedResourceLock] Unconstrained build operations Thread 32: released lock on worker lease
2025-12-28T12:06:58.003+0800 [DEBUG] [org.gradle.internal.operations.DefaultBuildOperationRunner] Completing Build operation 'Resolve asm-analysis-9.8.jar (org.ow2.asm:asm-analysis:9.8)'
2025-12-28T12:06:58.004+0800 [DEBUG] [org.gradle.internal.resources.AbstractTrackedResourceLock] Unconstrained build operations Thread 28: released lock on worker lease
2025-12-28T12:06:58.004+0800 [DEBUG] [org.gradle.internal.operations.DefaultBuildOperationRunner] Completing Build operation 'Resolve asm-commons-9.8.jar (org.ow2.asm:asm-commons:9.8)'
2025-12-28T12:06:58.004+0800 [DEBUG] [org.gradle.internal.operations.DefaultBuildOperationRunner] Build operation 'Resolve asm-commons-9.8.jar (org.ow2.asm:asm-commons:9.8)' completed
2025-12-28T12:06:58.004+0800 [DEBUG] [org.gradle.internal.operations.DefaultBuildOperationRunner] Build operation 'Resolve asm-analysis-9.8.jar (org.ow2.asm:asm-analysis:9.8)' completed
2025-12-28T12:06:58.004+0800 [DEBUG] [org.gradle.internal.resources.AbstractTrackedResourceLock] Unconstrained build operations Thread 30: released lock on worker lease
2025-12-28T12:06:58.005+0800 [DEBUG] [org.gradle.internal.resources.AbstractTrackedResourceLock] Unconstrained build operations Thread 31: released lock on worker lease
2025-12-28T12:06:58.005+0800 [DEBUG] [org.gradle.internal.resources.AbstractTrackedResourceLock] Unconstrained build operations Thread 29: released lock on worker lease
2025-12-28T12:06:58.005+0800 [DEBUG] [org.gradle.internal.operations.DefaultBuildOperationRunner] Completing Build operation 'Resolve files of configuration ':modules_userdev_resolver''
2025-12-28T12:06:58.007+0800 [DEBUG] [org.gradle.internal.operations.DefaultBuildOperationRunner] Build operation 'Execute container callback action' started
2025-12-28T12:06:58.008+0800 [DEBUG] [org.gradle.internal.operations.DefaultBuildOperationRunner] Completing Build operation 'Execute container callback action'
2025-12-28T12:06:58.008+0800 [DEBUG] [org.gradle.internal.operations.DefaultBuildOperationRunner] Build operation 'Execute container callback action' started
2025-12-28T12:06:58.008+0800 [DEBUG] [org.gradle.internal.operations.DefaultBuildOperationRunner] Completing Build operation 'Execute container callback action'
2025-12-28T12:06:58.013+0800 [DEBUG] [org.gradle.internal.operations.DefaultBuildOperationRunner] Build operation 'Resolve dependencies of :_compileJava_1' started
2025-12-28T12:06:58.521+0800 [DEBUG] [org.gradle.cache.internal.btree.BTreePersistentIndexedCache] Opening cache md5-checksums.bin (E:\Workpace\MOD\Neo Anomalous Might\.gradle\8.13\checksums\md5-checksums.bin)
2025-12-28T12:06:58.808+0800 [DEBUG] [org.gradle.cache.internal.btree.BTreePersistentIndexedCache] Opening cache sha1-checksums.bin (E:\Workpace\MOD\Neo Anomalous Might\.gradle\8.13\checksums\sha1-checksums.bin)
2025-12-28T12:06:59.225+0800 [DEBUG] [org.gradle.internal.operations.DefaultBuildOperationRunner] Completing Build operation 'Resolve dependencies of :_compileJava_1'
2025-12-28T12:06:59.243+0800 [DEBUG] [org.gradle.internal.operations.DefaultBuildOperationRunner] Build operation 'Resolve files of configuration ':_compileJava_1'' started
2025-12-28T12:06:59.245+0800 [DEBUG] [org.gradle.internal.resources.AbstractTrackedResourceLock] Unconstrained build operations Thread 35: acquired lock on worker lease
2025-12-28T12:06:59.245+0800 [DEBUG] [org.gradle.internal.operations.DefaultBuildOperationRunner] Build operation 'Resolve client-1.20.1-extra.jar (net.minecraft:client:1.20.1)' started
2025-12-28T12:06:59.245+0800 [DEBUG] [org.gradle.internal.resources.AbstractTrackedResourceLock] Unconstrained build operations Thread 39: acquired lock on worker lease
2025-12-28T12:06:59.246+0800 [DEBUG] [org.gradle.internal.resources.AbstractTrackedResourceLock] Unconstrained build operations Thread 38: acquired lock on worker lease
2025-12-28T12:06:59.246+0800 [DEBUG] [org.gradle.internal.operations.DefaultBuildOperationRunner] Build operation 'Resolve fmlloader-1.20.1-47.4.10.jar (net.minecraftforge:fmlloader:1.20.1-47.4.10)' started
2025-12-28T12:06:59.246+0800 [DEBUG] [org.gradle.internal.resources.AbstractTrackedResourceLock] Unconstrained build operations Thread 37: acquired lock on worker lease
2025-12-28T12:06:59.246+0800 [DEBUG] [org.gradle.internal.operations.DefaultBuildOperationRunner] Build operation 'Resolve mclanguage-1.20.1-47.4.10.jar (net.minecraftforge:mclanguage:1.20.1-47.4.10)' started
2025-12-28T12:06:59.247+0800 [DEBUG] [org.gradle.internal.resources.AbstractTrackedResourceLock] Unconstrained build operations Thread 41: acquired lock on worker lease
2025-12-28T12:06:59.247+0800 [DEBUG] [org.gradle.internal.operations.DefaultBuildOperationRunner] Build operation 'Resolve javafmllanguage-1.20.1-47.4.10.jar (net.minecraftforge:javafmllanguage:1.20.1-47.4.10)' started
2025-12-28T12:06:59.246+0800 [DEBUG] [org.gradle.internal.operations.DefaultBuildOperationRunner] Build operation 'Resolve lowcodelanguage-1.20.1-47.4.10.jar (net.minecraftforge:lowcodelanguage:1.20.1-47.4.10)' started
2025-12-28T12:06:59.247+0800 [DEBUG] [org.gradle.internal.operations.DefaultBuildOperationRunner] Build operation 'Resolve JarJarSelector-0.3.19.jar (net.minecraftforge:JarJarSelector:0.3.19)' started
2025-12-28T12:06:59.247+0800 [DEBUG] [org.gradle.internal.resources.AbstractTrackedResourceLock] Unconstrained build operations Thread 36: acquired lock on worker lease
2025-12-28T12:06:59.248+0800 [DEBUG] [org.gradle.internal.operations.DefaultBuildOperationRunner] Build operation 'Resolve fmlearlydisplay-1.20.1-47.4.10.jar (net.minecraftforge:fmlearlydisplay:1.20.1-47.4.10)' started
2025-12-28T12:06:59.248+0800 [DEBUG] [org.gradle.internal.resources.AbstractTrackedResourceLock] Unconstrained build operations Thread 40: acquired lock on worker lease
2025-12-28T12:06:59.248+0800 [DEBUG] [org.gradle.internal.operations.DefaultBuildOperationRunner] Build operation 'Resolve fmlcore-1.20.1-47.4.10.jar (net.minecraftforge:fmlcore:1.20.1-47.4.10)' started
2025-12-28T12:06:59.248+0800 [DEBUG] [org.gradle.internal.operations.DefaultBuildOperationRunner] Completing Build operation 'Resolve fmlloader-1.20.1-47.4.10.jar (net.minecraftforge:fmlloader:1.20.1-47.4.10)'
2025-12-28T12:06:59.249+0800 [DEBUG] [org.gradle.internal.operations.DefaultBuildOperationRunner] Build operation 'Resolve JarJarMetadata-0.3.19.jar (net.minecraftforge:JarJarMetadata:0.3.19)' started
2025-12-28T12:06:59.250+0800 [DEBUG] [org.gradle.internal.operations.DefaultBuildOperationRunner] Completing Build operation 'Resolve fmlcore-1.20.1-47.4.10.jar (net.minecraftforge:fmlcore:1.20.1-47.4.10)'
2025-12-28T12:06:59.250+0800 [DEBUG] [org.gradle.internal.operations.DefaultBuildOperationRunner] Build operation 'Resolve fmlcore-1.20.1-47.4.10.jar (net.minecraftforge:fmlcore:1.20.1-47.4.10)' completed
2025-12-28T12:06:59.250+0800 [DEBUG] [org.gradle.internal.operations.DefaultBuildOperationRunner] Build operation 'Resolve guava-31.1-jre.jar (com.google.guava:guava:31.1-jre)' started
2025-12-28T12:06:59.251+0800 [DEBUG] [org.gradle.internal.operations.DefaultBuildOperationRunner] Completing Build operation 'Resolve mclanguage-1.20.1-47.4.10.jar (net.minecraftforge:mclanguage:1.20.1-47.4.10)'
2025-12-28T12:06:59.251+0800 [DEBUG] [org.gradle.internal.operations.DefaultBuildOperationRunner] Build operation 'Resolve mclanguage-1.20.1-47.4.10.jar (net.minecraftforge:mclanguage:1.20.1-47.4.10)' completed
2025-12-28T12:06:59.251+0800 [DEBUG] [org.gradle.internal.operations.DefaultBuildOperationRunner] Build operation 'Resolve jsr305-3.0.2.jar (com.google.code.findbugs:jsr305:3.0.2)' started
2025-12-28T12:06:59.253+0800 [DEBUG] [org.gradle.internal.operations.DefaultBuildOperationRunner] Completing Build operation 'Resolve javafmllanguage-1.20.1-47.4.10.jar (net.minecraftforge:javafmllanguage:1.20.1-47.4.10)'
2025-12-28T12:06:59.253+0800 [DEBUG] [org.gradle.internal.operations.DefaultBuildOperationRunner] Build operation 'Resolve javafmllanguage-1.20.1-47.4.10.jar (net.minecraftforge:javafmllanguage:1.20.1-47.4.10)' completed
2025-12-28T12:06:59.253+0800 [DEBUG] [org.gradle.internal.operations.DefaultBuildOperationRunner] Build operation 'Resolve java-objc-bridge-1.1.jar (ca.weblite:java-objc-bridge:1.1)' started
2025-12-28T12:06:59.255+0800 [DEBUG] [org.gradle.internal.operations.DefaultBuildOperationRunner] Completing Build operation 'Resolve java-objc-bridge-1.1.jar (ca.weblite:java-objc-bridge:1.1)'
2025-12-28T12:06:59.255+0800 [DEBUG] [org.gradle.internal.operations.DefaultBuildOperationRunner] Build operation 'Resolve java-objc-bridge-1.1.jar (ca.weblite:java-objc-bridge:1.1)' completed
2025-12-28T12:06:59.255+0800 [DEBUG] [org.gradle.internal.operations.DefaultBuildOperationRunner] Build operation 'Resolve forgespi-7.0.1.jar (net.minecraftforge:forgespi:7.0.1)' started
2025-12-28T12:06:59.256+0800 [DEBUG] [org.gradle.internal.operations.DefaultBuildOperationRunner] Completing Build operation 'Resolve guava-31.1-jre.jar (com.google.guava:guava:31.1-jre)'
2025-12-28T12:06:59.256+0800 [DEBUG] [org.gradle.internal.operations.DefaultBuildOperationRunner] Build operation 'Resolve guava-31.1-jre.jar (com.google.guava:guava:31.1-jre)' completed
2025-12-28T12:06:59.256+0800 [DEBUG] [org.gradle.internal.operations.DefaultBuildOperationRunner] Completing Build operation 'Resolve fmlearlydisplay-1.20.1-47.4.10.jar (net.minecraftforge:fmlearlydisplay:1.20.1-47.4.10)'
2025-12-28T12:06:59.256+0800 [DEBUG] [org.gradle.internal.operations.DefaultBuildOperationRunner] Build operation 'Resolve fmlearlydisplay-1.20.1-47.4.10.jar (net.minecraftforge:fmlearlydisplay:1.20.1-47.4.10)' completed
2025-12-28T12:06:59.255+0800 [DEBUG] [org.gradle.internal.operations.DefaultBuildOperationRunner] Completing Build operation 'Resolve JarJarSelector-0.3.19.jar (net.minecraftforge:JarJarSelector:0.3.19)'
2025-12-28T12:06:59.257+0800 [DEBUG] [org.gradle.internal.operations.DefaultBuildOperationRunner] Completing Build operation 'Resolve jsr305-3.0.2.jar (com.google.code.findbugs:jsr305:3.0.2)'
2025-12-28T12:06:59.257+0800 [DEBUG] [org.gradle.internal.operations.DefaultBuildOperationRunner] Build operation 'Resolve jsr305-3.0.2.jar (com.google.code.findbugs:jsr305:3.0.2)' completed
2025-12-28T12:06:59.256+0800 [DEBUG] [org.gradle.internal.operations.DefaultBuildOperationRunner] Build operation 'Resolve mergetool-1.1.7-api.jar (net.minecraftforge:mergetool:1.1.7)' started
2025-12-28T12:06:59.256+0800 [DEBUG] [org.gradle.internal.operations.DefaultBuildOperationRunner] Build operation 'Resolve mergetool-1.1.7-api.jar (net.minecraftforge:mergetool:1.1.7)' started
2025-12-28T12:06:59.256+0800 [DEBUG] [org.gradle.internal.operations.DefaultBuildOperationRunner] Completing Build operation 'Resolve JarJarMetadata-0.3.19.jar (net.minecraftforge:JarJarMetadata:0.3.19)'
2025-12-28T12:06:59.257+0800 [DEBUG] [org.gradle.internal.operations.DefaultBuildOperationRunner] Completing Build operation 'Resolve lowcodelanguage-1.20.1-47.4.10.jar (net.minecraftforge:lowcodelanguage:1.20.1-47.4.10)'
2025-12-28T12:06:59.257+0800 [DEBUG] [org.gradle.internal.operations.DefaultBuildOperationRunner] Build operation 'Resolve mergetool-1.1.7-api.jar (net.minecraftforge:mergetool:1.1.7)' started
2025-12-28T12:06:59.258+0800 [DEBUG] [org.gradle.internal.operations.DefaultBuildOperationRunner] Completing Build operation 'Resolve mergetool-1.1.7-api.jar (net.minecraftforge:mergetool:1.1.7)'
2025-12-28T12:06:59.257+0800 [DEBUG] [org.gradle.internal.operations.DefaultBuildOperationRunner] Build operation 'Resolve JarJarSelector-0.3.19.jar (net.minecraftforge:JarJarSelector:0.3.19)' completed
2025-12-28T12:06:59.259+0800 [DEBUG] [org.gradle.internal.operations.DefaultBuildOperationRunner] Completing Build operation 'Resolve forgespi-7.0.1.jar (net.minecraftforge:forgespi:7.0.1)'
2025-12-28T12:06:59.259+0800 [DEBUG] [org.gradle.internal.operations.DefaultBuildOperationRunner] Build operation 'Resolve forgespi-7.0.1.jar (net.minecraftforge:forgespi:7.0.1)' completed
2025-12-28T12:06:59.258+0800 [DEBUG] [org.gradle.internal.operations.DefaultBuildOperationRunner] Build operation 'Resolve mergetool-1.1.7-api.jar (net.minecraftforge:mergetool:1.1.7)' completed
2025-12-28T12:06:59.258+0800 [DEBUG] [org.gradle.internal.operations.DefaultBuildOperationRunner] Build operation 'Resolve lowcodelanguage-1.20.1-47.4.10.jar (net.minecraftforge:lowcodelanguage:1.20.1-47.4.10)' completed
2025-12-28T12:06:59.258+0800 [DEBUG] [org.gradle.internal.operations.DefaultBuildOperationRunner] Build operation 'Resolve mergetool-1.1.7-api.jar (net.minecraftforge:mergetool:1.1.7)' started
2025-12-28T12:06:59.259+0800 [DEBUG] [org.gradle.internal.operations.DefaultBuildOperationRunner] Build operation 'Resolve modlauncher-10.0.9.jar (cpw.mods:modlauncher:10.0.9)' started
2025-12-28T12:06:59.259+0800 [DEBUG] [org.gradle.internal.operations.DefaultBuildOperationRunner] Build operation 'Resolve eventbus-6.0.5.jar (net.minecraftforge:eventbus:6.0.5)' started
2025-12-28T12:06:59.259+0800 [DEBUG] [org.gradle.internal.operations.DefaultBuildOperationRunner] Completing Build operation 'Resolve mergetool-1.1.7-api.jar (net.minecraftforge:mergetool:1.1.7)'
2025-12-28T12:06:59.259+0800 [DEBUG] [org.gradle.internal.operations.DefaultBuildOperationRunner] Build operation 'Resolve accesstransformers-8.0.4.jar (net.minecraftforge:accesstransformers:8.0.4)' started
2025-12-28T12:06:59.259+0800 [DEBUG] [org.gradle.internal.operations.DefaultBuildOperationRunner] Build operation 'Resolve annotations-24.0.1.jar (org.jetbrains:annotations:24.0.1)' started
2025-12-28T12:06:59.260+0800 [DEBUG] [org.gradle.internal.operations.DefaultBuildOperationRunner] Build operation 'Resolve mergetool-1.1.7-api.jar (net.minecraftforge:mergetool:1.1.7)' completed
2025-12-28T12:06:59.259+0800 [DEBUG] [org.gradle.internal.operations.DefaultBuildOperationRunner] Completing Build operation 'Resolve mergetool-1.1.7-api.jar (net.minecraftforge:mergetool:1.1.7)'
2025-12-28T12:06:59.260+0800 [DEBUG] [org.gradle.internal.operations.DefaultBuildOperationRunner] Completing Build operation 'Resolve mergetool-1.1.7-api.jar (net.minecraftforge:mergetool:1.1.7)'
2025-12-28T12:06:59.261+0800 [DEBUG] [org.gradle.internal.operations.DefaultBuildOperationRunner] Build operation 'Resolve mergetool-1.1.7-api.jar (net.minecraftforge:mergetool:1.1.7)' completed
2025-12-28T12:06:59.260+0800 [DEBUG] [org.gradle.internal.operations.DefaultBuildOperationRunner] Build operation 'Resolve coremods-5.2.4.jar (net.minecraftforge:coremods:5.2.4)' started
2025-12-28T12:06:59.261+0800 [DEBUG] [org.gradle.internal.operations.DefaultBuildOperationRunner] Completing Build operation 'Resolve modlauncher-10.0.9.jar (cpw.mods:modlauncher:10.0.9)'
2025-12-28T12:06:59.261+0800 [DEBUG] [org.gradle.internal.operations.DefaultBuildOperationRunner] Build operation 'Resolve modlauncher-10.0.9.jar (cpw.mods:modlauncher:10.0.9)' completed
2025-12-28T12:06:59.261+0800 [DEBUG] [org.gradle.internal.operations.DefaultBuildOperationRunner] Build operation 'Resolve nashorn-core-15.4.jar (org.openjdk.nashorn:nashorn-core:15.4)' started
2025-12-28T12:06:59.261+0800 [DEBUG] [org.gradle.internal.operations.DefaultBuildOperationRunner] Completing Build operation 'Resolve eventbus-6.0.5.jar (net.minecraftforge:eventbus:6.0.5)'
2025-12-28T12:06:59.262+0800 [DEBUG] [org.gradle.internal.operations.DefaultBuildOperationRunner] Build operation 'Resolve eventbus-6.0.5.jar (net.minecraftforge:eventbus:6.0.5)' completed
2025-12-28T12:06:59.261+0800 [DEBUG] [org.gradle.internal.operations.DefaultBuildOperationRunner] Build operation 'Resolve antlr4-4.9.1.jar (org.antlr:antlr4:4.9.1)' started
2025-12-28T12:06:59.262+0800 [DEBUG] [org.gradle.internal.operations.DefaultBuildOperationRunner] Build operation 'Resolve unsafe-0.2.0.jar (net.minecraftforge:unsafe:0.2.0)' started
2025-12-28T12:06:59.262+0800 [DEBUG] [org.gradle.internal.operations.DefaultBuildOperationRunner] Completing Build operation 'Resolve accesstransformers-8.0.4.jar (net.minecraftforge:accesstransformers:8.0.4)'
2025-12-28T12:06:59.263+0800 [DEBUG] [org.gradle.internal.operations.DefaultBuildOperationRunner] Build operation 'Resolve accesstransformers-8.0.4.jar (net.minecraftforge:accesstransformers:8.0.4)' completed
2025-12-28T12:06:59.262+0800 [DEBUG] [org.gradle.internal.operations.DefaultBuildOperationRunner] Build operation 'Resolve antlr4-runtime-4.9.1.jar (org.antlr:antlr4-runtime:4.9.1)' started
2025-12-28T12:06:59.263+0800 [DEBUG] [org.gradle.internal.operations.DefaultBuildOperationRunner] Build operation 'Resolve toml-3.6.4.jar (com.electronwill.night-config:toml:3.6.4)' started
2025-12-28T12:06:59.263+0800 [DEBUG] [org.gradle.internal.operations.DefaultBuildOperationRunner] Completing Build operation 'Resolve annotations-24.0.1.jar (org.jetbrains:annotations:24.0.1)'
2025-12-28T12:06:59.263+0800 [DEBUG] [org.gradle.internal.operations.DefaultBuildOperationRunner] Completing Build operation 'Resolve coremods-5.2.4.jar (net.minecraftforge:coremods:5.2.4)'
2025-12-28T12:06:59.264+0800 [DEBUG] [org.gradle.internal.operations.DefaultBuildOperationRunner] Build operation 'Resolve coremods-5.2.4.jar (net.minecraftforge:coremods:5.2.4)' completed
2025-12-28T12:06:59.263+0800 [DEBUG] [org.gradle.internal.operations.DefaultBuildOperationRunner] Build operation 'Resolve annotations-24.0.1.jar (org.jetbrains:annotations:24.0.1)' completed
2025-12-28T12:06:59.264+0800 [DEBUG] [org.gradle.internal.operations.DefaultBuildOperationRunner] Build operation 'Resolve maven-artifact-3.8.5.jar (org.apache.maven:maven-artifact:3.8.5)' started
2025-12-28T12:06:59.264+0800 [DEBUG] [org.gradle.internal.operations.DefaultBuildOperationRunner] Completing Build operation 'Resolve nashorn-core-15.4.jar (org.openjdk.nashorn:nashorn-core:15.4)'
2025-12-28T12:06:59.264+0800 [DEBUG] [org.gradle.internal.operations.DefaultBuildOperationRunner] Build operation 'Resolve core-3.6.4.jar (com.electronwill.night-config:core:3.6.4)' started
2025-12-28T12:06:59.264+0800 [DEBUG] [org.gradle.internal.operations.DefaultBuildOperationRunner] Build operation 'Resolve nashorn-core-15.4.jar (org.openjdk.nashorn:nashorn-core:15.4)' completed
2025-12-28T12:06:59.265+0800 [DEBUG] [org.gradle.internal.operations.DefaultBuildOperationRunner] Completing Build operation 'Resolve antlr4-4.9.1.jar (org.antlr:antlr4:4.9.1)'
2025-12-28T12:06:59.265+0800 [DEBUG] [org.gradle.internal.operations.DefaultBuildOperationRunner] Build operation 'Resolve antlr4-4.9.1.jar (org.antlr:antlr4:4.9.1)' completed
2025-12-28T12:06:59.265+0800 [DEBUG] [org.gradle.internal.operations.DefaultBuildOperationRunner] Build operation 'Resolve terminalconsoleappender-1.2.0.jar (net.minecrell:terminalconsoleappender:1.2.0)' started
2025-12-28T12:06:59.265+0800 [DEBUG] [org.gradle.internal.operations.DefaultBuildOperationRunner] Build operation 'Resolve typetools-0.6.3.jar (net.jodah:typetools:0.6.3)' started
2025-12-28T12:06:59.266+0800 [DEBUG] [org.gradle.internal.operations.DefaultBuildOperationRunner] Completing Build operation 'Resolve core-3.6.4.jar (com.electronwill.night-config:core:3.6.4)'
2025-12-28T12:06:59.266+0800 [DEBUG] [org.gradle.internal.operations.DefaultBuildOperationRunner] Build operation 'Resolve core-3.6.4.jar (com.electronwill.night-config:core:3.6.4)' completed
2025-12-28T12:06:59.266+0800 [DEBUG] [org.gradle.internal.operations.DefaultBuildOperationRunner] Build operation 'Resolve jline-reader-3.12.1.jar (org.jline:jline-reader:3.12.1)' started
2025-12-28T12:06:59.266+0800 [DEBUG] [org.gradle.internal.operations.DefaultBuildOperationRunner] Completing Build operation 'Resolve terminalconsoleappender-1.2.0.jar (net.minecrell:terminalconsoleappender:1.2.0)'
2025-12-28T12:06:59.267+0800 [DEBUG] [org.gradle.internal.operations.DefaultBuildOperationRunner] Build operation 'Resolve terminalconsoleappender-1.2.0.jar (net.minecrell:terminalconsoleappender:1.2.0)' completed
2025-12-28T12:06:59.267+0800 [DEBUG] [org.gradle.internal.operations.DefaultBuildOperationRunner] Build operation 'Resolve jline-terminal-3.12.1.jar (org.jline:jline-terminal:3.12.1)' started
2025-12-28T12:06:59.267+0800 [DEBUG] [org.gradle.internal.operations.DefaultBuildOperationRunner] Completing Build operation 'Resolve jline-reader-3.12.1.jar (org.jline:jline-reader:3.12.1)'
2025-12-28T12:06:59.267+0800 [DEBUG] [org.gradle.internal.operations.DefaultBuildOperationRunner] Build operation 'Resolve jline-reader-3.12.1.jar (org.jline:jline-reader:3.12.1)' completed
2025-12-28T12:06:59.267+0800 [DEBUG] [org.gradle.internal.operations.DefaultBuildOperationRunner] Build operation 'Resolve mixin-0.8.5.jar (org.spongepowered:mixin:0.8.5)' started
2025-12-28T12:06:59.269+0800 [DEBUG] [org.gradle.internal.operations.DefaultBuildOperationRunner] Completing Build operation 'Resolve unsafe-0.2.0.jar (net.minecraftforge:unsafe:0.2.0)'
2025-12-28T12:06:59.269+0800 [DEBUG] [org.gradle.internal.operations.DefaultBuildOperationRunner] Build operation 'Resolve unsafe-0.2.0.jar (net.minecraftforge:unsafe:0.2.0)' completed
2025-12-28T12:06:59.269+0800 [DEBUG] [org.gradle.internal.operations.DefaultBuildOperationRunner] Build operation 'Resolve oshi-core-6.2.2.jar (com.github.oshi:oshi-core:6.2.2)' started
2025-12-28T12:06:59.269+0800 [DEBUG] [org.gradle.internal.operations.DefaultBuildOperationRunner] Completing Build operation 'Resolve jline-terminal-3.12.1.jar (org.jline:jline-terminal:3.12.1)'
2025-12-28T12:06:59.269+0800 [DEBUG] [org.gradle.internal.operations.DefaultBuildOperationRunner] Build operation 'Resolve jline-terminal-3.12.1.jar (org.jline:jline-terminal:3.12.1)' completed
2025-12-28T12:06:59.270+0800 [DEBUG] [org.gradle.internal.operations.DefaultBuildOperationRunner] Build operation 'Resolve gson-2.10.jar (com.google.code.gson:gson:2.10)' started
2025-12-28T12:06:59.270+0800 [DEBUG] [org.gradle.internal.operations.DefaultBuildOperationRunner] Completing Build operation 'Resolve antlr4-runtime-4.9.1.jar (org.antlr:antlr4-runtime:4.9.1)'
2025-12-28T12:06:59.270+0800 [DEBUG] [org.gradle.internal.operations.DefaultBuildOperationRunner] Build operation 'Resolve failureaccess-1.0.1.jar (com.google.guava:failureaccess:1.0.1)' started
2025-12-28T12:06:59.271+0800 [DEBUG] [org.gradle.internal.operations.DefaultBuildOperationRunner] Completing Build operation 'Resolve gson-2.10.jar (com.google.code.gson:gson:2.10)'
2025-12-28T12:06:59.271+0800 [DEBUG] [org.gradle.internal.operations.DefaultBuildOperationRunner] Build operation 'Resolve gson-2.10.jar (com.google.code.gson:gson:2.10)' completed
2025-12-28T12:06:59.272+0800 [DEBUG] [org.gradle.internal.operations.DefaultBuildOperationRunner] Build operation 'Resolve icu4j-71.1.jar (com.ibm.icu:icu4j:71.1)' started
2025-12-28T12:06:59.272+0800 [DEBUG] [org.gradle.internal.operations.DefaultBuildOperationRunner] Completing Build operation 'Resolve toml-3.6.4.jar (com.electronwill.night-config:toml:3.6.4)'
2025-12-28T12:06:59.272+0800 [DEBUG] [org.gradle.internal.operations.DefaultBuildOperationRunner] Build operation 'Resolve toml-3.6.4.jar (com.electronwill.night-config:toml:3.6.4)' completed
2025-12-28T12:06:59.272+0800 [DEBUG] [org.gradle.internal.operations.DefaultBuildOperationRunner] Build operation 'Resolve authlib-4.0.43.jar (com.mojang:authlib:4.0.43)' started
2025-12-28T12:06:59.273+0800 [DEBUG] [org.gradle.internal.operations.DefaultBuildOperationRunner] Completing Build operation 'Resolve maven-artifact-3.8.5.jar (org.apache.maven:maven-artifact:3.8.5)'
2025-12-28T12:06:59.273+0800 [DEBUG] [org.gradle.internal.operations.DefaultBuildOperationRunner] Build operation 'Resolve maven-artifact-3.8.5.jar (org.apache.maven:maven-artifact:3.8.5)' completed
2025-12-28T12:06:59.273+0800 [DEBUG] [org.gradle.internal.operations.DefaultBuildOperationRunner] Build operation 'Resolve blocklist-1.0.10.jar (com.mojang:blocklist:1.0.10)' started
2025-12-28T12:06:59.274+0800 [DEBUG] [org.gradle.internal.operations.DefaultBuildOperationRunner] Completing Build operation 'Resolve icu4j-71.1.jar (com.ibm.icu:icu4j:71.1)'
2025-12-28T12:06:59.274+0800 [DEBUG] [org.gradle.internal.operations.DefaultBuildOperationRunner] Build operation 'Resolve icu4j-71.1.jar (com.ibm.icu:icu4j:71.1)' completed
2025-12-28T12:06:59.278+0800 [DEBUG] [org.gradle.internal.operations.DefaultBuildOperationRunner] Build operation 'Resolve brigadier-1.1.8.jar (com.mojang:brigadier:1.1.8)' started
2025-12-28T12:06:59.279+0800 [DEBUG] [org.gradle.internal.operations.DefaultBuildOperationRunner] Completing Build operation 'Resolve oshi-core-6.2.2.jar (com.github.oshi:oshi-core:6.2.2)'
2025-12-28T12:06:59.279+0800 [DEBUG] [org.gradle.internal.operations.DefaultBuildOperationRunner] Build operation 'Resolve oshi-core-6.2.2.jar (com.github.oshi:oshi-core:6.2.2)' completed
2025-12-28T12:06:59.280+0800 [DEBUG] [org.gradle.internal.operations.DefaultBuildOperationRunner] Build operation 'Resolve datafixerupper-6.0.8.jar (com.mojang:datafixerupper:6.0.8)' started
2025-12-28T12:06:59.281+0800 [DEBUG] [org.gradle.internal.operations.DefaultBuildOperationRunner] Completing Build operation 'Resolve typetools-0.6.3.jar (net.jodah:typetools:0.6.3)'
2025-12-28T12:06:59.281+0800 [DEBUG] [org.gradle.internal.operations.DefaultBuildOperationRunner] Build operation 'Resolve typetools-0.6.3.jar (net.jodah:typetools:0.6.3)' completed
2025-12-28T12:06:59.281+0800 [DEBUG] [org.gradle.internal.operations.DefaultBuildOperationRunner] Build operation 'Resolve logging-1.1.1.jar (com.mojang:logging:1.1.1)' started
2025-12-28T12:06:59.282+0800 [DEBUG] [org.gradle.internal.operations.DefaultBuildOperationRunner] Completing Build operation 'Resolve brigadier-1.1.8.jar (com.mojang:brigadier:1.1.8)'
2025-12-28T12:06:59.283+0800 [DEBUG] [org.gradle.internal.operations.DefaultBuildOperationRunner] Build operation 'Resolve brigadier-1.1.8.jar (com.mojang:brigadier:1.1.8)' completed
2025-12-28T12:06:59.283+0800 [DEBUG] [org.gradle.internal.operations.DefaultBuildOperationRunner] Build operation 'Resolve patchy-2.2.10.jar (com.mojang:patchy:2.2.10)' started
2025-12-28T12:06:59.284+0800 [DEBUG] [org.gradle.internal.operations.DefaultBuildOperationRunner] Completing Build operation 'Resolve mixin-0.8.5.jar (org.spongepowered:mixin:0.8.5)'
2025-12-28T12:06:59.284+0800 [DEBUG] [org.gradle.internal.operations.DefaultBuildOperationRunner] Build operation 'Resolve mixin-0.8.5.jar (org.spongepowered:mixin:0.8.5)' completed
2025-12-28T12:06:59.284+0800 [DEBUG] [org.gradle.internal.operations.DefaultBuildOperationRunner] Build operation 'Resolve text2speech-1.17.9.jar (com.mojang:text2speech:1.17.9)' started
2025-12-28T12:06:59.285+0800 [DEBUG] [org.gradle.internal.operations.DefaultBuildOperationRunner] Completing Build operation 'Resolve patchy-2.2.10.jar (com.mojang:patchy:2.2.10)'
2025-12-28T12:06:59.285+0800 [DEBUG] [org.gradle.internal.operations.DefaultBuildOperationRunner] Build operation 'Resolve patchy-2.2.10.jar (com.mojang:patchy:2.2.10)' completed
2025-12-28T12:06:59.285+0800 [DEBUG] [org.gradle.internal.operations.DefaultBuildOperationRunner] Build operation 'Resolve httpclient-4.5.13.jar (org.apache.httpcomponents:httpclient:4.5.13)' started
2025-12-28T12:06:59.286+0800 [DEBUG] [org.gradle.internal.operations.DefaultBuildOperationRunner] Completing Build operation 'Resolve failureaccess-1.0.1.jar (com.google.guava:failureaccess:1.0.1)'
2025-12-28T12:06:59.286+0800 [DEBUG] [org.gradle.internal.operations.DefaultBuildOperationRunner] Build operation 'Resolve commons-codec-1.15.jar (commons-codec:commons-codec:1.15)' started
2025-12-28T12:06:59.286+0800 [DEBUG] [org.gradle.internal.operations.DefaultBuildOperationRunner] Completing Build operation 'Resolve text2speech-1.17.9.jar (com.mojang:text2speech:1.17.9)'
2025-12-28T12:06:59.287+0800 [DEBUG] [org.gradle.internal.operations.DefaultBuildOperationRunner] Build operation 'Resolve text2speech-1.17.9.jar (com.mojang:text2speech:1.17.9)' completed
2025-12-28T12:06:59.287+0800 [DEBUG] [org.gradle.internal.operations.DefaultBuildOperationRunner] Build operation 'Resolve commons-io-2.11.0.jar (commons-io:commons-io:2.11.0)' started
2025-12-28T12:06:59.287+0800 [DEBUG] [org.gradle.internal.operations.DefaultBuildOperationRunner] Completing Build operation 'Resolve commons-codec-1.15.jar (commons-codec:commons-codec:1.15)'
2025-12-28T12:06:59.287+0800 [DEBUG] [org.gradle.internal.operations.DefaultBuildOperationRunner] Build operation 'Resolve commons-logging-1.2.jar (commons-logging:commons-logging:1.2)' started
2025-12-28T12:06:59.288+0800 [DEBUG] [org.gradle.internal.operations.DefaultBuildOperationRunner] Completing Build operation 'Resolve authlib-4.0.43.jar (com.mojang:authlib:4.0.43)'
2025-12-28T12:06:59.288+0800 [DEBUG] [org.gradle.internal.operations.DefaultBuildOperationRunner] Build operation 'Resolve authlib-4.0.43.jar (com.mojang:authlib:4.0.43)' completed
2025-12-28T12:06:59.288+0800 [DEBUG] [org.gradle.internal.operations.DefaultBuildOperationRunner] Build operation 'Resolve netty-handler-4.1.82.Final.jar (io.netty:netty-handler:4.1.82.Final)' started
2025-12-28T12:06:59.289+0800 [DEBUG] [org.gradle.internal.operations.DefaultBuildOperationRunner] Completing Build operation 'Resolve commons-io-2.11.0.jar (commons-io:commons-io:2.11.0)'
2025-12-28T12:06:59.289+0800 [DEBUG] [org.gradle.internal.operations.DefaultBuildOperationRunner] Build operation 'Resolve commons-io-2.11.0.jar (commons-io:commons-io:2.11.0)' completed
2025-12-28T12:06:59.289+0800 [DEBUG] [org.gradle.internal.operations.DefaultBuildOperationRunner] Build operation 'Resolve netty-codec-4.1.82.Final.jar (io.netty:netty-codec:4.1.82.Final)' started
2025-12-28T12:06:59.290+0800 [DEBUG] [org.gradle.internal.operations.DefaultBuildOperationRunner] Completing Build operation 'Resolve blocklist-1.0.10.jar (com.mojang:blocklist:1.0.10)'
2025-12-28T12:06:59.290+0800 [DEBUG] [org.gradle.internal.operations.DefaultBuildOperationRunner] Build operation 'Resolve blocklist-1.0.10.jar (com.mojang:blocklist:1.0.10)' completed
2025-12-28T12:06:59.290+0800 [DEBUG] [org.gradle.internal.operations.DefaultBuildOperationRunner] Build operation 'Resolve netty-transport-classes-epoll-4.1.82.Final.jar (io.netty:netty-transport-classes-epoll:4.1.82.Final)' started
2025-12-28T12:06:59.291+0800 [DEBUG] [org.gradle.internal.operations.DefaultBuildOperationRunner] Completing Build operation 'Resolve datafixerupper-6.0.8.jar (com.mojang:datafixerupper:6.0.8)'
2025-12-28T12:06:59.291+0800 [DEBUG] [org.gradle.internal.operations.DefaultBuildOperationRunner] Build operation 'Resolve datafixerupper-6.0.8.jar (com.mojang:datafixerupper:6.0.8)' completed
2025-12-28T12:06:59.291+0800 [DEBUG] [org.gradle.internal.operations.DefaultBuildOperationRunner] Build operation 'Resolve netty-transport-native-unix-common-4.1.82.Final.jar (io.netty:netty-transport-native-unix-common:4.1.82.Final)' started
2025-12-28T12:06:59.292+0800 [DEBUG] [org.gradle.internal.operations.DefaultBuildOperationRunner] Completing Build operation 'Resolve logging-1.1.1.jar (com.mojang:logging:1.1.1)'
2025-12-28T12:06:59.292+0800 [DEBUG] [org.gradle.internal.operations.DefaultBuildOperationRunner] Build operation 'Resolve logging-1.1.1.jar (com.mojang:logging:1.1.1)' completed
2025-12-28T12:06:59.292+0800 [DEBUG] [org.gradle.internal.operations.DefaultBuildOperationRunner] Build operation 'Resolve netty-transport-4.1.82.Final.jar (io.netty:netty-transport:4.1.82.Final)' started
2025-12-28T12:06:59.293+0800 [DEBUG] [org.gradle.internal.operations.DefaultBuildOperationRunner] Completing Build operation 'Resolve httpclient-4.5.13.jar (org.apache.httpcomponents:httpclient:4.5.13)'
2025-12-28T12:06:59.293+0800 [DEBUG] [org.gradle.internal.operations.DefaultBuildOperationRunner] Build operation 'Resolve httpclient-4.5.13.jar (org.apache.httpcomponents:httpclient:4.5.13)' completed
2025-12-28T12:06:59.293+0800 [DEBUG] [org.gradle.internal.operations.DefaultBuildOperationRunner] Build operation 'Resolve netty-buffer-4.1.82.Final.jar (io.netty:netty-buffer:4.1.82.Final)' started
2025-12-28T12:06:59.294+0800 [DEBUG] [org.gradle.internal.operations.DefaultBuildOperationRunner] Completing Build operation 'Resolve netty-transport-4.1.82.Final.jar (io.netty:netty-transport:4.1.82.Final)'
2025-12-28T12:06:59.294+0800 [DEBUG] [org.gradle.internal.operations.DefaultBuildOperationRunner] Build operation 'Resolve netty-transport-4.1.82.Final.jar (io.netty:netty-transport:4.1.82.Final)' completed
2025-12-28T12:06:59.294+0800 [DEBUG] [org.gradle.internal.operations.DefaultBuildOperationRunner] Build operation 'Resolve netty-resolver-4.1.82.Final.jar (io.netty:netty-resolver:4.1.82.Final)' started
2025-12-28T12:06:59.294+0800 [DEBUG] [org.gradle.internal.operations.DefaultBuildOperationRunner] Completing Build operation 'Resolve netty-buffer-4.1.82.Final.jar (io.netty:netty-buffer:4.1.82.Final)'
2025-12-28T12:06:59.295+0800 [DEBUG] [org.gradle.internal.operations.DefaultBuildOperationRunner] Build operation 'Resolve netty-buffer-4.1.82.Final.jar (io.netty:netty-buffer:4.1.82.Final)' completed
2025-12-28T12:06:59.295+0800 [DEBUG] [org.gradle.internal.operations.DefaultBuildOperationRunner] Build operation 'Resolve netty-common-4.1.82.Final.jar (io.netty:netty-common:4.1.82.Final)' started
2025-12-28T12:06:59.295+0800 [DEBUG] [org.gradle.internal.operations.DefaultBuildOperationRunner] Completing Build operation 'Resolve netty-transport-native-unix-common-4.1.82.Final.jar (io.netty:netty-transport-native-unix-common:4.1.82.Final)'
2025-12-28T12:06:59.295+0800 [DEBUG] [org.gradle.internal.operations.DefaultBuildOperationRunner] Build operation 'Resolve netty-transport-native-unix-common-4.1.82.Final.jar (io.netty:netty-transport-native-unix-common:4.1.82.Final)' completed
2025-12-28T12:06:59.296+0800 [DEBUG] [org.gradle.internal.operations.DefaultBuildOperationRunner] Build operation 'Resolve fastutil-8.5.9.jar (it.unimi.dsi:fastutil:8.5.9)' started
2025-12-28T12:06:59.296+0800 [DEBUG] [org.gradle.internal.operations.DefaultBuildOperationRunner] Completing Build operation 'Resolve commons-logging-1.2.jar (commons-logging:commons-logging:1.2)'
2025-12-28T12:06:59.297+0800 [DEBUG] [org.gradle.internal.operations.DefaultBuildOperationRunner] Build operation 'Resolve jna-platform-5.12.1.jar (net.java.dev.jna:jna-platform:5.12.1)' started
2025-12-28T12:06:59.297+0800 [DEBUG] [org.gradle.internal.operations.DefaultBuildOperationRunner] Completing Build operation 'Resolve fastutil-8.5.9.jar (it.unimi.dsi:fastutil:8.5.9)'
2025-12-28T12:06:59.297+0800 [DEBUG] [org.gradle.internal.operations.DefaultBuildOperationRunner] Build operation 'Resolve fastutil-8.5.9.jar (it.unimi.dsi:fastutil:8.5.9)' completed
2025-12-28T12:06:59.297+0800 [DEBUG] [org.gradle.internal.operations.DefaultBuildOperationRunner] Build operation 'Resolve jna-5.12.1.jar (net.java.dev.jna:jna:5.12.1)' started
2025-12-28T12:06:59.298+0800 [DEBUG] [org.gradle.internal.operations.DefaultBuildOperationRunner] Completing Build operation 'Resolve jna-platform-5.12.1.jar (net.java.dev.jna:jna-platform:5.12.1)'
2025-12-28T12:06:59.299+0800 [DEBUG] [org.gradle.internal.operations.DefaultBuildOperationRunner] Build operation 'Resolve jopt-simple-5.0.4.jar (net.sf.jopt-simple:jopt-simple:5.0.4)' started
2025-12-28T12:06:59.299+0800 [DEBUG] [org.gradle.internal.operations.DefaultBuildOperationRunner] Completing Build operation 'Resolve netty-handler-4.1.82.Final.jar (io.netty:netty-handler:4.1.82.Final)'
2025-12-28T12:06:59.299+0800 [DEBUG] [org.gradle.internal.operations.DefaultBuildOperationRunner] Build operation 'Resolve netty-handler-4.1.82.Final.jar (io.netty:netty-handler:4.1.82.Final)' completed
2025-12-28T12:06:59.299+0800 [DEBUG] [org.gradle.internal.operations.DefaultBuildOperationRunner] Build operation 'Resolve commons-compress-1.21.jar (org.apache.commons:commons-compress:1.21)' started
2025-12-28T12:06:59.300+0800 [DEBUG] [org.gradle.internal.operations.DefaultBuildOperationRunner] Completing Build operation 'Resolve jopt-simple-5.0.4.jar (net.sf.jopt-simple:jopt-simple:5.0.4)'
2025-12-28T12:06:59.300+0800 [DEBUG] [org.gradle.internal.operations.DefaultBuildOperationRunner] Build operation 'Resolve commons-lang3-3.12.0.jar (org.apache.commons:commons-lang3:3.12.0)' started
2025-12-28T12:06:59.302+0800 [DEBUG] [org.gradle.internal.operations.DefaultBuildOperationRunner] Completing Build operation 'Resolve netty-common-4.1.82.Final.jar (io.netty:netty-common:4.1.82.Final)'
2025-12-28T12:06:59.302+0800 [DEBUG] [org.gradle.internal.operations.DefaultBuildOperationRunner] Build operation 'Resolve netty-common-4.1.82.Final.jar (io.netty:netty-common:4.1.82.Final)' completed
2025-12-28T12:06:59.302+0800 [DEBUG] [org.gradle.internal.operations.DefaultBuildOperationRunner] Build operation 'Resolve httpcore-4.4.15.jar (org.apache.httpcomponents:httpcore:4.4.15)' started
2025-12-28T12:06:59.303+0800 [DEBUG] [org.gradle.internal.operations.DefaultBuildOperationRunner] Completing Build operation 'Resolve jna-5.12.1.jar (net.java.dev.jna:jna:5.12.1)'
2025-12-28T12:06:59.303+0800 [DEBUG] [org.gradle.internal.operations.DefaultBuildOperationRunner] Build operation 'Resolve jna-5.12.1.jar (net.java.dev.jna:jna:5.12.1)' completed
2025-12-28T12:06:59.303+0800 [DEBUG] [org.gradle.internal.operations.DefaultBuildOperationRunner] Build operation 'Resolve log4j-core-2.19.0.jar (org.apache.logging.log4j:log4j-core:2.19.0)' started
2025-12-28T12:06:59.303+0800 [DEBUG] [org.gradle.internal.operations.DefaultBuildOperationRunner] Completing Build operation 'Resolve httpcore-4.4.15.jar (org.apache.httpcomponents:httpcore:4.4.15)'
2025-12-28T12:06:59.303+0800 [DEBUG] [org.gradle.internal.operations.DefaultBuildOperationRunner] Build operation 'Resolve httpcore-4.4.15.jar (org.apache.httpcomponents:httpcore:4.4.15)' completed
2025-12-28T12:06:59.304+0800 [DEBUG] [org.gradle.internal.operations.DefaultBuildOperationRunner] Build operation 'Resolve log4j-slf4j2-impl-2.19.0.jar (org.apache.logging.log4j:log4j-slf4j2-impl:2.19.0)' started
2025-12-28T12:06:59.304+0800 [DEBUG] [org.gradle.internal.operations.DefaultBuildOperationRunner] Completing Build operation 'Resolve netty-codec-4.1.82.Final.jar (io.netty:netty-codec:4.1.82.Final)'
2025-12-28T12:06:59.304+0800 [DEBUG] [org.gradle.internal.operations.DefaultBuildOperationRunner] Build operation 'Resolve netty-codec-4.1.82.Final.jar (io.netty:netty-codec:4.1.82.Final)' completed
2025-12-28T12:06:59.305+0800 [DEBUG] [org.gradle.internal.operations.DefaultBuildOperationRunner] Build operation 'Resolve log4j-api-2.19.0.jar (org.apache.logging.log4j:log4j-api:2.19.0)' started
2025-12-28T12:06:59.305+0800 [DEBUG] [org.gradle.internal.operations.DefaultBuildOperationRunner] Completing Build operation 'Resolve log4j-slf4j2-impl-2.19.0.jar (org.apache.logging.log4j:log4j-slf4j2-impl:2.19.0)'
2025-12-28T12:06:59.305+0800 [DEBUG] [org.gradle.internal.operations.DefaultBuildOperationRunner] Build operation 'Resolve log4j-slf4j2-impl-2.19.0.jar (org.apache.logging.log4j:log4j-slf4j2-impl:2.19.0)' completed
2025-12-28T12:06:59.305+0800 [DEBUG] [org.gradle.internal.operations.DefaultBuildOperationRunner] Build operation 'Resolve joml-1.10.5.jar (org.joml:joml:1.10.5)' started
2025-12-28T12:06:59.306+0800 [DEBUG] [org.gradle.internal.operations.DefaultBuildOperationRunner] Completing Build operation 'Resolve log4j-api-2.19.0.jar (org.apache.logging.log4j:log4j-api:2.19.0)'
2025-12-28T12:06:59.306+0800 [DEBUG] [org.gradle.internal.operations.DefaultBuildOperationRunner] Build operation 'Resolve log4j-api-2.19.0.jar (org.apache.logging.log4j:log4j-api:2.19.0)' completed
2025-12-28T12:06:59.306+0800 [DEBUG] [org.gradle.internal.operations.DefaultBuildOperationRunner] Build operation 'Resolve lwjgl-glfw-3.3.1.jar (org.lwjgl:lwjgl-glfw:3.3.1)' started
2025-12-28T12:06:59.307+0800 [DEBUG] [org.gradle.internal.operations.DefaultBuildOperationRunner] Completing Build operation 'Resolve joml-1.10.5.jar (org.joml:joml:1.10.5)'
2025-12-28T12:06:59.307+0800 [DEBUG] [org.gradle.internal.operations.DefaultBuildOperationRunner] Build operation 'Resolve joml-1.10.5.jar (org.joml:joml:1.10.5)' completed
2025-12-28T12:06:59.308+0800 [DEBUG] [org.gradle.internal.operations.DefaultBuildOperationRunner] Build operation 'Resolve lwjgl-glfw-3.3.1-natives-windows.jar (org.lwjgl:lwjgl-glfw:3.3.1)' started
2025-12-28T12:06:59.308+0800 [DEBUG] [org.gradle.internal.operations.DefaultBuildOperationRunner] Completing Build operation 'Resolve log4j-core-2.19.0.jar (org.apache.logging.log4j:log4j-core:2.19.0)'
2025-12-28T12:06:59.308+0800 [DEBUG] [org.gradle.internal.operations.DefaultBuildOperationRunner] Build operation 'Resolve log4j-core-2.19.0.jar (org.apache.logging.log4j:log4j-core:2.19.0)' completed
2025-12-28T12:06:59.308+0800 [DEBUG] [org.gradle.internal.operations.DefaultBuildOperationRunner] Build operation 'Resolve lwjgl-glfw-3.3.1-natives-windows-arm64.jar (org.lwjgl:lwjgl-glfw:3.3.1)' started
2025-12-28T12:06:59.309+0800 [DEBUG] [org.gradle.internal.operations.DefaultBuildOperationRunner] Completing Build operation 'Resolve netty-transport-classes-epoll-4.1.82.Final.jar (io.netty:netty-transport-classes-epoll:4.1.82.Final)'
2025-12-28T12:06:59.309+0800 [DEBUG] [org.gradle.internal.operations.DefaultBuildOperationRunner] Build operation 'Resolve netty-transport-classes-epoll-4.1.82.Final.jar (io.netty:netty-transport-classes-epoll:4.1.82.Final)' completed
2025-12-28T12:06:59.310+0800 [DEBUG] [org.gradle.internal.operations.DefaultBuildOperationRunner] Build operation 'Resolve lwjgl-glfw-3.3.1-natives-windows-x86.jar (org.lwjgl:lwjgl-glfw:3.3.1)' started
2025-12-28T12:06:59.310+0800 [DEBUG] [org.gradle.internal.operations.DefaultBuildOperationRunner] Completing Build operation 'Resolve lwjgl-glfw-3.3.1-natives-windows.jar (org.lwjgl:lwjgl-glfw:3.3.1)'
2025-12-28T12:06:59.310+0800 [DEBUG] [org.gradle.internal.operations.DefaultBuildOperationRunner] Build operation 'Resolve lwjgl-glfw-3.3.1-natives-windows.jar (org.lwjgl:lwjgl-glfw:3.3.1)' completed
2025-12-28T12:06:59.311+0800 [DEBUG] [org.gradle.internal.operations.DefaultBuildOperationRunner] Build operation 'Resolve lwjgl-jemalloc-3.3.1.jar (org.lwjgl:lwjgl-jemalloc:3.3.1)' started
2025-12-28T12:06:59.311+0800 [DEBUG] [org.gradle.internal.operations.DefaultBuildOperationRunner] Completing Build operation 'Resolve commons-lang3-3.12.0.jar (org.apache.commons:commons-lang3:3.12.0)'
2025-12-28T12:06:59.311+0800 [DEBUG] [org.gradle.internal.operations.DefaultBuildOperationRunner] Build operation 'Resolve lwjgl-jemalloc-3.3.1-natives-windows.jar (org.lwjgl:lwjgl-jemalloc:3.3.1)' started
2025-12-28T12:06:59.312+0800 [DEBUG] [org.gradle.internal.operations.DefaultBuildOperationRunner] Completing Build operation 'Resolve netty-resolver-4.1.82.Final.jar (io.netty:netty-resolver:4.1.82.Final)'
2025-12-28T12:06:59.312+0800 [DEBUG] [org.gradle.internal.operations.DefaultBuildOperationRunner] Build operation 'Resolve netty-resolver-4.1.82.Final.jar (io.netty:netty-resolver:4.1.82.Final)' completed
2025-12-28T12:06:59.312+0800 [DEBUG] [org.gradle.internal.operations.DefaultBuildOperationRunner] Build operation 'Resolve lwjgl-jemalloc-3.3.1-natives-windows-arm64.jar (org.lwjgl:lwjgl-jemalloc:3.3.1)' started
2025-12-28T12:06:59.313+0800 [DEBUG] [org.gradle.internal.operations.DefaultBuildOperationRunner] Completing Build operation 'Resolve lwjgl-glfw-3.3.1-natives-windows-x86.jar (org.lwjgl:lwjgl-glfw:3.3.1)'
2025-12-28T12:06:59.313+0800 [DEBUG] [org.gradle.internal.operations.DefaultBuildOperationRunner] Build operation 'Resolve lwjgl-glfw-3.3.1-natives-windows-x86.jar (org.lwjgl:lwjgl-glfw:3.3.1)' completed
2025-12-28T12:06:59.314+0800 [DEBUG] [org.gradle.internal.operations.DefaultBuildOperationRunner] Build operation 'Resolve lwjgl-jemalloc-3.3.1-natives-windows-x86.jar (org.lwjgl:lwjgl-jemalloc:3.3.1)' started
2025-12-28T12:06:59.314+0800 [DEBUG] [org.gradle.internal.operations.DefaultBuildOperationRunner] Completing Build operation 'Resolve commons-compress-1.21.jar (org.apache.commons:commons-compress:1.21)'
2025-12-28T12:06:59.314+0800 [DEBUG] [org.gradle.internal.operations.DefaultBuildOperationRunner] Build operation 'Resolve commons-compress-1.21.jar (org.apache.commons:commons-compress:1.21)' completed
2025-12-28T12:06:59.315+0800 [DEBUG] [org.gradle.internal.operations.DefaultBuildOperationRunner] Build operation 'Resolve lwjgl-openal-3.3.1.jar (org.lwjgl:lwjgl-openal:3.3.1)' started
2025-12-28T12:06:59.316+0800 [DEBUG] [org.gradle.internal.operations.DefaultBuildOperationRunner] Completing Build operation 'Resolve lwjgl-jemalloc-3.3.1-natives-windows-arm64.jar (org.lwjgl:lwjgl-jemalloc:3.3.1)'
2025-12-28T12:06:59.316+0800 [DEBUG] [org.gradle.internal.operations.DefaultBuildOperationRunner] Build operation 'Resolve lwjgl-jemalloc-3.3.1-natives-windows-arm64.jar (org.lwjgl:lwjgl-jemalloc:3.3.1)' completed
2025-12-28T12:06:59.316+0800 [DEBUG] [org.gradle.internal.operations.DefaultBuildOperationRunner] Build operation 'Resolve lwjgl-openal-3.3.1-natives-windows.jar (org.lwjgl:lwjgl-openal:3.3.1)' started
2025-12-28T12:06:59.317+0800 [DEBUG] [org.gradle.internal.operations.DefaultBuildOperationRunner] Completing Build operation 'Resolve lwjgl-glfw-3.3.1.jar (org.lwjgl:lwjgl-glfw:3.3.1)'
2025-12-28T12:06:59.317+0800 [DEBUG] [org.gradle.internal.operations.DefaultBuildOperationRunner] Build operation 'Resolve lwjgl-glfw-3.3.1.jar (org.lwjgl:lwjgl-glfw:3.3.1)' completed
2025-12-28T12:06:59.317+0800 [DEBUG] [org.gradle.internal.operations.DefaultBuildOperationRunner] Build operation 'Resolve lwjgl-openal-3.3.1-natives-windows-arm64.jar (org.lwjgl:lwjgl-openal:3.3.1)' started
2025-12-28T12:06:59.318+0800 [DEBUG] [org.gradle.internal.operations.DefaultBuildOperationRunner] Completing Build operation 'Resolve lwjgl-glfw-3.3.1-natives-windows-arm64.jar (org.lwjgl:lwjgl-glfw:3.3.1)'
2025-12-28T12:06:59.319+0800 [DEBUG] [org.gradle.internal.operations.DefaultBuildOperationRunner] Build operation 'Resolve lwjgl-glfw-3.3.1-natives-windows-arm64.jar (org.lwjgl:lwjgl-glfw:3.3.1)' completed
2025-12-28T12:06:59.319+0800 [DEBUG] [org.gradle.internal.operations.DefaultBuildOperationRunner] Build operation 'Resolve lwjgl-openal-3.3.1-natives-windows-x86.jar (org.lwjgl:lwjgl-openal:3.3.1)' started
2025-12-28T12:06:59.319+0800 [DEBUG] [org.gradle.internal.operations.DefaultBuildOperationRunner] Completing Build operation 'Resolve lwjgl-openal-3.3.1-natives-windows-arm64.jar (org.lwjgl:lwjgl-openal:3.3.1)'
2025-12-28T12:06:59.320+0800 [DEBUG] [org.gradle.internal.operations.DefaultBuildOperationRunner] Build operation 'Resolve lwjgl-openal-3.3.1-natives-windows-arm64.jar (org.lwjgl:lwjgl-openal:3.3.1)' completed
2025-12-28T12:06:59.320+0800 [DEBUG] [org.gradle.internal.operations.DefaultBuildOperationRunner] Build operation 'Resolve lwjgl-opengl-3.3.1.jar (org.lwjgl:lwjgl-opengl:3.3.1)' started
2025-12-28T12:06:59.321+0800 [DEBUG] [org.gradle.internal.operations.DefaultBuildOperationRunner] Completing Build operation 'Resolve lwjgl-openal-3.3.1-natives-windows.jar (org.lwjgl:lwjgl-openal:3.3.1)'
2025-12-28T12:06:59.321+0800 [DEBUG] [org.gradle.internal.operations.DefaultBuildOperationRunner] Build operation 'Resolve lwjgl-openal-3.3.1-natives-windows.jar (org.lwjgl:lwjgl-openal:3.3.1)' completed
2025-12-28T12:06:59.321+0800 [DEBUG] [org.gradle.internal.operations.DefaultBuildOperationRunner] Build operation 'Resolve lwjgl-opengl-3.3.1-natives-windows.jar (org.lwjgl:lwjgl-opengl:3.3.1)' started
2025-12-28T12:06:59.322+0800 [DEBUG] [org.gradle.internal.operations.DefaultBuildOperationRunner] Completing Build operation 'Resolve lwjgl-jemalloc-3.3.1.jar (org.lwjgl:lwjgl-jemalloc:3.3.1)'
2025-12-28T12:06:59.322+0800 [DEBUG] [org.gradle.internal.operations.DefaultBuildOperationRunner] Build operation 'Resolve lwjgl-jemalloc-3.3.1.jar (org.lwjgl:lwjgl-jemalloc:3.3.1)' completed
2025-12-28T12:06:59.322+0800 [DEBUG] [org.gradle.internal.operations.DefaultBuildOperationRunner] Build operation 'Resolve lwjgl-opengl-3.3.1-natives-windows-arm64.jar (org.lwjgl:lwjgl-opengl:3.3.1)' started
2025-12-28T12:06:59.322+0800 [DEBUG] [org.gradle.internal.operations.DefaultBuildOperationRunner] Completing Build operation 'Resolve lwjgl-openal-3.3.1-natives-windows-x86.jar (org.lwjgl:lwjgl-openal:3.3.1)'
2025-12-28T12:06:59.322+0800 [DEBUG] [org.gradle.internal.operations.DefaultBuildOperationRunner] Build operation 'Resolve lwjgl-openal-3.3.1-natives-windows-x86.jar (org.lwjgl:lwjgl-openal:3.3.1)' completed
2025-12-28T12:06:59.322+0800 [DEBUG] [org.gradle.internal.operations.DefaultBuildOperationRunner] Build operation 'Resolve lwjgl-opengl-3.3.1-natives-windows-x86.jar (org.lwjgl:lwjgl-opengl:3.3.1)' started
2025-12-28T12:06:59.323+0800 [DEBUG] [org.gradle.internal.operations.DefaultBuildOperationRunner] Completing Build operation 'Resolve lwjgl-opengl-3.3.1-natives-windows.jar (org.lwjgl:lwjgl-opengl:3.3.1)'
2025-12-28T12:06:59.323+0800 [DEBUG] [org.gradle.internal.operations.DefaultBuildOperationRunner] Build operation 'Resolve lwjgl-opengl-3.3.1-natives-windows.jar (org.lwjgl:lwjgl-opengl:3.3.1)' completed
2025-12-28T12:06:59.323+0800 [DEBUG] [org.gradle.internal.operations.DefaultBuildOperationRunner] Build operation 'Resolve lwjgl-stb-3.3.1.jar (org.lwjgl:lwjgl-stb:3.3.1)' started
2025-12-28T12:06:59.324+0800 [DEBUG] [org.gradle.internal.operations.DefaultBuildOperationRunner] Completing Build operation 'Resolve lwjgl-opengl-3.3.1-natives-windows-x86.jar (org.lwjgl:lwjgl-opengl:3.3.1)'
2025-12-28T12:06:59.324+0800 [DEBUG] [org.gradle.internal.operations.DefaultBuildOperationRunner] Build operation 'Resolve lwjgl-opengl-3.3.1-natives-windows-x86.jar (org.lwjgl:lwjgl-opengl:3.3.1)' completed
2025-12-28T12:06:59.324+0800 [DEBUG] [org.gradle.internal.operations.DefaultBuildOperationRunner] Build operation 'Resolve lwjgl-stb-3.3.1-natives-windows.jar (org.lwjgl:lwjgl-stb:3.3.1)' started
2025-12-28T12:06:59.324+0800 [DEBUG] [org.gradle.internal.operations.DefaultBuildOperationRunner] Completing Build operation 'Resolve lwjgl-openal-3.3.1.jar (org.lwjgl:lwjgl-openal:3.3.1)'
2025-12-28T12:06:59.324+0800 [DEBUG] [org.gradle.internal.operations.DefaultBuildOperationRunner] Build operation 'Resolve lwjgl-openal-3.3.1.jar (org.lwjgl:lwjgl-openal:3.3.1)' completed
2025-12-28T12:06:59.324+0800 [DEBUG] [org.gradle.internal.operations.DefaultBuildOperationRunner] Build operation 'Resolve lwjgl-stb-3.3.1-natives-windows-arm64.jar (org.lwjgl:lwjgl-stb:3.3.1)' started
2025-12-28T12:06:59.325+0800 [DEBUG] [org.gradle.internal.operations.DefaultBuildOperationRunner] Completing Build operation 'Resolve lwjgl-jemalloc-3.3.1-natives-windows.jar (org.lwjgl:lwjgl-jemalloc:3.3.1)'
2025-12-28T12:06:59.325+0800 [DEBUG] [org.gradle.internal.operations.DefaultBuildOperationRunner] Build operation 'Resolve lwjgl-stb-3.3.1-natives-windows-x86.jar (org.lwjgl:lwjgl-stb:3.3.1)' started
2025-12-28T12:06:59.326+0800 [DEBUG] [org.gradle.internal.operations.DefaultBuildOperationRunner] Completing Build operation 'Resolve lwjgl-jemalloc-3.3.1-natives-windows-x86.jar (org.lwjgl:lwjgl-jemalloc:3.3.1)'
2025-12-28T12:06:59.326+0800 [DEBUG] [org.gradle.internal.operations.DefaultBuildOperationRunner] Build operation 'Resolve lwjgl-jemalloc-3.3.1-natives-windows-x86.jar (org.lwjgl:lwjgl-jemalloc:3.3.1)' completed
2025-12-28T12:06:59.326+0800 [DEBUG] [org.gradle.internal.operations.DefaultBuildOperationRunner] Build operation 'Resolve lwjgl-tinyfd-3.3.1.jar (org.lwjgl:lwjgl-tinyfd:3.3.1)' started
2025-12-28T12:06:59.326+0800 [DEBUG] [org.gradle.internal.operations.DefaultBuildOperationRunner] Completing Build operation 'Resolve lwjgl-opengl-3.3.1.jar (org.lwjgl:lwjgl-opengl:3.3.1)'
2025-12-28T12:06:59.326+0800 [DEBUG] [org.gradle.internal.operations.DefaultBuildOperationRunner] Build operation 'Resolve lwjgl-opengl-3.3.1.jar (org.lwjgl:lwjgl-opengl:3.3.1)' completed
2025-12-28T12:06:59.327+0800 [DEBUG] [org.gradle.internal.operations.DefaultBuildOperationRunner] Build operation 'Resolve lwjgl-tinyfd-3.3.1-natives-windows.jar (org.lwjgl:lwjgl-tinyfd:3.3.1)' started
2025-12-28T12:06:59.327+0800 [DEBUG] [org.gradle.internal.operations.DefaultBuildOperationRunner] Completing Build operation 'Resolve lwjgl-opengl-3.3.1-natives-windows-arm64.jar (org.lwjgl:lwjgl-opengl:3.3.1)'
2025-12-28T12:06:59.327+0800 [DEBUG] [org.gradle.internal.operations.DefaultBuildOperationRunner] Build operation 'Resolve lwjgl-opengl-3.3.1-natives-windows-arm64.jar (org.lwjgl:lwjgl-opengl:3.3.1)' completed
2025-12-28T12:06:59.327+0800 [DEBUG] [org.gradle.internal.operations.DefaultBuildOperationRunner] Build operation 'Resolve lwjgl-tinyfd-3.3.1-natives-windows-arm64.jar (org.lwjgl:lwjgl-tinyfd:3.3.1)' started
2025-12-28T12:06:59.328+0800 [DEBUG] [org.gradle.internal.operations.DefaultBuildOperationRunner] Completing Build operation 'Resolve lwjgl-tinyfd-3.3.1-natives-windows.jar (org.lwjgl:lwjgl-tinyfd:3.3.1)'
2025-12-28T12:06:59.328+0800 [DEBUG] [org.gradle.internal.operations.DefaultBuildOperationRunner] Build operation 'Resolve lwjgl-tinyfd-3.3.1-natives-windows.jar (org.lwjgl:lwjgl-tinyfd:3.3.1)' completed
2025-12-28T12:06:59.328+0800 [DEBUG] [org.gradle.internal.operations.DefaultBuildOperationRunner] Build operation 'Resolve lwjgl-tinyfd-3.3.1-natives-windows-x86.jar (org.lwjgl:lwjgl-tinyfd:3.3.1)' started
2025-12-28T12:06:59.328+0800 [DEBUG] [org.gradle.internal.operations.DefaultBuildOperationRunner] Completing Build operation 'Resolve lwjgl-tinyfd-3.3.1-natives-windows-arm64.jar (org.lwjgl:lwjgl-tinyfd:3.3.1)'
2025-12-28T12:06:59.328+0800 [DEBUG] [org.gradle.internal.operations.DefaultBuildOperationRunner] Build operation 'Resolve lwjgl-tinyfd-3.3.1-natives-windows-arm64.jar (org.lwjgl:lwjgl-tinyfd:3.3.1)' completed
2025-12-28T12:06:59.329+0800 [DEBUG] [org.gradle.internal.operations.DefaultBuildOperationRunner] Build operation 'Resolve lwjgl-3.3.1.jar (org.lwjgl:lwjgl:3.3.1)' started
2025-12-28T12:06:59.329+0800 [DEBUG] [org.gradle.internal.operations.DefaultBuildOperationRunner] Completing Build operation 'Resolve lwjgl-tinyfd-3.3.1.jar (org.lwjgl:lwjgl-tinyfd:3.3.1)'
2025-12-28T12:06:59.329+0800 [DEBUG] [org.gradle.internal.operations.DefaultBuildOperationRunner] Build operation 'Resolve lwjgl-tinyfd-3.3.1.jar (org.lwjgl:lwjgl-tinyfd:3.3.1)' completed
2025-12-28T12:06:59.330+0800 [DEBUG] [org.gradle.internal.operations.DefaultBuildOperationRunner] Build operation 'Resolve lwjgl-3.3.1-natives-windows.jar (org.lwjgl:lwjgl:3.3.1)' started
2025-12-28T12:06:59.330+0800 [DEBUG] [org.gradle.internal.operations.DefaultBuildOperationRunner] Completing Build operation 'Resolve lwjgl-stb-3.3.1.jar (org.lwjgl:lwjgl-stb:3.3.1)'
2025-12-28T12:06:59.330+0800 [DEBUG] [org.gradle.internal.operations.DefaultBuildOperationRunner] Build operation 'Resolve lwjgl-stb-3.3.1.jar (org.lwjgl:lwjgl-stb:3.3.1)' completed
2025-12-28T12:06:59.330+0800 [DEBUG] [org.gradle.internal.operations.DefaultBuildOperationRunner] Build operation 'Resolve lwjgl-3.3.1-natives-windows-arm64.jar (org.lwjgl:lwjgl:3.3.1)' started
2025-12-28T12:06:59.331+0800 [DEBUG] [org.gradle.internal.operations.DefaultBuildOperationRunner] Completing Build operation 'Resolve lwjgl-3.3.1-natives-windows.jar (org.lwjgl:lwjgl:3.3.1)'
2025-12-28T12:06:59.331+0800 [DEBUG] [org.gradle.internal.operations.DefaultBuildOperationRunner] Build operation 'Resolve lwjgl-3.3.1-natives-windows.jar (org.lwjgl:lwjgl:3.3.1)' completed
2025-12-28T12:06:59.331+0800 [DEBUG] [org.gradle.internal.operations.DefaultBuildOperationRunner] Build operation 'Resolve lwjgl-3.3.1-natives-windows-x86.jar (org.lwjgl:lwjgl:3.3.1)' started
2025-12-28T12:06:59.331+0800 [DEBUG] [org.gradle.internal.operations.DefaultBuildOperationRunner] Completing Build operation 'Resolve lwjgl-stb-3.3.1-natives-windows.jar (org.lwjgl:lwjgl-stb:3.3.1)'
2025-12-28T12:06:59.332+0800 [DEBUG] [org.gradle.internal.operations.DefaultBuildOperationRunner] Build operation 'Resolve lwjgl-stb-3.3.1-natives-windows.jar (org.lwjgl:lwjgl-stb:3.3.1)' completed
2025-12-28T12:06:59.332+0800 [DEBUG] [org.gradle.internal.operations.DefaultBuildOperationRunner] Build operation 'Resolve noexception-1.7.1.jar (com.machinezoo.noexception:noexception:1.7.1)' started
2025-12-28T12:06:59.332+0800 [DEBUG] [org.gradle.internal.operations.DefaultBuildOperationRunner] Completing Build operation 'Resolve lwjgl-tinyfd-3.3.1-natives-windows-x86.jar (org.lwjgl:lwjgl-tinyfd:3.3.1)'
2025-12-28T12:06:59.332+0800 [DEBUG] [org.gradle.internal.operations.DefaultBuildOperationRunner] Build operation 'Resolve lwjgl-tinyfd-3.3.1-natives-windows-x86.jar (org.lwjgl:lwjgl-tinyfd:3.3.1)' completed
2025-12-28T12:06:59.332+0800 [DEBUG] [org.gradle.internal.operations.DefaultBuildOperationRunner] Build operation 'Resolve slf4j-simple-1.7.30.jar (org.slf4j:slf4j-simple:1.7.30)' started
2025-12-28T12:06:59.333+0800 [DEBUG] [org.gradle.internal.operations.DefaultBuildOperationRunner] Completing Build operation 'Resolve lwjgl-stb-3.3.1-natives-windows-arm64.jar (org.lwjgl:lwjgl-stb:3.3.1)'
2025-12-28T12:06:59.333+0800 [DEBUG] [org.gradle.internal.operations.DefaultBuildOperationRunner] Build operation 'Resolve lwjgl-stb-3.3.1-natives-windows-arm64.jar (org.lwjgl:lwjgl-stb:3.3.1)' completed
2025-12-28T12:06:59.333+0800 [DEBUG] [org.gradle.internal.operations.DefaultBuildOperationRunner] Build operation 'Resolve slf4j-api-2.0.1.jar (org.slf4j:slf4j-api:2.0.1)' started
2025-12-28T12:06:59.333+0800 [DEBUG] [org.gradle.internal.operations.DefaultBuildOperationRunner] Completing Build operation 'Resolve slf4j-simple-1.7.30.jar (org.slf4j:slf4j-simple:1.7.30)'
2025-12-28T12:06:59.333+0800 [DEBUG] [org.gradle.internal.operations.DefaultBuildOperationRunner] Build operation 'Resolve slf4j-simple-1.7.30.jar (org.slf4j:slf4j-simple:1.7.30)' completed
2025-12-28T12:06:59.334+0800 [DEBUG] [org.gradle.internal.operations.DefaultBuildOperationRunner] Build operation 'Resolve srgutils-0.4.15.jar (net.minecraftforge:srgutils:0.4.15)' started
2025-12-28T12:06:59.334+0800 [DEBUG] [org.gradle.internal.operations.DefaultBuildOperationRunner] Completing Build operation 'Resolve slf4j-api-2.0.1.jar (org.slf4j:slf4j-api:2.0.1)'
2025-12-28T12:06:59.334+0800 [DEBUG] [org.gradle.internal.operations.DefaultBuildOperationRunner] Build operation 'Resolve slf4j-api-2.0.1.jar (org.slf4j:slf4j-api:2.0.1)' completed
2025-12-28T12:06:59.334+0800 [DEBUG] [org.gradle.internal.operations.DefaultBuildOperationRunner] Build operation 'Resolve plexus-utils-3.3.0.jar (org.codehaus.plexus:plexus-utils:3.3.0)' started
2025-12-28T12:06:59.335+0800 [DEBUG] [org.gradle.internal.operations.DefaultBuildOperationRunner] Completing Build operation 'Resolve lwjgl-stb-3.3.1-natives-windows-x86.jar (org.lwjgl:lwjgl-stb:3.3.1)'
2025-12-28T12:06:59.335+0800 [DEBUG] [org.gradle.internal.operations.DefaultBuildOperationRunner] Build operation 'Resolve listenablefuture-9999.0-empty-to-avoid-conflict-with-guava.jar (com.google.guava:listenablefuture:9999.0-empty-to-avoid-conflict-with-guava)' started
2025-12-28T12:06:59.335+0800 [DEBUG] [org.gradle.internal.operations.DefaultBuildOperationRunner] Completing Build operation 'Resolve srgutils-0.4.15.jar (net.minecraftforge:srgutils:0.4.15)'
2025-12-28T12:06:59.335+0800 [DEBUG] [org.gradle.internal.operations.DefaultBuildOperationRunner] Build operation 'Resolve srgutils-0.4.15.jar (net.minecraftforge:srgutils:0.4.15)' completed
2025-12-28T12:06:59.335+0800 [DEBUG] [org.gradle.internal.operations.DefaultBuildOperationRunner] Build operation 'Resolve checker-qual-3.12.0.jar (org.checkerframework:checker-qual:3.12.0)' started
2025-12-28T12:06:59.336+0800 [DEBUG] [org.gradle.internal.operations.DefaultBuildOperationRunner] Completing Build operation 'Resolve lwjgl-3.3.1.jar (org.lwjgl:lwjgl:3.3.1)'
2025-12-28T12:06:59.336+0800 [DEBUG] [org.gradle.internal.operations.DefaultBuildOperationRunner] Build operation 'Resolve lwjgl-3.3.1.jar (org.lwjgl:lwjgl:3.3.1)' completed
2025-12-28T12:06:59.336+0800 [DEBUG] [org.gradle.internal.operations.DefaultBuildOperationRunner] Build operation 'Resolve error_prone_annotations-2.11.0.jar (com.google.errorprone:error_prone_annotations:2.11.0)' started
2025-12-28T12:06:59.336+0800 [DEBUG] [org.gradle.internal.operations.DefaultBuildOperationRunner] Completing Build operation 'Resolve checker-qual-3.12.0.jar (org.checkerframework:checker-qual:3.12.0)'
2025-12-28T12:06:59.336+0800 [DEBUG] [org.gradle.internal.operations.DefaultBuildOperationRunner] Build operation 'Resolve checker-qual-3.12.0.jar (org.checkerframework:checker-qual:3.12.0)' completed
2025-12-28T12:06:59.337+0800 [DEBUG] [org.gradle.internal.operations.DefaultBuildOperationRunner] Build operation 'Resolve j2objc-annotations-1.3.jar (com.google.j2objc:j2objc-annotations:1.3)' started
2025-12-28T12:06:59.340+0800 [DEBUG] [org.gradle.internal.operations.DefaultBuildOperationRunner] Completing Build operation 'Resolve lwjgl-3.3.1-natives-windows-arm64.jar (org.lwjgl:lwjgl:3.3.1)'
2025-12-28T12:06:59.340+0800 [DEBUG] [org.gradle.internal.operations.DefaultBuildOperationRunner] Build operation 'Resolve lwjgl-3.3.1-natives-windows-arm64.jar (org.lwjgl:lwjgl:3.3.1)' completed
2025-12-28T12:06:59.341+0800 [DEBUG] [org.gradle.internal.operations.DefaultBuildOperationRunner] Build operation 'Resolve ST4-4.3.jar (org.antlr:ST4:4.3)' started
2025-12-28T12:06:59.341+0800 [DEBUG] [org.gradle.internal.operations.DefaultBuildOperationRunner] Completing Build operation 'Resolve lwjgl-3.3.1-natives-windows-x86.jar (org.lwjgl:lwjgl:3.3.1)'
2025-12-28T12:06:59.341+0800 [DEBUG] [org.gradle.internal.operations.DefaultBuildOperationRunner] Build operation 'Resolve lwjgl-3.3.1-natives-windows-x86.jar (org.lwjgl:lwjgl:3.3.1)' completed
2025-12-28T12:06:59.342+0800 [DEBUG] [org.gradle.internal.operations.DefaultBuildOperationRunner] Build operation 'Resolve antlr-runtime-3.5.2.jar (org.antlr:antlr-runtime:3.5.2)' started
2025-12-28T12:06:59.342+0800 [DEBUG] [org.gradle.internal.operations.DefaultBuildOperationRunner] Completing Build operation 'Resolve noexception-1.7.1.jar (com.machinezoo.noexception:noexception:1.7.1)'
2025-12-28T12:06:59.342+0800 [DEBUG] [org.gradle.internal.operations.DefaultBuildOperationRunner] Build operation 'Resolve noexception-1.7.1.jar (com.machinezoo.noexception:noexception:1.7.1)' completed
2025-12-28T12:06:59.342+0800 [DEBUG] [org.gradle.internal.operations.DefaultBuildOperationRunner] Build operation 'Resolve org.abego.treelayout.core-1.0.3.jar (org.abego.treelayout:org.abego.treelayout.core:1.0.3)' started
2025-12-28T12:06:59.344+0800 [DEBUG] [org.gradle.internal.operations.DefaultBuildOperationRunner] Completing Build operation 'Resolve plexus-utils-3.3.0.jar (org.codehaus.plexus:plexus-utils:3.3.0)'
2025-12-28T12:06:59.344+0800 [DEBUG] [org.gradle.internal.operations.DefaultBuildOperationRunner] Build operation 'Resolve plexus-utils-3.3.0.jar (org.codehaus.plexus:plexus-utils:3.3.0)' completed
2025-12-28T12:06:59.344+0800 [DEBUG] [org.gradle.internal.operations.DefaultBuildOperationRunner] Build operation 'Resolve javax.json-1.0.4.jar (org.glassfish:javax.json:1.0.4)' started
2025-12-28T12:06:59.344+0800 [DEBUG] [org.gradle.internal.operations.DefaultBuildOperationRunner] Completing Build operation 'Resolve antlr-runtime-3.5.2.jar (org.antlr:antlr-runtime:3.5.2)'
2025-12-28T12:06:59.344+0800 [DEBUG] [org.gradle.internal.operations.DefaultBuildOperationRunner] Build operation 'Resolve antlr-runtime-3.5.2.jar (org.antlr:antlr-runtime:3.5.2)' completed
2025-12-28T12:06:59.345+0800 [DEBUG] [org.gradle.internal.resources.AbstractTrackedResourceLock] Unconstrained build operations Thread 41: released lock on worker lease
2025-12-28T12:06:59.345+0800 [DEBUG] [org.gradle.internal.operations.DefaultBuildOperationRunner] Completing Build operation 'Resolve error_prone_annotations-2.11.0.jar (com.google.errorprone:error_prone_annotations:2.11.0)'
2025-12-28T12:06:59.345+0800 [DEBUG] [org.gradle.internal.operations.DefaultBuildOperationRunner] Build operation 'Resolve error_prone_annotations-2.11.0.jar (com.google.errorprone:error_prone_annotations:2.11.0)' completed
2025-12-28T12:06:59.346+0800 [DEBUG] [org.gradle.internal.resources.AbstractTrackedResourceLock] Unconstrained build operations Thread 38: released lock on worker lease
2025-12-28T12:06:59.346+0800 [DEBUG] [org.gradle.internal.operations.DefaultBuildOperationRunner] Completing Build operation 'Resolve ST4-4.3.jar (org.antlr:ST4:4.3)'
2025-12-28T12:06:59.346+0800 [DEBUG] [org.gradle.internal.operations.DefaultBuildOperationRunner] Build operation 'Resolve ST4-4.3.jar (org.antlr:ST4:4.3)' completed
2025-12-28T12:06:59.346+0800 [DEBUG] [org.gradle.internal.resources.AbstractTrackedResourceLock] Unconstrained build operations Thread 39: released lock on worker lease
2025-12-28T12:06:59.347+0800 [DEBUG] [org.gradle.internal.operations.DefaultBuildOperationRunner] Completing Build operation 'Resolve org.abego.treelayout.core-1.0.3.jar (org.abego.treelayout:org.abego.treelayout.core:1.0.3)'
2025-12-28T12:06:59.347+0800 [DEBUG] [org.gradle.internal.operations.DefaultBuildOperationRunner] Build operation 'Resolve org.abego.treelayout.core-1.0.3.jar (org.abego.treelayout:org.abego.treelayout.core:1.0.3)' completed
2025-12-28T12:06:59.347+0800 [DEBUG] [org.gradle.internal.resources.AbstractTrackedResourceLock] Unconstrained build operations Thread 36: released lock on worker lease
2025-12-28T12:06:59.348+0800 [DEBUG] [org.gradle.internal.operations.DefaultBuildOperationRunner] Completing Build operation 'Resolve javax.json-1.0.4.jar (org.glassfish:javax.json:1.0.4)'
2025-12-28T12:06:59.348+0800 [DEBUG] [org.gradle.internal.operations.DefaultBuildOperationRunner] Build operation 'Resolve javax.json-1.0.4.jar (org.glassfish:javax.json:1.0.4)' completed
2025-12-28T12:06:59.348+0800 [DEBUG] [org.gradle.internal.resources.AbstractTrackedResourceLock] Unconstrained build operations Thread 37: released lock on worker lease
2025-12-28T12:06:59.349+0800 [DEBUG] [org.gradle.internal.operations.DefaultBuildOperationRunner] Completing Build operation 'Resolve listenablefuture-9999.0-empty-to-avoid-conflict-with-guava.jar (com.google.guava:listenablefuture:9999.0-empty-to-avoid-conflict-with-guava)'
2025-12-28T12:06:59.353+0800 [DEBUG] [org.gradle.internal.operations.DefaultBuildOperationRunner] Completing Build operation 'Resolve j2objc-annotations-1.3.jar (com.google.j2objc:j2objc-annotations:1.3)'
2025-12-28T12:06:59.353+0800 [DEBUG] [org.gradle.internal.operations.DefaultBuildOperationRunner] Build operation 'Resolve j2objc-annotations-1.3.jar (com.google.j2objc:j2objc-annotations:1.3)' completed
2025-12-28T12:06:59.354+0800 [DEBUG] [org.gradle.internal.resources.AbstractTrackedResourceLock] Unconstrained build operations Thread 40: released lock on worker lease
2025-12-28T12:06:59.400+0800 [DEBUG] [org.gradle.internal.operations.DefaultBuildOperationRunner] Completing Build operation 'Resolve client-1.20.1-extra.jar (net.minecraft:client:1.20.1)'
2025-12-28T12:06:59.400+0800 [DEBUG] [org.gradle.internal.operations.DefaultBuildOperationRunner] Build operation 'Resolve client-1.20.1-extra.jar (net.minecraft:client:1.20.1)' completed
2025-12-28T12:06:59.400+0800 [DEBUG] [org.gradle.internal.resources.AbstractTrackedResourceLock] Unconstrained build operations Thread 35: released lock on worker lease
2025-12-28T12:06:59.401+0800 [DEBUG] [org.gradle.internal.operations.DefaultBuildOperationRunner] Completing Build operation 'Resolve files of configuration ':_compileJava_1''
2025-12-28T12:06:59.409+0800 [DEBUG] [org.gradle.internal.operations.DefaultBuildOperationRunner] Build operation 'Realize task :reobfJar' started
2025-12-28T12:06:59.429+0800 [DEBUG] [org.gradle.internal.operations.DefaultBuildOperationRunner] Completing Build operation 'Realize task :reobfJar'
2025-12-28T12:06:59.434+0800 [DEBUG] [org.gradle.internal.operations.DefaultBuildOperationRunner] Build operation 'Realize task :jarJar' started
2025-12-28T12:06:59.449+0800 [DEBUG] [org.gradle.internal.operations.DefaultBuildOperationRunner] Build operation 'Execute container callback action' started
2025-12-28T12:06:59.450+0800 [DEBUG] [org.gradle.internal.operations.DefaultBuildOperationRunner] Completing Build operation 'Execute container callback action'
2025-12-28T12:06:59.450+0800 [DEBUG] [org.gradle.internal.operations.DefaultBuildOperationRunner] Build operation 'Execute container callback action' started
2025-12-28T12:06:59.450+0800 [DEBUG] [org.gradle.internal.operations.DefaultBuildOperationRunner] Completing Build operation 'Execute container callback action'
2025-12-28T12:06:59.450+0800 [DEBUG] [org.gradle.internal.operations.DefaultBuildOperationRunner] Build operation 'Execute container callback action' started
2025-12-28T12:06:59.452+0800 [DEBUG] [org.gradle.internal.operations.DefaultBuildOperationRunner] Completing Build operation 'Execute container callback action'
2025-12-28T12:06:59.452+0800 [DEBUG] [org.gradle.internal.operations.DefaultBuildOperationRunner] Completing Build operation 'Realize task :jarJar'
2025-12-28T12:06:59.453+0800 [DEBUG] [org.gradle.internal.operations.DefaultBuildOperationRunner] Build operation 'Execute container callback action' started
2025-12-28T12:06:59.453+0800 [DEBUG] [org.gradle.internal.operations.DefaultBuildOperationRunner] Build operation 'Realize task :reobfJarJar' started
2025-12-28T12:06:59.453+0800 [DEBUG] [org.gradle.internal.operations.DefaultBuildOperationRunner] Completing Build operation 'Realize task :reobfJarJar'
2025-12-28T12:06:59.455+0800 [DEBUG] [org.gradle.internal.operations.DefaultBuildOperationRunner] Completing Build operation 'Execute container callback action'
2025-12-28T12:06:59.456+0800 [DEBUG] [org.gradle.internal.operations.DefaultBuildOperationRunner] Build operation 'Realize task :downloadMCMeta' started
2025-12-28T12:06:59.461+0800 [DEBUG] [org.gradle.internal.operations.DefaultBuildOperationRunner] Build operation 'Execute container callback action' started
2025-12-28T12:06:59.461+0800 [DEBUG] [org.gradle.internal.operations.DefaultBuildOperationRunner] Completing Build operation 'Execute container callback action'
2025-12-28T12:06:59.461+0800 [DEBUG] [org.gradle.internal.operations.DefaultBuildOperationRunner] Completing Build operation 'Realize task :downloadMCMeta'
2025-12-28T12:06:59.493+0800 [DEBUG] [org.gradle.internal.operations.DefaultBuildOperationRunner] Build operation 'Register task :copyIntellijResources' started
2025-12-28T12:06:59.493+0800 [DEBUG] [org.gradle.internal.operations.DefaultBuildOperationRunner] Completing Build operation 'Register task :copyIntellijResources'
2025-12-28T12:06:59.495+0800 [DEBUG] [org.gradle.internal.operations.DefaultBuildOperationRunner] Build operation 'Register task :copyEclipseResources' started
2025-12-28T12:06:59.495+0800 [DEBUG] [org.gradle.internal.operations.DefaultBuildOperationRunner] Completing Build operation 'Register task :copyEclipseResources'
2025-12-28T12:06:59.496+0800 [DEBUG] [org.gradle.internal.operations.DefaultBuildOperationRunner] Build operation 'Register task :makeSrcDirs' started
2025-12-28T12:06:59.497+0800 [DEBUG] [org.gradle.internal.operations.DefaultBuildOperationRunner] Completing Build operation 'Register task :makeSrcDirs'
2025-12-28T12:06:59.497+0800 [DEBUG] [org.gradle.internal.operations.DefaultBuildOperationRunner] Build operation 'Register task :prepareRuns' started
2025-12-28T12:06:59.497+0800 [DEBUG] [org.gradle.internal.operations.DefaultBuildOperationRunner] Completing Build operation 'Register task :prepareRuns'
2025-12-28T12:06:59.500+0800 [DEBUG] [org.gradle.internal.operations.DefaultBuildOperationRunner] Completing Build operation 'Execute Project.afterEvaluate listener'
2025-12-28T12:06:59.501+0800 [DEBUG] [org.gradle.internal.operations.DefaultBuildOperationRunner] Completing Build operation 'Notify afterEvaluate listeners of :'
2025-12-28T12:06:57.897+0800 [LIFECYCLE] [org.gradle.internal.logging.progress.ProgressLoggerFactory] 
2025-12-28T12:06:57.897+0800 [LIFECYCLE] [org.gradle.internal.logging.progress.ProgressLoggerFactory] > Configure project :
2025-12-28T12:06:57.928+0800 [DEBUG] [org.gradle.internal.operations.DefaultBuildOperationRunner] Build operation 'Execute container callback action' completed
2025-12-28T12:06:57.928+0800 [DEBUG] [org.gradle.internal.operations.DefaultBuildOperationRunner] Build operation 'Execute container callback action' completed
2025-12-28T12:06:57.954+0800 [DEBUG] [org.gradle.api.internal.artifacts.ivyservice.modulecache.ResolvedArtifactCaches] Creating new in-memory cache for repo 'BUNDELED_-79667784' [28095ca7e524ce9b603906d1cb8a84c8].
2025-12-28T12:06:57.955+0800 [DEBUG] [org.gradle.api.internal.artifacts.ivyservice.modulecache.ResolvedArtifactCaches] Creating new in-memory cache for repo 'maven' [d428587f38ce0bdb35c7627ba43bd63d].
2025-12-28T12:06:57.957+0800 [DEBUG] [org.gradle.api.internal.artifacts.ivyservice.modulecache.ResolvedArtifactCaches] Creating new in-memory cache for repo 'BUNDELED_-444689664' [dc16bb502fb0dae96002ebb0a82aec10].
2025-12-28T12:06:57.957+0800 [DEBUG] [org.gradle.api.internal.artifacts.ivyservice.modulecache.ResolvedArtifactCaches] Creating new in-memory cache for repo 'maven2' [2908f01049577366a123dc97d8d6aea7].
2025-12-28T12:06:57.958+0800 [DEBUG] [org.gradle.api.internal.artifacts.ivyservice.modulecache.ResolvedArtifactCaches] Creating new in-memory cache for repo 'MavenRepo' [26c913274550a0b2221f47a0fe2d2358].
2025-12-28T12:06:57.958+0800 [DEBUG] [org.gradle.api.internal.artifacts.ivyservice.resolveengine.graph.builder.DependencyGraphBuilder] Visiting configuration com.otaku.neoanomalousmight:Neo Anomalous Might:0.0.2-1.20.1(modules_userdev_resolver).
2025-12-28T12:06:57.961+0800 [DEBUG] [org.gradle.api.internal.artifacts.ivyservice.ivyresolve.RepositoryChainComponentMetaDataResolver] Attempting to resolve component for cpw.mods:bootstraplauncher:1.1.2 using repositories [BUNDELED_-79667784, maven, BUNDELED_-444689664, maven2, MavenRepo]
2025-12-28T12:06:57.966+0800 [DEBUG] [org.gradle.api.internal.artifacts.ivyservice.ivyresolve.CachingModuleComponentRepository] Using cached module metadata for module 'cpw.mods:bootstraplauncher:1.1.2' in 'maven'
2025-12-28T12:06:57.966+0800 [DEBUG] [org.gradle.api.internal.artifacts.ivyservice.ivyresolve.RepositoryChainComponentMetaDataResolver] Using cpw.mods:bootstraplauncher:1.1.2 from org.gradle.api.internal.artifacts.ivyservice.ivyresolve.FilteredModuleComponentRepository@538c24
2025-12-28T12:06:57.966+0800 [DEBUG] [org.gradle.api.internal.attributes.matching.DefaultAttributeMatcher] Selected matches [1] from candidates [{org.gradle.category=library, org.gradle.dependency.bundling=external, org.gradle.jvm.version=16, org.gradle.libraryelements=jar, org.gradle.status=release, org.gradle.usage=java-api}, {org.gradle.category=library, org.gradle.dependency.bundling=external, org.gradle.jvm.version=16, org.gradle.libraryelements=jar, org.gradle.status=release, org.gradle.usage=java-runtime}, {org.gradle.category=documentation, org.gradle.dependency.bundling=external, org.gradle.docstype=sources, org.gradle.status=release, org.gradle.usage=java-runtime}] for {}
2025-12-28T12:06:57.967+0800 [DEBUG] [org.gradle.api.internal.artifacts.ivyservice.ivyresolve.RepositoryChainComponentMetaDataResolver] Attempting to resolve component for cpw.mods:securejarhandler:2.1.10 using repositories [BUNDELED_-79667784, maven, BUNDELED_-444689664, maven2, MavenRepo]
2025-12-28T12:06:57.970+0800 [DEBUG] [org.gradle.api.internal.artifacts.ivyservice.ivyresolve.CachingModuleComponentRepository] Using cached module metadata for module 'cpw.mods:securejarhandler:2.1.10' in 'maven'
2025-12-28T12:06:57.970+0800 [DEBUG] [org.gradle.api.internal.artifacts.ivyservice.ivyresolve.RepositoryChainComponentMetaDataResolver] Using cpw.mods:securejarhandler:2.1.10 from org.gradle.api.internal.artifacts.ivyservice.ivyresolve.FilteredModuleComponentRepository@538c24
2025-12-28T12:06:57.970+0800 [DEBUG] [org.gradle.api.internal.attributes.matching.DefaultAttributeMatcher] Selected matches [1] from candidates [{org.gradle.category=library, org.gradle.dependency.bundling=external, org.gradle.jvm.version=16, org.gradle.libraryelements=jar, org.gradle.status=release, org.gradle.usage=java-api}, {org.gradle.category=library, org.gradle.dependency.bundling=external, org.gradle.jvm.version=16, org.gradle.libraryelements=jar, org.gradle.status=release, org.gradle.usage=java-runtime}] for {}
2025-12-28T12:06:57.971+0800 [DEBUG] [org.gradle.api.internal.artifacts.ivyservice.ivyresolve.RepositoryChainComponentMetaDataResolver] Attempting to resolve component for org.ow2.asm:asm-commons:9.8 using repositories [BUNDELED_-79667784, maven, BUNDELED_-444689664, maven2, MavenRepo]
2025-12-28T12:06:57.973+0800 [DEBUG] [org.gradle.api.internal.artifacts.ivyservice.ivyresolve.CachingModuleComponentRepository] Using cached module metadata for module 'org.ow2.asm:asm-commons:9.8' in 'maven'
2025-12-28T12:06:57.974+0800 [DEBUG] [org.gradle.api.internal.artifacts.ivyservice.ivyresolve.RepositoryChainComponentMetaDataResolver] Using org.ow2.asm:asm-commons:9.8 from org.gradle.api.internal.artifacts.ivyservice.ivyresolve.FilteredModuleComponentRepository@538c24
2025-12-28T12:06:57.974+0800 [DEBUG] [org.gradle.api.internal.attributes.matching.DefaultAttributeMatcher] Selected matches [1] from candidates [{org.gradle.category=library, org.gradle.libraryelements=jar, org.gradle.status=release, org.gradle.usage=java-api}, {org.gradle.category=library, org.gradle.libraryelements=jar, org.gradle.status=release, org.gradle.usage=java-runtime}, {org.gradle.category=documentation, org.gradle.dependency.bundling=external, org.gradle.docstype=sources, org.gradle.status=release, org.gradle.usage=java-runtime}, {org.gradle.category=documentation, org.gradle.dependency.bundling=external, org.gradle.docstype=javadoc, org.gradle.status=release, org.gradle.usage=java-runtime}, {org.gradle.category=platform, org.gradle.status=release, org.gradle.usage=java-api}, {org.gradle.category=platform, org.gradle.status=release, org.gradle.usage=java-runtime}, {org.gradle.category=enforced-platform, org.gradle.status=release, org.gradle.usage=java-api}, {org.gradle.category=enforced-platform, org.gradle.status=release, org.gradle.usage=java-runtime}] for {}
2025-12-28T12:06:57.974+0800 [DEBUG] [org.gradle.api.internal.artifacts.ivyservice.ivyresolve.RepositoryChainComponentMetaDataResolver] Attempting to resolve component for org.ow2.asm:asm-util:9.8 using repositories [BUNDELED_-79667784, maven, BUNDELED_-444689664, maven2, MavenRepo]
2025-12-28T12:06:57.977+0800 [DEBUG] [org.gradle.api.internal.artifacts.ivyservice.ivyresolve.CachingModuleComponentRepository] Using cached module metadata for module 'org.ow2.asm:asm-util:9.8' in 'maven'
2025-12-28T12:06:57.977+0800 [DEBUG] [org.gradle.api.internal.artifacts.ivyservice.ivyresolve.RepositoryChainComponentMetaDataResolver] Using org.ow2.asm:asm-util:9.8 from org.gradle.api.internal.artifacts.ivyservice.ivyresolve.FilteredModuleComponentRepository@538c24
2025-12-28T12:06:57.978+0800 [DEBUG] [org.gradle.api.internal.artifacts.ivyservice.ivyresolve.RepositoryChainComponentMetaDataResolver] Attempting to resolve component for org.ow2.asm:asm-analysis:9.8 using repositories [BUNDELED_-79667784, maven, BUNDELED_-444689664, maven2, MavenRepo]
2025-12-28T12:06:57.980+0800 [DEBUG] [org.gradle.api.internal.artifacts.ivyservice.ivyresolve.CachingModuleComponentRepository] Using cached module metadata for module 'org.ow2.asm:asm-analysis:9.8' in 'maven'
2025-12-28T12:06:57.981+0800 [DEBUG] [org.gradle.api.internal.artifacts.ivyservice.ivyresolve.RepositoryChainComponentMetaDataResolver] Using org.ow2.asm:asm-analysis:9.8 from org.gradle.api.internal.artifacts.ivyservice.ivyresolve.FilteredModuleComponentRepository@538c24
2025-12-28T12:06:57.981+0800 [DEBUG] [org.gradle.api.internal.artifacts.ivyservice.ivyresolve.RepositoryChainComponentMetaDataResolver] Attempting to resolve component for org.ow2.asm:asm-tree:9.8 using repositories [BUNDELED_-79667784, maven, BUNDELED_-444689664, maven2, MavenRepo]
2025-12-28T12:06:57.984+0800 [DEBUG] [org.gradle.api.internal.artifacts.ivyservice.ivyresolve.CachingModuleComponentRepository] Using cached module metadata for module 'org.ow2.asm:asm-tree:9.8' in 'maven'
2025-12-28T12:06:57.984+0800 [DEBUG] [org.gradle.api.internal.artifacts.ivyservice.ivyresolve.RepositoryChainComponentMetaDataResolver] Using org.ow2.asm:asm-tree:9.8 from org.gradle.api.internal.artifacts.ivyservice.ivyresolve.FilteredModuleComponentRepository@538c24
2025-12-28T12:06:57.984+0800 [DEBUG] [org.gradle.api.internal.artifacts.ivyservice.ivyresolve.RepositoryChainComponentMetaDataResolver] Attempting to resolve component for org.ow2.asm:asm:9.8 using repositories [BUNDELED_-79667784, maven, BUNDELED_-444689664, maven2, MavenRepo]
2025-12-28T12:06:57.987+0800 [DEBUG] [org.gradle.api.internal.artifacts.ivyservice.ivyresolve.CachingModuleComponentRepository] Using cached module metadata for module 'org.ow2.asm:asm:9.8' in 'maven'
2025-12-28T12:06:57.987+0800 [DEBUG] [org.gradle.api.internal.artifacts.ivyservice.ivyresolve.RepositoryChainComponentMetaDataResolver] Using org.ow2.asm:asm:9.8 from org.gradle.api.internal.artifacts.ivyservice.ivyresolve.FilteredModuleComponentRepository@538c24
2025-12-28T12:06:57.987+0800 [DEBUG] [org.gradle.api.internal.artifacts.ivyservice.ivyresolve.RepositoryChainComponentMetaDataResolver] Attempting to resolve component for net.minecraftforge:JarJarFileSystems:0.3.19 using repositories [BUNDELED_-79667784, maven, BUNDELED_-444689664, maven2, MavenRepo]
2025-12-28T12:06:57.990+0800 [DEBUG] [org.gradle.api.internal.artifacts.ivyservice.ivyresolve.CachingModuleComponentRepository] Using cached module metadata for module 'net.minecraftforge:JarJarFileSystems:0.3.19' in 'maven'
2025-12-28T12:06:57.990+0800 [DEBUG] [org.gradle.api.internal.artifacts.ivyservice.ivyresolve.RepositoryChainComponentMetaDataResolver] Using net.minecraftforge:JarJarFileSystems:0.3.19 from org.gradle.api.internal.artifacts.ivyservice.ivyresolve.FilteredModuleComponentRepository@538c24
2025-12-28T12:06:57.990+0800 [DEBUG] [org.gradle.api.internal.attributes.matching.DefaultAttributeMatcher] Selected matches [1] from candidates [{org.gradle.category=library, org.gradle.dependency.bundling=external, org.gradle.jvm.version=8, org.gradle.libraryelements=jar, org.gradle.status=release, org.gradle.usage=java-api}, {org.gradle.category=library, org.gradle.dependency.bundling=external, org.gradle.jvm.version=8, org.gradle.libraryelements=jar, org.gradle.status=release, org.gradle.usage=java-runtime}, {org.gradle.category=documentation, org.gradle.dependency.bundling=external, org.gradle.docstype=sources, org.gradle.status=release, org.gradle.usage=java-runtime}] for {}
2025-12-28T12:06:57.991+0800 [DEBUG] [org.gradle.api.internal.artifacts.ivyservice.resolveengine.graph.builder.DependencyGraphBuilder] Visiting configuration cpw.mods:bootstraplauncher:1.1.2(runtimeElements).
2025-12-28T12:06:57.991+0800 [DEBUG] [org.gradle.api.internal.artifacts.ivyservice.resolveengine.graph.builder.NodeState] cpw.mods:bootstraplauncher:1.1.2(runtimeElements) has no transitive incoming edges. ignoring outgoing edges.
2025-12-28T12:06:57.991+0800 [DEBUG] [org.gradle.api.internal.artifacts.ivyservice.resolveengine.graph.builder.DependencyGraphBuilder] Visiting configuration cpw.mods:securejarhandler:2.1.10(runtimeElements).
2025-12-28T12:06:57.991+0800 [DEBUG] [org.gradle.api.internal.artifacts.ivyservice.resolveengine.graph.builder.NodeState] cpw.mods:securejarhandler:2.1.10(runtimeElements) has no transitive incoming edges. ignoring outgoing edges.
2025-12-28T12:06:57.991+0800 [DEBUG] [org.gradle.api.internal.artifacts.ivyservice.resolveengine.graph.builder.DependencyGraphBuilder] Visiting configuration org.ow2.asm:asm-commons:9.8(runtime).
2025-12-28T12:06:57.991+0800 [DEBUG] [org.gradle.api.internal.artifacts.ivyservice.resolveengine.graph.builder.NodeState] org.ow2.asm:asm-commons:9.8(runtime) has no transitive incoming edges. ignoring outgoing edges.
2025-12-28T12:06:57.991+0800 [DEBUG] [org.gradle.api.internal.artifacts.ivyservice.resolveengine.graph.builder.DependencyGraphBuilder] Visiting configuration org.ow2.asm:asm-util:9.8(runtime).
2025-12-28T12:06:57.992+0800 [DEBUG] [org.gradle.api.internal.artifacts.ivyservice.resolveengine.graph.builder.NodeState] org.ow2.asm:asm-util:9.8(runtime) has no transitive incoming edges. ignoring outgoing edges.
2025-12-28T12:06:57.992+0800 [DEBUG] [org.gradle.api.internal.artifacts.ivyservice.resolveengine.graph.builder.DependencyGraphBuilder] Visiting configuration org.ow2.asm:asm-analysis:9.8(runtime).
2025-12-28T12:06:57.992+0800 [DEBUG] [org.gradle.api.internal.artifacts.ivyservice.resolveengine.graph.builder.NodeState] org.ow2.asm:asm-analysis:9.8(runtime) has no transitive incoming edges. ignoring outgoing edges.
2025-12-28T12:06:57.992+0800 [DEBUG] [org.gradle.api.internal.artifacts.ivyservice.resolveengine.graph.builder.DependencyGraphBuilder] Visiting configuration org.ow2.asm:asm-tree:9.8(runtime).
2025-12-28T12:06:57.992+0800 [DEBUG] [org.gradle.api.internal.artifacts.ivyservice.resolveengine.graph.builder.NodeState] org.ow2.asm:asm-tree:9.8(runtime) has no transitive incoming edges. ignoring outgoing edges.
2025-12-28T12:06:57.993+0800 [DEBUG] [org.gradle.api.internal.artifacts.ivyservice.resolveengine.graph.builder.DependencyGraphBuilder] Visiting configuration org.ow2.asm:asm:9.8(runtime).
2025-12-28T12:06:57.993+0800 [DEBUG] [org.gradle.api.internal.artifacts.ivyservice.resolveengine.graph.builder.NodeState] org.ow2.asm:asm:9.8(runtime) has no transitive incoming edges. ignoring outgoing edges.
2025-12-28T12:06:57.993+0800 [DEBUG] [org.gradle.api.internal.artifacts.ivyservice.resolveengine.graph.builder.DependencyGraphBuilder] Visiting configuration net.minecraftforge:JarJarFileSystems:0.3.19(runtimeElements).
2025-12-28T12:06:57.993+0800 [DEBUG] [org.gradle.api.internal.artifacts.ivyservice.resolveengine.graph.builder.NodeState] net.minecraftforge:JarJarFileSystems:0.3.19(runtimeElements) has no transitive incoming edges. ignoring outgoing edges.
2025-12-28T12:06:57.994+0800 [DEBUG] [org.gradle.api.internal.artifacts.ivyservice.resolveengine.oldresult.TransientConfigurationResultsBuilder] Flushing resolved configuration data in Binary store in C:\Users\StesssQQy\.gradle\.tmp\gradle10721875900379424049.bin. Wrote root 429.
2025-12-28T12:06:57.994+0800 [DEBUG] [org.gradle.internal.operations.DefaultBuildOperationRunner] Build operation 'Resolve dependencies of :modules_userdev_resolver' completed
2025-12-28T12:06:57.995+0800 [DEBUG] [org.gradle.internal.component.model.LoggingAttributeMatchingExplanationBuilder] Selected match cpw.mods:bootstraplauncher:1.1.2 variant runtimeElements from candidates [cpw.mods:bootstraplauncher:1.1.2 variant runtimeElements] for {}
2025-12-28T12:06:57.995+0800 [DEBUG] [org.gradle.internal.component.model.LoggingAttributeMatchingExplanationBuilder] Selected match cpw.mods:securejarhandler:2.1.10 variant runtimeElements from candidates [cpw.mods:securejarhandler:2.1.10 variant runtimeElements] for {}
2025-12-28T12:06:57.995+0800 [DEBUG] [org.gradle.internal.component.model.LoggingAttributeMatchingExplanationBuilder] Selected match org.ow2.asm:asm-commons:9.8 configuration runtime from candidates [org.ow2.asm:asm-commons:9.8 configuration runtime] for {}
2025-12-28T12:06:57.995+0800 [DEBUG] [org.gradle.internal.component.model.LoggingAttributeMatchingExplanationBuilder] Selected match org.ow2.asm:asm-util:9.8 configuration runtime from candidates [org.ow2.asm:asm-util:9.8 configuration runtime] for {}
2025-12-28T12:06:57.995+0800 [DEBUG] [org.gradle.internal.component.model.LoggingAttributeMatchingExplanationBuilder] Selected match org.ow2.asm:asm-analysis:9.8 configuration runtime from candidates [org.ow2.asm:asm-analysis:9.8 configuration runtime] for {}
2025-12-28T12:06:57.995+0800 [DEBUG] [org.gradle.internal.component.model.LoggingAttributeMatchingExplanationBuilder] Selected match org.ow2.asm:asm-tree:9.8 configuration runtime from candidates [org.ow2.asm:asm-tree:9.8 configuration runtime] for {}
2025-12-28T12:06:57.996+0800 [DEBUG] [org.gradle.internal.component.model.LoggingAttributeMatchingExplanationBuilder] Selected match org.ow2.asm:asm:9.8 configuration runtime from candidates [org.ow2.asm:asm:9.8 configuration runtime] for {}
2025-12-28T12:06:57.996+0800 [DEBUG] [org.gradle.internal.component.model.LoggingAttributeMatchingExplanationBuilder] Selected match net.minecraftforge:JarJarFileSystems:0.3.19 variant runtimeElements from candidates [net.minecraftforge:JarJarFileSystems:0.3.19 variant runtimeElements] for {}
2025-12-28T12:06:57.998+0800 [DEBUG] [org.gradle.api.internal.artifacts.ivyservice.ivyresolve.CachingModuleComponentRepository] Found artifact 'org.gradle.internal.component.external.model.UrlBackedArtifactMetadata@64784faf' in resolver cache: C:\Users\StesssQQy\.gradle\caches\modules-2\files-2.1\cpw.mods\bootstraplauncher\1.1.2\c546e00443d8432cda6baa1c860346980742628\bootstraplauncher-1.1.2.jar
2025-12-28T12:06:57.999+0800 [DEBUG] [org.gradle.internal.operations.DefaultBuildOperationRunner] Build operation 'Resolve bootstraplauncher-1.1.2.jar (cpw.mods:bootstraplauncher:1.1.2)' completed
2025-12-28T12:06:57.999+0800 [DEBUG] [org.gradle.api.internal.artifacts.ivyservice.ivyresolve.CachingModuleComponentRepository] Found artifact 'org.gradle.internal.component.external.model.UrlBackedArtifactMetadata@6e3e3d50' in resolver cache: C:\Users\StesssQQy\.gradle\caches\modules-2\files-2.1\net.minecraftforge\JarJarFileSystems\0.3.19\2464eb7d6b9ddb9db36a82cf8a95193e5c6fe020\JarJarFileSystems-0.3.19.jar
2025-12-28T12:06:58.000+0800 [DEBUG] [org.gradle.internal.resources.AbstractTrackedResourceLock] Daemon worker: released lock on state of build :
2025-12-28T12:06:58.000+0800 [DEBUG] [org.gradle.api.internal.artifacts.ivyservice.ivyresolve.CachingModuleComponentRepository] Found artifact 'org.gradle.internal.component.external.model.UrlBackedArtifactMetadata@3e2210d8' in resolver cache: C:\Users\StesssQQy\.gradle\caches\modules-2\files-2.1\cpw.mods\securejarhandler\2.1.10\51e6a22c6c716beb11e244bf5b8be480f51dd6b5\securejarhandler-2.1.10.jar
2025-12-28T12:06:58.001+0800 [DEBUG] [org.gradle.api.internal.artifacts.ivyservice.ivyresolve.CachingModuleComponentRepository] Found artifact 'asm-9.8.jar (org.ow2.asm:asm:9.8)' in resolver cache: C:\Users\StesssQQy\.gradle\caches\modules-2\files-2.1\org.ow2.asm\asm\9.8\dc19ecb3f7889b7860697215cae99c0f9b6f6b4b\asm-9.8.jar
2025-12-28T12:06:58.001+0800 [DEBUG] [org.gradle.internal.resources.AbstractTrackedResourceLock] Daemon worker: released lock on worker lease
2025-12-28T12:06:58.001+0800 [DEBUG] [org.gradle.api.internal.artifacts.ivyservice.ivyresolve.CachingModuleComponentRepository] Found artifact 'asm-util-9.8.jar (org.ow2.asm:asm-util:9.8)' in resolver cache: C:\Users\StesssQQy\.gradle\caches\modules-2\files-2.1\org.ow2.asm\asm-util\9.8\395f1c1f035258511f27bc9b2583d76e4b143f59\asm-util-9.8.jar
2025-12-28T12:06:58.002+0800 [DEBUG] [org.gradle.api.internal.artifacts.ivyservice.ivyresolve.CachingModuleComponentRepository] Found artifact 'asm-tree-9.8.jar (org.ow2.asm:asm-tree:9.8)' in resolver cache: C:\Users\StesssQQy\.gradle\caches\modules-2\files-2.1\org.ow2.asm\asm-tree\9.8\18419ca5b77a2f81097c741e7872e6ab8d2f40d\asm-tree-9.8.jar
2025-12-28T12:06:58.003+0800 [DEBUG] [org.gradle.api.internal.artifacts.ivyservice.ivyresolve.CachingModuleComponentRepository] Found artifact 'asm-analysis-9.8.jar (org.ow2.asm:asm-analysis:9.8)' in resolver cache: C:\Users\StesssQQy\.gradle\caches\modules-2\files-2.1\org.ow2.asm\asm-analysis\9.8\b9747a320844b6cb1eacd90d8ecfd260a16c01d3\asm-analysis-9.8.jar
2025-12-28T12:06:58.004+0800 [DEBUG] [org.gradle.api.internal.artifacts.ivyservice.ivyresolve.CachingModuleComponentRepository] Found artifact 'asm-commons-9.8.jar (org.ow2.asm:asm-commons:9.8)' in resolver cache: C:\Users\StesssQQy\.gradle\caches\modules-2\files-2.1\org.ow2.asm\asm-commons\9.8\36e4d212970388e5bd2c5180292012502df461bb\asm-commons-9.8.jar
2025-12-28T12:06:58.005+0800 [DEBUG] [org.gradle.internal.resources.AbstractTrackedResourceLock] Daemon worker: acquired lock on state of build :
2025-12-28T12:06:58.005+0800 [DEBUG] [org.gradle.internal.resources.AbstractTrackedResourceLock] Daemon worker: acquired lock on worker lease
2025-12-28T12:06:58.005+0800 [DEBUG] [org.gradle.internal.operations.DefaultBuildOperationRunner] Build operation 'Resolve files of configuration ':modules_userdev_resolver'' completed
2025-12-28T12:06:58.008+0800 [DEBUG] [org.gradle.internal.operations.DefaultBuildOperationRunner] Build operation 'Execute container callback action' completed
2025-12-28T12:06:58.009+0800 [DEBUG] [org.gradle.internal.operations.DefaultBuildOperationRunner] Build operation 'Execute container callback action' completed
2025-12-28T12:06:58.016+0800 [DEBUG] [org.gradle.api.internal.artifacts.ivyservice.modulecache.ResolvedArtifactCaches] Reusing in-memory cache for repo 'BUNDELED_-79667784' [28095ca7e524ce9b603906d1cb8a84c8].
2025-12-28T12:06:58.016+0800 [DEBUG] [org.gradle.api.internal.artifacts.ivyservice.modulecache.ResolvedArtifactCaches] Reusing in-memory cache for repo 'maven' [d428587f38ce0bdb35c7627ba43bd63d].
2025-12-28T12:06:58.017+0800 [DEBUG] [org.gradle.api.internal.artifacts.ivyservice.modulecache.ResolvedArtifactCaches] Reusing in-memory cache for repo 'BUNDELED_-444689664' [dc16bb502fb0dae96002ebb0a82aec10].
2025-12-28T12:06:58.018+0800 [DEBUG] [org.gradle.api.internal.artifacts.ivyservice.modulecache.ResolvedArtifactCaches] Reusing in-memory cache for repo 'maven2' [2908f01049577366a123dc97d8d6aea7].
2025-12-28T12:06:58.018+0800 [DEBUG] [org.gradle.api.internal.artifacts.ivyservice.modulecache.ResolvedArtifactCaches] Reusing in-memory cache for repo 'MavenRepo' [26c913274550a0b2221f47a0fe2d2358].
2025-12-28T12:06:58.018+0800 [DEBUG] [org.gradle.api.internal.artifacts.ivyservice.resolveengine.graph.builder.DependencyGraphBuilder] Visiting configuration com.otaku.neoanomalousmight:Neo Anomalous Might:0.0.2-1.20.1(_compileJava_1).
2025-12-28T12:06:58.020+0800 [DEBUG] [org.gradle.api.internal.artifacts.ivyservice.ivyresolve.RepositoryChainComponentMetaDataResolver] Attempting to resolve component for net.minecraft:client:1.20.1 using repositories [BUNDELED_-79667784, maven, BUNDELED_-444689664, maven2, MavenRepo]
2025-12-28T12:06:58.021+0800 [DEBUG] [org.gradle.api.internal.artifacts.ivyservice.ivyresolve.CachingModuleComponentRepository] Detected non-existence of module 'net.minecraft:client:1.20.1' in resolver cache 'maven'
2025-12-28T12:06:58.025+0800 [DEBUG] [org.gradle.api.internal.artifacts.repositories.resolver.DefaultExternalResourceArtifactResolver] Loading file:/C:/Users/StesssQQy/.gradle/caches/forge_gradle/bundeled_repo/net/minecraft/client/1.20.1/client-1.20.1.pom
2025-12-28T12:06:58.032+0800 [INFO] [org.gradle.api.Project] Downloading de.oceanlabs.mcp:mcp_config:1.20.1@zip
2025-12-28T12:06:58.232+0800 [DEBUG] [jdk.event.security] X509Certificate: Alg:SHA384withRSA, Serial:33033670af8a966eb5cb81da3b0000033670af, Subject:CN=AzureRSA04 OCSP Cert, O=Microsoft Corporation, L=Redmond, ST=WA, C=US, Issuer:CN=Microsoft Azure RSA TLS Issuing CA 04, O=Microsoft Corporation, C=US, Key type:RSA, Length:2048, Cert Id:505931190, Valid from:2025/12/23 下午11:50, Valid until:2026/1/22 下午11:50
2025-12-28T12:06:58.234+0800 [DEBUG] [jdk.event.security] X509Certificate: Alg:SHA384withRSA, Serial:330319e337a7ab2ec91e4dcdf400000319e337, Subject:CN=piston-meta.mojang.com, O=Microsoft Corporation, L=Redmond, ST=WA, C=US, Issuer:CN=Microsoft Azure RSA TLS Issuing CA 04, O=Microsoft Corporation, C=US, Key type:RSA, Length:2048, Cert Id:-735334896, Valid from:2025/11/26 下午1:45, Valid until:2026/5/25 下午1:45
2025-12-28T12:06:58.235+0800 [DEBUG] [jdk.event.security] X509Certificate: Alg:SHA384withRSA, Serial:9f96ec295555f24749eaf1e5dced49d, Subject:CN=Microsoft Azure RSA TLS Issuing CA 04, O=Microsoft Corporation, C=US, Issuer:CN=DigiCert Global Root G2, OU=www.digicert.com, O=DigiCert Inc, C=US, Key type:RSA, Length:4096, Cert Id:430337019, Valid from:2023/6/8 上午8:00, Valid until:2026/8/26 上午7:59
2025-12-28T12:06:58.236+0800 [DEBUG] [jdk.event.security] X509Certificate: Alg:SHA256withRSA, Serial:33af1e6a711a9a0bb2864b11d09fae5, Subject:CN=DigiCert Global Root G2, OU=www.digicert.com, O=DigiCert Inc, C=US, Issuer:CN=DigiCert Global Root G2, OU=www.digicert.com, O=DigiCert Inc, C=US, Key type:RSA, Length:2048, Cert Id:1136084297, Valid from:2013/8/1 下午8:00, Valid until:2038/1/15 下午8:00
2025-12-28T12:06:58.241+0800 [DEBUG] [jdk.event.security] ValidationChain: 1136084297, 430337019, -735334896
2025-12-28T12:06:58.245+0800 [DEBUG] [jdk.event.security]  TLSHandshake: piston-meta.mojang.com:443, TLSv1.3, TLS_AES_256_GCM_SHA384, -735334896
2025-12-28T12:06:58.253+0800 [DEBUG] [sun.net.www.protocol.http.HttpURLConnection] sun.net.www.MessageHeader@69330f277 pairs: {GET /mc/game/version_manifest.json HTTP/1.1: null}{Accept-Encoding: identity, gzip, deflate}{User-Agent: Java/17.0.12}{Host: piston-meta.mojang.com}{Accept: */*}{Connection: keep-alive}{If-Modified-Since: Sat, 27 Dec 2025 20:27:38 GMT}
2025-12-28T12:06:58.317+0800 [DEBUG] [sun.net.www.protocol.http.HttpURLConnection] sun.net.www.MessageHeader@48e3bb4e14 pairs: {null: HTTP/1.1 304 Not Modified}{Date: Sun, 28 Dec 2025 04:06:56 GMT}{Connection: keep-alive}{Vary: Accept-Encoding}{Last-Modified: Tue, 16 Dec 2025 13:31:31 GMT}{x-ms-request-id: a6d2a11e-101e-00d1-4fa9-77143e000000}{x-ms-version: 2009-09-19}{x-ms-lease-status: unlocked}{x-ms-blob-type: BlockBlob}{x-azure-ref: 20251228T040656Z-16bc9bbd4d7n8tlchC1TYOf4sg0000000yzg0000000103ug}{Cache-Control: public, max-age=120}{x-fd-int-roxy-purgeid: 0}{X-Cache: TCP_HIT}{Access-Control-Allow-Origin: *}
2025-12-28T12:06:58.346+0800 [DEBUG] [sun.net.www.protocol.http.HttpURLConnection] sun.net.www.MessageHeader@480416ce7 pairs: {GET /v1/packages/b8d84ea6493f4a9b419a5a36824133f503d7fdf7/1.20.1.json HTTP/1.1: null}{Accept-Encoding: identity, gzip, deflate}{User-Agent: Java/17.0.12}{Host: piston-meta.mojang.com}{Accept: */*}{Connection: keep-alive}{If-Modified-Since: Sat, 27 Dec 2025 20:27:38 GMT}
2025-12-28T12:06:58.410+0800 [DEBUG] [sun.net.www.protocol.http.HttpURLConnection] sun.net.www.MessageHeader@6c62e62714 pairs: {null: HTTP/1.1 304 Not Modified}{Date: Sun, 28 Dec 2025 04:06:57 GMT}{Connection: keep-alive}{Vary: Accept-Encoding}{Last-Modified: Tue, 16 Dec 2025 12:54:59 GMT}{x-ms-request-id: f26df5cb-501e-010c-5927-70d2ef000000}{x-ms-version: 2009-09-19}{x-ms-lease-status: unlocked}{x-ms-blob-type: BlockBlob}{x-azure-ref: 20251228T040657Z-16bc9bbd4d7n8tlchC1TYOf4sg0000000yzg0000000103vk}{x-fd-int-roxy-purgeid: 0}{X-Cache: TCP_HIT}{Cache-Control: public, max-age=1209600}{Access-Control-Allow-Origin: *}
2025-12-28T12:06:58.536+0800 [DEBUG] [org.gradle.api.internal.artifacts.repositories.resolver.DefaultExternalResourceArtifactResolver] Loading file:/C:/Users/StesssQQy/.gradle/caches/forge_gradle/bundeled_repo/net/minecraft/client/1.20.1/client-1.20.1.jar
2025-12-28T12:06:58.539+0800 [DEBUG] [sun.net.www.protocol.http.HttpURLConnection] sun.net.www.MessageHeader@46950d0b7 pairs: {GET /mc/game/version_manifest.json HTTP/1.1: null}{Accept-Encoding: identity, gzip, deflate}{User-Agent: Java/17.0.12}{Host: piston-meta.mojang.com}{Accept: */*}{Connection: keep-alive}{If-Modified-Since: Sat, 27 Dec 2025 20:27:38 GMT}
2025-12-28T12:06:58.604+0800 [DEBUG] [sun.net.www.protocol.http.HttpURLConnection] sun.net.www.MessageHeader@763a5bdb14 pairs: {null: HTTP/1.1 304 Not Modified}{Date: Sun, 28 Dec 2025 04:06:57 GMT}{Connection: keep-alive}{Vary: Accept-Encoding}{Last-Modified: Tue, 16 Dec 2025 13:31:31 GMT}{x-ms-request-id: a6d2a11e-101e-00d1-4fa9-77143e000000}{x-ms-version: 2009-09-19}{x-ms-lease-status: unlocked}{x-ms-blob-type: BlockBlob}{x-azure-ref: 20251228T040657Z-16bc9bbd4d7n8tlchC1TYOf4sg0000000yzg0000000103xn}{Cache-Control: public, max-age=120}{x-fd-int-roxy-purgeid: 0}{X-Cache: TCP_HIT}{Access-Control-Allow-Origin: *}
2025-12-28T12:06:58.618+0800 [DEBUG] [sun.net.www.protocol.http.HttpURLConnection] sun.net.www.MessageHeader@32bf1e817 pairs: {GET /v1/packages/b8d84ea6493f4a9b419a5a36824133f503d7fdf7/1.20.1.json HTTP/1.1: null}{Accept-Encoding: identity, gzip, deflate}{User-Agent: Java/17.0.12}{Host: piston-meta.mojang.com}{Accept: */*}{Connection: keep-alive}{If-Modified-Since: Sat, 27 Dec 2025 20:27:38 GMT}
2025-12-28T12:06:58.694+0800 [DEBUG] [sun.net.www.protocol.http.HttpURLConnection] sun.net.www.MessageHeader@eb7142914 pairs: {null: HTTP/1.1 304 Not Modified}{Date: Sun, 28 Dec 2025 04:06:57 GMT}{Connection: keep-alive}{Vary: Accept-Encoding}{Last-Modified: Tue, 16 Dec 2025 12:54:59 GMT}{x-ms-request-id: f26df5cb-501e-010c-5927-70d2ef000000}{x-ms-version: 2009-09-19}{x-ms-lease-status: unlocked}{x-ms-blob-type: BlockBlob}{x-azure-ref: 20251228T040657Z-16bc9bbd4d7n8tlchC1TYOf4sg0000000yzg0000000103yf}{x-fd-int-roxy-purgeid: 0}{X-Cache: TCP_HIT}{Cache-Control: public, max-age=1209600}{Access-Control-Allow-Origin: *}
2025-12-28T12:06:58.826+0800 [DEBUG] [org.gradle.api.internal.artifacts.repositories.resolver.ExternalResourceResolver] Metadata file found for module 'net.minecraft:client:1.20.1' in repository 'BUNDELED_-444689664'.
2025-12-28T12:06:58.827+0800 [DEBUG] [org.gradle.api.internal.artifacts.ivyservice.modulecache.PersistentModuleMetadataCache] Recording module descriptor in cache: net.minecraft:client:1.20.1 [changing = false]
2025-12-28T12:06:58.828+0800 [DEBUG] [org.gradle.api.internal.artifacts.ivyservice.ivyresolve.RepositoryChainComponentMetaDataResolver] Using net.minecraft:client:1.20.1 from org.gradle.api.internal.artifacts.ivyservice.ivyresolve.FilteredModuleComponentRepository@18c732f8
2025-12-28T12:06:58.829+0800 [DEBUG] [org.gradle.api.internal.artifacts.ivyservice.ivyresolve.RepositoryChainComponentMetaDataResolver] Attempting to resolve component for com.google.code.findbugs:jsr305:3.0.2 using repositories [BUNDELED_-79667784, maven, BUNDELED_-444689664, maven2, MavenRepo]
2025-12-28T12:06:58.831+0800 [DEBUG] [org.gradle.api.internal.artifacts.ivyservice.ivyresolve.CachingModuleComponentRepository] Using cached module metadata for module 'com.google.code.findbugs:jsr305:3.0.2' in 'maven'
2025-12-28T12:06:58.832+0800 [DEBUG] [org.gradle.api.internal.artifacts.ivyservice.ivyresolve.RepositoryChainComponentMetaDataResolver] Using com.google.code.findbugs:jsr305:3.0.2 from org.gradle.api.internal.artifacts.ivyservice.ivyresolve.FilteredModuleComponentRepository@139ef8a0
2025-12-28T12:06:58.832+0800 [DEBUG] [org.gradle.api.internal.artifacts.ivyservice.ivyresolve.RepositoryChainComponentMetaDataResolver] Attempting to resolve component for ca.weblite:java-objc-bridge:1.1 using repositories [BUNDELED_-79667784, maven, BUNDELED_-444689664, maven2, MavenRepo]
2025-12-28T12:06:58.835+0800 [DEBUG] [org.gradle.api.internal.artifacts.ivyservice.ivyresolve.CachingModuleComponentRepository] Using cached module metadata for module 'ca.weblite:java-objc-bridge:1.1' in 'maven'
2025-12-28T12:06:58.835+0800 [DEBUG] [org.gradle.api.internal.artifacts.ivyservice.ivyresolve.RepositoryChainComponentMetaDataResolver] Using ca.weblite:java-objc-bridge:1.1 from org.gradle.api.internal.artifacts.ivyservice.ivyresolve.FilteredModuleComponentRepository@139ef8a0
2025-12-28T12:06:58.836+0800 [DEBUG] [org.gradle.api.internal.artifacts.ivyservice.ivyresolve.RepositoryChainComponentMetaDataResolver] Attempting to resolve component for net.minecraftforge:mergetool:1.1.7 using repositories [BUNDELED_-79667784, maven, BUNDELED_-444689664, maven2, MavenRepo]
2025-12-28T12:06:58.839+0800 [DEBUG] [org.gradle.api.internal.artifacts.ivyservice.ivyresolve.CachingModuleComponentRepository] Using cached module metadata for module 'net.minecraftforge:mergetool:1.1.7' in 'maven'
2025-12-28T12:06:58.839+0800 [DEBUG] [org.gradle.api.internal.artifacts.ivyservice.ivyresolve.RepositoryChainComponentMetaDataResolver] Using net.minecraftforge:mergetool:1.1.7 from org.gradle.api.internal.artifacts.ivyservice.ivyresolve.FilteredModuleComponentRepository@139ef8a0
2025-12-28T12:06:58.839+0800 [DEBUG] [org.gradle.api.internal.attributes.matching.DefaultAttributeMatcher] Selected matches [1] from candidates [{org.gradle.category=library, org.gradle.dependency.bundling=external, org.gradle.jvm.version=8, org.gradle.libraryelements=jar, org.gradle.status=release, org.gradle.usage=java-api}, {org.gradle.category=library, org.gradle.dependency.bundling=external, org.gradle.jvm.version=8, org.gradle.libraryelements=jar, org.gradle.status=release, org.gradle.usage=java-runtime}, {org.gradle.category=library, org.gradle.dependency.bundling=shadowed, org.gradle.libraryelements=jar, org.gradle.status=release, org.gradle.usage=java-runtime}, {org.gradle.category=documentation, org.gradle.dependency.bundling=external, org.gradle.docstype=sources, org.gradle.status=release, org.gradle.usage=java-runtime}] for {}
2025-12-28T12:06:58.840+0800 [DEBUG] [org.gradle.api.internal.artifacts.ivyservice.ivyresolve.RepositoryChainComponentMetaDataResolver] Attempting to resolve component for org.jetbrains:annotations:24.0.1 using repositories [BUNDELED_-79667784, maven, BUNDELED_-444689664, maven2, MavenRepo]
2025-12-28T12:06:58.842+0800 [DEBUG] [org.gradle.api.internal.artifacts.ivyservice.ivyresolve.CachingModuleComponentRepository] Using cached module metadata for module 'org.jetbrains:annotations:24.0.1' in 'maven'
2025-12-28T12:06:58.843+0800 [DEBUG] [org.gradle.api.internal.artifacts.ivyservice.ivyresolve.RepositoryChainComponentMetaDataResolver] Using org.jetbrains:annotations:24.0.1 from org.gradle.api.internal.artifacts.ivyservice.ivyresolve.FilteredModuleComponentRepository@139ef8a0
2025-12-28T12:06:58.843+0800 [DEBUG] [org.gradle.api.internal.artifacts.ivyservice.ivyresolve.RepositoryChainComponentMetaDataResolver] Attempting to resolve component for cpw.mods:securejarhandler:2.1.10 using repositories [BUNDELED_-79667784, maven, BUNDELED_-444689664, maven2, MavenRepo]
2025-12-28T12:06:58.843+0800 [DEBUG] [org.gradle.api.internal.artifacts.ivyservice.ivyresolve.CachingModuleComponentRepository] Using cached module metadata for module 'cpw.mods:securejarhandler:2.1.10' in 'maven'
2025-12-28T12:06:58.844+0800 [DEBUG] [org.gradle.api.internal.artifacts.ivyservice.ivyresolve.RepositoryChainComponentMetaDataResolver] Using cpw.mods:securejarhandler:2.1.10 from org.gradle.api.internal.artifacts.ivyservice.ivyresolve.FilteredModuleComponentRepository@139ef8a0
2025-12-28T12:06:58.844+0800 [DEBUG] [org.gradle.api.internal.artifacts.ivyservice.ivyresolve.RepositoryChainComponentMetaDataResolver] Attempting to resolve component for org.ow2.asm:asm:9.8 using repositories [BUNDELED_-79667784, maven, BUNDELED_-444689664, maven2, MavenRepo]
2025-12-28T12:06:58.845+0800 [DEBUG] [org.gradle.api.internal.artifacts.ivyservice.ivyresolve.CachingModuleComponentRepository] Using cached module metadata for module 'org.ow2.asm:asm:9.8' in 'maven'
2025-12-28T12:06:58.845+0800 [DEBUG] [org.gradle.api.internal.artifacts.ivyservice.ivyresolve.RepositoryChainComponentMetaDataResolver] Using org.ow2.asm:asm:9.8 from org.gradle.api.internal.artifacts.ivyservice.ivyresolve.FilteredModuleComponentRepository@139ef8a0
2025-12-28T12:06:58.845+0800 [DEBUG] [org.gradle.api.internal.artifacts.ivyservice.ivyresolve.RepositoryChainComponentMetaDataResolver] Attempting to resolve component for org.ow2.asm:asm-commons:9.8 using repositories [BUNDELED_-79667784, maven, BUNDELED_-444689664, maven2, MavenRepo]
2025-12-28T12:06:58.845+0800 [DEBUG] [org.gradle.api.internal.artifacts.ivyservice.ivyresolve.CachingModuleComponentRepository] Using cached module metadata for module 'org.ow2.asm:asm-commons:9.8' in 'maven'
2025-12-28T12:06:58.845+0800 [DEBUG] [org.gradle.api.internal.artifacts.ivyservice.ivyresolve.RepositoryChainComponentMetaDataResolver] Using org.ow2.asm:asm-commons:9.8 from org.gradle.api.internal.artifacts.ivyservice.ivyresolve.FilteredModuleComponentRepository@139ef8a0
2025-12-28T12:06:58.846+0800 [DEBUG] [org.gradle.api.internal.artifacts.ivyservice.ivyresolve.RepositoryChainComponentMetaDataResolver] Attempting to resolve component for org.ow2.asm:asm-tree:9.8 using repositories [BUNDELED_-79667784, maven, BUNDELED_-444689664, maven2, MavenRepo]
2025-12-28T12:06:58.846+0800 [DEBUG] [org.gradle.api.internal.artifacts.ivyservice.ivyresolve.CachingModuleComponentRepository] Using cached module metadata for module 'org.ow2.asm:asm-tree:9.8' in 'maven'
2025-12-28T12:06:58.846+0800 [DEBUG] [org.gradle.api.internal.artifacts.ivyservice.ivyresolve.RepositoryChainComponentMetaDataResolver] Using org.ow2.asm:asm-tree:9.8 from org.gradle.api.internal.artifacts.ivyservice.ivyresolve.FilteredModuleComponentRepository@139ef8a0
2025-12-28T12:06:58.846+0800 [DEBUG] [org.gradle.api.internal.artifacts.ivyservice.ivyresolve.RepositoryChainComponentMetaDataResolver] Attempting to resolve component for org.ow2.asm:asm-util:9.8 using repositories [BUNDELED_-79667784, maven, BUNDELED_-444689664, maven2, MavenRepo]
2025-12-28T12:06:58.846+0800 [DEBUG] [org.gradle.api.internal.artifacts.ivyservice.ivyresolve.CachingModuleComponentRepository] Using cached module metadata for module 'org.ow2.asm:asm-util:9.8' in 'maven'
2025-12-28T12:06:58.846+0800 [DEBUG] [org.gradle.api.internal.artifacts.ivyservice.ivyresolve.RepositoryChainComponentMetaDataResolver] Using org.ow2.asm:asm-util:9.8 from org.gradle.api.internal.artifacts.ivyservice.ivyresolve.FilteredModuleComponentRepository@139ef8a0
2025-12-28T12:06:58.847+0800 [DEBUG] [org.gradle.api.internal.artifacts.ivyservice.ivyresolve.RepositoryChainComponentMetaDataResolver] Attempting to resolve component for org.ow2.asm:asm-analysis:9.8 using repositories [BUNDELED_-79667784, maven, BUNDELED_-444689664, maven2, MavenRepo]
2025-12-28T12:06:58.847+0800 [DEBUG] [org.gradle.api.internal.artifacts.ivyservice.ivyresolve.CachingModuleComponentRepository] Using cached module metadata for module 'org.ow2.asm:asm-analysis:9.8' in 'maven'
2025-12-28T12:06:58.847+0800 [DEBUG] [org.gradle.api.internal.artifacts.ivyservice.ivyresolve.RepositoryChainComponentMetaDataResolver] Using org.ow2.asm:asm-analysis:9.8 from org.gradle.api.internal.artifacts.ivyservice.ivyresolve.FilteredModuleComponentRepository@139ef8a0
2025-12-28T12:06:58.847+0800 [DEBUG] [org.gradle.api.internal.artifacts.ivyservice.ivyresolve.RepositoryChainComponentMetaDataResolver] Attempting to resolve component for net.minecraftforge:accesstransformers:8.0.4 using repositories [BUNDELED_-79667784, maven, BUNDELED_-444689664, maven2, MavenRepo]
2025-12-28T12:06:58.850+0800 [DEBUG] [org.gradle.api.internal.artifacts.ivyservice.ivyresolve.CachingModuleComponentRepository] Using cached module metadata for module 'net.minecraftforge:accesstransformers:8.0.4' in 'maven'
2025-12-28T12:06:58.850+0800 [DEBUG] [org.gradle.api.internal.artifacts.ivyservice.ivyresolve.RepositoryChainComponentMetaDataResolver] Using net.minecraftforge:accesstransformers:8.0.4 from org.gradle.api.internal.artifacts.ivyservice.ivyresolve.FilteredModuleComponentRepository@139ef8a0
2025-12-28T12:06:58.851+0800 [DEBUG] [org.gradle.api.internal.attributes.matching.DefaultAttributeMatcher] Selected matches [1] from candidates [{org.gradle.category=library, org.gradle.dependency.bundling=external, org.gradle.jvm.version=16, org.gradle.libraryelements=jar, org.gradle.status=release, org.gradle.usage=java-api}, {org.gradle.category=library, org.gradle.dependency.bundling=external, org.gradle.jvm.version=16, org.gradle.libraryelements=jar, org.gradle.status=release, org.gradle.usage=java-runtime}, {org.gradle.category=library, org.gradle.dependency.bundling=shadowed, org.gradle.libraryelements=jar, org.gradle.status=release, org.gradle.usage=java-runtime}] for {}
2025-12-28T12:06:58.851+0800 [DEBUG] [org.gradle.api.internal.artifacts.ivyservice.ivyresolve.RepositoryChainComponentMetaDataResolver] Attempting to resolve component for org.antlr:antlr4-runtime:4.9.1 using repositories [BUNDELED_-79667784, maven, BUNDELED_-444689664, maven2, MavenRepo]
2025-12-28T12:06:58.853+0800 [DEBUG] [org.gradle.api.internal.artifacts.ivyservice.ivyresolve.CachingModuleComponentRepository] Using cached module metadata for module 'org.antlr:antlr4-runtime:4.9.1' in 'maven'
2025-12-28T12:06:58.854+0800 [DEBUG] [org.gradle.api.internal.artifacts.ivyservice.ivyresolve.RepositoryChainComponentMetaDataResolver] Using org.antlr:antlr4-runtime:4.9.1 from org.gradle.api.internal.artifacts.ivyservice.ivyresolve.FilteredModuleComponentRepository@139ef8a0
2025-12-28T12:06:58.854+0800 [DEBUG] [org.gradle.api.internal.artifacts.ivyservice.ivyresolve.RepositoryChainComponentMetaDataResolver] Attempting to resolve component for net.minecraftforge:eventbus:6.0.5 using repositories [BUNDELED_-79667784, maven, BUNDELED_-444689664, maven2, MavenRepo]
2025-12-28T12:06:58.857+0800 [DEBUG] [org.gradle.api.internal.artifacts.ivyservice.ivyresolve.CachingModuleComponentRepository] Using cached module metadata for module 'net.minecraftforge:eventbus:6.0.5' in 'maven'
2025-12-28T12:06:58.857+0800 [DEBUG] [org.gradle.api.internal.artifacts.ivyservice.ivyresolve.RepositoryChainComponentMetaDataResolver] Using net.minecraftforge:eventbus:6.0.5 from org.gradle.api.internal.artifacts.ivyservice.ivyresolve.FilteredModuleComponentRepository@139ef8a0
2025-12-28T12:06:58.857+0800 [DEBUG] [org.gradle.api.internal.artifacts.ivyservice.ivyresolve.RepositoryChainComponentMetaDataResolver] Attempting to resolve component for net.minecraftforge:forgespi:7.0.1 using repositories [BUNDELED_-79667784, maven, BUNDELED_-444689664, maven2, MavenRepo]
2025-12-28T12:06:58.861+0800 [DEBUG] [org.gradle.api.internal.artifacts.ivyservice.ivyresolve.CachingModuleComponentRepository] Using cached module metadata for module 'net.minecraftforge:forgespi:7.0.1' in 'maven'
2025-12-28T12:06:58.861+0800 [DEBUG] [org.gradle.api.internal.artifacts.ivyservice.ivyresolve.RepositoryChainComponentMetaDataResolver] Using net.minecraftforge:forgespi:7.0.1 from org.gradle.api.internal.artifacts.ivyservice.ivyresolve.FilteredModuleComponentRepository@139ef8a0
2025-12-28T12:06:58.862+0800 [DEBUG] [org.gradle.api.internal.attributes.matching.DefaultAttributeMatcher] Selected matches [1] from candidates [{org.gradle.category=library, org.gradle.dependency.bundling=external, org.gradle.jvm.version=17, org.gradle.libraryelements=jar, org.gradle.status=release, org.gradle.usage=java-api}, {org.gradle.category=library, org.gradle.dependency.bundling=external, org.gradle.jvm.version=17, org.gradle.libraryelements=jar, org.gradle.status=release, org.gradle.usage=java-runtime}] for {}
2025-12-28T12:06:58.863+0800 [DEBUG] [org.gradle.api.internal.artifacts.ivyservice.ivyresolve.RepositoryChainComponentMetaDataResolver] Attempting to resolve component for net.minecraftforge:coremods:5.2.4 using repositories [BUNDELED_-79667784, maven, BUNDELED_-444689664, maven2, MavenRepo]
2025-12-28T12:06:58.865+0800 [DEBUG] [org.gradle.api.internal.artifacts.ivyservice.ivyresolve.CachingModuleComponentRepository] Using cached module metadata for module 'net.minecraftforge:coremods:5.2.4' in 'maven'
2025-12-28T12:06:58.865+0800 [DEBUG] [org.gradle.api.internal.artifacts.ivyservice.ivyresolve.RepositoryChainComponentMetaDataResolver] Using net.minecraftforge:coremods:5.2.4 from org.gradle.api.internal.artifacts.ivyservice.ivyresolve.FilteredModuleComponentRepository@139ef8a0
2025-12-28T12:06:58.866+0800 [DEBUG] [org.gradle.api.internal.attributes.matching.DefaultAttributeMatcher] Selected matches [1] from candidates [{org.gradle.category=library, org.gradle.dependency.bundling=external, org.gradle.jvm.version=17, org.gradle.libraryelements=jar, org.gradle.status=release, org.gradle.usage=java-api}, {org.gradle.category=library, org.gradle.dependency.bundling=external, org.gradle.jvm.version=17, org.gradle.libraryelements=jar, org.gradle.status=release, org.gradle.usage=java-runtime}, {org.gradle.category=documentation, org.gradle.dependency.bundling=external, org.gradle.docstype=sources, org.gradle.status=release, org.gradle.usage=java-runtime}] for {}
2025-12-28T12:06:58.866+0800 [DEBUG] [org.gradle.api.internal.artifacts.ivyservice.ivyresolve.RepositoryChainComponentMetaDataResolver] Attempting to resolve component for cpw.mods:modlauncher:10.0.9 using repositories [BUNDELED_-79667784, maven, BUNDELED_-444689664, maven2, MavenRepo]
2025-12-28T12:06:58.869+0800 [DEBUG] [org.gradle.api.internal.artifacts.ivyservice.ivyresolve.CachingModuleComponentRepository] Using cached module metadata for module 'cpw.mods:modlauncher:10.0.9' in 'maven'
2025-12-28T12:06:58.869+0800 [DEBUG] [org.gradle.api.internal.artifacts.ivyservice.ivyresolve.RepositoryChainComponentMetaDataResolver] Using cpw.mods:modlauncher:10.0.9 from org.gradle.api.internal.artifacts.ivyservice.ivyresolve.FilteredModuleComponentRepository@139ef8a0
2025-12-28T12:06:58.870+0800 [DEBUG] [org.gradle.api.internal.artifacts.ivyservice.ivyresolve.RepositoryChainComponentMetaDataResolver] Attempting to resolve component for net.minecraftforge:unsafe:0.2.0 using repositories [BUNDELED_-79667784, maven, BUNDELED_-444689664, maven2, MavenRepo]
2025-12-28T12:06:58.872+0800 [DEBUG] [org.gradle.api.internal.artifacts.ivyservice.ivyresolve.CachingModuleComponentRepository] Using cached module metadata for module 'net.minecraftforge:unsafe:0.2.0' in 'maven'
2025-12-28T12:06:58.872+0800 [DEBUG] [org.gradle.api.internal.artifacts.ivyservice.ivyresolve.RepositoryChainComponentMetaDataResolver] Using net.minecraftforge:unsafe:0.2.0 from org.gradle.api.internal.artifacts.ivyservice.ivyresolve.FilteredModuleComponentRepository@139ef8a0
2025-12-28T12:06:58.873+0800 [DEBUG] [org.gradle.api.internal.artifacts.ivyservice.ivyresolve.RepositoryChainComponentMetaDataResolver] Attempting to resolve component for com.electronwill.night-config:core:3.6.4 using repositories [BUNDELED_-79667784, maven, BUNDELED_-444689664, maven2, MavenRepo]
2025-12-28T12:06:58.876+0800 [DEBUG] [org.gradle.api.internal.artifacts.ivyservice.ivyresolve.CachingModuleComponentRepository] Using cached module metadata for module 'com.electronwill.night-config:core:3.6.4' in 'maven'
2025-12-28T12:06:58.876+0800 [DEBUG] [org.gradle.api.internal.artifacts.ivyservice.ivyresolve.RepositoryChainComponentMetaDataResolver] Using com.electronwill.night-config:core:3.6.4 from org.gradle.api.internal.artifacts.ivyservice.ivyresolve.FilteredModuleComponentRepository@139ef8a0
2025-12-28T12:06:58.877+0800 [DEBUG] [org.gradle.api.internal.artifacts.ivyservice.ivyresolve.RepositoryChainComponentMetaDataResolver] Attempting to resolve component for com.electronwill.night-config:toml:3.6.4 using repositories [BUNDELED_-79667784, maven, BUNDELED_-444689664, maven2, MavenRepo]
2025-12-28T12:06:58.879+0800 [DEBUG] [org.gradle.api.internal.artifacts.ivyservice.ivyresolve.CachingModuleComponentRepository] Using cached module metadata for module 'com.electronwill.night-config:toml:3.6.4' in 'maven'
2025-12-28T12:06:58.879+0800 [DEBUG] [org.gradle.api.internal.artifacts.ivyservice.ivyresolve.RepositoryChainComponentMetaDataResolver] Using com.electronwill.night-config:toml:3.6.4 from org.gradle.api.internal.artifacts.ivyservice.ivyresolve.FilteredModuleComponentRepository@139ef8a0
2025-12-28T12:06:58.880+0800 [DEBUG] [org.gradle.api.internal.artifacts.ivyservice.ivyresolve.RepositoryChainComponentMetaDataResolver] Attempting to resolve component for org.apache.maven:maven-artifact:3.8.5 using repositories [BUNDELED_-79667784, maven, BUNDELED_-444689664, maven2, MavenRepo]
2025-12-28T12:06:58.883+0800 [DEBUG] [org.gradle.api.internal.artifacts.ivyservice.ivyresolve.CachingModuleComponentRepository] Using cached module metadata for module 'org.apache.maven:maven-artifact:3.8.5' in 'maven'
2025-12-28T12:06:58.883+0800 [DEBUG] [org.gradle.api.internal.artifacts.ivyservice.ivyresolve.RepositoryChainComponentMetaDataResolver] Using org.apache.maven:maven-artifact:3.8.5 from org.gradle.api.internal.artifacts.ivyservice.ivyresolve.FilteredModuleComponentRepository@139ef8a0
2025-12-28T12:06:58.883+0800 [DEBUG] [org.gradle.api.internal.artifacts.ivyservice.ivyresolve.RepositoryChainComponentMetaDataResolver] Attempting to resolve component for net.jodah:typetools:0.6.3 using repositories [BUNDELED_-79667784, maven, BUNDELED_-444689664, maven2, MavenRepo]
2025-12-28T12:06:58.886+0800 [DEBUG] [org.gradle.api.internal.artifacts.ivyservice.ivyresolve.CachingModuleComponentRepository] Using cached module metadata for module 'net.jodah:typetools:0.6.3' in 'maven'
2025-12-28T12:06:58.887+0800 [DEBUG] [org.gradle.api.internal.artifacts.ivyservice.ivyresolve.RepositoryChainComponentMetaDataResolver] Using net.jodah:typetools:0.6.3 from org.gradle.api.internal.artifacts.ivyservice.ivyresolve.FilteredModuleComponentRepository@139ef8a0
2025-12-28T12:06:58.887+0800 [DEBUG] [org.gradle.api.internal.artifacts.ivyservice.ivyresolve.RepositoryChainComponentMetaDataResolver] Attempting to resolve component for net.minecrell:terminalconsoleappender:1.2.0 using repositories [BUNDELED_-79667784, maven, BUNDELED_-444689664, maven2, MavenRepo]
2025-12-28T12:06:58.890+0800 [DEBUG] [org.gradle.api.internal.artifacts.ivyservice.ivyresolve.CachingModuleComponentRepository] Using cached module metadata for module 'net.minecrell:terminalconsoleappender:1.2.0' in 'maven'
2025-12-28T12:06:58.890+0800 [DEBUG] [org.gradle.api.internal.artifacts.ivyservice.ivyresolve.RepositoryChainComponentMetaDataResolver] Using net.minecrell:terminalconsoleappender:1.2.0 from org.gradle.api.internal.artifacts.ivyservice.ivyresolve.FilteredModuleComponentRepository@139ef8a0
2025-12-28T12:06:58.890+0800 [DEBUG] [org.gradle.api.internal.artifacts.ivyservice.ivyresolve.RepositoryChainComponentMetaDataResolver] Attempting to resolve component for org.jline:jline-reader:3.12.1 using repositories [BUNDELED_-79667784, maven, BUNDELED_-444689664, maven2, MavenRepo]
2025-12-28T12:06:58.893+0800 [DEBUG] [org.gradle.api.internal.artifacts.ivyservice.ivyresolve.CachingModuleComponentRepository] Using cached module metadata for module 'org.jline:jline-reader:3.12.1' in 'maven'
2025-12-28T12:06:58.894+0800 [DEBUG] [org.gradle.api.internal.artifacts.ivyservice.ivyresolve.RepositoryChainComponentMetaDataResolver] Using org.jline:jline-reader:3.12.1 from org.gradle.api.internal.artifacts.ivyservice.ivyresolve.FilteredModuleComponentRepository@139ef8a0
2025-12-28T12:06:58.894+0800 [DEBUG] [org.gradle.api.internal.artifacts.ivyservice.ivyresolve.RepositoryChainComponentMetaDataResolver] Attempting to resolve component for org.jline:jline-terminal:3.12.1 using repositories [BUNDELED_-79667784, maven, BUNDELED_-444689664, maven2, MavenRepo]
2025-12-28T12:06:58.897+0800 [DEBUG] [org.gradle.api.internal.artifacts.ivyservice.ivyresolve.CachingModuleComponentRepository] Using cached module metadata for module 'org.jline:jline-terminal:3.12.1' in 'maven'
2025-12-28T12:06:58.897+0800 [DEBUG] [org.gradle.api.internal.artifacts.ivyservice.ivyresolve.RepositoryChainComponentMetaDataResolver] Using org.jline:jline-terminal:3.12.1 from org.gradle.api.internal.artifacts.ivyservice.ivyresolve.FilteredModuleComponentRepository@139ef8a0
2025-12-28T12:06:58.898+0800 [DEBUG] [org.gradle.api.internal.artifacts.ivyservice.ivyresolve.RepositoryChainComponentMetaDataResolver] Attempting to resolve component for org.spongepowered:mixin:0.8.5 using repositories [BUNDELED_-79667784, maven, BUNDELED_-444689664, maven2, MavenRepo]
2025-12-28T12:06:58.901+0800 [DEBUG] [org.gradle.api.internal.artifacts.ivyservice.ivyresolve.CachingModuleComponentRepository] Using cached module metadata for module 'org.spongepowered:mixin:0.8.5' in 'maven'
2025-12-28T12:06:58.901+0800 [DEBUG] [org.gradle.api.internal.artifacts.ivyservice.ivyresolve.RepositoryChainComponentMetaDataResolver] Using org.spongepowered:mixin:0.8.5 from org.gradle.api.internal.artifacts.ivyservice.ivyresolve.FilteredModuleComponentRepository@139ef8a0
2025-12-28T12:06:58.901+0800 [DEBUG] [org.gradle.api.internal.artifacts.ivyservice.ivyresolve.RepositoryChainComponentMetaDataResolver] Attempting to resolve component for org.openjdk.nashorn:nashorn-core:15.4 using repositories [BUNDELED_-79667784, maven, BUNDELED_-444689664, maven2, MavenRepo]
2025-12-28T12:06:58.904+0800 [DEBUG] [org.gradle.api.internal.artifacts.ivyservice.ivyresolve.CachingModuleComponentRepository] Using cached module metadata for module 'org.openjdk.nashorn:nashorn-core:15.4' in 'maven'
2025-12-28T12:06:58.904+0800 [DEBUG] [org.gradle.api.internal.artifacts.ivyservice.ivyresolve.RepositoryChainComponentMetaDataResolver] Using org.openjdk.nashorn:nashorn-core:15.4 from org.gradle.api.internal.artifacts.ivyservice.ivyresolve.FilteredModuleComponentRepository@139ef8a0
2025-12-28T12:06:58.904+0800 [DEBUG] [org.gradle.api.internal.artifacts.ivyservice.ivyresolve.RepositoryChainComponentMetaDataResolver] Attempting to resolve component for net.minecraftforge:JarJarSelector:0.3.19 using repositories [BUNDELED_-79667784, maven, BUNDELED_-444689664, maven2, MavenRepo]
2025-12-28T12:06:58.908+0800 [DEBUG] [org.gradle.api.internal.artifacts.ivyservice.ivyresolve.CachingModuleComponentRepository] Using cached module metadata for module 'net.minecraftforge:JarJarSelector:0.3.19' in 'maven'
2025-12-28T12:06:58.908+0800 [DEBUG] [org.gradle.api.internal.artifacts.ivyservice.ivyresolve.RepositoryChainComponentMetaDataResolver] Using net.minecraftforge:JarJarSelector:0.3.19 from org.gradle.api.internal.artifacts.ivyservice.ivyresolve.FilteredModuleComponentRepository@139ef8a0
2025-12-28T12:06:58.908+0800 [DEBUG] [org.gradle.api.internal.artifacts.ivyservice.ivyresolve.RepositoryChainComponentMetaDataResolver] Attempting to resolve component for net.minecraftforge:JarJarMetadata:0.3.19 using repositories [BUNDELED_-79667784, maven, BUNDELED_-444689664, maven2, MavenRepo]
2025-12-28T12:06:58.911+0800 [DEBUG] [org.gradle.api.internal.artifacts.ivyservice.ivyresolve.CachingModuleComponentRepository] Using cached module metadata for module 'net.minecraftforge:JarJarMetadata:0.3.19' in 'maven'
2025-12-28T12:06:58.912+0800 [DEBUG] [org.gradle.api.internal.artifacts.ivyservice.ivyresolve.RepositoryChainComponentMetaDataResolver] Using net.minecraftforge:JarJarMetadata:0.3.19 from org.gradle.api.internal.artifacts.ivyservice.ivyresolve.FilteredModuleComponentRepository@139ef8a0
2025-12-28T12:06:58.912+0800 [DEBUG] [org.gradle.api.internal.artifacts.ivyservice.ivyresolve.RepositoryChainComponentMetaDataResolver] Attempting to resolve component for cpw.mods:bootstraplauncher:1.1.2 using repositories [BUNDELED_-79667784, maven, BUNDELED_-444689664, maven2, MavenRepo]
2025-12-28T12:06:58.912+0800 [DEBUG] [org.gradle.api.internal.artifacts.ivyservice.ivyresolve.CachingModuleComponentRepository] Using cached module metadata for module 'cpw.mods:bootstraplauncher:1.1.2' in 'maven'
2025-12-28T12:06:58.912+0800 [DEBUG] [org.gradle.api.internal.artifacts.ivyservice.ivyresolve.RepositoryChainComponentMetaDataResolver] Using cpw.mods:bootstraplauncher:1.1.2 from org.gradle.api.internal.artifacts.ivyservice.ivyresolve.FilteredModuleComponentRepository@139ef8a0
2025-12-28T12:06:58.913+0800 [DEBUG] [org.gradle.api.internal.artifacts.ivyservice.ivyresolve.RepositoryChainComponentMetaDataResolver] Attempting to resolve component for net.minecraftforge:JarJarFileSystems:0.3.19 using repositories [BUNDELED_-79667784, maven, BUNDELED_-444689664, maven2, MavenRepo]
2025-12-28T12:06:58.913+0800 [DEBUG] [org.gradle.api.internal.artifacts.ivyservice.ivyresolve.CachingModuleComponentRepository] Using cached module metadata for module 'net.minecraftforge:JarJarFileSystems:0.3.19' in 'maven'
2025-12-28T12:06:58.913+0800 [DEBUG] [org.gradle.api.internal.artifacts.ivyservice.ivyresolve.RepositoryChainComponentMetaDataResolver] Using net.minecraftforge:JarJarFileSystems:0.3.19 from org.gradle.api.internal.artifacts.ivyservice.ivyresolve.FilteredModuleComponentRepository@139ef8a0
2025-12-28T12:06:58.913+0800 [DEBUG] [org.gradle.api.internal.artifacts.ivyservice.ivyresolve.RepositoryChainComponentMetaDataResolver] Attempting to resolve component for net.minecraftforge:fmlcore:1.20.1-47.4.10 using repositories [BUNDELED_-79667784, maven, BUNDELED_-444689664, maven2, MavenRepo]
2025-12-28T12:06:58.916+0800 [DEBUG] [org.gradle.api.internal.artifacts.ivyservice.ivyresolve.CachingModuleComponentRepository] Using cached module metadata for module 'net.minecraftforge:fmlcore:1.20.1-47.4.10' in 'maven'
2025-12-28T12:06:58.916+0800 [DEBUG] [org.gradle.api.internal.artifacts.ivyservice.ivyresolve.RepositoryChainComponentMetaDataResolver] Using net.minecraftforge:fmlcore:1.20.1-47.4.10 from org.gradle.api.internal.artifacts.ivyservice.ivyresolve.FilteredModuleComponentRepository@139ef8a0
2025-12-28T12:06:58.916+0800 [DEBUG] [org.gradle.api.internal.artifacts.ivyservice.ivyresolve.RepositoryChainComponentMetaDataResolver] Attempting to resolve component for net.minecraftforge:fmlloader:1.20.1-47.4.10 using repositories [BUNDELED_-79667784, maven, BUNDELED_-444689664, maven2, MavenRepo]
2025-12-28T12:06:58.919+0800 [DEBUG] [org.gradle.api.internal.artifacts.ivyservice.ivyresolve.CachingModuleComponentRepository] Using cached module metadata for module 'net.minecraftforge:fmlloader:1.20.1-47.4.10' in 'maven'
2025-12-28T12:06:58.919+0800 [DEBUG] [org.gradle.api.internal.artifacts.ivyservice.ivyresolve.RepositoryChainComponentMetaDataResolver] Using net.minecraftforge:fmlloader:1.20.1-47.4.10 from org.gradle.api.internal.artifacts.ivyservice.ivyresolve.FilteredModuleComponentRepository@139ef8a0
2025-12-28T12:06:58.920+0800 [DEBUG] [org.gradle.api.internal.artifacts.ivyservice.ivyresolve.RepositoryChainComponentMetaDataResolver] Attempting to resolve component for net.minecraftforge:fmlearlydisplay:1.20.1-47.4.10 using repositories [BUNDELED_-79667784, maven, BUNDELED_-444689664, maven2, MavenRepo]
2025-12-28T12:06:58.923+0800 [DEBUG] [org.gradle.api.internal.artifacts.ivyservice.ivyresolve.CachingModuleComponentRepository] Using cached module metadata for module 'net.minecraftforge:fmlearlydisplay:1.20.1-47.4.10' in 'maven'
2025-12-28T12:06:58.924+0800 [DEBUG] [org.gradle.api.internal.artifacts.ivyservice.ivyresolve.RepositoryChainComponentMetaDataResolver] Using net.minecraftforge:fmlearlydisplay:1.20.1-47.4.10 from org.gradle.api.internal.artifacts.ivyservice.ivyresolve.FilteredModuleComponentRepository@139ef8a0
2025-12-28T12:06:58.924+0800 [DEBUG] [org.gradle.api.internal.artifacts.ivyservice.ivyresolve.RepositoryChainComponentMetaDataResolver] Attempting to resolve component for net.minecraftforge:javafmllanguage:1.20.1-47.4.10 using repositories [BUNDELED_-79667784, maven, BUNDELED_-444689664, maven2, MavenRepo]
2025-12-28T12:06:58.927+0800 [DEBUG] [org.gradle.api.internal.artifacts.ivyservice.ivyresolve.CachingModuleComponentRepository] Using cached module metadata for module 'net.minecraftforge:javafmllanguage:1.20.1-47.4.10' in 'maven'
2025-12-28T12:06:58.927+0800 [DEBUG] [org.gradle.api.internal.artifacts.ivyservice.ivyresolve.RepositoryChainComponentMetaDataResolver] Using net.minecraftforge:javafmllanguage:1.20.1-47.4.10 from org.gradle.api.internal.artifacts.ivyservice.ivyresolve.FilteredModuleComponentRepository@139ef8a0
2025-12-28T12:06:58.927+0800 [DEBUG] [org.gradle.api.internal.artifacts.ivyservice.ivyresolve.RepositoryChainComponentMetaDataResolver] Attempting to resolve component for net.minecraftforge:lowcodelanguage:1.20.1-47.4.10 using repositories [BUNDELED_-79667784, maven, BUNDELED_-444689664, maven2, MavenRepo]
2025-12-28T12:06:58.930+0800 [DEBUG] [org.gradle.api.internal.artifacts.ivyservice.ivyresolve.CachingModuleComponentRepository] Using cached module metadata for module 'net.minecraftforge:lowcodelanguage:1.20.1-47.4.10' in 'maven'
2025-12-28T12:06:58.931+0800 [DEBUG] [org.gradle.api.internal.artifacts.ivyservice.ivyresolve.RepositoryChainComponentMetaDataResolver] Using net.minecraftforge:lowcodelanguage:1.20.1-47.4.10 from org.gradle.api.internal.artifacts.ivyservice.ivyresolve.FilteredModuleComponentRepository@139ef8a0
2025-12-28T12:06:58.931+0800 [DEBUG] [org.gradle.api.internal.artifacts.ivyservice.ivyresolve.RepositoryChainComponentMetaDataResolver] Attempting to resolve component for net.minecraftforge:mclanguage:1.20.1-47.4.10 using repositories [BUNDELED_-79667784, maven, BUNDELED_-444689664, maven2, MavenRepo]
2025-12-28T12:06:58.934+0800 [DEBUG] [org.gradle.api.internal.artifacts.ivyservice.ivyresolve.CachingModuleComponentRepository] Using cached module metadata for module 'net.minecraftforge:mclanguage:1.20.1-47.4.10' in 'maven'
2025-12-28T12:06:58.935+0800 [DEBUG] [org.gradle.api.internal.artifacts.ivyservice.ivyresolve.RepositoryChainComponentMetaDataResolver] Using net.minecraftforge:mclanguage:1.20.1-47.4.10 from org.gradle.api.internal.artifacts.ivyservice.ivyresolve.FilteredModuleComponentRepository@139ef8a0
2025-12-28T12:06:58.935+0800 [DEBUG] [org.gradle.api.internal.artifacts.ivyservice.resolveengine.graph.builder.DependencyGraphBuilder] Visiting configuration net.minecraft:client:1.20.1(runtime).
2025-12-28T12:06:58.938+0800 [DEBUG] [org.gradle.api.internal.artifacts.ivyservice.ivyresolve.RepositoryChainComponentMetaDataResolver] Attempting to resolve component for com.github.oshi:oshi-core:6.2.2 using repositories [BUNDELED_-79667784, maven, BUNDELED_-444689664, maven2, MavenRepo]
2025-12-28T12:06:58.942+0800 [DEBUG] [org.gradle.api.internal.artifacts.ivyservice.ivyresolve.CachingModuleComponentRepository] Using cached module metadata for module 'com.github.oshi:oshi-core:6.2.2' in 'maven'
2025-12-28T12:06:58.942+0800 [DEBUG] [org.gradle.api.internal.artifacts.ivyservice.ivyresolve.RepositoryChainComponentMetaDataResolver] Using com.github.oshi:oshi-core:6.2.2 from org.gradle.api.internal.artifacts.ivyservice.ivyresolve.FilteredModuleComponentRepository@139ef8a0
2025-12-28T12:06:58.943+0800 [DEBUG] [org.gradle.api.internal.artifacts.ivyservice.ivyresolve.RepositoryChainComponentMetaDataResolver] Attempting to resolve component for com.google.code.gson:gson:2.10 using repositories [BUNDELED_-79667784, maven, BUNDELED_-444689664, maven2, MavenRepo]
2025-12-28T12:06:58.946+0800 [DEBUG] [org.gradle.api.internal.artifacts.ivyservice.ivyresolve.CachingModuleComponentRepository] Using cached module metadata for module 'com.google.code.gson:gson:2.10' in 'maven'
2025-12-28T12:06:58.946+0800 [DEBUG] [org.gradle.api.internal.artifacts.ivyservice.ivyresolve.RepositoryChainComponentMetaDataResolver] Using com.google.code.gson:gson:2.10 from org.gradle.api.internal.artifacts.ivyservice.ivyresolve.FilteredModuleComponentRepository@139ef8a0
2025-12-28T12:06:58.946+0800 [DEBUG] [org.gradle.api.internal.artifacts.ivyservice.ivyresolve.RepositoryChainComponentMetaDataResolver] Attempting to resolve component for com.google.guava:failureaccess:1.0.1 using repositories [BUNDELED_-79667784, maven, BUNDELED_-444689664, maven2, MavenRepo]
2025-12-28T12:06:58.949+0800 [DEBUG] [org.gradle.api.internal.artifacts.ivyservice.ivyresolve.CachingModuleComponentRepository] Using cached module metadata for module 'com.google.guava:failureaccess:1.0.1' in 'maven'
2025-12-28T12:06:58.949+0800 [DEBUG] [org.gradle.api.internal.artifacts.ivyservice.ivyresolve.RepositoryChainComponentMetaDataResolver] Using com.google.guava:failureaccess:1.0.1 from org.gradle.api.internal.artifacts.ivyservice.ivyresolve.FilteredModuleComponentRepository@139ef8a0
2025-12-28T12:06:58.950+0800 [DEBUG] [org.gradle.api.internal.artifacts.ivyservice.ivyresolve.RepositoryChainComponentMetaDataResolver] Attempting to resolve component for com.google.guava:guava:31.1-jre using repositories [BUNDELED_-79667784, maven, BUNDELED_-444689664, maven2, MavenRepo]
2025-12-28T12:06:58.953+0800 [DEBUG] [org.gradle.api.internal.artifacts.ivyservice.ivyresolve.CachingModuleComponentRepository] Using cached module metadata for module 'com.google.guava:guava:31.1-jre' in 'maven'
2025-12-28T12:06:58.953+0800 [DEBUG] [org.gradle.api.internal.artifacts.ivyservice.ivyresolve.RepositoryChainComponentMetaDataResolver] Using com.google.guava:guava:31.1-jre from org.gradle.api.internal.artifacts.ivyservice.ivyresolve.FilteredModuleComponentRepository@139ef8a0
2025-12-28T12:06:58.954+0800 [DEBUG] [org.gradle.api.internal.artifacts.ivyservice.ivyresolve.RepositoryChainComponentMetaDataResolver] Attempting to resolve component for com.ibm.icu:icu4j:71.1 using repositories [BUNDELED_-79667784, maven, BUNDELED_-444689664, maven2, MavenRepo]
2025-12-28T12:06:58.957+0800 [DEBUG] [org.gradle.api.internal.artifacts.ivyservice.ivyresolve.CachingModuleComponentRepository] Using cached module metadata for module 'com.ibm.icu:icu4j:71.1' in 'maven'
2025-12-28T12:06:58.957+0800 [DEBUG] [org.gradle.api.internal.artifacts.ivyservice.ivyresolve.RepositoryChainComponentMetaDataResolver] Using com.ibm.icu:icu4j:71.1 from org.gradle.api.internal.artifacts.ivyservice.ivyresolve.FilteredModuleComponentRepository@139ef8a0
2025-12-28T12:06:58.957+0800 [DEBUG] [org.gradle.api.internal.artifacts.ivyservice.ivyresolve.RepositoryChainComponentMetaDataResolver] Attempting to resolve component for com.mojang:authlib:4.0.43 using repositories [BUNDELED_-79667784, maven, BUNDELED_-444689664, maven2, MavenRepo]
2025-12-28T12:06:58.957+0800 [DEBUG] [org.gradle.api.internal.artifacts.ivyservice.ivyresolve.CachingModuleComponentRepository] Detected non-existence of module 'com.mojang:authlib:4.0.43' in resolver cache 'maven'
2025-12-28T12:06:58.960+0800 [DEBUG] [org.gradle.api.internal.artifacts.ivyservice.ivyresolve.CachingModuleComponentRepository] Using cached module metadata for module 'com.mojang:authlib:4.0.43' in 'maven2'
2025-12-28T12:06:58.961+0800 [DEBUG] [org.gradle.api.internal.artifacts.ivyservice.ivyresolve.CachingModuleComponentRepository] Detected non-existence of module 'com.mojang:authlib:4.0.43' in resolver cache 'MavenRepo'
2025-12-28T12:06:58.961+0800 [DEBUG] [org.gradle.api.internal.artifacts.ivyservice.ivyresolve.RepositoryChainComponentMetaDataResolver] Using com.mojang:authlib:4.0.43 from org.gradle.api.internal.artifacts.ivyservice.ivyresolve.FilteredModuleComponentRepository@2946ee77
2025-12-28T12:06:58.962+0800 [DEBUG] [org.gradle.api.internal.attributes.matching.DefaultAttributeMatcher] Selected matches [1] from candidates [{org.gradle.category=library, org.gradle.libraryelements=jar, org.gradle.status=integration, org.gradle.usage=java-api}, {org.gradle.category=library, org.gradle.libraryelements=jar, org.gradle.status=integration, org.gradle.usage=java-runtime}, {org.gradle.category=documentation, org.gradle.dependency.bundling=external, org.gradle.docstype=sources, org.gradle.status=integration, org.gradle.usage=java-runtime}, {org.gradle.category=documentation, org.gradle.dependency.bundling=external, org.gradle.docstype=javadoc, org.gradle.status=integration, org.gradle.usage=java-runtime}, {org.gradle.category=platform, org.gradle.status=integration, org.gradle.usage=java-api}, {org.gradle.category=platform, org.gradle.status=integration, org.gradle.usage=java-runtime}, {org.gradle.category=enforced-platform, org.gradle.status=integration, org.gradle.usage=java-api}, {org.gradle.category=enforced-platform, org.gradle.status=integration, org.gradle.usage=java-runtime}] for {}
2025-12-28T12:06:58.962+0800 [DEBUG] [org.gradle.api.internal.artifacts.ivyservice.ivyresolve.RepositoryChainComponentMetaDataResolver] Attempting to resolve component for com.mojang:blocklist:1.0.10 using repositories [BUNDELED_-79667784, maven, BUNDELED_-444689664, maven2, MavenRepo]
2025-12-28T12:06:58.962+0800 [DEBUG] [org.gradle.api.internal.artifacts.ivyservice.ivyresolve.CachingModuleComponentRepository] Detected non-existence of module 'com.mojang:blocklist:1.0.10' in resolver cache 'maven'
2025-12-28T12:06:58.965+0800 [DEBUG] [org.gradle.api.internal.artifacts.ivyservice.ivyresolve.CachingModuleComponentRepository] Using cached module metadata for module 'com.mojang:blocklist:1.0.10' in 'maven2'
2025-12-28T12:06:58.965+0800 [DEBUG] [org.gradle.api.internal.artifacts.ivyservice.ivyresolve.CachingModuleComponentRepository] Detected non-existence of module 'com.mojang:blocklist:1.0.10' in resolver cache 'MavenRepo'
2025-12-28T12:06:58.965+0800 [DEBUG] [org.gradle.api.internal.artifacts.ivyservice.ivyresolve.RepositoryChainComponentMetaDataResolver] Using com.mojang:blocklist:1.0.10 from org.gradle.api.internal.artifacts.ivyservice.ivyresolve.FilteredModuleComponentRepository@2946ee77
2025-12-28T12:06:58.966+0800 [DEBUG] [org.gradle.api.internal.artifacts.ivyservice.ivyresolve.RepositoryChainComponentMetaDataResolver] Attempting to resolve component for com.mojang:brigadier:1.1.8 using repositories [BUNDELED_-79667784, maven, BUNDELED_-444689664, maven2, MavenRepo]
2025-12-28T12:06:58.966+0800 [DEBUG] [org.gradle.api.internal.artifacts.ivyservice.ivyresolve.CachingModuleComponentRepository] Detected non-existence of module 'com.mojang:brigadier:1.1.8' in resolver cache 'maven'
2025-12-28T12:06:58.969+0800 [DEBUG] [org.gradle.api.internal.artifacts.ivyservice.ivyresolve.CachingModuleComponentRepository] Using cached module metadata for module 'com.mojang:brigadier:1.1.8' in 'maven2'
2025-12-28T12:06:58.970+0800 [DEBUG] [org.gradle.api.internal.artifacts.ivyservice.ivyresolve.CachingModuleComponentRepository] Detected non-existence of module 'com.mojang:brigadier:1.1.8' in resolver cache 'MavenRepo'
2025-12-28T12:06:58.970+0800 [DEBUG] [org.gradle.api.internal.artifacts.ivyservice.ivyresolve.RepositoryChainComponentMetaDataResolver] Using com.mojang:brigadier:1.1.8 from org.gradle.api.internal.artifacts.ivyservice.ivyresolve.FilteredModuleComponentRepository@2946ee77
2025-12-28T12:06:58.970+0800 [DEBUG] [org.gradle.api.internal.artifacts.ivyservice.ivyresolve.RepositoryChainComponentMetaDataResolver] Attempting to resolve component for com.mojang:datafixerupper:6.0.8 using repositories [BUNDELED_-79667784, maven, BUNDELED_-444689664, maven2, MavenRepo]
2025-12-28T12:06:58.970+0800 [DEBUG] [org.gradle.api.internal.artifacts.ivyservice.ivyresolve.CachingModuleComponentRepository] Detected non-existence of module 'com.mojang:datafixerupper:6.0.8' in resolver cache 'maven'
2025-12-28T12:06:58.974+0800 [DEBUG] [org.gradle.api.internal.artifacts.ivyservice.ivyresolve.CachingModuleComponentRepository] Using cached module metadata for module 'com.mojang:datafixerupper:6.0.8' in 'maven2'
2025-12-28T12:06:58.974+0800 [DEBUG] [org.gradle.api.internal.artifacts.ivyservice.ivyresolve.CachingModuleComponentRepository] Detected non-existence of module 'com.mojang:datafixerupper:6.0.8' in resolver cache 'MavenRepo'
2025-12-28T12:06:58.974+0800 [DEBUG] [org.gradle.api.internal.artifacts.ivyservice.ivyresolve.RepositoryChainComponentMetaDataResolver] Using com.mojang:datafixerupper:6.0.8 from org.gradle.api.internal.artifacts.ivyservice.ivyresolve.FilteredModuleComponentRepository@2946ee77
2025-12-28T12:06:58.975+0800 [DEBUG] [org.gradle.api.internal.artifacts.ivyservice.ivyresolve.RepositoryChainComponentMetaDataResolver] Attempting to resolve component for com.mojang:logging:1.1.1 using repositories [BUNDELED_-79667784, maven, BUNDELED_-444689664, maven2, MavenRepo]
2025-12-28T12:06:58.975+0800 [DEBUG] [org.gradle.api.internal.artifacts.ivyservice.ivyresolve.CachingModuleComponentRepository] Detected non-existence of module 'com.mojang:logging:1.1.1' in resolver cache 'maven'
2025-12-28T12:06:58.977+0800 [DEBUG] [org.gradle.api.internal.artifacts.ivyservice.ivyresolve.CachingModuleComponentRepository] Using cached module metadata for module 'com.mojang:logging:1.1.1' in 'maven2'
2025-12-28T12:06:58.978+0800 [DEBUG] [org.gradle.api.internal.artifacts.ivyservice.ivyresolve.CachingModuleComponentRepository] Detected non-existence of module 'com.mojang:logging:1.1.1' in resolver cache 'MavenRepo'
2025-12-28T12:06:58.978+0800 [DEBUG] [org.gradle.api.internal.artifacts.ivyservice.ivyresolve.RepositoryChainComponentMetaDataResolver] Using com.mojang:logging:1.1.1 from org.gradle.api.internal.artifacts.ivyservice.ivyresolve.FilteredModuleComponentRepository@2946ee77
2025-12-28T12:06:58.978+0800 [DEBUG] [org.gradle.api.internal.artifacts.ivyservice.ivyresolve.RepositoryChainComponentMetaDataResolver] Attempting to resolve component for com.mojang:patchy:2.2.10 using repositories [BUNDELED_-79667784, maven, BUNDELED_-444689664, maven2, MavenRepo]
2025-12-28T12:06:58.979+0800 [DEBUG] [org.gradle.api.internal.artifacts.ivyservice.ivyresolve.CachingModuleComponentRepository] Detected non-existence of module 'com.mojang:patchy:2.2.10' in resolver cache 'maven'
2025-12-28T12:06:58.981+0800 [DEBUG] [org.gradle.api.internal.artifacts.ivyservice.ivyresolve.CachingModuleComponentRepository] Using cached module metadata for module 'com.mojang:patchy:2.2.10' in 'maven2'
2025-12-28T12:06:58.981+0800 [DEBUG] [org.gradle.api.internal.artifacts.ivyservice.ivyresolve.CachingModuleComponentRepository] Detected non-existence of module 'com.mojang:patchy:2.2.10' in resolver cache 'MavenRepo'
2025-12-28T12:06:58.981+0800 [DEBUG] [org.gradle.api.internal.artifacts.ivyservice.ivyresolve.RepositoryChainComponentMetaDataResolver] Using com.mojang:patchy:2.2.10 from org.gradle.api.internal.artifacts.ivyservice.ivyresolve.FilteredModuleComponentRepository@2946ee77
2025-12-28T12:06:58.982+0800 [DEBUG] [org.gradle.api.internal.artifacts.ivyservice.ivyresolve.RepositoryChainComponentMetaDataResolver] Attempting to resolve component for com.mojang:text2speech:1.17.9 using repositories [BUNDELED_-79667784, maven, BUNDELED_-444689664, maven2, MavenRepo]
2025-12-28T12:06:58.982+0800 [DEBUG] [org.gradle.api.internal.artifacts.ivyservice.ivyresolve.CachingModuleComponentRepository] Detected non-existence of module 'com.mojang:text2speech:1.17.9' in resolver cache 'maven'
2025-12-28T12:06:58.984+0800 [DEBUG] [org.gradle.api.internal.artifacts.ivyservice.ivyresolve.CachingModuleComponentRepository] Using cached module metadata for module 'com.mojang:text2speech:1.17.9' in 'maven2'
2025-12-28T12:06:58.985+0800 [DEBUG] [org.gradle.api.internal.artifacts.ivyservice.ivyresolve.CachingModuleComponentRepository] Detected non-existence of module 'com.mojang:text2speech:1.17.9' in resolver cache 'MavenRepo'
2025-12-28T12:06:58.985+0800 [DEBUG] [org.gradle.api.internal.artifacts.ivyservice.ivyresolve.RepositoryChainComponentMetaDataResolver] Using com.mojang:text2speech:1.17.9 from org.gradle.api.internal.artifacts.ivyservice.ivyresolve.FilteredModuleComponentRepository@2946ee77
2025-12-28T12:06:58.985+0800 [DEBUG] [org.gradle.api.internal.artifacts.ivyservice.ivyresolve.RepositoryChainComponentMetaDataResolver] Attempting to resolve component for commons-codec:commons-codec:1.15 using repositories [BUNDELED_-79667784, maven, BUNDELED_-444689664, maven2, MavenRepo]
2025-12-28T12:06:58.989+0800 [DEBUG] [org.gradle.api.internal.artifacts.ivyservice.ivyresolve.CachingModuleComponentRepository] Using cached module metadata for module 'commons-codec:commons-codec:1.15' in 'maven'
2025-12-28T12:06:58.989+0800 [DEBUG] [org.gradle.api.internal.artifacts.ivyservice.ivyresolve.RepositoryChainComponentMetaDataResolver] Using commons-codec:commons-codec:1.15 from org.gradle.api.internal.artifacts.ivyservice.ivyresolve.FilteredModuleComponentRepository@139ef8a0
2025-12-28T12:06:58.989+0800 [DEBUG] [org.gradle.api.internal.artifacts.ivyservice.ivyresolve.RepositoryChainComponentMetaDataResolver] Attempting to resolve component for commons-io:commons-io:2.11.0 using repositories [BUNDELED_-79667784, maven, BUNDELED_-444689664, maven2, MavenRepo]
2025-12-28T12:06:58.992+0800 [DEBUG] [org.gradle.api.internal.artifacts.ivyservice.ivyresolve.CachingModuleComponentRepository] Using cached module metadata for module 'commons-io:commons-io:2.11.0' in 'maven'
2025-12-28T12:06:58.993+0800 [DEBUG] [org.gradle.api.internal.artifacts.ivyservice.ivyresolve.RepositoryChainComponentMetaDataResolver] Using commons-io:commons-io:2.11.0 from org.gradle.api.internal.artifacts.ivyservice.ivyresolve.FilteredModuleComponentRepository@139ef8a0
2025-12-28T12:06:58.993+0800 [DEBUG] [org.gradle.api.internal.artifacts.ivyservice.ivyresolve.RepositoryChainComponentMetaDataResolver] Attempting to resolve component for commons-logging:commons-logging:1.2 using repositories [BUNDELED_-79667784, maven, BUNDELED_-444689664, maven2, MavenRepo]
2025-12-28T12:06:58.996+0800 [DEBUG] [org.gradle.api.internal.artifacts.ivyservice.ivyresolve.CachingModuleComponentRepository] Using cached module metadata for module 'commons-logging:commons-logging:1.2' in 'maven'
2025-12-28T12:06:58.996+0800 [DEBUG] [org.gradle.api.internal.artifacts.ivyservice.ivyresolve.RepositoryChainComponentMetaDataResolver] Using commons-logging:commons-logging:1.2 from org.gradle.api.internal.artifacts.ivyservice.ivyresolve.FilteredModuleComponentRepository@139ef8a0
2025-12-28T12:06:58.997+0800 [DEBUG] [org.gradle.api.internal.artifacts.ivyservice.ivyresolve.RepositoryChainComponentMetaDataResolver] Attempting to resolve component for io.netty:netty-buffer:4.1.82.Final using repositories [BUNDELED_-79667784, maven, BUNDELED_-444689664, maven2, MavenRepo]
2025-12-28T12:06:59.001+0800 [DEBUG] [org.gradle.api.internal.artifacts.ivyservice.ivyresolve.CachingModuleComponentRepository] Using cached module metadata for module 'io.netty:netty-buffer:4.1.82.Final' in 'maven'
2025-12-28T12:06:59.001+0800 [DEBUG] [org.gradle.api.internal.artifacts.ivyservice.ivyresolve.RepositoryChainComponentMetaDataResolver] Using io.netty:netty-buffer:4.1.82.Final from org.gradle.api.internal.artifacts.ivyservice.ivyresolve.FilteredModuleComponentRepository@139ef8a0
2025-12-28T12:06:59.001+0800 [DEBUG] [org.gradle.api.internal.artifacts.ivyservice.ivyresolve.RepositoryChainComponentMetaDataResolver] Attempting to resolve component for io.netty:netty-codec:4.1.82.Final using repositories [BUNDELED_-79667784, maven, BUNDELED_-444689664, maven2, MavenRepo]
2025-12-28T12:06:59.006+0800 [DEBUG] [org.gradle.api.internal.artifacts.ivyservice.ivyresolve.CachingModuleComponentRepository] Using cached module metadata for module 'io.netty:netty-codec:4.1.82.Final' in 'maven'
2025-12-28T12:06:59.006+0800 [DEBUG] [org.gradle.api.internal.artifacts.ivyservice.ivyresolve.RepositoryChainComponentMetaDataResolver] Using io.netty:netty-codec:4.1.82.Final from org.gradle.api.internal.artifacts.ivyservice.ivyresolve.FilteredModuleComponentRepository@139ef8a0
2025-12-28T12:06:59.006+0800 [DEBUG] [org.gradle.api.internal.artifacts.ivyservice.ivyresolve.RepositoryChainComponentMetaDataResolver] Attempting to resolve component for io.netty:netty-common:4.1.82.Final using repositories [BUNDELED_-79667784, maven, BUNDELED_-444689664, maven2, MavenRepo]
2025-12-28T12:06:59.011+0800 [DEBUG] [org.gradle.api.internal.artifacts.ivyservice.ivyresolve.CachingModuleComponentRepository] Using cached module metadata for module 'io.netty:netty-common:4.1.82.Final' in 'maven'
2025-12-28T12:06:59.011+0800 [DEBUG] [org.gradle.api.internal.artifacts.ivyservice.ivyresolve.RepositoryChainComponentMetaDataResolver] Using io.netty:netty-common:4.1.82.Final from org.gradle.api.internal.artifacts.ivyservice.ivyresolve.FilteredModuleComponentRepository@139ef8a0
2025-12-28T12:06:59.011+0800 [DEBUG] [org.gradle.api.internal.artifacts.ivyservice.ivyresolve.RepositoryChainComponentMetaDataResolver] Attempting to resolve component for io.netty:netty-handler:4.1.82.Final using repositories [BUNDELED_-79667784, maven, BUNDELED_-444689664, maven2, MavenRepo]
2025-12-28T12:06:59.015+0800 [DEBUG] [org.gradle.api.internal.artifacts.ivyservice.ivyresolve.CachingModuleComponentRepository] Using cached module metadata for module 'io.netty:netty-handler:4.1.82.Final' in 'maven'
2025-12-28T12:06:59.015+0800 [DEBUG] [org.gradle.api.internal.artifacts.ivyservice.ivyresolve.RepositoryChainComponentMetaDataResolver] Using io.netty:netty-handler:4.1.82.Final from org.gradle.api.internal.artifacts.ivyservice.ivyresolve.FilteredModuleComponentRepository@139ef8a0
2025-12-28T12:06:59.016+0800 [DEBUG] [org.gradle.api.internal.artifacts.ivyservice.ivyresolve.RepositoryChainComponentMetaDataResolver] Attempting to resolve component for io.netty:netty-resolver:4.1.82.Final using repositories [BUNDELED_-79667784, maven, BUNDELED_-444689664, maven2, MavenRepo]
2025-12-28T12:06:59.019+0800 [DEBUG] [org.gradle.api.internal.artifacts.ivyservice.ivyresolve.CachingModuleComponentRepository] Using cached module metadata for module 'io.netty:netty-resolver:4.1.82.Final' in 'maven'
2025-12-28T12:06:59.020+0800 [DEBUG] [org.gradle.api.internal.artifacts.ivyservice.ivyresolve.RepositoryChainComponentMetaDataResolver] Using io.netty:netty-resolver:4.1.82.Final from org.gradle.api.internal.artifacts.ivyservice.ivyresolve.FilteredModuleComponentRepository@139ef8a0
2025-12-28T12:06:59.020+0800 [DEBUG] [org.gradle.api.internal.artifacts.ivyservice.ivyresolve.RepositoryChainComponentMetaDataResolver] Attempting to resolve component for io.netty:netty-transport-classes-epoll:4.1.82.Final using repositories [BUNDELED_-79667784, maven, BUNDELED_-444689664, maven2, MavenRepo]
2025-12-28T12:06:59.024+0800 [DEBUG] [org.gradle.api.internal.artifacts.ivyservice.ivyresolve.CachingModuleComponentRepository] Using cached module metadata for module 'io.netty:netty-transport-classes-epoll:4.1.82.Final' in 'maven'
2025-12-28T12:06:59.024+0800 [DEBUG] [org.gradle.api.internal.artifacts.ivyservice.ivyresolve.RepositoryChainComponentMetaDataResolver] Using io.netty:netty-transport-classes-epoll:4.1.82.Final from org.gradle.api.internal.artifacts.ivyservice.ivyresolve.FilteredModuleComponentRepository@139ef8a0
2025-12-28T12:06:59.025+0800 [DEBUG] [org.gradle.api.internal.artifacts.ivyservice.ivyresolve.RepositoryChainComponentMetaDataResolver] Attempting to resolve component for io.netty:netty-transport-native-unix-common:4.1.82.Final using repositories [BUNDELED_-79667784, maven, BUNDELED_-444689664, maven2, MavenRepo]
2025-12-28T12:06:59.029+0800 [DEBUG] [org.gradle.api.internal.artifacts.ivyservice.ivyresolve.CachingModuleComponentRepository] Using cached module metadata for module 'io.netty:netty-transport-native-unix-common:4.1.82.Final' in 'maven'
2025-12-28T12:06:59.029+0800 [DEBUG] [org.gradle.api.internal.artifacts.ivyservice.ivyresolve.RepositoryChainComponentMetaDataResolver] Using io.netty:netty-transport-native-unix-common:4.1.82.Final from org.gradle.api.internal.artifacts.ivyservice.ivyresolve.FilteredModuleComponentRepository@139ef8a0
2025-12-28T12:06:59.029+0800 [DEBUG] [org.gradle.api.internal.artifacts.ivyservice.ivyresolve.RepositoryChainComponentMetaDataResolver] Attempting to resolve component for io.netty:netty-transport:4.1.82.Final using repositories [BUNDELED_-79667784, maven, BUNDELED_-444689664, maven2, MavenRepo]
2025-12-28T12:06:59.032+0800 [DEBUG] [org.gradle.api.internal.artifacts.ivyservice.ivyresolve.CachingModuleComponentRepository] Using cached module metadata for module 'io.netty:netty-transport:4.1.82.Final' in 'maven'
2025-12-28T12:06:59.033+0800 [DEBUG] [org.gradle.api.internal.artifacts.ivyservice.ivyresolve.RepositoryChainComponentMetaDataResolver] Using io.netty:netty-transport:4.1.82.Final from org.gradle.api.internal.artifacts.ivyservice.ivyresolve.FilteredModuleComponentRepository@139ef8a0
2025-12-28T12:06:59.033+0800 [DEBUG] [org.gradle.api.internal.artifacts.ivyservice.ivyresolve.RepositoryChainComponentMetaDataResolver] Attempting to resolve component for it.unimi.dsi:fastutil:8.5.9 using repositories [BUNDELED_-79667784, maven, BUNDELED_-444689664, maven2, MavenRepo]
2025-12-28T12:06:59.036+0800 [DEBUG] [org.gradle.api.internal.artifacts.ivyservice.ivyresolve.CachingModuleComponentRepository] Using cached module metadata for module 'it.unimi.dsi:fastutil:8.5.9' in 'maven'
2025-12-28T12:06:59.037+0800 [DEBUG] [org.gradle.api.internal.artifacts.ivyservice.ivyresolve.RepositoryChainComponentMetaDataResolver] Using it.unimi.dsi:fastutil:8.5.9 from org.gradle.api.internal.artifacts.ivyservice.ivyresolve.FilteredModuleComponentRepository@139ef8a0
2025-12-28T12:06:59.037+0800 [DEBUG] [org.gradle.api.internal.artifacts.ivyservice.ivyresolve.RepositoryChainComponentMetaDataResolver] Attempting to resolve component for net.java.dev.jna:jna-platform:5.12.1 using repositories [BUNDELED_-79667784, maven, BUNDELED_-444689664, maven2, MavenRepo]
2025-12-28T12:06:59.039+0800 [DEBUG] [org.gradle.api.internal.artifacts.ivyservice.ivyresolve.CachingModuleComponentRepository] Using cached module metadata for module 'net.java.dev.jna:jna-platform:5.12.1' in 'maven'
2025-12-28T12:06:59.040+0800 [DEBUG] [org.gradle.api.internal.artifacts.ivyservice.ivyresolve.RepositoryChainComponentMetaDataResolver] Using net.java.dev.jna:jna-platform:5.12.1 from org.gradle.api.internal.artifacts.ivyservice.ivyresolve.FilteredModuleComponentRepository@139ef8a0
2025-12-28T12:06:59.040+0800 [DEBUG] [org.gradle.api.internal.artifacts.ivyservice.ivyresolve.RepositoryChainComponentMetaDataResolver] Attempting to resolve component for net.java.dev.jna:jna:5.12.1 using repositories [BUNDELED_-79667784, maven, BUNDELED_-444689664, maven2, MavenRepo]
2025-12-28T12:06:59.042+0800 [DEBUG] [org.gradle.api.internal.artifacts.ivyservice.ivyresolve.CachingModuleComponentRepository] Using cached module metadata for module 'net.java.dev.jna:jna:5.12.1' in 'maven'
2025-12-28T12:06:59.043+0800 [DEBUG] [org.gradle.api.internal.artifacts.ivyservice.ivyresolve.RepositoryChainComponentMetaDataResolver] Using net.java.dev.jna:jna:5.12.1 from org.gradle.api.internal.artifacts.ivyservice.ivyresolve.FilteredModuleComponentRepository@139ef8a0
2025-12-28T12:06:59.043+0800 [DEBUG] [org.gradle.api.internal.artifacts.ivyservice.ivyresolve.RepositoryChainComponentMetaDataResolver] Attempting to resolve component for net.sf.jopt-simple:jopt-simple:5.0.4 using repositories [BUNDELED_-79667784, maven, BUNDELED_-444689664, maven2, MavenRepo]
2025-12-28T12:06:59.046+0800 [DEBUG] [org.gradle.api.internal.artifacts.ivyservice.ivyresolve.CachingModuleComponentRepository] Using cached module metadata for module 'net.sf.jopt-simple:jopt-simple:5.0.4' in 'maven'
2025-12-28T12:06:59.046+0800 [DEBUG] [org.gradle.api.internal.artifacts.ivyservice.ivyresolve.RepositoryChainComponentMetaDataResolver] Using net.sf.jopt-simple:jopt-simple:5.0.4 from org.gradle.api.internal.artifacts.ivyservice.ivyresolve.FilteredModuleComponentRepository@139ef8a0
2025-12-28T12:06:59.046+0800 [DEBUG] [org.gradle.api.internal.artifacts.ivyservice.ivyresolve.RepositoryChainComponentMetaDataResolver] Attempting to resolve component for org.apache.commons:commons-compress:1.21 using repositories [BUNDELED_-79667784, maven, BUNDELED_-444689664, maven2, MavenRepo]
2025-12-28T12:06:59.049+0800 [DEBUG] [org.gradle.api.internal.artifacts.ivyservice.ivyresolve.CachingModuleComponentRepository] Using cached module metadata for module 'org.apache.commons:commons-compress:1.21' in 'maven'
2025-12-28T12:06:59.049+0800 [DEBUG] [org.gradle.api.internal.artifacts.ivyservice.ivyresolve.RepositoryChainComponentMetaDataResolver] Using org.apache.commons:commons-compress:1.21 from org.gradle.api.internal.artifacts.ivyservice.ivyresolve.FilteredModuleComponentRepository@139ef8a0
2025-12-28T12:06:59.049+0800 [DEBUG] [org.gradle.api.internal.artifacts.ivyservice.ivyresolve.RepositoryChainComponentMetaDataResolver] Attempting to resolve component for org.apache.commons:commons-lang3:3.12.0 using repositories [BUNDELED_-79667784, maven, BUNDELED_-444689664, maven2, MavenRepo]
2025-12-28T12:06:59.052+0800 [DEBUG] [org.gradle.api.internal.artifacts.ivyservice.ivyresolve.CachingModuleComponentRepository] Using cached module metadata for module 'org.apache.commons:commons-lang3:3.12.0' in 'maven'
2025-12-28T12:06:59.052+0800 [DEBUG] [org.gradle.api.internal.artifacts.ivyservice.ivyresolve.RepositoryChainComponentMetaDataResolver] Using org.apache.commons:commons-lang3:3.12.0 from org.gradle.api.internal.artifacts.ivyservice.ivyresolve.FilteredModuleComponentRepository@139ef8a0
2025-12-28T12:06:59.053+0800 [DEBUG] [org.gradle.api.internal.artifacts.ivyservice.ivyresolve.RepositoryChainComponentMetaDataResolver] Attempting to resolve component for org.apache.httpcomponents:httpclient:4.5.13 using repositories [BUNDELED_-79667784, maven, BUNDELED_-444689664, maven2, MavenRepo]
2025-12-28T12:06:59.055+0800 [DEBUG] [org.gradle.api.internal.artifacts.ivyservice.ivyresolve.CachingModuleComponentRepository] Using cached module metadata for module 'org.apache.httpcomponents:httpclient:4.5.13' in 'maven'
2025-12-28T12:06:59.056+0800 [DEBUG] [org.gradle.api.internal.artifacts.ivyservice.ivyresolve.RepositoryChainComponentMetaDataResolver] Using org.apache.httpcomponents:httpclient:4.5.13 from org.gradle.api.internal.artifacts.ivyservice.ivyresolve.FilteredModuleComponentRepository@139ef8a0
2025-12-28T12:06:59.056+0800 [DEBUG] [org.gradle.api.internal.artifacts.ivyservice.ivyresolve.RepositoryChainComponentMetaDataResolver] Attempting to resolve component for org.apache.httpcomponents:httpcore:4.4.15 using repositories [BUNDELED_-79667784, maven, BUNDELED_-444689664, maven2, MavenRepo]
2025-12-28T12:06:59.059+0800 [DEBUG] [org.gradle.api.internal.artifacts.ivyservice.ivyresolve.CachingModuleComponentRepository] Using cached module metadata for module 'org.apache.httpcomponents:httpcore:4.4.15' in 'maven'
2025-12-28T12:06:59.059+0800 [DEBUG] [org.gradle.api.internal.artifacts.ivyservice.ivyresolve.RepositoryChainComponentMetaDataResolver] Using org.apache.httpcomponents:httpcore:4.4.15 from org.gradle.api.internal.artifacts.ivyservice.ivyresolve.FilteredModuleComponentRepository@139ef8a0
2025-12-28T12:06:59.059+0800 [DEBUG] [org.gradle.api.internal.artifacts.ivyservice.ivyresolve.RepositoryChainComponentMetaDataResolver] Attempting to resolve component for org.apache.logging.log4j:log4j-api:2.19.0 using repositories [BUNDELED_-79667784, maven, BUNDELED_-444689664, maven2, MavenRepo]
2025-12-28T12:06:59.063+0800 [DEBUG] [org.gradle.api.internal.artifacts.ivyservice.ivyresolve.CachingModuleComponentRepository] Using cached module metadata for module 'org.apache.logging.log4j:log4j-api:2.19.0' in 'maven'
2025-12-28T12:06:59.063+0800 [DEBUG] [org.gradle.api.internal.artifacts.ivyservice.ivyresolve.RepositoryChainComponentMetaDataResolver] Using org.apache.logging.log4j:log4j-api:2.19.0 from org.gradle.api.internal.artifacts.ivyservice.ivyresolve.FilteredModuleComponentRepository@139ef8a0
2025-12-28T12:06:59.064+0800 [DEBUG] [org.gradle.api.internal.artifacts.ivyservice.ivyresolve.RepositoryChainComponentMetaDataResolver] Attempting to resolve component for org.apache.logging.log4j:log4j-core:2.19.0 using repositories [BUNDELED_-79667784, maven, BUNDELED_-444689664, maven2, MavenRepo]
2025-12-28T12:06:59.067+0800 [DEBUG] [org.gradle.api.internal.artifacts.ivyservice.ivyresolve.CachingModuleComponentRepository] Using cached module metadata for module 'org.apache.logging.log4j:log4j-core:2.19.0' in 'maven'
2025-12-28T12:06:59.067+0800 [DEBUG] [org.gradle.api.internal.artifacts.ivyservice.ivyresolve.RepositoryChainComponentMetaDataResolver] Using org.apache.logging.log4j:log4j-core:2.19.0 from org.gradle.api.internal.artifacts.ivyservice.ivyresolve.FilteredModuleComponentRepository@139ef8a0
2025-12-28T12:06:59.067+0800 [DEBUG] [org.gradle.api.internal.artifacts.ivyservice.ivyresolve.RepositoryChainComponentMetaDataResolver] Attempting to resolve component for org.apache.logging.log4j:log4j-slf4j2-impl:2.19.0 using repositories [BUNDELED_-79667784, maven, BUNDELED_-444689664, maven2, MavenRepo]
2025-12-28T12:06:59.071+0800 [DEBUG] [org.gradle.api.internal.artifacts.ivyservice.ivyresolve.CachingModuleComponentRepository] Using cached module metadata for module 'org.apache.logging.log4j:log4j-slf4j2-impl:2.19.0' in 'maven'
2025-12-28T12:06:59.071+0800 [DEBUG] [org.gradle.api.internal.artifacts.ivyservice.ivyresolve.RepositoryChainComponentMetaDataResolver] Using org.apache.logging.log4j:log4j-slf4j2-impl:2.19.0 from org.gradle.api.internal.artifacts.ivyservice.ivyresolve.FilteredModuleComponentRepository@139ef8a0
2025-12-28T12:06:59.072+0800 [DEBUG] [org.gradle.api.internal.artifacts.ivyservice.ivyresolve.RepositoryChainComponentMetaDataResolver] Attempting to resolve component for org.joml:joml:1.10.5 using repositories [BUNDELED_-79667784, maven, BUNDELED_-444689664, maven2, MavenRepo]
2025-12-28T12:06:59.074+0800 [DEBUG] [org.gradle.api.internal.artifacts.ivyservice.ivyresolve.CachingModuleComponentRepository] Using cached module metadata for module 'org.joml:joml:1.10.5' in 'maven'
2025-12-28T12:06:59.074+0800 [DEBUG] [org.gradle.api.internal.artifacts.ivyservice.ivyresolve.RepositoryChainComponentMetaDataResolver] Using org.joml:joml:1.10.5 from org.gradle.api.internal.artifacts.ivyservice.ivyresolve.FilteredModuleComponentRepository@139ef8a0
2025-12-28T12:06:59.075+0800 [DEBUG] [org.gradle.api.internal.artifacts.ivyservice.ivyresolve.RepositoryChainComponentMetaDataResolver] Attempting to resolve component for org.lwjgl:lwjgl-glfw:3.3.1 using repositories [BUNDELED_-79667784, maven, BUNDELED_-444689664, maven2, MavenRepo]
2025-12-28T12:06:59.077+0800 [DEBUG] [org.gradle.api.internal.artifacts.ivyservice.ivyresolve.CachingModuleComponentRepository] Using cached module metadata for module 'org.lwjgl:lwjgl-glfw:3.3.1' in 'maven'
2025-12-28T12:06:59.077+0800 [DEBUG] [org.gradle.api.internal.artifacts.ivyservice.ivyresolve.RepositoryChainComponentMetaDataResolver] Using org.lwjgl:lwjgl-glfw:3.3.1 from org.gradle.api.internal.artifacts.ivyservice.ivyresolve.FilteredModuleComponentRepository@139ef8a0
2025-12-28T12:06:59.078+0800 [DEBUG] [org.gradle.api.internal.artifacts.ivyservice.ivyresolve.RepositoryChainComponentMetaDataResolver] Attempting to resolve component for org.lwjgl:lwjgl-jemalloc:3.3.1 using repositories [BUNDELED_-79667784, maven, BUNDELED_-444689664, maven2, MavenRepo]
2025-12-28T12:06:59.080+0800 [DEBUG] [org.gradle.api.internal.artifacts.ivyservice.ivyresolve.CachingModuleComponentRepository] Using cached module metadata for module 'org.lwjgl:lwjgl-jemalloc:3.3.1' in 'maven'
2025-12-28T12:06:59.080+0800 [DEBUG] [org.gradle.api.internal.artifacts.ivyservice.ivyresolve.RepositoryChainComponentMetaDataResolver] Using org.lwjgl:lwjgl-jemalloc:3.3.1 from org.gradle.api.internal.artifacts.ivyservice.ivyresolve.FilteredModuleComponentRepository@139ef8a0
2025-12-28T12:06:59.081+0800 [DEBUG] [org.gradle.api.internal.artifacts.ivyservice.ivyresolve.RepositoryChainComponentMetaDataResolver] Attempting to resolve component for org.lwjgl:lwjgl-openal:3.3.1 using repositories [BUNDELED_-79667784, maven, BUNDELED_-444689664, maven2, MavenRepo]
2025-12-28T12:06:59.083+0800 [DEBUG] [org.gradle.api.internal.artifacts.ivyservice.ivyresolve.CachingModuleComponentRepository] Using cached module metadata for module 'org.lwjgl:lwjgl-openal:3.3.1' in 'maven'
2025-12-28T12:06:59.084+0800 [DEBUG] [org.gradle.api.internal.artifacts.ivyservice.ivyresolve.RepositoryChainComponentMetaDataResolver] Using org.lwjgl:lwjgl-openal:3.3.1 from org.gradle.api.internal.artifacts.ivyservice.ivyresolve.FilteredModuleComponentRepository@139ef8a0
2025-12-28T12:06:59.084+0800 [DEBUG] [org.gradle.api.internal.artifacts.ivyservice.ivyresolve.RepositoryChainComponentMetaDataResolver] Attempting to resolve component for org.lwjgl:lwjgl-opengl:3.3.1 using repositories [BUNDELED_-79667784, maven, BUNDELED_-444689664, maven2, MavenRepo]
2025-12-28T12:06:59.087+0800 [DEBUG] [org.gradle.api.internal.artifacts.ivyservice.ivyresolve.CachingModuleComponentRepository] Using cached module metadata for module 'org.lwjgl:lwjgl-opengl:3.3.1' in 'maven'
2025-12-28T12:06:59.087+0800 [DEBUG] [org.gradle.api.internal.artifacts.ivyservice.ivyresolve.RepositoryChainComponentMetaDataResolver] Using org.lwjgl:lwjgl-opengl:3.3.1 from org.gradle.api.internal.artifacts.ivyservice.ivyresolve.FilteredModuleComponentRepository@139ef8a0
2025-12-28T12:06:59.087+0800 [DEBUG] [org.gradle.api.internal.artifacts.ivyservice.ivyresolve.RepositoryChainComponentMetaDataResolver] Attempting to resolve component for org.lwjgl:lwjgl-stb:3.3.1 using repositories [BUNDELED_-79667784, maven, BUNDELED_-444689664, maven2, MavenRepo]
2025-12-28T12:06:59.090+0800 [DEBUG] [org.gradle.api.internal.artifacts.ivyservice.ivyresolve.CachingModuleComponentRepository] Using cached module metadata for module 'org.lwjgl:lwjgl-stb:3.3.1' in 'maven'
2025-12-28T12:06:59.090+0800 [DEBUG] [org.gradle.api.internal.artifacts.ivyservice.ivyresolve.RepositoryChainComponentMetaDataResolver] Using org.lwjgl:lwjgl-stb:3.3.1 from org.gradle.api.internal.artifacts.ivyservice.ivyresolve.FilteredModuleComponentRepository@139ef8a0
2025-12-28T12:06:59.090+0800 [DEBUG] [org.gradle.api.internal.artifacts.ivyservice.ivyresolve.RepositoryChainComponentMetaDataResolver] Attempting to resolve component for org.lwjgl:lwjgl-tinyfd:3.3.1 using repositories [BUNDELED_-79667784, maven, BUNDELED_-444689664, maven2, MavenRepo]
2025-12-28T12:06:59.094+0800 [DEBUG] [org.gradle.api.internal.artifacts.ivyservice.ivyresolve.CachingModuleComponentRepository] Using cached module metadata for module 'org.lwjgl:lwjgl-tinyfd:3.3.1' in 'maven'
2025-12-28T12:06:59.094+0800 [DEBUG] [org.gradle.api.internal.artifacts.ivyservice.ivyresolve.RepositoryChainComponentMetaDataResolver] Using org.lwjgl:lwjgl-tinyfd:3.3.1 from org.gradle.api.internal.artifacts.ivyservice.ivyresolve.FilteredModuleComponentRepository@139ef8a0
2025-12-28T12:06:59.095+0800 [DEBUG] [org.gradle.api.internal.artifacts.ivyservice.ivyresolve.RepositoryChainComponentMetaDataResolver] Attempting to resolve component for org.lwjgl:lwjgl:3.3.1 using repositories [BUNDELED_-79667784, maven, BUNDELED_-444689664, maven2, MavenRepo]
2025-12-28T12:06:59.097+0800 [DEBUG] [org.gradle.api.internal.artifacts.ivyservice.ivyresolve.CachingModuleComponentRepository] Using cached module metadata for module 'org.lwjgl:lwjgl:3.3.1' in 'maven'
2025-12-28T12:06:59.098+0800 [DEBUG] [org.gradle.api.internal.artifacts.ivyservice.ivyresolve.RepositoryChainComponentMetaDataResolver] Using org.lwjgl:lwjgl:3.3.1 from org.gradle.api.internal.artifacts.ivyservice.ivyresolve.FilteredModuleComponentRepository@139ef8a0
2025-12-28T12:06:59.098+0800 [DEBUG] [org.gradle.api.internal.artifacts.ivyservice.ivyresolve.RepositoryChainComponentMetaDataResolver] Attempting to resolve component for org.slf4j:slf4j-api:2.0.1 using repositories [BUNDELED_-79667784, maven, BUNDELED_-444689664, maven2, MavenRepo]
2025-12-28T12:06:59.101+0800 [DEBUG] [org.gradle.api.internal.artifacts.ivyservice.ivyresolve.CachingModuleComponentRepository] Using cached module metadata for module 'org.slf4j:slf4j-api:2.0.1' in 'maven'
2025-12-28T12:06:59.101+0800 [DEBUG] [org.gradle.api.internal.artifacts.ivyservice.ivyresolve.RepositoryChainComponentMetaDataResolver] Using org.slf4j:slf4j-api:2.0.1 from org.gradle.api.internal.artifacts.ivyservice.ivyresolve.FilteredModuleComponentRepository@139ef8a0
2025-12-28T12:06:59.101+0800 [DEBUG] [org.gradle.api.internal.artifacts.ivyservice.resolveengine.graph.builder.DependencyGraphBuilder] Visiting configuration com.google.code.findbugs:jsr305:3.0.2(runtime).
2025-12-28T12:06:59.102+0800 [DEBUG] [org.gradle.api.internal.artifacts.ivyservice.resolveengine.graph.builder.DependencyGraphBuilder] Visiting configuration ca.weblite:java-objc-bridge:1.1(runtime).
2025-12-28T12:06:59.102+0800 [DEBUG] [org.gradle.api.internal.artifacts.ivyservice.resolveengine.graph.builder.DependencyGraphBuilder] Visiting configuration net.minecraftforge:mergetool:1.1.7(runtimeElements).
2025-12-28T12:06:59.103+0800 [DEBUG] [org.gradle.api.internal.artifacts.ivyservice.ivyresolve.RepositoryChainComponentMetaDataResolver] Attempting to resolve component for net.minecraftforge:srgutils:0.4.15 using repositories [BUNDELED_-79667784, maven, BUNDELED_-444689664, maven2, MavenRepo]
2025-12-28T12:06:59.106+0800 [DEBUG] [org.gradle.api.internal.artifacts.ivyservice.ivyresolve.CachingModuleComponentRepository] Using cached module metadata for module 'net.minecraftforge:srgutils:0.4.15' in 'maven'
2025-12-28T12:06:59.106+0800 [DEBUG] [org.gradle.api.internal.artifacts.ivyservice.ivyresolve.RepositoryChainComponentMetaDataResolver] Using net.minecraftforge:srgutils:0.4.15 from org.gradle.api.internal.artifacts.ivyservice.ivyresolve.FilteredModuleComponentRepository@139ef8a0
2025-12-28T12:06:59.106+0800 [DEBUG] [org.gradle.api.internal.artifacts.ivyservice.resolveengine.graph.builder.DependencyGraphBuilder] Visiting configuration org.jetbrains:annotations:24.0.1(runtime).
2025-12-28T12:06:59.106+0800 [DEBUG] [org.gradle.api.internal.artifacts.ivyservice.resolveengine.graph.builder.DependencyGraphBuilder] Visiting configuration cpw.mods:securejarhandler:2.1.10(runtimeElements).
2025-12-28T12:06:59.107+0800 [DEBUG] [org.gradle.api.internal.artifacts.ivyservice.resolveengine.graph.builder.DependencyGraphBuilder] Visiting configuration org.ow2.asm:asm:9.8(runtime).
2025-12-28T12:06:59.107+0800 [DEBUG] [org.gradle.api.internal.artifacts.ivyservice.resolveengine.graph.builder.DependencyGraphBuilder] Visiting configuration org.ow2.asm:asm-commons:9.8(runtime).
2025-12-28T12:06:59.108+0800 [DEBUG] [org.gradle.api.internal.artifacts.ivyservice.resolveengine.graph.builder.DependencyGraphBuilder] Visiting configuration org.ow2.asm:asm-tree:9.8(runtime).
2025-12-28T12:06:59.108+0800 [DEBUG] [org.gradle.api.internal.artifacts.ivyservice.resolveengine.graph.builder.DependencyGraphBuilder] Visiting configuration org.ow2.asm:asm-util:9.8(runtime).
2025-12-28T12:06:59.108+0800 [DEBUG] [org.gradle.api.internal.artifacts.ivyservice.resolveengine.graph.builder.DependencyGraphBuilder] Visiting configuration org.ow2.asm:asm-analysis:9.8(runtime).
2025-12-28T12:06:59.109+0800 [DEBUG] [org.gradle.api.internal.artifacts.ivyservice.resolveengine.graph.builder.DependencyGraphBuilder] Visiting configuration net.minecraftforge:accesstransformers:8.0.4(runtimeElements).
2025-12-28T12:06:59.110+0800 [DEBUG] [org.gradle.api.internal.artifacts.ivyservice.ivyresolve.DynamicVersionResolver] Attempting to resolve version for org.apache.logging.log4j:log4j-api:2.11.+ using repositories [BUNDELED_-79667784, maven, BUNDELED_-444689664, maven2, MavenRepo]
2025-12-28T12:06:59.115+0800 [DEBUG] [org.gradle.api.internal.artifacts.repositories.resolver.ResourceVersionLister] Listing all in file:/C:/Users/StesssQQy/.gradle/caches/forge_gradle/bundled_deobf_repo/org/apache/logging/log4j/log4j-api/%5Brevision%5D/log4j-api-%5Brevision%5D.pom
2025-12-28T12:06:59.115+0800 [DEBUG] [org.gradle.api.internal.artifacts.repositories.resolver.ResourceVersionLister] using net.minecraftforge.artifactural.gradle.GradleRepositoryAdapter$GeneratingFileResourceRepository@5550d8f9 to list all in file:/C:/Users/StesssQQy/.gradle/caches/forge_gradle/bundled_deobf_repo/org/apache/logging/log4j/log4j-api/
2025-12-28T12:06:59.116+0800 [DEBUG] [org.gradle.api.internal.artifacts.repositories.resolver.ResourceVersionLister] Listing all in file:/C:/Users/StesssQQy/.gradle/caches/forge_gradle/bundled_deobf_repo/org/apache/logging/log4j/log4j-api/%5Brevision%5D/log4j-api-%5Brevision%5D.jar
2025-12-28T12:06:59.116+0800 [DEBUG] [org.gradle.api.internal.artifacts.repositories.resolver.ResourceVersionLister] using net.minecraftforge.artifactural.gradle.GradleRepositoryAdapter$GeneratingFileResourceRepository@5550d8f9 to list all in file:/C:/Users/StesssQQy/.gradle/caches/forge_gradle/bundled_deobf_repo/org/apache/logging/log4j/log4j-api/
2025-12-28T12:06:59.117+0800 [DEBUG] [org.gradle.api.internal.artifacts.ivyservice.modulecache.dynamicversions.DefaultModuleVersionsCache] Caching version list in module versions cache: Using '[]' for 'org.apache.logging.log4j:log4j-api'
2025-12-28T12:06:59.122+0800 [DEBUG] [org.gradle.api.internal.artifacts.ivyservice.ivyresolve.CachingModuleComponentRepository] Using cached module metadata for module 'org.apache.logging.log4j:log4j-api:2.11.2' in 'maven'
2025-12-28T12:06:59.126+0800 [DEBUG] [org.gradle.api.internal.artifacts.ivyservice.ivyresolve.CachingModuleComponentRepository] Using cached module metadata for module 'org.apache.logging.log4j:log4j-api:2.11.2' in 'MavenRepo'
2025-12-28T12:06:59.129+0800 [DEBUG] [org.gradle.api.internal.artifacts.ivyservice.ivyresolve.DynamicVersionResolver] Using org.apache.logging.log4j:log4j-api:2.11.2 from org.gradle.api.internal.artifacts.ivyservice.ivyresolve.FilteredModuleComponentRepository@139ef8a0
2025-12-28T12:06:59.129+0800 [DEBUG] [org.gradle.api.internal.artifacts.ivyservice.ivyresolve.DynamicVersionResolver] Attempting to resolve version for org.apache.logging.log4j:log4j-core:2.11.+ using repositories [BUNDELED_-79667784, maven, BUNDELED_-444689664, maven2, MavenRepo]
2025-12-28T12:06:59.129+0800 [DEBUG] [org.gradle.api.internal.artifacts.repositories.resolver.ResourceVersionLister] Listing all in file:/C:/Users/StesssQQy/.gradle/caches/forge_gradle/bundled_deobf_repo/org/apache/logging/log4j/log4j-core/%5Brevision%5D/log4j-core-%5Brevision%5D.pom
2025-12-28T12:06:59.129+0800 [DEBUG] [org.gradle.api.internal.artifacts.repositories.resolver.ResourceVersionLister] using net.minecraftforge.artifactural.gradle.GradleRepositoryAdapter$GeneratingFileResourceRepository@5550d8f9 to list all in file:/C:/Users/StesssQQy/.gradle/caches/forge_gradle/bundled_deobf_repo/org/apache/logging/log4j/log4j-core/
2025-12-28T12:06:59.130+0800 [DEBUG] [org.gradle.api.internal.artifacts.repositories.resolver.ResourceVersionLister] Listing all in file:/C:/Users/StesssQQy/.gradle/caches/forge_gradle/bundled_deobf_repo/org/apache/logging/log4j/log4j-core/%5Brevision%5D/log4j-core-%5Brevision%5D.jar
2025-12-28T12:06:59.130+0800 [DEBUG] [org.gradle.api.internal.artifacts.repositories.resolver.ResourceVersionLister] using net.minecraftforge.artifactural.gradle.GradleRepositoryAdapter$GeneratingFileResourceRepository@5550d8f9 to list all in file:/C:/Users/StesssQQy/.gradle/caches/forge_gradle/bundled_deobf_repo/org/apache/logging/log4j/log4j-core/
2025-12-28T12:06:59.131+0800 [DEBUG] [org.gradle.api.internal.artifacts.ivyservice.modulecache.dynamicversions.DefaultModuleVersionsCache] Caching version list in module versions cache: Using '[]' for 'org.apache.logging.log4j:log4j-core'
2025-12-28T12:06:59.134+0800 [DEBUG] [org.gradle.api.internal.artifacts.ivyservice.ivyresolve.CachingModuleComponentRepository] Using cached module metadata for module 'org.apache.logging.log4j:log4j-core:2.11.2' in 'maven'
2025-12-28T12:06:59.138+0800 [DEBUG] [org.gradle.api.internal.artifacts.ivyservice.ivyresolve.CachingModuleComponentRepository] Using cached module metadata for module 'org.apache.logging.log4j:log4j-core:2.11.2' in 'MavenRepo'
2025-12-28T12:06:59.138+0800 [DEBUG] [org.gradle.api.internal.artifacts.ivyservice.ivyresolve.DynamicVersionResolver] Using org.apache.logging.log4j:log4j-core:2.11.2 from org.gradle.api.internal.artifacts.ivyservice.ivyresolve.FilteredModuleComponentRepository@139ef8a0
2025-12-28T12:06:59.139+0800 [DEBUG] [org.gradle.api.internal.artifacts.ivyservice.ivyresolve.RepositoryChainComponentMetaDataResolver] Attempting to resolve component for org.antlr:antlr4:4.9.1 using repositories [BUNDELED_-79667784, maven, BUNDELED_-444689664, maven2, MavenRepo]
2025-12-28T12:06:59.141+0800 [DEBUG] [org.gradle.api.internal.artifacts.ivyservice.ivyresolve.CachingModuleComponentRepository] Using cached module metadata for module 'org.antlr:antlr4:4.9.1' in 'maven'
2025-12-28T12:06:59.141+0800 [DEBUG] [org.gradle.api.internal.artifacts.ivyservice.ivyresolve.RepositoryChainComponentMetaDataResolver] Using org.antlr:antlr4:4.9.1 from org.gradle.api.internal.artifacts.ivyservice.ivyresolve.FilteredModuleComponentRepository@139ef8a0
2025-12-28T12:06:59.142+0800 [DEBUG] [org.gradle.api.internal.artifacts.ivyservice.resolveengine.graph.builder.DependencyGraphBuilder] Visiting configuration org.antlr:antlr4-runtime:4.9.1(runtime).
2025-12-28T12:06:59.142+0800 [DEBUG] [org.gradle.api.internal.artifacts.ivyservice.resolveengine.graph.builder.DependencyGraphBuilder] Visiting configuration net.minecraftforge:eventbus:6.0.5(runtimeElements).
2025-12-28T12:06:59.144+0800 [DEBUG] [org.gradle.api.internal.artifacts.ivyservice.ivyresolve.DynamicVersionResolver] Attempting to resolve version for cpw.mods:modlauncher:10.0.+ using repositories [BUNDELED_-79667784, maven, BUNDELED_-444689664, maven2, MavenRepo]
2025-12-28T12:06:59.144+0800 [DEBUG] [org.gradle.api.internal.artifacts.repositories.resolver.ResourceVersionLister] Listing all in file:/C:/Users/StesssQQy/.gradle/caches/forge_gradle/bundled_deobf_repo/cpw/mods/modlauncher/%5Brevision%5D/modlauncher-%5Brevision%5D.pom
2025-12-28T12:06:59.144+0800 [DEBUG] [org.gradle.api.internal.artifacts.repositories.resolver.ResourceVersionLister] using net.minecraftforge.artifactural.gradle.GradleRepositoryAdapter$GeneratingFileResourceRepository@5550d8f9 to list all in file:/C:/Users/StesssQQy/.gradle/caches/forge_gradle/bundled_deobf_repo/cpw/mods/modlauncher/
2025-12-28T12:06:59.145+0800 [DEBUG] [org.gradle.api.internal.artifacts.repositories.resolver.ResourceVersionLister] Listing all in file:/C:/Users/StesssQQy/.gradle/caches/forge_gradle/bundled_deobf_repo/cpw/mods/modlauncher/%5Brevision%5D/modlauncher-%5Brevision%5D.jar
2025-12-28T12:06:59.145+0800 [DEBUG] [org.gradle.api.internal.artifacts.repositories.resolver.ResourceVersionLister] using net.minecraftforge.artifactural.gradle.GradleRepositoryAdapter$GeneratingFileResourceRepository@5550d8f9 to list all in file:/C:/Users/StesssQQy/.gradle/caches/forge_gradle/bundled_deobf_repo/cpw/mods/modlauncher/
2025-12-28T12:06:59.145+0800 [DEBUG] [org.gradle.api.internal.artifacts.ivyservice.modulecache.dynamicversions.DefaultModuleVersionsCache] Caching version list in module versions cache: Using '[]' for 'cpw.mods:modlauncher'
2025-12-28T12:06:59.146+0800 [DEBUG] [org.gradle.api.internal.artifacts.ivyservice.ivyresolve.CachingModuleComponentRepository] Using cached module metadata for module 'cpw.mods:modlauncher:10.0.9' in 'maven'
2025-12-28T12:06:59.146+0800 [DEBUG] [org.gradle.api.internal.artifacts.ivyservice.ivyresolve.DynamicVersionResolver] Using cpw.mods:modlauncher:10.0.9 from org.gradle.api.internal.artifacts.ivyservice.ivyresolve.FilteredModuleComponentRepository@139ef8a0
2025-12-28T12:06:59.147+0800 [DEBUG] [org.gradle.api.internal.artifacts.ivyservice.ivyresolve.DynamicVersionResolver] Attempting to resolve version for net.jodah:typetools:0.6.+ using repositories [BUNDELED_-79667784, maven, BUNDELED_-444689664, maven2, MavenRepo]
2025-12-28T12:06:59.147+0800 [DEBUG] [org.gradle.api.internal.artifacts.repositories.resolver.ResourceVersionLister] Listing all in file:/C:/Users/StesssQQy/.gradle/caches/forge_gradle/bundled_deobf_repo/net/jodah/typetools/%5Brevision%5D/typetools-%5Brevision%5D.pom
2025-12-28T12:06:59.147+0800 [DEBUG] [org.gradle.api.internal.artifacts.repositories.resolver.ResourceVersionLister] using net.minecraftforge.artifactural.gradle.GradleRepositoryAdapter$GeneratingFileResourceRepository@5550d8f9 to list all in file:/C:/Users/StesssQQy/.gradle/caches/forge_gradle/bundled_deobf_repo/net/jodah/typetools/
2025-12-28T12:06:59.148+0800 [DEBUG] [org.gradle.api.internal.artifacts.repositories.resolver.ResourceVersionLister] Listing all in file:/C:/Users/StesssQQy/.gradle/caches/forge_gradle/bundled_deobf_repo/net/jodah/typetools/%5Brevision%5D/typetools-%5Brevision%5D.jar
2025-12-28T12:06:59.148+0800 [DEBUG] [org.gradle.api.internal.artifacts.repositories.resolver.ResourceVersionLister] using net.minecraftforge.artifactural.gradle.GradleRepositoryAdapter$GeneratingFileResourceRepository@5550d8f9 to list all in file:/C:/Users/StesssQQy/.gradle/caches/forge_gradle/bundled_deobf_repo/net/jodah/typetools/
2025-12-28T12:06:59.148+0800 [DEBUG] [org.gradle.api.internal.artifacts.ivyservice.modulecache.dynamicversions.DefaultModuleVersionsCache] Caching version list in module versions cache: Using '[]' for 'net.jodah:typetools'
2025-12-28T12:06:59.148+0800 [DEBUG] [org.gradle.api.internal.artifacts.ivyservice.ivyresolve.CachingModuleComponentRepository] Using cached module metadata for module 'net.jodah:typetools:0.6.3' in 'maven'
2025-12-28T12:06:59.151+0800 [DEBUG] [org.gradle.api.internal.artifacts.ivyservice.ivyresolve.CachingModuleComponentRepository] Using cached module metadata for module 'net.jodah:typetools:0.6.3' in 'MavenRepo'
2025-12-28T12:06:59.151+0800 [DEBUG] [org.gradle.api.internal.artifacts.ivyservice.ivyresolve.DynamicVersionResolver] Using net.jodah:typetools:0.6.3 from org.gradle.api.internal.artifacts.ivyservice.ivyresolve.FilteredModuleComponentRepository@139ef8a0
2025-12-28T12:06:59.152+0800 [DEBUG] [org.gradle.api.internal.artifacts.ivyservice.resolveengine.graph.builder.DependencyGraphBuilder] Visiting configuration net.minecraftforge:forgespi:7.0.1(runtimeElements).
2025-12-28T12:06:59.153+0800 [DEBUG] [org.gradle.api.internal.artifacts.ivyservice.resolveengine.graph.builder.DependencyGraphBuilder] Visiting configuration net.minecraftforge:coremods:5.2.4(runtimeElements).
2025-12-28T12:06:59.154+0800 [DEBUG] [org.gradle.api.internal.artifacts.ivyservice.resolveengine.graph.builder.DependencyGraphBuilder] Visiting configuration cpw.mods:modlauncher:10.0.9(runtimeElements).
2025-12-28T12:06:59.154+0800 [DEBUG] [org.gradle.api.internal.artifacts.ivyservice.resolveengine.graph.builder.DependencyGraphBuilder] Visiting configuration net.minecraftforge:unsafe:0.2.0(runtime).
2025-12-28T12:06:59.155+0800 [DEBUG] [org.gradle.api.internal.artifacts.ivyservice.resolveengine.graph.builder.DependencyGraphBuilder] Visiting configuration com.electronwill.night-config:core:3.6.4(runtime).
2025-12-28T12:06:59.155+0800 [DEBUG] [org.gradle.api.internal.artifacts.ivyservice.resolveengine.graph.builder.DependencyGraphBuilder] Visiting configuration com.electronwill.night-config:toml:3.6.4(runtime).
2025-12-28T12:06:59.155+0800 [DEBUG] [org.gradle.api.internal.artifacts.ivyservice.resolveengine.graph.builder.DependencyGraphBuilder] Visiting configuration org.apache.maven:maven-artifact:3.8.5(runtime).
2025-12-28T12:06:59.156+0800 [DEBUG] [org.gradle.api.internal.artifacts.ivyservice.ivyresolve.RepositoryChainComponentMetaDataResolver] Attempting to resolve component for org.codehaus.plexus:plexus-utils:3.3.0 using repositories [BUNDELED_-79667784, maven, BUNDELED_-444689664, maven2, MavenRepo]
2025-12-28T12:06:59.158+0800 [DEBUG] [org.gradle.api.internal.artifacts.ivyservice.ivyresolve.CachingModuleComponentRepository] Using cached module metadata for module 'org.codehaus.plexus:plexus-utils:3.3.0' in 'maven'
2025-12-28T12:06:59.158+0800 [DEBUG] [org.gradle.api.internal.artifacts.ivyservice.ivyresolve.RepositoryChainComponentMetaDataResolver] Using org.codehaus.plexus:plexus-utils:3.3.0 from org.gradle.api.internal.artifacts.ivyservice.ivyresolve.FilteredModuleComponentRepository@139ef8a0
2025-12-28T12:06:59.159+0800 [DEBUG] [org.gradle.api.internal.artifacts.ivyservice.resolveengine.graph.builder.DependencyGraphBuilder] Visiting configuration net.jodah:typetools:0.6.3(runtime).
2025-12-28T12:06:59.159+0800 [DEBUG] [org.gradle.api.internal.artifacts.ivyservice.resolveengine.graph.builder.DependencyGraphBuilder] Visiting configuration net.minecrell:terminalconsoleappender:1.2.0(runtime).
2025-12-28T12:06:59.160+0800 [DEBUG] [org.gradle.api.internal.artifacts.ivyservice.resolveengine.graph.builder.DependencyGraphBuilder] Visiting configuration org.jline:jline-reader:3.12.1(runtime).
2025-12-28T12:06:59.160+0800 [DEBUG] [org.gradle.api.internal.artifacts.ivyservice.resolveengine.graph.builder.DependencyGraphBuilder] Visiting configuration org.jline:jline-terminal:3.12.1(runtime).
2025-12-28T12:06:59.160+0800 [DEBUG] [org.gradle.api.internal.artifacts.ivyservice.resolveengine.graph.builder.DependencyGraphBuilder] Visiting configuration org.spongepowered:mixin:0.8.5(runtime).
2025-12-28T12:06:59.161+0800 [DEBUG] [org.gradle.api.internal.artifacts.ivyservice.resolveengine.graph.builder.DependencyGraphBuilder] Visiting configuration org.openjdk.nashorn:nashorn-core:15.4(runtime).
2025-12-28T12:06:59.162+0800 [DEBUG] [org.gradle.api.internal.artifacts.ivyservice.resolveengine.graph.builder.DependencyGraphBuilder] Visiting configuration net.minecraftforge:JarJarSelector:0.3.19(runtimeElements).
2025-12-28T12:06:59.163+0800 [DEBUG] [org.gradle.api.internal.artifacts.ivyservice.ivyresolve.RepositoryChainComponentMetaDataResolver] Attempting to resolve component for com.machinezoo.noexception:noexception:1.7.1 using repositories [BUNDELED_-79667784, maven, BUNDELED_-444689664, maven2, MavenRepo]
2025-12-28T12:06:59.165+0800 [DEBUG] [org.gradle.api.internal.artifacts.ivyservice.ivyresolve.CachingModuleComponentRepository] Using cached module metadata for module 'com.machinezoo.noexception:noexception:1.7.1' in 'maven'
2025-12-28T12:06:59.165+0800 [DEBUG] [org.gradle.api.internal.artifacts.ivyservice.ivyresolve.RepositoryChainComponentMetaDataResolver] Using com.machinezoo.noexception:noexception:1.7.1 from org.gradle.api.internal.artifacts.ivyservice.ivyresolve.FilteredModuleComponentRepository@139ef8a0
2025-12-28T12:06:59.165+0800 [DEBUG] [org.gradle.api.internal.artifacts.ivyservice.ivyresolve.RepositoryChainComponentMetaDataResolver] Attempting to resolve component for org.slf4j:slf4j-simple:1.7.30 using repositories [BUNDELED_-79667784, maven, BUNDELED_-444689664, maven2, MavenRepo]
2025-12-28T12:06:59.168+0800 [DEBUG] [org.gradle.api.internal.artifacts.ivyservice.ivyresolve.CachingModuleComponentRepository] Using cached module metadata for module 'org.slf4j:slf4j-simple:1.7.30' in 'maven'
2025-12-28T12:06:59.168+0800 [DEBUG] [org.gradle.api.internal.artifacts.ivyservice.ivyresolve.RepositoryChainComponentMetaDataResolver] Using org.slf4j:slf4j-simple:1.7.30 from org.gradle.api.internal.artifacts.ivyservice.ivyresolve.FilteredModuleComponentRepository@139ef8a0
2025-12-28T12:06:59.168+0800 [DEBUG] [org.gradle.api.internal.artifacts.ivyservice.resolveengine.graph.builder.DependencyGraphBuilder] Visiting configuration net.minecraftforge:JarJarMetadata:0.3.19(runtimeElements).
2025-12-28T12:06:59.168+0800 [DEBUG] [org.gradle.api.internal.artifacts.ivyservice.resolveengine.graph.builder.DependencyGraphBuilder] Visiting configuration cpw.mods:bootstraplauncher:1.1.2(runtimeElements).
2025-12-28T12:06:59.169+0800 [DEBUG] [org.gradle.api.internal.artifacts.ivyservice.resolveengine.graph.builder.DependencyGraphBuilder] Visiting configuration net.minecraftforge:JarJarFileSystems:0.3.19(runtimeElements).
2025-12-28T12:06:59.169+0800 [DEBUG] [org.gradle.api.internal.artifacts.ivyservice.resolveengine.graph.builder.DependencyGraphBuilder] Visiting configuration net.minecraftforge:fmlcore:1.20.1-47.4.10(runtimeElements).
2025-12-28T12:06:59.169+0800 [DEBUG] [org.gradle.api.internal.artifacts.ivyservice.resolveengine.graph.builder.DependencyGraphBuilder] Visiting configuration net.minecraftforge:fmlloader:1.20.1-47.4.10(runtimeElements).
2025-12-28T12:06:59.170+0800 [DEBUG] [org.gradle.api.internal.artifacts.ivyservice.resolveengine.graph.builder.DependencyGraphBuilder] Visiting configuration net.minecraftforge:fmlearlydisplay:1.20.1-47.4.10(runtimeElements).
2025-12-28T12:06:59.171+0800 [DEBUG] [org.gradle.api.internal.artifacts.ivyservice.resolveengine.graph.builder.DependencyGraphBuilder] Visiting configuration net.minecraftforge:javafmllanguage:1.20.1-47.4.10(runtimeElements).
2025-12-28T12:06:59.171+0800 [DEBUG] [org.gradle.api.internal.artifacts.ivyservice.resolveengine.graph.builder.DependencyGraphBuilder] Visiting configuration net.minecraftforge:lowcodelanguage:1.20.1-47.4.10(runtimeElements).
2025-12-28T12:06:59.172+0800 [DEBUG] [org.gradle.api.internal.artifacts.ivyservice.resolveengine.graph.builder.DependencyGraphBuilder] Visiting configuration net.minecraftforge:mclanguage:1.20.1-47.4.10(runtimeElements).
2025-12-28T12:06:59.172+0800 [DEBUG] [org.gradle.api.internal.artifacts.ivyservice.resolveengine.graph.builder.DependencyGraphBuilder] Visiting configuration com.github.oshi:oshi-core:6.2.2(runtime).
2025-12-28T12:06:59.172+0800 [DEBUG] [org.gradle.api.internal.artifacts.ivyservice.resolveengine.graph.builder.DependencyGraphBuilder] Visiting configuration com.google.code.gson:gson:2.10(runtime).
2025-12-28T12:06:59.172+0800 [DEBUG] [org.gradle.api.internal.artifacts.ivyservice.resolveengine.graph.builder.DependencyGraphBuilder] Visiting configuration com.google.guava:failureaccess:1.0.1(runtime).
2025-12-28T12:06:59.173+0800 [DEBUG] [org.gradle.api.internal.artifacts.ivyservice.resolveengine.graph.builder.DependencyGraphBuilder] Visiting configuration com.google.guava:guava:31.1-jre(runtime).
2025-12-28T12:06:59.173+0800 [DEBUG] [org.gradle.api.internal.artifacts.ivyservice.ivyresolve.RepositoryChainComponentMetaDataResolver] Attempting to resolve component for com.google.guava:listenablefuture:9999.0-empty-to-avoid-conflict-with-guava using repositories [BUNDELED_-79667784, maven, BUNDELED_-444689664, maven2, MavenRepo]
2025-12-28T12:06:59.176+0800 [DEBUG] [org.gradle.api.internal.artifacts.ivyservice.ivyresolve.CachingModuleComponentRepository] Using cached module metadata for module 'com.google.guava:listenablefuture:9999.0-empty-to-avoid-conflict-with-guava' in 'maven'
2025-12-28T12:06:59.176+0800 [DEBUG] [org.gradle.api.internal.artifacts.ivyservice.ivyresolve.RepositoryChainComponentMetaDataResolver] Using com.google.guava:listenablefuture:9999.0-empty-to-avoid-conflict-with-guava from org.gradle.api.internal.artifacts.ivyservice.ivyresolve.FilteredModuleComponentRepository@139ef8a0
2025-12-28T12:06:59.177+0800 [DEBUG] [org.gradle.api.internal.artifacts.ivyservice.ivyresolve.RepositoryChainComponentMetaDataResolver] Attempting to resolve component for org.checkerframework:checker-qual:3.12.0 using repositories [BUNDELED_-79667784, maven, BUNDELED_-444689664, maven2, MavenRepo]
2025-12-28T12:06:59.179+0800 [DEBUG] [org.gradle.api.internal.artifacts.ivyservice.ivyresolve.CachingModuleComponentRepository] Using cached module metadata for module 'org.checkerframework:checker-qual:3.12.0' in 'maven'
2025-12-28T12:06:59.179+0800 [DEBUG] [org.gradle.api.internal.artifacts.ivyservice.ivyresolve.RepositoryChainComponentMetaDataResolver] Using org.checkerframework:checker-qual:3.12.0 from org.gradle.api.internal.artifacts.ivyservice.ivyresolve.FilteredModuleComponentRepository@139ef8a0
2025-12-28T12:06:59.180+0800 [DEBUG] [org.gradle.api.internal.attributes.matching.DefaultAttributeMatcher] Selected matches [1] from candidates [{org.gradle.category=library, org.gradle.dependency.bundling=external, org.gradle.jvm.version=8, org.gradle.libraryelements=jar, org.gradle.status=release, org.gradle.usage=java-api}, {org.gradle.category=library, org.gradle.dependency.bundling=external, org.gradle.jvm.version=8, org.gradle.libraryelements=jar, org.gradle.status=release, org.gradle.usage=java-runtime}, {org.gradle.category=documentation, org.gradle.dependency.bundling=external, org.gradle.docstype=javadoc, org.gradle.status=release, org.gradle.usage=java-runtime}, {org.gradle.category=documentation, org.gradle.dependency.bundling=external, org.gradle.docstype=sources, org.gradle.status=release, org.gradle.usage=java-runtime}] for {}
2025-12-28T12:06:59.180+0800 [DEBUG] [org.gradle.api.internal.artifacts.ivyservice.ivyresolve.RepositoryChainComponentMetaDataResolver] Attempting to resolve component for com.google.errorprone:error_prone_annotations:2.11.0 using repositories [BUNDELED_-79667784, maven, BUNDELED_-444689664, maven2, MavenRepo]
2025-12-28T12:06:59.183+0800 [DEBUG] [org.gradle.api.internal.artifacts.ivyservice.ivyresolve.CachingModuleComponentRepository] Using cached module metadata for module 'com.google.errorprone:error_prone_annotations:2.11.0' in 'maven'
2025-12-28T12:06:59.183+0800 [DEBUG] [org.gradle.api.internal.artifacts.ivyservice.ivyresolve.RepositoryChainComponentMetaDataResolver] Using com.google.errorprone:error_prone_annotations:2.11.0 from org.gradle.api.internal.artifacts.ivyservice.ivyresolve.FilteredModuleComponentRepository@139ef8a0
2025-12-28T12:06:59.183+0800 [DEBUG] [org.gradle.api.internal.artifacts.ivyservice.ivyresolve.RepositoryChainComponentMetaDataResolver] Attempting to resolve component for com.google.j2objc:j2objc-annotations:1.3 using repositories [BUNDELED_-79667784, maven, BUNDELED_-444689664, maven2, MavenRepo]
2025-12-28T12:06:59.186+0800 [DEBUG] [org.gradle.api.internal.artifacts.ivyservice.ivyresolve.CachingModuleComponentRepository] Using cached module metadata for module 'com.google.j2objc:j2objc-annotations:1.3' in 'maven'
2025-12-28T12:06:59.186+0800 [DEBUG] [org.gradle.api.internal.artifacts.ivyservice.ivyresolve.RepositoryChainComponentMetaDataResolver] Using com.google.j2objc:j2objc-annotations:1.3 from org.gradle.api.internal.artifacts.ivyservice.ivyresolve.FilteredModuleComponentRepository@139ef8a0
2025-12-28T12:06:59.186+0800 [DEBUG] [org.gradle.api.internal.artifacts.ivyservice.resolveengine.graph.builder.DependencyGraphBuilder] Visiting configuration com.ibm.icu:icu4j:71.1(runtime).
2025-12-28T12:06:59.186+0800 [DEBUG] [org.gradle.api.internal.artifacts.ivyservice.resolveengine.graph.builder.DependencyGraphBuilder] Visiting configuration com.mojang:authlib:4.0.43(runtime).
2025-12-28T12:06:59.186+0800 [DEBUG] [org.gradle.api.internal.artifacts.ivyservice.resolveengine.graph.builder.DependencyGraphBuilder] Visiting configuration com.mojang:blocklist:1.0.10(runtime).
2025-12-28T12:06:59.186+0800 [DEBUG] [org.gradle.api.internal.artifacts.ivyservice.resolveengine.graph.builder.DependencyGraphBuilder] Visiting configuration com.mojang:brigadier:1.1.8(runtime).
2025-12-28T12:06:59.187+0800 [DEBUG] [org.gradle.api.internal.artifacts.ivyservice.resolveengine.graph.builder.DependencyGraphBuilder] Visiting configuration com.mojang:datafixerupper:6.0.8(runtime).
2025-12-28T12:06:59.187+0800 [DEBUG] [org.gradle.api.internal.artifacts.ivyservice.resolveengine.graph.builder.DependencyGraphBuilder] Visiting configuration com.mojang:logging:1.1.1(runtime).
2025-12-28T12:06:59.187+0800 [DEBUG] [org.gradle.api.internal.artifacts.ivyservice.resolveengine.graph.builder.DependencyGraphBuilder] Visiting configuration com.mojang:patchy:2.2.10(runtime).
2025-12-28T12:06:59.187+0800 [DEBUG] [org.gradle.api.internal.artifacts.ivyservice.resolveengine.graph.builder.DependencyGraphBuilder] Visiting configuration com.mojang:text2speech:1.17.9(runtime).
2025-12-28T12:06:59.187+0800 [DEBUG] [org.gradle.api.internal.artifacts.ivyservice.resolveengine.graph.builder.DependencyGraphBuilder] Visiting configuration commons-codec:commons-codec:1.15(runtime).
2025-12-28T12:06:59.187+0800 [DEBUG] [org.gradle.api.internal.artifacts.ivyservice.resolveengine.graph.builder.DependencyGraphBuilder] Visiting configuration commons-io:commons-io:2.11.0(runtime).
2025-12-28T12:06:59.187+0800 [DEBUG] [org.gradle.api.internal.artifacts.ivyservice.resolveengine.graph.builder.DependencyGraphBuilder] Visiting configuration commons-logging:commons-logging:1.2(runtime).
2025-12-28T12:06:59.187+0800 [DEBUG] [org.gradle.api.internal.artifacts.ivyservice.resolveengine.graph.builder.DependencyGraphBuilder] Visiting configuration io.netty:netty-buffer:4.1.82.Final(runtime).
2025-12-28T12:06:59.188+0800 [DEBUG] [org.gradle.api.internal.artifacts.ivyservice.resolveengine.graph.builder.DependencyGraphBuilder] Visiting configuration io.netty:netty-codec:4.1.82.Final(runtime).
2025-12-28T12:06:59.188+0800 [DEBUG] [org.gradle.api.internal.artifacts.ivyservice.resolveengine.graph.builder.DependencyGraphBuilder] Visiting configuration io.netty:netty-common:4.1.82.Final(runtime).
2025-12-28T12:06:59.188+0800 [DEBUG] [org.gradle.api.internal.artifacts.ivyservice.resolveengine.graph.builder.DependencyGraphBuilder] Visiting configuration io.netty:netty-handler:4.1.82.Final(runtime).
2025-12-28T12:06:59.188+0800 [DEBUG] [org.gradle.api.internal.artifacts.ivyservice.resolveengine.graph.builder.DependencyGraphBuilder] Visiting configuration io.netty:netty-resolver:4.1.82.Final(runtime).
2025-12-28T12:06:59.189+0800 [DEBUG] [org.gradle.api.internal.artifacts.ivyservice.resolveengine.graph.builder.DependencyGraphBuilder] Visiting configuration io.netty:netty-transport-classes-epoll:4.1.82.Final(runtime).
2025-12-28T12:06:59.189+0800 [DEBUG] [org.gradle.api.internal.artifacts.ivyservice.resolveengine.graph.builder.DependencyGraphBuilder] Visiting configuration io.netty:netty-transport-native-unix-common:4.1.82.Final(runtime).
2025-12-28T12:06:59.190+0800 [DEBUG] [org.gradle.api.internal.artifacts.ivyservice.resolveengine.graph.builder.DependencyGraphBuilder] Visiting configuration io.netty:netty-transport:4.1.82.Final(runtime).
2025-12-28T12:06:59.190+0800 [DEBUG] [org.gradle.api.internal.artifacts.ivyservice.resolveengine.graph.builder.DependencyGraphBuilder] Visiting configuration it.unimi.dsi:fastutil:8.5.9(runtime).
2025-12-28T12:06:59.190+0800 [DEBUG] [org.gradle.api.internal.artifacts.ivyservice.resolveengine.graph.builder.DependencyGraphBuilder] Visiting configuration net.java.dev.jna:jna-platform:5.12.1(runtime).
2025-12-28T12:06:59.191+0800 [DEBUG] [org.gradle.api.internal.artifacts.ivyservice.resolveengine.graph.builder.DependencyGraphBuilder] Visiting configuration net.java.dev.jna:jna:5.12.1(runtime).
2025-12-28T12:06:59.191+0800 [DEBUG] [org.gradle.api.internal.artifacts.ivyservice.resolveengine.graph.builder.DependencyGraphBuilder] Visiting configuration net.sf.jopt-simple:jopt-simple:5.0.4(runtime).
2025-12-28T12:06:59.192+0800 [DEBUG] [org.gradle.api.internal.artifacts.ivyservice.resolveengine.graph.builder.DependencyGraphBuilder] Visiting configuration org.apache.commons:commons-compress:1.21(runtime).
2025-12-28T12:06:59.192+0800 [DEBUG] [org.gradle.api.internal.artifacts.ivyservice.resolveengine.graph.builder.DependencyGraphBuilder] Visiting configuration org.apache.commons:commons-lang3:3.12.0(runtime).
2025-12-28T12:06:59.192+0800 [DEBUG] [org.gradle.api.internal.artifacts.ivyservice.resolveengine.graph.builder.DependencyGraphBuilder] Visiting configuration org.apache.httpcomponents:httpclient:4.5.13(runtime).
2025-12-28T12:06:59.193+0800 [DEBUG] [org.gradle.api.internal.artifacts.ivyservice.resolveengine.graph.builder.DependencyGraphBuilder] Visiting configuration org.apache.httpcomponents:httpcore:4.4.15(runtime).
2025-12-28T12:06:59.193+0800 [DEBUG] [org.gradle.api.internal.artifacts.ivyservice.resolveengine.graph.builder.DependencyGraphBuilder] Visiting configuration org.apache.logging.log4j:log4j-api:2.19.0(runtime).
2025-12-28T12:06:59.194+0800 [DEBUG] [org.gradle.api.internal.artifacts.ivyservice.resolveengine.graph.builder.DependencyGraphBuilder] Visiting configuration org.apache.logging.log4j:log4j-core:2.19.0(runtime).
2025-12-28T12:06:59.194+0800 [DEBUG] [org.gradle.api.internal.artifacts.ivyservice.resolveengine.graph.builder.DependencyGraphBuilder] Visiting configuration org.apache.logging.log4j:log4j-slf4j2-impl:2.19.0(runtime).
2025-12-28T12:06:59.195+0800 [DEBUG] [org.gradle.api.internal.artifacts.ivyservice.resolveengine.graph.builder.DependencyGraphBuilder] Visiting configuration org.joml:joml:1.10.5(runtime).
2025-12-28T12:06:59.195+0800 [DEBUG] [org.gradle.api.internal.artifacts.ivyservice.resolveengine.graph.builder.DependencyGraphBuilder] Visiting configuration org.lwjgl:lwjgl-glfw:3.3.1(runtime).
2025-12-28T12:06:59.195+0800 [DEBUG] [org.gradle.api.internal.artifacts.ivyservice.resolveengine.graph.builder.DependencyGraphBuilder] Visiting configuration org.lwjgl:lwjgl-jemalloc:3.3.1(runtime).
2025-12-28T12:06:59.195+0800 [DEBUG] [org.gradle.api.internal.artifacts.ivyservice.resolveengine.graph.builder.DependencyGraphBuilder] Visiting configuration org.lwjgl:lwjgl-openal:3.3.1(runtime).
2025-12-28T12:06:59.195+0800 [DEBUG] [org.gradle.api.internal.artifacts.ivyservice.resolveengine.graph.builder.DependencyGraphBuilder] Visiting configuration org.lwjgl:lwjgl-opengl:3.3.1(runtime).
2025-12-28T12:06:59.195+0800 [DEBUG] [org.gradle.api.internal.artifacts.ivyservice.resolveengine.graph.builder.DependencyGraphBuilder] Visiting configuration org.lwjgl:lwjgl-stb:3.3.1(runtime).
2025-12-28T12:06:59.196+0800 [DEBUG] [org.gradle.api.internal.artifacts.ivyservice.resolveengine.graph.builder.DependencyGraphBuilder] Visiting configuration org.lwjgl:lwjgl-tinyfd:3.3.1(runtime).
2025-12-28T12:06:59.196+0800 [DEBUG] [org.gradle.api.internal.artifacts.ivyservice.resolveengine.graph.builder.DependencyGraphBuilder] Visiting configuration org.lwjgl:lwjgl:3.3.1(runtime).
2025-12-28T12:06:59.196+0800 [DEBUG] [org.gradle.api.internal.artifacts.ivyservice.resolveengine.graph.builder.DependencyGraphBuilder] Visiting configuration org.slf4j:slf4j-api:2.0.1(runtime).
2025-12-28T12:06:59.196+0800 [DEBUG] [org.gradle.api.internal.artifacts.ivyservice.resolveengine.graph.builder.DependencyGraphBuilder] Visiting configuration net.minecraftforge:srgutils:0.4.15(runtimeElements).
2025-12-28T12:06:59.196+0800 [DEBUG] [org.gradle.api.internal.artifacts.ivyservice.resolveengine.graph.builder.DependencyGraphBuilder] Visiting configuration org.ow2.asm:asm:9.8(runtime).
2025-12-28T12:06:59.196+0800 [DEBUG] [org.gradle.api.internal.artifacts.ivyservice.resolveengine.graph.builder.NodeState] Changed edges for org.ow2.asm:asm:9.8(runtime) selects same versions as previous traversal. ignoring
2025-12-28T12:06:59.196+0800 [DEBUG] [org.gradle.api.internal.artifacts.ivyservice.resolveengine.graph.builder.DependencyGraphBuilder] Visiting configuration org.ow2.asm:asm-tree:9.8(runtime).
2025-12-28T12:06:59.196+0800 [DEBUG] [org.gradle.api.internal.artifacts.ivyservice.resolveengine.graph.builder.NodeState] Changed edges for org.ow2.asm:asm-tree:9.8(runtime) selects same versions as previous traversal. ignoring
2025-12-28T12:06:59.197+0800 [DEBUG] [org.gradle.api.internal.artifacts.ivyservice.resolveengine.graph.builder.DependencyGraphBuilder] Visiting configuration org.ow2.asm:asm-commons:9.8(runtime).
2025-12-28T12:06:59.197+0800 [DEBUG] [org.gradle.api.internal.artifacts.ivyservice.resolveengine.graph.builder.NodeState] Changed edges for org.ow2.asm:asm-commons:9.8(runtime) selects same versions as previous traversal. ignoring
2025-12-28T12:06:59.197+0800 [DEBUG] [org.gradle.api.internal.artifacts.ivyservice.resolveengine.graph.builder.DependencyGraphBuilder] Visiting configuration org.antlr:antlr4:4.9.1(runtime).
2025-12-28T12:06:59.197+0800 [DEBUG] [org.gradle.api.internal.artifacts.ivyservice.ivyresolve.RepositoryChainComponentMetaDataResolver] Attempting to resolve component for org.antlr:antlr-runtime:3.5.2 using repositories [BUNDELED_-79667784, maven, BUNDELED_-444689664, maven2, MavenRepo]
2025-12-28T12:06:59.200+0800 [DEBUG] [org.gradle.api.internal.artifacts.ivyservice.ivyresolve.CachingModuleComponentRepository] Using cached module metadata for module 'org.antlr:antlr-runtime:3.5.2' in 'maven'
2025-12-28T12:06:59.200+0800 [DEBUG] [org.gradle.api.internal.artifacts.ivyservice.ivyresolve.RepositoryChainComponentMetaDataResolver] Using org.antlr:antlr-runtime:3.5.2 from org.gradle.api.internal.artifacts.ivyservice.ivyresolve.FilteredModuleComponentRepository@139ef8a0
2025-12-28T12:06:59.200+0800 [DEBUG] [org.gradle.api.internal.artifacts.ivyservice.ivyresolve.RepositoryChainComponentMetaDataResolver] Attempting to resolve component for org.antlr:ST4:4.3 using repositories [BUNDELED_-79667784, maven, BUNDELED_-444689664, maven2, MavenRepo]
2025-12-28T12:06:59.203+0800 [DEBUG] [org.gradle.api.internal.artifacts.ivyservice.ivyresolve.CachingModuleComponentRepository] Using cached module metadata for module 'org.antlr:ST4:4.3' in 'maven'
2025-12-28T12:06:59.203+0800 [DEBUG] [org.gradle.api.internal.artifacts.ivyservice.ivyresolve.RepositoryChainComponentMetaDataResolver] Using org.antlr:ST4:4.3 from org.gradle.api.internal.artifacts.ivyservice.ivyresolve.FilteredModuleComponentRepository@139ef8a0
2025-12-28T12:06:59.203+0800 [DEBUG] [org.gradle.api.internal.artifacts.ivyservice.ivyresolve.RepositoryChainComponentMetaDataResolver] Attempting to resolve component for org.abego.treelayout:org.abego.treelayout.core:1.0.3 using repositories [BUNDELED_-79667784, maven, BUNDELED_-444689664, maven2, MavenRepo]
2025-12-28T12:06:59.206+0800 [DEBUG] [org.gradle.api.internal.artifacts.ivyservice.ivyresolve.CachingModuleComponentRepository] Using cached module metadata for module 'org.abego.treelayout:org.abego.treelayout.core:1.0.3' in 'maven'
2025-12-28T12:06:59.206+0800 [DEBUG] [org.gradle.api.internal.artifacts.ivyservice.ivyresolve.RepositoryChainComponentMetaDataResolver] Using org.abego.treelayout:org.abego.treelayout.core:1.0.3 from org.gradle.api.internal.artifacts.ivyservice.ivyresolve.FilteredModuleComponentRepository@139ef8a0
2025-12-28T12:06:59.207+0800 [DEBUG] [org.gradle.api.internal.artifacts.ivyservice.ivyresolve.RepositoryChainComponentMetaDataResolver] Attempting to resolve component for org.glassfish:javax.json:1.0.4 using repositories [BUNDELED_-79667784, maven, BUNDELED_-444689664, maven2, MavenRepo]
2025-12-28T12:06:59.209+0800 [DEBUG] [org.gradle.api.internal.artifacts.ivyservice.ivyresolve.CachingModuleComponentRepository] Using cached module metadata for module 'org.glassfish:javax.json:1.0.4' in 'maven'
2025-12-28T12:06:59.210+0800 [DEBUG] [org.gradle.api.internal.artifacts.ivyservice.ivyresolve.RepositoryChainComponentMetaDataResolver] Using org.glassfish:javax.json:1.0.4 from org.gradle.api.internal.artifacts.ivyservice.ivyresolve.FilteredModuleComponentRepository@139ef8a0
2025-12-28T12:06:59.210+0800 [DEBUG] [org.gradle.api.internal.artifacts.ivyservice.resolveengine.graph.builder.DependencyGraphBuilder] Visiting configuration cpw.mods:securejarhandler:2.1.10(runtimeElements).
2025-12-28T12:06:59.210+0800 [DEBUG] [org.gradle.api.internal.artifacts.ivyservice.resolveengine.graph.builder.NodeState] Changed edges for cpw.mods:securejarhandler:2.1.10(runtimeElements) selects same versions as previous traversal. ignoring
2025-12-28T12:06:59.210+0800 [DEBUG] [org.gradle.api.internal.artifacts.ivyservice.resolveengine.graph.builder.DependencyGraphBuilder] Visiting configuration net.minecraftforge:mergetool:1.1.7(runtimeElements).
2025-12-28T12:06:59.210+0800 [DEBUG] [org.gradle.api.internal.artifacts.ivyservice.resolveengine.graph.builder.NodeState] Changed edges for net.minecraftforge:mergetool:1.1.7(runtimeElements) selects same versions as previous traversal. ignoring
2025-12-28T12:06:59.210+0800 [DEBUG] [org.gradle.api.internal.artifacts.ivyservice.resolveengine.graph.builder.DependencyGraphBuilder] Visiting configuration com.electronwill.night-config:core:3.6.4(runtime).
2025-12-28T12:06:59.210+0800 [DEBUG] [org.gradle.api.internal.artifacts.ivyservice.resolveengine.graph.builder.NodeState] Changed edges for com.electronwill.night-config:core:3.6.4(runtime) selects same versions as previous traversal. ignoring
2025-12-28T12:06:59.210+0800 [DEBUG] [org.gradle.api.internal.artifacts.ivyservice.resolveengine.graph.builder.DependencyGraphBuilder] Visiting configuration org.codehaus.plexus:plexus-utils:3.3.0(runtime).
2025-12-28T12:06:59.211+0800 [DEBUG] [org.gradle.api.internal.artifacts.ivyservice.resolveengine.graph.builder.DependencyGraphBuilder] Visiting configuration org.ow2.asm:asm-util:9.8(runtime).
2025-12-28T12:06:59.211+0800 [DEBUG] [org.gradle.api.internal.artifacts.ivyservice.resolveengine.graph.builder.NodeState] Changed edges for org.ow2.asm:asm-util:9.8(runtime) selects same versions as previous traversal. ignoring
2025-12-28T12:06:59.211+0800 [DEBUG] [org.gradle.api.internal.artifacts.ivyservice.resolveengine.graph.builder.DependencyGraphBuilder] Visiting configuration org.apache.maven:maven-artifact:3.8.5(runtime).
2025-12-28T12:06:59.211+0800 [DEBUG] [org.gradle.api.internal.artifacts.ivyservice.resolveengine.graph.builder.NodeState] Changed edges for org.apache.maven:maven-artifact:3.8.5(runtime) selects same versions as previous traversal. ignoring
2025-12-28T12:06:59.211+0800 [DEBUG] [org.gradle.api.internal.artifacts.ivyservice.resolveengine.graph.builder.DependencyGraphBuilder] Visiting configuration com.machinezoo.noexception:noexception:1.7.1(runtime).
2025-12-28T12:06:59.211+0800 [DEBUG] [org.gradle.api.internal.artifacts.ivyservice.resolveengine.graph.builder.DependencyGraphBuilder] Visiting configuration org.slf4j:slf4j-simple:1.7.30(runtime).
2025-12-28T12:06:59.211+0800 [DEBUG] [org.gradle.api.internal.artifacts.ivyservice.resolveengine.graph.builder.DependencyGraphBuilder] Visiting configuration net.minecraftforge:eventbus:6.0.5(runtimeElements).
2025-12-28T12:06:59.212+0800 [DEBUG] [org.gradle.api.internal.artifacts.ivyservice.resolveengine.graph.builder.NodeState] Changed edges for net.minecraftforge:eventbus:6.0.5(runtimeElements) selects same versions as previous traversal. ignoring
2025-12-28T12:06:59.212+0800 [DEBUG] [org.gradle.api.internal.artifacts.ivyservice.resolveengine.graph.builder.DependencyGraphBuilder] Visiting configuration net.minecraftforge:accesstransformers:8.0.4(runtimeElements).
2025-12-28T12:06:59.212+0800 [DEBUG] [org.gradle.api.internal.artifacts.ivyservice.resolveengine.graph.builder.NodeState] Changed edges for net.minecraftforge:accesstransformers:8.0.4(runtimeElements) selects same versions as previous traversal. ignoring
2025-12-28T12:06:59.212+0800 [DEBUG] [org.gradle.api.internal.artifacts.ivyservice.resolveengine.graph.builder.DependencyGraphBuilder] Visiting configuration net.minecrell:terminalconsoleappender:1.2.0(runtime).
2025-12-28T12:06:59.212+0800 [DEBUG] [org.gradle.api.internal.artifacts.ivyservice.resolveengine.graph.builder.NodeState] Changed edges for net.minecrell:terminalconsoleappender:1.2.0(runtime) selects same versions as previous traversal. ignoring
2025-12-28T12:06:59.212+0800 [DEBUG] [org.gradle.api.internal.artifacts.ivyservice.resolveengine.graph.builder.DependencyGraphBuilder] Visiting configuration net.minecraftforge:forgespi:7.0.1(runtimeElements).
2025-12-28T12:06:59.212+0800 [DEBUG] [org.gradle.api.internal.artifacts.ivyservice.resolveengine.graph.builder.NodeState] Changed edges for net.minecraftforge:forgespi:7.0.1(runtimeElements) selects same versions as previous traversal. ignoring
2025-12-28T12:06:59.212+0800 [DEBUG] [org.gradle.api.internal.artifacts.ivyservice.resolveengine.graph.builder.DependencyGraphBuilder] Visiting configuration com.electronwill.night-config:toml:3.6.4(runtime).
2025-12-28T12:06:59.212+0800 [DEBUG] [org.gradle.api.internal.artifacts.ivyservice.resolveengine.graph.builder.NodeState] Changed edges for com.electronwill.night-config:toml:3.6.4(runtime) selects same versions as previous traversal. ignoring
2025-12-28T12:06:59.212+0800 [DEBUG] [org.gradle.api.internal.artifacts.ivyservice.resolveengine.graph.builder.DependencyGraphBuilder] Visiting configuration cpw.mods:modlauncher:10.0.9(runtimeElements).
2025-12-28T12:06:59.212+0800 [DEBUG] [org.gradle.api.internal.artifacts.ivyservice.resolveengine.graph.builder.NodeState] Changed edges for cpw.mods:modlauncher:10.0.9(runtimeElements) selects same versions as previous traversal. ignoring
2025-12-28T12:06:59.212+0800 [DEBUG] [org.gradle.api.internal.artifacts.ivyservice.resolveengine.graph.builder.DependencyGraphBuilder] Visiting configuration net.minecraftforge:coremods:5.2.4(runtimeElements).
2025-12-28T12:06:59.212+0800 [DEBUG] [org.gradle.api.internal.artifacts.ivyservice.resolveengine.graph.builder.NodeState] Changed edges for net.minecraftforge:coremods:5.2.4(runtimeElements) selects same versions as previous traversal. ignoring
2025-12-28T12:06:59.213+0800 [DEBUG] [org.gradle.api.internal.artifacts.ivyservice.resolveengine.graph.builder.DependencyGraphBuilder] Visiting configuration net.minecraftforge:JarJarSelector:0.3.19(runtimeElements).
2025-12-28T12:06:59.213+0800 [DEBUG] [org.gradle.api.internal.artifacts.ivyservice.resolveengine.graph.builder.NodeState] Changed edges for net.minecraftforge:JarJarSelector:0.3.19(runtimeElements) selects same versions as previous traversal. ignoring
2025-12-28T12:06:59.213+0800 [DEBUG] [org.gradle.api.internal.artifacts.ivyservice.resolveengine.graph.builder.DependencyGraphBuilder] Visiting configuration net.minecraftforge:JarJarMetadata:0.3.19(runtimeElements).
2025-12-28T12:06:59.213+0800 [DEBUG] [org.gradle.api.internal.artifacts.ivyservice.resolveengine.graph.builder.NodeState] Changed edges for net.minecraftforge:JarJarMetadata:0.3.19(runtimeElements) selects same versions as previous traversal. ignoring
2025-12-28T12:06:59.213+0800 [DEBUG] [org.gradle.api.internal.artifacts.ivyservice.resolveengine.graph.builder.DependencyGraphBuilder] Visiting configuration net.minecraftforge:fmlloader:1.20.1-47.4.10(runtimeElements).
2025-12-28T12:06:59.213+0800 [DEBUG] [org.gradle.api.internal.artifacts.ivyservice.resolveengine.graph.builder.NodeState] Changed edges for net.minecraftforge:fmlloader:1.20.1-47.4.10(runtimeElements) selects same versions as previous traversal. ignoring
2025-12-28T12:06:59.213+0800 [DEBUG] [org.gradle.api.internal.artifacts.ivyservice.resolveengine.graph.builder.DependencyGraphBuilder] Visiting configuration net.minecraftforge:fmlcore:1.20.1-47.4.10(runtimeElements).
2025-12-28T12:06:59.213+0800 [DEBUG] [org.gradle.api.internal.artifacts.ivyservice.resolveengine.graph.builder.NodeState] Changed edges for net.minecraftforge:fmlcore:1.20.1-47.4.10(runtimeElements) selects same versions as previous traversal. ignoring
2025-12-28T12:06:59.213+0800 [DEBUG] [org.gradle.api.internal.artifacts.ivyservice.resolveengine.graph.builder.DependencyGraphBuilder] Visiting configuration com.google.guava:failureaccess:1.0.1(runtime).
2025-12-28T12:06:59.213+0800 [DEBUG] [org.gradle.api.internal.artifacts.ivyservice.resolveengine.graph.builder.NodeState] Changed edges for com.google.guava:failureaccess:1.0.1(runtime) selects same versions as previous traversal. ignoring
2025-12-28T12:06:59.213+0800 [DEBUG] [org.gradle.api.internal.artifacts.ivyservice.resolveengine.graph.builder.DependencyGraphBuilder] Visiting configuration com.google.guava:listenablefuture:9999.0-empty-to-avoid-conflict-with-guava(runtime).
2025-12-28T12:06:59.213+0800 [DEBUG] [org.gradle.api.internal.artifacts.ivyservice.resolveengine.graph.builder.DependencyGraphBuilder] Visiting configuration com.google.code.findbugs:jsr305:3.0.2(runtime).
2025-12-28T12:06:59.214+0800 [DEBUG] [org.gradle.api.internal.artifacts.ivyservice.resolveengine.graph.builder.NodeState] Changed edges for com.google.code.findbugs:jsr305:3.0.2(runtime) selects same versions as previous traversal. ignoring
2025-12-28T12:06:59.214+0800 [DEBUG] [org.gradle.api.internal.artifacts.ivyservice.resolveengine.graph.builder.DependencyGraphBuilder] Visiting configuration org.checkerframework:checker-qual:3.12.0(runtimeElements).
2025-12-28T12:06:59.214+0800 [DEBUG] [org.gradle.api.internal.artifacts.ivyservice.resolveengine.graph.builder.DependencyGraphBuilder] Visiting configuration com.google.errorprone:error_prone_annotations:2.11.0(runtime).
2025-12-28T12:06:59.214+0800 [DEBUG] [org.gradle.api.internal.artifacts.ivyservice.resolveengine.graph.builder.DependencyGraphBuilder] Visiting configuration com.google.j2objc:j2objc-annotations:1.3(runtime).
2025-12-28T12:06:59.214+0800 [DEBUG] [org.gradle.api.internal.artifacts.ivyservice.resolveengine.graph.builder.DependencyGraphBuilder] Visiting configuration io.netty:netty-buffer:4.1.82.Final(runtime).
2025-12-28T12:06:59.214+0800 [DEBUG] [org.gradle.api.internal.artifacts.ivyservice.resolveengine.graph.builder.NodeState] Changed edges for io.netty:netty-buffer:4.1.82.Final(runtime) selects same versions as previous traversal. ignoring
2025-12-28T12:06:59.214+0800 [DEBUG] [org.gradle.api.internal.artifacts.ivyservice.resolveengine.graph.builder.DependencyGraphBuilder] Visiting configuration io.netty:netty-common:4.1.82.Final(runtime).
2025-12-28T12:06:59.214+0800 [DEBUG] [org.gradle.api.internal.artifacts.ivyservice.resolveengine.graph.builder.NodeState] Changed edges for io.netty:netty-common:4.1.82.Final(runtime) selects same versions as previous traversal. ignoring
2025-12-28T12:06:59.214+0800 [DEBUG] [org.gradle.api.internal.artifacts.ivyservice.resolveengine.graph.builder.DependencyGraphBuilder] Visiting configuration io.netty:netty-codec:4.1.82.Final(runtime).
2025-12-28T12:06:59.214+0800 [DEBUG] [org.gradle.api.internal.artifacts.ivyservice.resolveengine.graph.builder.NodeState] Changed edges for io.netty:netty-codec:4.1.82.Final(runtime) selects same versions as previous traversal. ignoring
2025-12-28T12:06:59.214+0800 [DEBUG] [org.gradle.api.internal.artifacts.ivyservice.resolveengine.graph.builder.DependencyGraphBuilder] Visiting configuration io.netty:netty-resolver:4.1.82.Final(runtime).
2025-12-28T12:06:59.214+0800 [DEBUG] [org.gradle.api.internal.artifacts.ivyservice.resolveengine.graph.builder.NodeState] Changed edges for io.netty:netty-resolver:4.1.82.Final(runtime) selects same versions as previous traversal. ignoring
2025-12-28T12:06:59.215+0800 [DEBUG] [org.gradle.api.internal.artifacts.ivyservice.resolveengine.graph.builder.DependencyGraphBuilder] Visiting configuration commons-logging:commons-logging:1.2(runtime).
2025-12-28T12:06:59.215+0800 [DEBUG] [org.gradle.api.internal.artifacts.ivyservice.resolveengine.graph.builder.NodeState] Changed edges for commons-logging:commons-logging:1.2(runtime) selects same versions as previous traversal. ignoring
2025-12-28T12:06:59.215+0800 [DEBUG] [org.gradle.api.internal.artifacts.ivyservice.resolveengine.graph.builder.DependencyGraphBuilder] Visiting configuration commons-codec:commons-codec:1.15(runtime).
2025-12-28T12:06:59.215+0800 [DEBUG] [org.gradle.api.internal.artifacts.ivyservice.resolveengine.graph.builder.NodeState] Changed edges for commons-codec:commons-codec:1.15(runtime) selects same versions as previous traversal. ignoring
2025-12-28T12:06:59.215+0800 [DEBUG] [org.gradle.api.internal.artifacts.ivyservice.resolveengine.graph.builder.DependencyGraphBuilder] Visiting configuration org.apache.logging.log4j:log4j-api:2.19.0(runtime).
2025-12-28T12:06:59.215+0800 [DEBUG] [org.gradle.api.internal.artifacts.ivyservice.resolveengine.graph.builder.NodeState] Changed edges for org.apache.logging.log4j:log4j-api:2.19.0(runtime) selects same versions as previous traversal. ignoring
2025-12-28T12:06:59.215+0800 [DEBUG] [org.gradle.api.internal.artifacts.ivyservice.resolveengine.graph.builder.DependencyGraphBuilder] Visiting configuration org.antlr:antlr4-runtime:4.9.1(runtime).
2025-12-28T12:06:59.215+0800 [DEBUG] [org.gradle.api.internal.artifacts.ivyservice.resolveengine.graph.builder.NodeState] Changed edges for org.antlr:antlr4-runtime:4.9.1(runtime) selects same versions as previous traversal. ignoring
2025-12-28T12:06:59.215+0800 [DEBUG] [org.gradle.api.internal.artifacts.ivyservice.resolveengine.graph.builder.DependencyGraphBuilder] Visiting configuration org.antlr:antlr-runtime:3.5.2(runtime).
2025-12-28T12:06:59.215+0800 [DEBUG] [org.gradle.api.internal.artifacts.ivyservice.resolveengine.graph.builder.DependencyGraphBuilder] Visiting configuration org.antlr:ST4:4.3(runtime).
2025-12-28T12:06:59.216+0800 [DEBUG] [org.gradle.api.internal.artifacts.ivyservice.resolveengine.graph.builder.DependencyGraphBuilder] Visiting configuration org.abego.treelayout:org.abego.treelayout.core:1.0.3(runtime).
2025-12-28T12:06:59.216+0800 [DEBUG] [org.gradle.api.internal.artifacts.ivyservice.resolveengine.graph.builder.DependencyGraphBuilder] Visiting configuration org.glassfish:javax.json:1.0.4(runtime).
2025-12-28T12:06:59.216+0800 [DEBUG] [org.gradle.api.internal.artifacts.ivyservice.resolveengine.graph.builder.DependencyGraphBuilder] Visiting configuration com.ibm.icu:icu4j:71.1(runtime).
2025-12-28T12:06:59.216+0800 [DEBUG] [org.gradle.api.internal.artifacts.ivyservice.resolveengine.graph.builder.NodeState] Changed edges for com.ibm.icu:icu4j:71.1(runtime) selects same versions as previous traversal. ignoring
2025-12-28T12:06:59.216+0800 [DEBUG] [org.gradle.api.internal.artifacts.ivyservice.resolveengine.graph.builder.DependencyGraphBuilder] Visiting configuration org.slf4j:slf4j-api:2.0.1(runtime).
2025-12-28T12:06:59.216+0800 [DEBUG] [org.gradle.api.internal.artifacts.ivyservice.resolveengine.graph.builder.NodeState] Changed edges for org.slf4j:slf4j-api:2.0.1(runtime) selects same versions as previous traversal. ignoring
2025-12-28T12:06:59.216+0800 [DEBUG] [org.gradle.api.internal.artifacts.ivyservice.resolveengine.graph.builder.DependencyGraphBuilder] Visiting configuration org.antlr:antlr-runtime:3.5.2(runtime).
2025-12-28T12:06:59.216+0800 [DEBUG] [org.gradle.api.internal.artifacts.ivyservice.resolveengine.graph.builder.NodeState] Changed edges for org.antlr:antlr-runtime:3.5.2(runtime) selects same versions as previous traversal. ignoring
2025-12-28T12:06:59.225+0800 [DEBUG] [org.gradle.api.internal.artifacts.ivyservice.resolveengine.oldresult.TransientConfigurationResultsBuilder] Flushing resolved configuration data in Binary store in C:\Users\StesssQQy\.gradle\.tmp\gradle10721875900379424049.bin. Wrote root 512.
2025-12-28T12:06:59.225+0800 [DEBUG] [org.gradle.internal.operations.DefaultBuildOperationRunner] Build operation 'Resolve dependencies of :_compileJava_1' completed
2025-12-28T12:06:59.225+0800 [DEBUG] [org.gradle.internal.component.model.LoggingAttributeMatchingExplanationBuilder] Selected match adhoc variant for net.minecraft:client:1.20.1 from candidates [adhoc variant for net.minecraft:client:1.20.1] for {}
2025-12-28T12:06:59.226+0800 [DEBUG] [org.gradle.internal.component.model.LoggingAttributeMatchingExplanationBuilder] Selected match net.minecraftforge:fmlearlydisplay:1.20.1-47.4.10 variant runtimeElements from candidates [net.minecraftforge:fmlearlydisplay:1.20.1-47.4.10 variant runtimeElements] for {}
2025-12-28T12:06:59.226+0800 [DEBUG] [org.gradle.internal.component.model.LoggingAttributeMatchingExplanationBuilder] Selected match net.minecraftforge:javafmllanguage:1.20.1-47.4.10 variant runtimeElements from candidates [net.minecraftforge:javafmllanguage:1.20.1-47.4.10 variant runtimeElements] for {}
2025-12-28T12:06:59.226+0800 [DEBUG] [org.gradle.internal.component.model.LoggingAttributeMatchingExplanationBuilder] Selected match net.minecraftforge:lowcodelanguage:1.20.1-47.4.10 variant runtimeElements from candidates [net.minecraftforge:lowcodelanguage:1.20.1-47.4.10 variant runtimeElements] for {}
2025-12-28T12:06:59.226+0800 [DEBUG] [org.gradle.internal.component.model.LoggingAttributeMatchingExplanationBuilder] Selected match net.minecraftforge:mclanguage:1.20.1-47.4.10 variant runtimeElements from candidates [net.minecraftforge:mclanguage:1.20.1-47.4.10 variant runtimeElements] for {}
2025-12-28T12:06:59.227+0800 [DEBUG] [org.gradle.internal.component.model.LoggingAttributeMatchingExplanationBuilder] Selected match net.minecraftforge:fmlcore:1.20.1-47.4.10 variant runtimeElements from candidates [net.minecraftforge:fmlcore:1.20.1-47.4.10 variant runtimeElements] for {}
2025-12-28T12:06:59.227+0800 [DEBUG] [org.gradle.internal.component.model.LoggingAttributeMatchingExplanationBuilder] Selected match net.minecraftforge:fmlloader:1.20.1-47.4.10 variant runtimeElements from candidates [net.minecraftforge:fmlloader:1.20.1-47.4.10 variant runtimeElements] for {}
2025-12-28T12:06:59.227+0800 [DEBUG] [org.gradle.internal.component.model.LoggingAttributeMatchingExplanationBuilder] Selected match net.minecraftforge:JarJarSelector:0.3.19 variant runtimeElements from candidates [net.minecraftforge:JarJarSelector:0.3.19 variant runtimeElements] for {}
2025-12-28T12:06:59.227+0800 [DEBUG] [org.gradle.internal.component.model.LoggingAttributeMatchingExplanationBuilder] Selected match net.minecraftforge:JarJarMetadata:0.3.19 variant runtimeElements from candidates [net.minecraftforge:JarJarMetadata:0.3.19 variant runtimeElements] for {}
2025-12-28T12:06:59.227+0800 [DEBUG] [org.gradle.internal.component.model.LoggingAttributeMatchingExplanationBuilder] Selected match com.google.guava:guava:31.1-jre configuration runtime from candidates [com.google.guava:guava:31.1-jre configuration runtime] for {}
2025-12-28T12:06:59.228+0800 [DEBUG] [org.gradle.internal.component.model.LoggingAttributeMatchingExplanationBuilder] Selected match com.google.code.findbugs:jsr305:3.0.2 configuration runtime from candidates [com.google.code.findbugs:jsr305:3.0.2 configuration runtime] for {}
2025-12-28T12:06:59.228+0800 [DEBUG] [org.gradle.internal.component.model.LoggingAttributeMatchingExplanationBuilder] Selected match ca.weblite:java-objc-bridge:1.1 configuration runtime from candidates [ca.weblite:java-objc-bridge:1.1 configuration runtime] for {}
2025-12-28T12:06:59.228+0800 [DEBUG] [org.gradle.internal.component.model.LoggingAttributeMatchingExplanationBuilder] Selected match net.minecraftforge:forgespi:7.0.1 variant runtimeElements from candidates [net.minecraftforge:forgespi:7.0.1 variant runtimeElements] for {}
2025-12-28T12:06:59.228+0800 [DEBUG] [org.gradle.internal.component.model.LoggingAttributeMatchingExplanationBuilder] Selected match adhoc variant for net.minecraftforge:mergetool:1.1.7 from candidates [adhoc variant for net.minecraftforge:mergetool:1.1.7] for {}
2025-12-28T12:06:59.228+0800 [DEBUG] [org.gradle.internal.component.model.LoggingAttributeMatchingExplanationBuilder] Selected match adhoc variant for net.minecraftforge:mergetool:1.1.7 from candidates [adhoc variant for net.minecraftforge:mergetool:1.1.7] for {}
2025-12-28T12:06:59.228+0800 [DEBUG] [org.gradle.internal.component.model.LoggingAttributeMatchingExplanationBuilder] Selected match adhoc variant for net.minecraftforge:mergetool:1.1.7 from candidates [adhoc variant for net.minecraftforge:mergetool:1.1.7] for {}
2025-12-28T12:06:59.228+0800 [DEBUG] [org.gradle.internal.component.model.LoggingAttributeMatchingExplanationBuilder] Selected match adhoc variant for net.minecraftforge:mergetool:1.1.7 from candidates [adhoc variant for net.minecraftforge:mergetool:1.1.7] for {}
2025-12-28T12:06:59.228+0800 [DEBUG] [org.gradle.internal.component.model.LoggingAttributeMatchingExplanationBuilder] Selected match org.jetbrains:annotations:24.0.1 configuration runtime from candidates [org.jetbrains:annotations:24.0.1 configuration runtime] for {}
2025-12-28T12:06:59.229+0800 [DEBUG] [org.gradle.internal.component.model.LoggingAttributeMatchingExplanationBuilder] Selected match net.minecraftforge:accesstransformers:8.0.4 variant runtimeElements from candidates [net.minecraftforge:accesstransformers:8.0.4 variant runtimeElements] for {}
2025-12-28T12:06:59.229+0800 [DEBUG] [org.gradle.internal.component.model.LoggingAttributeMatchingExplanationBuilder] Selected match net.minecraftforge:eventbus:6.0.5 variant runtimeElements from candidates [net.minecraftforge:eventbus:6.0.5 variant runtimeElements] for {}
2025-12-28T12:06:59.229+0800 [DEBUG] [org.gradle.internal.component.model.LoggingAttributeMatchingExplanationBuilder] Selected match cpw.mods:modlauncher:10.0.9 variant runtimeElements from candidates [cpw.mods:modlauncher:10.0.9 variant runtimeElements] for {}
2025-12-28T12:06:59.229+0800 [DEBUG] [org.gradle.internal.component.model.LoggingAttributeMatchingExplanationBuilder] Selected match cpw.mods:bootstraplauncher:1.1.2 variant runtimeElements from candidates [cpw.mods:bootstraplauncher:1.1.2 variant runtimeElements] for {}
2025-12-28T12:06:59.229+0800 [DEBUG] [org.gradle.internal.component.model.LoggingAttributeMatchingExplanationBuilder] Selected match cpw.mods:securejarhandler:2.1.10 variant runtimeElements from candidates [cpw.mods:securejarhandler:2.1.10 variant runtimeElements] for {}
2025-12-28T12:06:59.229+0800 [DEBUG] [org.gradle.internal.component.model.LoggingAttributeMatchingExplanationBuilder] Selected match net.minecraftforge:coremods:5.2.4 variant runtimeElements from candidates [net.minecraftforge:coremods:5.2.4 variant runtimeElements] for {}
2025-12-28T12:06:59.229+0800 [DEBUG] [org.gradle.internal.component.model.LoggingAttributeMatchingExplanationBuilder] Selected match org.openjdk.nashorn:nashorn-core:15.4 configuration runtime from candidates [org.openjdk.nashorn:nashorn-core:15.4 configuration runtime] for {}
2025-12-28T12:06:59.229+0800 [DEBUG] [org.gradle.internal.component.model.LoggingAttributeMatchingExplanationBuilder] Selected match org.ow2.asm:asm-commons:9.8 configuration runtime from candidates [org.ow2.asm:asm-commons:9.8 configuration runtime] for {}
2025-12-28T12:06:59.229+0800 [DEBUG] [org.gradle.internal.component.model.LoggingAttributeMatchingExplanationBuilder] Selected match org.ow2.asm:asm-util:9.8 configuration runtime from candidates [org.ow2.asm:asm-util:9.8 configuration runtime] for {}
2025-12-28T12:06:59.229+0800 [DEBUG] [org.gradle.internal.component.model.LoggingAttributeMatchingExplanationBuilder] Selected match org.ow2.asm:asm-analysis:9.8 configuration runtime from candidates [org.ow2.asm:asm-analysis:9.8 configuration runtime] for {}
2025-12-28T12:06:59.230+0800 [DEBUG] [org.gradle.internal.component.model.LoggingAttributeMatchingExplanationBuilder] Selected match org.ow2.asm:asm-tree:9.8 configuration runtime from candidates [org.ow2.asm:asm-tree:9.8 configuration runtime] for {}
2025-12-28T12:06:59.230+0800 [DEBUG] [org.gradle.internal.component.model.LoggingAttributeMatchingExplanationBuilder] Selected match org.ow2.asm:asm:9.8 configuration runtime from candidates [org.ow2.asm:asm:9.8 configuration runtime] for {}
2025-12-28T12:06:59.230+0800 [DEBUG] [org.gradle.internal.component.model.LoggingAttributeMatchingExplanationBuilder] Selected match org.antlr:antlr4:4.9.1 configuration runtime from candidates [org.antlr:antlr4:4.9.1 configuration runtime] for {}
2025-12-28T12:06:59.230+0800 [DEBUG] [org.gradle.internal.component.model.LoggingAttributeMatchingExplanationBuilder] Selected match org.antlr:antlr4-runtime:4.9.1 configuration runtime from candidates [org.antlr:antlr4-runtime:4.9.1 configuration runtime] for {}
2025-12-28T12:06:59.230+0800 [DEBUG] [org.gradle.internal.component.model.LoggingAttributeMatchingExplanationBuilder] Selected match net.minecraftforge:unsafe:0.2.0 configuration runtime from candidates [net.minecraftforge:unsafe:0.2.0 configuration runtime] for {}
2025-12-28T12:06:59.230+0800 [DEBUG] [org.gradle.internal.component.model.LoggingAttributeMatchingExplanationBuilder] Selected match com.electronwill.night-config:toml:3.6.4 configuration runtime from candidates [com.electronwill.night-config:toml:3.6.4 configuration runtime] for {}
2025-12-28T12:06:59.230+0800 [DEBUG] [org.gradle.internal.component.model.LoggingAttributeMatchingExplanationBuilder] Selected match com.electronwill.night-config:core:3.6.4 configuration runtime from candidates [com.electronwill.night-config:core:3.6.4 configuration runtime] for {}
2025-12-28T12:06:59.230+0800 [DEBUG] [org.gradle.internal.component.model.LoggingAttributeMatchingExplanationBuilder] Selected match org.apache.maven:maven-artifact:3.8.5 configuration runtime from candidates [org.apache.maven:maven-artifact:3.8.5 configuration runtime] for {}
2025-12-28T12:06:59.231+0800 [DEBUG] [org.gradle.internal.component.model.LoggingAttributeMatchingExplanationBuilder] Selected match net.jodah:typetools:0.6.3 configuration runtime from candidates [net.jodah:typetools:0.6.3 configuration runtime] for {}
2025-12-28T12:06:59.231+0800 [DEBUG] [org.gradle.internal.component.model.LoggingAttributeMatchingExplanationBuilder] Selected match net.minecrell:terminalconsoleappender:1.2.0 configuration runtime from candidates [net.minecrell:terminalconsoleappender:1.2.0 configuration runtime] for {}
2025-12-28T12:06:59.231+0800 [DEBUG] [org.gradle.internal.component.model.LoggingAttributeMatchingExplanationBuilder] Selected match org.jline:jline-reader:3.12.1 configuration runtime from candidates [org.jline:jline-reader:3.12.1 configuration runtime] for {}
2025-12-28T12:06:59.231+0800 [DEBUG] [org.gradle.internal.component.model.LoggingAttributeMatchingExplanationBuilder] Selected match org.jline:jline-terminal:3.12.1 configuration runtime from candidates [org.jline:jline-terminal:3.12.1 configuration runtime] for {}
2025-12-28T12:06:59.231+0800 [DEBUG] [org.gradle.internal.component.model.LoggingAttributeMatchingExplanationBuilder] Selected match org.spongepowered:mixin:0.8.5 configuration runtime from candidates [org.spongepowered:mixin:0.8.5 configuration runtime] for {}
2025-12-28T12:06:59.231+0800 [DEBUG] [org.gradle.internal.component.model.LoggingAttributeMatchingExplanationBuilder] Selected match net.minecraftforge:JarJarFileSystems:0.3.19 variant runtimeElements from candidates [net.minecraftforge:JarJarFileSystems:0.3.19 variant runtimeElements] for {}
2025-12-28T12:06:59.231+0800 [DEBUG] [org.gradle.internal.component.model.LoggingAttributeMatchingExplanationBuilder] Selected match com.github.oshi:oshi-core:6.2.2 configuration runtime from candidates [com.github.oshi:oshi-core:6.2.2 configuration runtime] for {}
2025-12-28T12:06:59.231+0800 [DEBUG] [org.gradle.internal.component.model.LoggingAttributeMatchingExplanationBuilder] Selected match com.google.code.gson:gson:2.10 configuration runtime from candidates [com.google.code.gson:gson:2.10 configuration runtime] for {}
2025-12-28T12:06:59.231+0800 [DEBUG] [org.gradle.internal.component.model.LoggingAttributeMatchingExplanationBuilder] Selected match com.google.guava:failureaccess:1.0.1 configuration runtime from candidates [com.google.guava:failureaccess:1.0.1 configuration runtime] for {}
2025-12-28T12:06:59.232+0800 [DEBUG] [org.gradle.internal.component.model.LoggingAttributeMatchingExplanationBuilder] Selected match com.ibm.icu:icu4j:71.1 configuration runtime from candidates [com.ibm.icu:icu4j:71.1 configuration runtime] for {}
2025-12-28T12:06:59.232+0800 [DEBUG] [org.gradle.internal.component.model.LoggingAttributeMatchingExplanationBuilder] Selected match com.mojang:authlib:4.0.43 configuration runtime from candidates [com.mojang:authlib:4.0.43 configuration runtime] for {}
2025-12-28T12:06:59.232+0800 [DEBUG] [org.gradle.internal.component.model.LoggingAttributeMatchingExplanationBuilder] Selected match com.mojang:blocklist:1.0.10 configuration runtime from candidates [com.mojang:blocklist:1.0.10 configuration runtime] for {}
2025-12-28T12:06:59.232+0800 [DEBUG] [org.gradle.internal.component.model.LoggingAttributeMatchingExplanationBuilder] Selected match com.mojang:brigadier:1.1.8 configuration runtime from candidates [com.mojang:brigadier:1.1.8 configuration runtime] for {}
2025-12-28T12:06:59.232+0800 [DEBUG] [org.gradle.internal.component.model.LoggingAttributeMatchingExplanationBuilder] Selected match com.mojang:datafixerupper:6.0.8 configuration runtime from candidates [com.mojang:datafixerupper:6.0.8 configuration runtime] for {}
2025-12-28T12:06:59.232+0800 [DEBUG] [org.gradle.internal.component.model.LoggingAttributeMatchingExplanationBuilder] Selected match com.mojang:logging:1.1.1 configuration runtime from candidates [com.mojang:logging:1.1.1 configuration runtime] for {}
2025-12-28T12:06:59.232+0800 [DEBUG] [org.gradle.internal.component.model.LoggingAttributeMatchingExplanationBuilder] Selected match com.mojang:patchy:2.2.10 configuration runtime from candidates [com.mojang:patchy:2.2.10 configuration runtime] for {}
2025-12-28T12:06:59.232+0800 [DEBUG] [org.gradle.internal.component.model.LoggingAttributeMatchingExplanationBuilder] Selected match com.mojang:text2speech:1.17.9 configuration runtime from candidates [com.mojang:text2speech:1.17.9 configuration runtime] for {}
2025-12-28T12:06:59.233+0800 [DEBUG] [org.gradle.internal.component.model.LoggingAttributeMatchingExplanationBuilder] Selected match org.apache.httpcomponents:httpclient:4.5.13 configuration runtime from candidates [org.apache.httpcomponents:httpclient:4.5.13 configuration runtime] for {}
2025-12-28T12:06:59.233+0800 [DEBUG] [org.gradle.internal.component.model.LoggingAttributeMatchingExplanationBuilder] Selected match commons-codec:commons-codec:1.15 configuration runtime from candidates [commons-codec:commons-codec:1.15 configuration runtime] for {}
2025-12-28T12:06:59.233+0800 [DEBUG] [org.gradle.internal.component.model.LoggingAttributeMatchingExplanationBuilder] Selected match commons-io:commons-io:2.11.0 configuration runtime from candidates [commons-io:commons-io:2.11.0 configuration runtime] for {}
2025-12-28T12:06:59.233+0800 [DEBUG] [org.gradle.internal.component.model.LoggingAttributeMatchingExplanationBuilder] Selected match commons-logging:commons-logging:1.2 configuration runtime from candidates [commons-logging:commons-logging:1.2 configuration runtime] for {}
2025-12-28T12:06:59.233+0800 [DEBUG] [org.gradle.internal.component.model.LoggingAttributeMatchingExplanationBuilder] Selected match io.netty:netty-handler:4.1.82.Final configuration runtime from candidates [io.netty:netty-handler:4.1.82.Final configuration runtime] for {}
2025-12-28T12:06:59.233+0800 [DEBUG] [org.gradle.internal.component.model.LoggingAttributeMatchingExplanationBuilder] Selected match io.netty:netty-codec:4.1.82.Final configuration runtime from candidates [io.netty:netty-codec:4.1.82.Final configuration runtime] for {}
2025-12-28T12:06:59.233+0800 [DEBUG] [org.gradle.internal.component.model.LoggingAttributeMatchingExplanationBuilder] Selected match io.netty:netty-transport-classes-epoll:4.1.82.Final configuration runtime from candidates [io.netty:netty-transport-classes-epoll:4.1.82.Final configuration runtime] for {}
2025-12-28T12:06:59.233+0800 [DEBUG] [org.gradle.internal.component.model.LoggingAttributeMatchingExplanationBuilder] Selected match io.netty:netty-transport-native-unix-common:4.1.82.Final configuration runtime from candidates [io.netty:netty-transport-native-unix-common:4.1.82.Final configuration runtime] for {}
2025-12-28T12:06:59.234+0800 [DEBUG] [org.gradle.internal.component.model.LoggingAttributeMatchingExplanationBuilder] Selected match io.netty:netty-transport:4.1.82.Final configuration runtime from candidates [io.netty:netty-transport:4.1.82.Final configuration runtime] for {}
2025-12-28T12:06:59.234+0800 [DEBUG] [org.gradle.internal.component.model.LoggingAttributeMatchingExplanationBuilder] Selected match io.netty:netty-buffer:4.1.82.Final configuration runtime from candidates [io.netty:netty-buffer:4.1.82.Final configuration runtime] for {}
2025-12-28T12:06:59.234+0800 [DEBUG] [org.gradle.internal.component.model.LoggingAttributeMatchingExplanationBuilder] Selected match io.netty:netty-resolver:4.1.82.Final configuration runtime from candidates [io.netty:netty-resolver:4.1.82.Final configuration runtime] for {}
2025-12-28T12:06:59.234+0800 [DEBUG] [org.gradle.internal.component.model.LoggingAttributeMatchingExplanationBuilder] Selected match io.netty:netty-common:4.1.82.Final configuration runtime from candidates [io.netty:netty-common:4.1.82.Final configuration runtime] for {}
2025-12-28T12:06:59.234+0800 [DEBUG] [org.gradle.internal.component.model.LoggingAttributeMatchingExplanationBuilder] Selected match it.unimi.dsi:fastutil:8.5.9 configuration runtime from candidates [it.unimi.dsi:fastutil:8.5.9 configuration runtime] for {}
2025-12-28T12:06:59.234+0800 [DEBUG] [org.gradle.internal.component.model.LoggingAttributeMatchingExplanationBuilder] Selected match net.java.dev.jna:jna-platform:5.12.1 configuration runtime from candidates [net.java.dev.jna:jna-platform:5.12.1 configuration runtime] for {}
2025-12-28T12:06:59.234+0800 [DEBUG] [org.gradle.internal.component.model.LoggingAttributeMatchingExplanationBuilder] Selected match net.java.dev.jna:jna:5.12.1 configuration runtime from candidates [net.java.dev.jna:jna:5.12.1 configuration runtime] for {}
2025-12-28T12:06:59.234+0800 [DEBUG] [org.gradle.internal.component.model.LoggingAttributeMatchingExplanationBuilder] Selected match net.sf.jopt-simple:jopt-simple:5.0.4 configuration runtime from candidates [net.sf.jopt-simple:jopt-simple:5.0.4 configuration runtime] for {}
2025-12-28T12:06:59.234+0800 [DEBUG] [org.gradle.internal.component.model.LoggingAttributeMatchingExplanationBuilder] Selected match org.apache.commons:commons-compress:1.21 configuration runtime from candidates [org.apache.commons:commons-compress:1.21 configuration runtime] for {}
2025-12-28T12:06:59.234+0800 [DEBUG] [org.gradle.internal.component.model.LoggingAttributeMatchingExplanationBuilder] Selected match org.apache.commons:commons-lang3:3.12.0 configuration runtime from candidates [org.apache.commons:commons-lang3:3.12.0 configuration runtime] for {}
2025-12-28T12:06:59.235+0800 [DEBUG] [org.gradle.internal.component.model.LoggingAttributeMatchingExplanationBuilder] Selected match org.apache.httpcomponents:httpcore:4.4.15 configuration runtime from candidates [org.apache.httpcomponents:httpcore:4.4.15 configuration runtime] for {}
2025-12-28T12:06:59.235+0800 [DEBUG] [org.gradle.internal.component.model.LoggingAttributeMatchingExplanationBuilder] Selected match org.apache.logging.log4j:log4j-core:2.19.0 configuration runtime from candidates [org.apache.logging.log4j:log4j-core:2.19.0 configuration runtime] for {}
2025-12-28T12:06:59.235+0800 [DEBUG] [org.gradle.internal.component.model.LoggingAttributeMatchingExplanationBuilder] Selected match org.apache.logging.log4j:log4j-slf4j2-impl:2.19.0 configuration runtime from candidates [org.apache.logging.log4j:log4j-slf4j2-impl:2.19.0 configuration runtime] for {}
2025-12-28T12:06:59.235+0800 [DEBUG] [org.gradle.internal.component.model.LoggingAttributeMatchingExplanationBuilder] Selected match org.apache.logging.log4j:log4j-api:2.19.0 configuration runtime from candidates [org.apache.logging.log4j:log4j-api:2.19.0 configuration runtime] for {}
2025-12-28T12:06:59.235+0800 [DEBUG] [org.gradle.internal.component.model.LoggingAttributeMatchingExplanationBuilder] Selected match org.joml:joml:1.10.5 configuration runtime from candidates [org.joml:joml:1.10.5 configuration runtime] for {}
2025-12-28T12:06:59.235+0800 [DEBUG] [org.gradle.internal.component.model.LoggingAttributeMatchingExplanationBuilder] Selected match org.lwjgl:lwjgl-glfw:3.3.1 configuration runtime from candidates [org.lwjgl:lwjgl-glfw:3.3.1 configuration runtime] for {}
2025-12-28T12:06:59.236+0800 [DEBUG] [org.gradle.internal.component.model.LoggingAttributeMatchingExplanationBuilder] Selected match adhoc variant for org.lwjgl:lwjgl-glfw:3.3.1 from candidates [adhoc variant for org.lwjgl:lwjgl-glfw:3.3.1] for {}
2025-12-28T12:06:59.236+0800 [DEBUG] [org.gradle.internal.component.model.LoggingAttributeMatchingExplanationBuilder] Selected match adhoc variant for org.lwjgl:lwjgl-glfw:3.3.1 from candidates [adhoc variant for org.lwjgl:lwjgl-glfw:3.3.1] for {}
2025-12-28T12:06:59.236+0800 [DEBUG] [org.gradle.internal.component.model.LoggingAttributeMatchingExplanationBuilder] Selected match adhoc variant for org.lwjgl:lwjgl-glfw:3.3.1 from candidates [adhoc variant for org.lwjgl:lwjgl-glfw:3.3.1] for {}
2025-12-28T12:06:59.236+0800 [DEBUG] [org.gradle.internal.component.model.LoggingAttributeMatchingExplanationBuilder] Selected match org.lwjgl:lwjgl-jemalloc:3.3.1 configuration runtime from candidates [org.lwjgl:lwjgl-jemalloc:3.3.1 configuration runtime] for {}
2025-12-28T12:06:59.236+0800 [DEBUG] [org.gradle.internal.component.model.LoggingAttributeMatchingExplanationBuilder] Selected match adhoc variant for org.lwjgl:lwjgl-jemalloc:3.3.1 from candidates [adhoc variant for org.lwjgl:lwjgl-jemalloc:3.3.1] for {}
2025-12-28T12:06:59.236+0800 [DEBUG] [org.gradle.internal.component.model.LoggingAttributeMatchingExplanationBuilder] Selected match adhoc variant for org.lwjgl:lwjgl-jemalloc:3.3.1 from candidates [adhoc variant for org.lwjgl:lwjgl-jemalloc:3.3.1] for {}
2025-12-28T12:06:59.236+0800 [DEBUG] [org.gradle.internal.component.model.LoggingAttributeMatchingExplanationBuilder] Selected match adhoc variant for org.lwjgl:lwjgl-jemalloc:3.3.1 from candidates [adhoc variant for org.lwjgl:lwjgl-jemalloc:3.3.1] for {}
2025-12-28T12:06:59.236+0800 [DEBUG] [org.gradle.internal.component.model.LoggingAttributeMatchingExplanationBuilder] Selected match org.lwjgl:lwjgl-openal:3.3.1 configuration runtime from candidates [org.lwjgl:lwjgl-openal:3.3.1 configuration runtime] for {}
2025-12-28T12:06:59.236+0800 [DEBUG] [org.gradle.internal.component.model.LoggingAttributeMatchingExplanationBuilder] Selected match adhoc variant for org.lwjgl:lwjgl-openal:3.3.1 from candidates [adhoc variant for org.lwjgl:lwjgl-openal:3.3.1] for {}
2025-12-28T12:06:59.237+0800 [DEBUG] [org.gradle.internal.component.model.LoggingAttributeMatchingExplanationBuilder] Selected match adhoc variant for org.lwjgl:lwjgl-openal:3.3.1 from candidates [adhoc variant for org.lwjgl:lwjgl-openal:3.3.1] for {}
2025-12-28T12:06:59.237+0800 [DEBUG] [org.gradle.internal.component.model.LoggingAttributeMatchingExplanationBuilder] Selected match adhoc variant for org.lwjgl:lwjgl-openal:3.3.1 from candidates [adhoc variant for org.lwjgl:lwjgl-openal:3.3.1] for {}
2025-12-28T12:06:59.237+0800 [DEBUG] [org.gradle.internal.component.model.LoggingAttributeMatchingExplanationBuilder] Selected match org.lwjgl:lwjgl-opengl:3.3.1 configuration runtime from candidates [org.lwjgl:lwjgl-opengl:3.3.1 configuration runtime] for {}
2025-12-28T12:06:59.237+0800 [DEBUG] [org.gradle.internal.component.model.LoggingAttributeMatchingExplanationBuilder] Selected match adhoc variant for org.lwjgl:lwjgl-opengl:3.3.1 from candidates [adhoc variant for org.lwjgl:lwjgl-opengl:3.3.1] for {}
2025-12-28T12:06:59.237+0800 [DEBUG] [org.gradle.internal.component.model.LoggingAttributeMatchingExplanationBuilder] Selected match adhoc variant for org.lwjgl:lwjgl-opengl:3.3.1 from candidates [adhoc variant for org.lwjgl:lwjgl-opengl:3.3.1] for {}
2025-12-28T12:06:59.237+0800 [DEBUG] [org.gradle.internal.component.model.LoggingAttributeMatchingExplanationBuilder] Selected match adhoc variant for org.lwjgl:lwjgl-opengl:3.3.1 from candidates [adhoc variant for org.lwjgl:lwjgl-opengl:3.3.1] for {}
2025-12-28T12:06:59.237+0800 [DEBUG] [org.gradle.internal.component.model.LoggingAttributeMatchingExplanationBuilder] Selected match org.lwjgl:lwjgl-stb:3.3.1 configuration runtime from candidates [org.lwjgl:lwjgl-stb:3.3.1 configuration runtime] for {}
2025-12-28T12:06:59.237+0800 [DEBUG] [org.gradle.internal.component.model.LoggingAttributeMatchingExplanationBuilder] Selected match adhoc variant for org.lwjgl:lwjgl-stb:3.3.1 from candidates [adhoc variant for org.lwjgl:lwjgl-stb:3.3.1] for {}
2025-12-28T12:06:59.238+0800 [DEBUG] [org.gradle.internal.component.model.LoggingAttributeMatchingExplanationBuilder] Selected match adhoc variant for org.lwjgl:lwjgl-stb:3.3.1 from candidates [adhoc variant for org.lwjgl:lwjgl-stb:3.3.1] for {}
2025-12-28T12:06:59.238+0800 [DEBUG] [org.gradle.internal.component.model.LoggingAttributeMatchingExplanationBuilder] Selected match adhoc variant for org.lwjgl:lwjgl-stb:3.3.1 from candidates [adhoc variant for org.lwjgl:lwjgl-stb:3.3.1] for {}
2025-12-28T12:06:59.238+0800 [DEBUG] [org.gradle.internal.component.model.LoggingAttributeMatchingExplanationBuilder] Selected match org.lwjgl:lwjgl-tinyfd:3.3.1 configuration runtime from candidates [org.lwjgl:lwjgl-tinyfd:3.3.1 configuration runtime] for {}
2025-12-28T12:06:59.238+0800 [DEBUG] [org.gradle.internal.component.model.LoggingAttributeMatchingExplanationBuilder] Selected match adhoc variant for org.lwjgl:lwjgl-tinyfd:3.3.1 from candidates [adhoc variant for org.lwjgl:lwjgl-tinyfd:3.3.1] for {}
2025-12-28T12:06:59.238+0800 [DEBUG] [org.gradle.internal.component.model.LoggingAttributeMatchingExplanationBuilder] Selected match adhoc variant for org.lwjgl:lwjgl-tinyfd:3.3.1 from candidates [adhoc variant for org.lwjgl:lwjgl-tinyfd:3.3.1] for {}
2025-12-28T12:06:59.238+0800 [DEBUG] [org.gradle.internal.component.model.LoggingAttributeMatchingExplanationBuilder] Selected match adhoc variant for org.lwjgl:lwjgl-tinyfd:3.3.1 from candidates [adhoc variant for org.lwjgl:lwjgl-tinyfd:3.3.1] for {}
2025-12-28T12:06:59.239+0800 [DEBUG] [org.gradle.internal.component.model.LoggingAttributeMatchingExplanationBuilder] Selected match org.lwjgl:lwjgl:3.3.1 configuration runtime from candidates [org.lwjgl:lwjgl:3.3.1 configuration runtime] for {}
2025-12-28T12:06:59.239+0800 [DEBUG] [org.gradle.internal.component.model.LoggingAttributeMatchingExplanationBuilder] Selected match adhoc variant for org.lwjgl:lwjgl:3.3.1 from candidates [adhoc variant for org.lwjgl:lwjgl:3.3.1] for {}
2025-12-28T12:06:59.239+0800 [DEBUG] [org.gradle.internal.component.model.LoggingAttributeMatchingExplanationBuilder] Selected match adhoc variant for org.lwjgl:lwjgl:3.3.1 from candidates [adhoc variant for org.lwjgl:lwjgl:3.3.1] for {}
2025-12-28T12:06:59.239+0800 [DEBUG] [org.gradle.internal.component.model.LoggingAttributeMatchingExplanationBuilder] Selected match adhoc variant for org.lwjgl:lwjgl:3.3.1 from candidates [adhoc variant for org.lwjgl:lwjgl:3.3.1] for {}
2025-12-28T12:06:59.240+0800 [DEBUG] [org.gradle.internal.component.model.LoggingAttributeMatchingExplanationBuilder] Selected match com.machinezoo.noexception:noexception:1.7.1 configuration runtime from candidates [com.machinezoo.noexception:noexception:1.7.1 configuration runtime] for {}
2025-12-28T12:06:59.240+0800 [DEBUG] [org.gradle.internal.component.model.LoggingAttributeMatchingExplanationBuilder] Selected match org.slf4j:slf4j-simple:1.7.30 configuration runtime from candidates [org.slf4j:slf4j-simple:1.7.30 configuration runtime] for {}
2025-12-28T12:06:59.240+0800 [DEBUG] [org.gradle.internal.component.model.LoggingAttributeMatchingExplanationBuilder] Selected match org.slf4j:slf4j-api:2.0.1 configuration runtime from candidates [org.slf4j:slf4j-api:2.0.1 configuration runtime] for {}
2025-12-28T12:06:59.241+0800 [DEBUG] [org.gradle.internal.component.model.LoggingAttributeMatchingExplanationBuilder] Selected match net.minecraftforge:srgutils:0.4.15 variant runtimeElements from candidates [net.minecraftforge:srgutils:0.4.15 variant runtimeElements] for {}
2025-12-28T12:06:59.241+0800 [DEBUG] [org.gradle.internal.component.model.LoggingAttributeMatchingExplanationBuilder] Selected match org.codehaus.plexus:plexus-utils:3.3.0 configuration runtime from candidates [org.codehaus.plexus:plexus-utils:3.3.0 configuration runtime] for {}
2025-12-28T12:06:59.241+0800 [DEBUG] [org.gradle.internal.component.model.LoggingAttributeMatchingExplanationBuilder] Selected match com.google.guava:listenablefuture:9999.0-empty-to-avoid-conflict-with-guava configuration runtime from candidates [com.google.guava:listenablefuture:9999.0-empty-to-avoid-conflict-with-guava configuration runtime] for {}
2025-12-28T12:06:59.241+0800 [DEBUG] [org.gradle.internal.component.model.LoggingAttributeMatchingExplanationBuilder] Selected match org.checkerframework:checker-qual:3.12.0 variant runtimeElements from candidates [org.checkerframework:checker-qual:3.12.0 variant runtimeElements] for {}
2025-12-28T12:06:59.242+0800 [DEBUG] [org.gradle.internal.component.model.LoggingAttributeMatchingExplanationBuilder] Selected match com.google.errorprone:error_prone_annotations:2.11.0 configuration runtime from candidates [com.google.errorprone:error_prone_annotations:2.11.0 configuration runtime] for {}
2025-12-28T12:06:59.242+0800 [DEBUG] [org.gradle.internal.component.model.LoggingAttributeMatchingExplanationBuilder] Selected match com.google.j2objc:j2objc-annotations:1.3 configuration runtime from candidates [com.google.j2objc:j2objc-annotations:1.3 configuration runtime] for {}
2025-12-28T12:06:59.242+0800 [DEBUG] [org.gradle.internal.component.model.LoggingAttributeMatchingExplanationBuilder] Selected match org.antlr:ST4:4.3 configuration runtime from candidates [org.antlr:ST4:4.3 configuration runtime] for {}
2025-12-28T12:06:59.242+0800 [DEBUG] [org.gradle.internal.component.model.LoggingAttributeMatchingExplanationBuilder] Selected match org.antlr:antlr-runtime:3.5.2 configuration runtime from candidates [org.antlr:antlr-runtime:3.5.2 configuration runtime] for {}
2025-12-28T12:06:59.242+0800 [DEBUG] [org.gradle.internal.component.model.LoggingAttributeMatchingExplanationBuilder] Selected match org.abego.treelayout:org.abego.treelayout.core:1.0.3 configuration runtime from candidates [org.abego.treelayout:org.abego.treelayout.core:1.0.3 configuration runtime] for {}
2025-12-28T12:06:59.242+0800 [DEBUG] [org.gradle.internal.component.model.LoggingAttributeMatchingExplanationBuilder] Selected match org.glassfish:javax.json:1.0.4 configuration runtime from candidates [org.glassfish:javax.json:1.0.4 configuration runtime] for {}
2025-12-28T12:06:59.248+0800 [DEBUG] [org.gradle.api.internal.artifacts.ivyservice.ivyresolve.CachingModuleComponentRepository] Found artifact 'org.gradle.internal.component.external.model.UrlBackedArtifactMetadata@756bfea6' in resolver cache: C:\Users\StesssQQy\.gradle\caches\modules-2\files-2.1\net.minecraftforge\fmlloader\1.20.1-47.4.10\55c46d27e7cfc8b829af8a28e562a7d290fa38b6\fmlloader-1.20.1-47.4.10.jar
2025-12-28T12:06:59.249+0800 [DEBUG] [org.gradle.internal.operations.DefaultBuildOperationRunner] Build operation 'Resolve fmlloader-1.20.1-47.4.10.jar (net.minecraftforge:fmlloader:1.20.1-47.4.10)' completed
2025-12-28T12:06:59.248+0800 [DEBUG] [org.gradle.api.internal.artifacts.repositories.resolver.DefaultExternalResourceArtifactResolver] Loading file:/C:/Users/StesssQQy/.gradle/caches/forge_gradle/bundeled_repo/net/minecraft/client/1.20.1/client-1.20.1-extra.jar
2025-12-28T12:06:59.249+0800 [DEBUG] [org.gradle.api.internal.artifacts.ivyservice.ivyresolve.CachingModuleComponentRepository] Found artifact 'org.gradle.internal.component.external.model.UrlBackedArtifactMetadata@6a6bde7b' in resolver cache: C:\Users\StesssQQy\.gradle\caches\modules-2\files-2.1\net.minecraftforge\fmlcore\1.20.1-47.4.10\94dae566be650566ea9115a1414ab76bfcf5a804\fmlcore-1.20.1-47.4.10.jar
2025-12-28T12:06:59.250+0800 [INFO] [org.gradle.api.Project] Downloading de.oceanlabs.mcp:mcp_config:1.20.1@zip
2025-12-28T12:06:59.251+0800 [DEBUG] [org.gradle.api.internal.artifacts.ivyservice.ivyresolve.CachingModuleComponentRepository] Found artifact 'org.gradle.internal.component.external.model.UrlBackedArtifactMetadata@743c4077' in resolver cache: C:\Users\StesssQQy\.gradle\caches\modules-2\files-2.1\net.minecraftforge\mclanguage\1.20.1-47.4.10\ec5cefbbc65c67302b8fac317010faab85fa14b9\mclanguage-1.20.1-47.4.10.jar
2025-12-28T12:06:59.253+0800 [DEBUG] [org.gradle.api.internal.artifacts.ivyservice.ivyresolve.CachingModuleComponentRepository] Found artifact 'org.gradle.internal.component.external.model.UrlBackedArtifactMetadata@b5ce998' in resolver cache: C:\Users\StesssQQy\.gradle\caches\modules-2\files-2.1\net.minecraftforge\javafmllanguage\1.20.1-47.4.10\ccc533c7dd67e0983217197d7549c8b49e7ab453\javafmllanguage-1.20.1-47.4.10.jar
2025-12-28T12:06:59.255+0800 [DEBUG] [org.gradle.api.internal.artifacts.ivyservice.ivyresolve.CachingModuleComponentRepository] Found artifact 'java-objc-bridge-1.1.jar (ca.weblite:java-objc-bridge:1.1)' in resolver cache: C:\Users\StesssQQy\.gradle\caches\modules-2\files-2.1\ca.weblite\java-objc-bridge\1.1\1227f9e0666314f9de41477e3ec277e542ed7f7b\java-objc-bridge-1.1.jar
2025-12-28T12:06:59.255+0800 [DEBUG] [org.gradle.api.internal.artifacts.ivyservice.ivyresolve.CachingModuleComponentRepository] Found artifact 'org.gradle.internal.component.external.model.UrlBackedArtifactMetadata@58733c0e' in resolver cache: C:\Users\StesssQQy\.gradle\caches\modules-2\files-2.1\net.minecraftforge\JarJarSelector\0.3.19\376cc9c8ea60720cf027c01fc033de915699801c\JarJarSelector-0.3.19.jar
2025-12-28T12:06:59.255+0800 [DEBUG] [org.gradle.api.internal.artifacts.ivyservice.ivyresolve.CachingModuleComponentRepository] Found artifact 'org.gradle.internal.component.external.model.UrlBackedArtifactMetadata@3a3b9581' in resolver cache: C:\Users\StesssQQy\.gradle\caches\modules-2\files-2.1\net.minecraftforge\fmlearlydisplay\1.20.1-47.4.10\a262fa19e65f643aae210b4275b53bee053aa765\fmlearlydisplay-1.20.1-47.4.10.jar
2025-12-28T12:06:59.255+0800 [DEBUG] [org.gradle.api.internal.artifacts.ivyservice.ivyresolve.CachingModuleComponentRepository] Found artifact 'guava-31.1-jre.jar (com.google.guava:guava:31.1-jre)' in resolver cache: C:\Users\StesssQQy\.gradle\caches\modules-2\files-2.1\com.google.guava\guava\31.1-jre\60458f877d055d0c9114d9e1a2efb737b4bc282c\guava-31.1-jre.jar
2025-12-28T12:06:59.255+0800 [DEBUG] [org.gradle.api.internal.artifacts.ivyservice.ivyresolve.CachingModuleComponentRepository] Found artifact 'org.gradle.internal.component.external.model.UrlBackedArtifactMetadata@4bc0b2df' in resolver cache: C:\Users\StesssQQy\.gradle\caches\modules-2\files-2.1\net.minecraftforge\JarJarMetadata\0.3.19\83feaa9b770e6ac0e96ee4fc23fa89325c5fe2\JarJarMetadata-0.3.19.jar
2025-12-28T12:06:59.255+0800 [DEBUG] [org.gradle.api.internal.artifacts.ivyservice.ivyresolve.CachingModuleComponentRepository] Found artifact 'jsr305-3.0.2.jar (com.google.code.findbugs:jsr305:3.0.2)' in resolver cache: C:\Users\StesssQQy\.gradle\caches\modules-2\files-2.1\com.google.code.findbugs\jsr305\3.0.2\25ea2e8b0c338a877313bd4672d3fe056ea78f0d\jsr305-3.0.2.jar
2025-12-28T12:06:59.256+0800 [DEBUG] [org.gradle.api.internal.artifacts.ivyservice.ivyresolve.CachingModuleComponentRepository] Found artifact 'org.gradle.internal.component.external.model.UrlBackedArtifactMetadata@19c1eb0b' in resolver cache: C:\Users\StesssQQy\.gradle\caches\modules-2\files-2.1\net.minecraftforge\lowcodelanguage\1.20.1-47.4.10\e9a2879fe3612ea34b9728ec2633304a1e67d480\lowcodelanguage-1.20.1-47.4.10.jar
2025-12-28T12:06:59.258+0800 [DEBUG] [org.gradle.internal.operations.DefaultBuildOperationRunner] Build operation 'Resolve JarJarMetadata-0.3.19.jar (net.minecraftforge:JarJarMetadata:0.3.19)' completed
2025-12-28T12:06:59.258+0800 [DEBUG] [org.gradle.api.internal.artifacts.ivyservice.ivyresolve.CachingModuleComponentRepository] Found artifact 'mergetool-1.1.7-api.jar (net.minecraftforge:mergetool:1.1.7)' in resolver cache: C:\Users\StesssQQy\.gradle\caches\modules-2\files-2.1\net.minecraftforge\mergetool\1.1.7\aa7c6d9d187d585a8a215c288d65b0038be80b2a\mergetool-1.1.7-api.jar
2025-12-28T12:06:59.258+0800 [DEBUG] [org.gradle.internal.resources.AbstractTrackedResourceLock] Unconstrained build operations Thread 40: released lock on worker lease
2025-12-28T12:06:59.257+0800 [DEBUG] [org.gradle.api.internal.artifacts.ivyservice.ivyresolve.CachingModuleComponentRepository] Found artifact 'org.gradle.internal.component.external.model.UrlBackedArtifactMetadata@f637c2b' in resolver cache: C:\Users\StesssQQy\.gradle\caches\modules-2\files-2.1\net.minecraftforge\forgespi\7.0.1\3b4972a0cdb135853dba219be61a79b22cff1309\forgespi-7.0.1.jar
2025-12-28T12:06:59.258+0800 [DEBUG] [org.gradle.internal.resources.AbstractTrackedResourceLock] Unconstrained build operations Thread 40: acquired lock on worker lease
2025-12-28T12:06:59.259+0800 [DEBUG] [org.gradle.internal.resources.AbstractTrackedResourceLock] Unconstrained build operations Thread 39: released lock on worker lease
2025-12-28T12:06:59.260+0800 [DEBUG] [org.gradle.internal.resources.AbstractTrackedResourceLock] Unconstrained build operations Thread 39: acquired lock on worker lease
2025-12-28T12:06:59.260+0800 [DEBUG] [org.gradle.api.internal.artifacts.ivyservice.ivyresolve.CachingModuleComponentRepository] Found artifact 'org.gradle.internal.component.external.model.UrlBackedArtifactMetadata@1dfe6ceb' in resolver cache: C:\Users\StesssQQy\.gradle\caches\modules-2\files-2.1\cpw.mods\modlauncher\10.0.9\6d9443f56f50bb85cea383686ff9c867391458b\modlauncher-10.0.9.jar
2025-12-28T12:06:59.261+0800 [DEBUG] [org.gradle.api.internal.artifacts.ivyservice.ivyresolve.CachingModuleComponentRepository] Found artifact 'org.gradle.internal.component.external.model.UrlBackedArtifactMetadata@3e04161e' in resolver cache: C:\Users\StesssQQy\.gradle\caches\modules-2\files-2.1\net.minecraftforge\eventbus\6.0.5\699143dd438431d06b57416944f7cedbe52e1475\eventbus-6.0.5.jar
2025-12-28T12:06:59.260+0800 [DEBUG] [org.gradle.internal.operations.DefaultBuildOperationRunner] Build operation 'Resolve mergetool-1.1.7-api.jar (net.minecraftforge:mergetool:1.1.7)' completed
2025-12-28T12:06:59.261+0800 [DEBUG] [org.gradle.api.internal.artifacts.ivyservice.ivyresolve.CachingModuleComponentRepository] Found artifact 'org.gradle.internal.component.external.model.UrlBackedArtifactMetadata@4a61e3a3' in resolver cache: C:\Users\StesssQQy\.gradle\caches\modules-2\files-2.1\net.minecraftforge\accesstransformers\8.0.4\272d240aa73f42195b2a68e2ebd8b701ecf41f63\accesstransformers-8.0.4.jar
2025-12-28T12:06:59.262+0800 [DEBUG] [org.gradle.api.internal.artifacts.ivyservice.ivyresolve.CachingModuleComponentRepository] Found artifact 'annotations-24.0.1.jar (org.jetbrains:annotations:24.0.1)' in resolver cache: C:\Users\StesssQQy\.gradle\caches\modules-2\files-2.1\org.jetbrains\annotations\24.0.1\13c5c75c4206580aa4d683bffee658caae6c9f43\annotations-24.0.1.jar
2025-12-28T12:06:59.263+0800 [DEBUG] [org.gradle.api.internal.artifacts.ivyservice.ivyresolve.CachingModuleComponentRepository] Found artifact 'org.gradle.internal.component.external.model.UrlBackedArtifactMetadata@2e9b5578' in resolver cache: C:\Users\StesssQQy\.gradle\caches\modules-2\files-2.1\net.minecraftforge\coremods\5.2.4\e30bab269d896613e38396274711410b3a0e4b87\coremods-5.2.4.jar
2025-12-28T12:06:59.264+0800 [DEBUG] [org.gradle.api.internal.artifacts.ivyservice.ivyresolve.CachingModuleComponentRepository] Found artifact 'nashorn-core-15.4.jar (org.openjdk.nashorn:nashorn-core:15.4)' in resolver cache: C:\Users\StesssQQy\.gradle\caches\modules-2\files-2.1\org.openjdk.nashorn\nashorn-core\15.4\f67f5ffaa5f5130cf6fb9b133da00c7df3b532a5\nashorn-core-15.4.jar
2025-12-28T12:06:59.265+0800 [DEBUG] [org.gradle.api.internal.artifacts.ivyservice.ivyresolve.CachingModuleComponentRepository] Found artifact 'antlr4-4.9.1.jar (org.antlr:antlr4:4.9.1)' in resolver cache: C:\Users\StesssQQy\.gradle\caches\modules-2\files-2.1\org.antlr\antlr4\4.9.1\e92af8ab33e428461927b484e90bb155a4f3a052\antlr4-4.9.1.jar
2025-12-28T12:06:59.265+0800 [DEBUG] [org.gradle.api.internal.artifacts.ivyservice.ivyresolve.CachingModuleComponentRepository] Found artifact 'core-3.6.4.jar (com.electronwill.night-config:core:3.6.4)' in resolver cache: C:\Users\StesssQQy\.gradle\caches\modules-2\files-2.1\com.electronwill.night-config\core\3.6.4\510f174abbf1c947494db50ef2445683bd52c230\core-3.6.4.jar
2025-12-28T12:06:59.266+0800 [DEBUG] [org.gradle.api.internal.artifacts.ivyservice.ivyresolve.CachingModuleComponentRepository] Found artifact 'terminalconsoleappender-1.2.0.jar (net.minecrell:terminalconsoleappender:1.2.0)' in resolver cache: C:\Users\StesssQQy\.gradle\caches\modules-2\files-2.1\net.minecrell\terminalconsoleappender\1.2.0\96d02cd3b384ff015a8fef4223bcb4ccf1717c95\terminalconsoleappender-1.2.0.jar
2025-12-28T12:06:59.267+0800 [DEBUG] [org.gradle.api.internal.artifacts.ivyservice.ivyresolve.CachingModuleComponentRepository] Found artifact 'jline-reader-3.12.1.jar (org.jline:jline-reader:3.12.1)' in resolver cache: C:\Users\StesssQQy\.gradle\caches\modules-2\files-2.1\org.jline\jline-reader\3.12.1\4382ab1382c7b6f379377ed5f665dc2f6e1218bc\jline-reader-3.12.1.jar
2025-12-28T12:06:59.268+0800 [DEBUG] [org.gradle.api.internal.artifacts.ivyservice.ivyresolve.CachingModuleComponentRepository] Found artifact 'unsafe-0.2.0.jar (net.minecraftforge:unsafe:0.2.0)' in resolver cache: C:\Users\StesssQQy\.gradle\caches\modules-2\files-2.1\net.minecraftforge\unsafe\0.2.0\54d7a0a5e8fdb71b973025caa46f341ae5904f39\unsafe-0.2.0.jar
2025-12-28T12:06:59.269+0800 [DEBUG] [org.gradle.api.internal.artifacts.ivyservice.ivyresolve.CachingModuleComponentRepository] Found artifact 'jline-terminal-3.12.1.jar (org.jline:jline-terminal:3.12.1)' in resolver cache: C:\Users\StesssQQy\.gradle\caches\modules-2\files-2.1\org.jline\jline-terminal\3.12.1\c777448314e050d980a6b697c140f3bfe9eb7416\jline-terminal-3.12.1.jar
2025-12-28T12:06:59.270+0800 [DEBUG] [org.gradle.api.internal.artifacts.ivyservice.ivyresolve.CachingModuleComponentRepository] Found artifact 'antlr4-runtime-4.9.1.jar (org.antlr:antlr4-runtime:4.9.1)' in resolver cache: C:\Users\StesssQQy\.gradle\caches\modules-2\files-2.1\org.antlr\antlr4-runtime\4.9.1\428664f05d2b7f7b7610204b5aa7c1763f62011a\antlr4-runtime-4.9.1.jar
2025-12-28T12:06:59.270+0800 [DEBUG] [org.gradle.internal.operations.DefaultBuildOperationRunner] Build operation 'Resolve antlr4-runtime-4.9.1.jar (org.antlr:antlr4-runtime:4.9.1)' completed
2025-12-28T12:06:59.271+0800 [DEBUG] [org.gradle.api.internal.artifacts.ivyservice.ivyresolve.CachingModuleComponentRepository] Found artifact 'gson-2.10.jar (com.google.code.gson:gson:2.10)' in resolver cache: C:\Users\StesssQQy\.gradle\caches\modules-2\files-2.1\com.google.code.gson\gson\2.10\dd9b193aef96e973d5a11ab13cd17430c2e4306b\gson-2.10.jar
2025-12-28T12:06:59.272+0800 [DEBUG] [org.gradle.api.internal.artifacts.ivyservice.ivyresolve.CachingModuleComponentRepository] Found artifact 'toml-3.6.4.jar (com.electronwill.night-config:toml:3.6.4)' in resolver cache: C:\Users\StesssQQy\.gradle\caches\modules-2\files-2.1\com.electronwill.night-config\toml\3.6.4\51d6cefb2b55ee55ee26b16391212fb2c7dfb4f4\toml-3.6.4.jar
2025-12-28T12:06:59.273+0800 [DEBUG] [org.gradle.api.internal.artifacts.ivyservice.ivyresolve.CachingModuleComponentRepository] Found artifact 'maven-artifact-3.8.5.jar (org.apache.maven:maven-artifact:3.8.5)' in resolver cache: C:\Users\StesssQQy\.gradle\caches\modules-2\files-2.1\org.apache.maven\maven-artifact\3.8.5\4433f50c07debefaed0553bd0068f4f48d449313\maven-artifact-3.8.5.jar
2025-12-28T12:06:59.273+0800 [DEBUG] [org.gradle.api.internal.artifacts.ivyservice.ivyresolve.CachingModuleComponentRepository] Found artifact 'icu4j-71.1.jar (com.ibm.icu:icu4j:71.1)' in resolver cache: C:\Users\StesssQQy\.gradle\caches\modules-2\files-2.1\com.ibm.icu\icu4j\71.1\9e7d3304c23f9ba5cb71915f7cce23231a57a445\icu4j-71.1.jar
2025-12-28T12:06:59.279+0800 [DEBUG] [org.gradle.api.internal.artifacts.ivyservice.ivyresolve.CachingModuleComponentRepository] Found artifact 'oshi-core-6.2.2.jar (com.github.oshi:oshi-core:6.2.2)' in resolver cache: C:\Users\StesssQQy\.gradle\caches\modules-2\files-2.1\com.github.oshi\oshi-core\6.2.2\54f5efc19bca95d709d9a37d19ffcbba3d21c1a6\oshi-core-6.2.2.jar
2025-12-28T12:06:59.281+0800 [DEBUG] [org.gradle.api.internal.artifacts.ivyservice.ivyresolve.CachingModuleComponentRepository] Found artifact 'typetools-0.6.3.jar (net.jodah:typetools:0.6.3)' in resolver cache: C:\Users\StesssQQy\.gradle\caches\modules-2\files-2.1\net.jodah\typetools\0.6.3\a01aaa6ddaea9ec07ec4f209487b7a46a526283a\typetools-0.6.3.jar
2025-12-28T12:06:59.282+0800 [DEBUG] [org.gradle.api.internal.artifacts.ivyservice.ivyresolve.CachingModuleComponentRepository] Found artifact 'brigadier-1.1.8.jar (com.mojang:brigadier:1.1.8)' in resolver cache: C:\Users\StesssQQy\.gradle\caches\modules-2\files-2.1\com.mojang\brigadier\1.1.8\5244ce82c3337bba4a196a3ce858bfaecc74404a\brigadier-1.1.8.jar
2025-12-28T12:06:59.284+0800 [DEBUG] [org.gradle.api.internal.artifacts.ivyservice.ivyresolve.CachingModuleComponentRepository] Found artifact 'mixin-0.8.5.jar (org.spongepowered:mixin:0.8.5)' in resolver cache: C:\Users\StesssQQy\.gradle\caches\modules-2\files-2.1\org.spongepowered\mixin\0.8.5\9d1c0c3a304ae6697ecd477218fa61b850bf57fc\mixin-0.8.5.jar
2025-12-28T12:06:59.284+0800 [DEBUG] [org.gradle.api.internal.artifacts.ivyservice.ivyresolve.CachingModuleComponentRepository] Found artifact 'patchy-2.2.10.jar (com.mojang:patchy:2.2.10)' in resolver cache: C:\Users\StesssQQy\.gradle\caches\modules-2\files-2.1\com.mojang\patchy\2.2.10\da05971b07cbb379d002cf7eaec6a2048211fefc\patchy-2.2.10.jar
2025-12-28T12:06:59.285+0800 [DEBUG] [org.gradle.api.internal.artifacts.ivyservice.ivyresolve.CachingModuleComponentRepository] Found artifact 'failureaccess-1.0.1.jar (com.google.guava:failureaccess:1.0.1)' in resolver cache: C:\Users\StesssQQy\.gradle\caches\modules-2\files-2.1\com.google.guava\failureaccess\1.0.1\1dcf1de382a0bf95a3d8b0849546c88bac1292c9\failureaccess-1.0.1.jar
2025-12-28T12:06:59.286+0800 [DEBUG] [org.gradle.internal.operations.DefaultBuildOperationRunner] Build operation 'Resolve failureaccess-1.0.1.jar (com.google.guava:failureaccess:1.0.1)' completed
2025-12-28T12:06:59.286+0800 [DEBUG] [org.gradle.api.internal.artifacts.ivyservice.ivyresolve.CachingModuleComponentRepository] Found artifact 'text2speech-1.17.9.jar (com.mojang:text2speech:1.17.9)' in resolver cache: C:\Users\StesssQQy\.gradle\caches\modules-2\files-2.1\com.mojang\text2speech\1.17.9\3cad216e3a7f0c19b4b394388bc9ffc446f13b14\text2speech-1.17.9.jar
2025-12-28T12:06:59.287+0800 [DEBUG] [org.gradle.api.internal.artifacts.ivyservice.ivyresolve.CachingModuleComponentRepository] Found artifact 'commons-codec-1.15.jar (commons-codec:commons-codec:1.15)' in resolver cache: C:\Users\StesssQQy\.gradle\caches\modules-2\files-2.1\commons-codec\commons-codec\1.15\49d94806b6e3dc933dacbd8acb0fdbab8ebd1e5d\commons-codec-1.15.jar
2025-12-28T12:06:59.287+0800 [DEBUG] [org.gradle.internal.operations.DefaultBuildOperationRunner] Build operation 'Resolve commons-codec-1.15.jar (commons-codec:commons-codec:1.15)' completed
2025-12-28T12:06:59.288+0800 [DEBUG] [org.gradle.api.internal.artifacts.ivyservice.ivyresolve.CachingModuleComponentRepository] Found artifact 'authlib-4.0.43.jar (com.mojang:authlib:4.0.43)' in resolver cache: C:\Users\StesssQQy\.gradle\caches\modules-2\files-2.1\com.mojang\authlib\4.0.43\2ff9d747a77570a07a60d32ac77eb6162ad2a2d9\authlib-4.0.43.jar
2025-12-28T12:06:59.289+0800 [DEBUG] [org.gradle.api.internal.artifacts.ivyservice.ivyresolve.CachingModuleComponentRepository] Found artifact 'commons-io-2.11.0.jar (commons-io:commons-io:2.11.0)' in resolver cache: C:\Users\StesssQQy\.gradle\caches\modules-2\files-2.1\commons-io\commons-io\2.11.0\a2503f302b11ebde7ebc3df41daebe0e4eea3689\commons-io-2.11.0.jar
2025-12-28T12:06:59.290+0800 [DEBUG] [org.gradle.api.internal.artifacts.ivyservice.ivyresolve.CachingModuleComponentRepository] Found artifact 'blocklist-1.0.10.jar (com.mojang:blocklist:1.0.10)' in resolver cache: C:\Users\StesssQQy\.gradle\caches\modules-2\files-2.1\com.mojang\blocklist\1.0.10\5c685c5ffa94c4cd39496c7184c1d122e515ecef\blocklist-1.0.10.jar
2025-12-28T12:06:59.291+0800 [DEBUG] [org.gradle.api.internal.artifacts.ivyservice.ivyresolve.CachingModuleComponentRepository] Found artifact 'datafixerupper-6.0.8.jar (com.mojang:datafixerupper:6.0.8)' in resolver cache: C:\Users\StesssQQy\.gradle\caches\modules-2\files-2.1\com.mojang\datafixerupper\6.0.8\3ba4a30557a9b057760af4011f909ba619fc5125\datafixerupper-6.0.8.jar
2025-12-28T12:06:59.292+0800 [DEBUG] [org.gradle.api.internal.artifacts.ivyservice.ivyresolve.CachingModuleComponentRepository] Found artifact 'logging-1.1.1.jar (com.mojang:logging:1.1.1)' in resolver cache: C:\Users\StesssQQy\.gradle\caches\modules-2\files-2.1\com.mojang\logging\1.1.1\832b8e6674a9b325a5175a3a6267dfaf34c85139\logging-1.1.1.jar
2025-12-28T12:06:59.293+0800 [DEBUG] [org.gradle.api.internal.artifacts.ivyservice.ivyresolve.CachingModuleComponentRepository] Found artifact 'httpclient-4.5.13.jar (org.apache.httpcomponents:httpclient:4.5.13)' in resolver cache: C:\Users\StesssQQy\.gradle\caches\modules-2\files-2.1\org.apache.httpcomponents\httpclient\4.5.13\e5f6cae5ca7ecaac1ec2827a9e2d65ae2869cada\httpclient-4.5.13.jar
2025-12-28T12:06:59.293+0800 [DEBUG] [org.gradle.api.internal.artifacts.ivyservice.ivyresolve.CachingModuleComponentRepository] Found artifact 'netty-transport-4.1.82.Final.jar (io.netty:netty-transport:4.1.82.Final)' in resolver cache: C:\Users\StesssQQy\.gradle\caches\modules-2\files-2.1\io.netty\netty-transport\4.1.82.Final\e431a218d91acb6476ccad5f5aafde50aa3945ca\netty-transport-4.1.82.Final.jar
2025-12-28T12:06:59.294+0800 [DEBUG] [org.gradle.api.internal.artifacts.ivyservice.ivyresolve.CachingModuleComponentRepository] Found artifact 'netty-buffer-4.1.82.Final.jar (io.netty:netty-buffer:4.1.82.Final)' in resolver cache: C:\Users\StesssQQy\.gradle\caches\modules-2\files-2.1\io.netty\netty-buffer\4.1.82.Final\a544270cf1ae8b8077082f5036436a9a9971ea71\netty-buffer-4.1.82.Final.jar
2025-12-28T12:06:59.295+0800 [DEBUG] [org.gradle.api.internal.artifacts.ivyservice.ivyresolve.CachingModuleComponentRepository] Found artifact 'netty-transport-native-unix-common-4.1.82.Final.jar (io.netty:netty-transport-native-unix-common:4.1.82.Final)' in resolver cache: C:\Users\StesssQQy\.gradle\caches\modules-2\files-2.1\io.netty\netty-transport-native-unix-common\4.1.82.Final\3e895b35ca1b8a0eca56cacff4c2dde5d2c6abce\netty-transport-native-unix-common-4.1.82.Final.jar
2025-12-28T12:06:59.296+0800 [DEBUG] [org.gradle.api.internal.artifacts.ivyservice.ivyresolve.CachingModuleComponentRepository] Found artifact 'commons-logging-1.2.jar (commons-logging:commons-logging:1.2)' in resolver cache: C:\Users\StesssQQy\.gradle\caches\modules-2\files-2.1\commons-logging\commons-logging\1.2\4bfc12adfe4842bf07b657f0369c4cb522955686\commons-logging-1.2.jar
2025-12-28T12:06:59.296+0800 [DEBUG] [org.gradle.internal.operations.DefaultBuildOperationRunner] Build operation 'Resolve commons-logging-1.2.jar (commons-logging:commons-logging:1.2)' completed
2025-12-28T12:06:59.297+0800 [DEBUG] [org.gradle.api.internal.artifacts.ivyservice.ivyresolve.CachingModuleComponentRepository] Found artifact 'fastutil-8.5.9.jar (it.unimi.dsi:fastutil:8.5.9)' in resolver cache: C:\Users\StesssQQy\.gradle\caches\modules-2\files-2.1\it.unimi.dsi\fastutil\8.5.9\bb7ea75ecdb216654237830b3a96d87ad91f8cc5\fastutil-8.5.9.jar
2025-12-28T12:06:59.298+0800 [DEBUG] [org.gradle.api.internal.artifacts.ivyservice.ivyresolve.CachingModuleComponentRepository] Found artifact 'jna-platform-5.12.1.jar (net.java.dev.jna:jna-platform:5.12.1)' in resolver cache: C:\Users\StesssQQy\.gradle\caches\modules-2\files-2.1\net.java.dev.jna\jna-platform\5.12.1\97406a297c852f4a41e688a176ec675f72e8329\jna-platform-5.12.1.jar
2025-12-28T12:06:59.298+0800 [DEBUG] [org.gradle.internal.operations.DefaultBuildOperationRunner] Build operation 'Resolve jna-platform-5.12.1.jar (net.java.dev.jna:jna-platform:5.12.1)' completed
2025-12-28T12:06:59.299+0800 [DEBUG] [org.gradle.api.internal.artifacts.ivyservice.ivyresolve.CachingModuleComponentRepository] Found artifact 'netty-handler-4.1.82.Final.jar (io.netty:netty-handler:4.1.82.Final)' in resolver cache: C:\Users\StesssQQy\.gradle\caches\modules-2\files-2.1\io.netty\netty-handler\4.1.82.Final\644041d1fa96a5d3130a29e8978630d716d76e38\netty-handler-4.1.82.Final.jar
2025-12-28T12:06:59.300+0800 [DEBUG] [org.gradle.api.internal.artifacts.ivyservice.ivyresolve.CachingModuleComponentRepository] Found artifact 'jopt-simple-5.0.4.jar (net.sf.jopt-simple:jopt-simple:5.0.4)' in resolver cache: C:\Users\StesssQQy\.gradle\caches\modules-2\files-2.1\net.sf.jopt-simple\jopt-simple\5.0.4\4fdac2fbe92dfad86aa6e9301736f6b4342a3f5c\jopt-simple-5.0.4.jar
2025-12-28T12:06:59.300+0800 [DEBUG] [org.gradle.internal.operations.DefaultBuildOperationRunner] Build operation 'Resolve jopt-simple-5.0.4.jar (net.sf.jopt-simple:jopt-simple:5.0.4)' completed
2025-12-28T12:06:59.301+0800 [DEBUG] [org.gradle.api.internal.artifacts.ivyservice.ivyresolve.CachingModuleComponentRepository] Found artifact 'netty-common-4.1.82.Final.jar (io.netty:netty-common:4.1.82.Final)' in resolver cache: C:\Users\StesssQQy\.gradle\caches\modules-2\files-2.1\io.netty\netty-common\4.1.82.Final\22d148e85c3f5ebdacc0ce1f5aabb1d420f73f3\netty-common-4.1.82.Final.jar
2025-12-28T12:06:59.302+0800 [DEBUG] [org.gradle.api.internal.artifacts.ivyservice.ivyresolve.CachingModuleComponentRepository] Found artifact 'jna-5.12.1.jar (net.java.dev.jna:jna:5.12.1)' in resolver cache: C:\Users\StesssQQy\.gradle\caches\modules-2\files-2.1\net.java.dev.jna\jna\5.12.1\b1e93a735caea94f503e95e6fe79bf9cdc1e985d\jna-5.12.1.jar
2025-12-28T12:06:59.303+0800 [DEBUG] [org.gradle.api.internal.artifacts.ivyservice.ivyresolve.CachingModuleComponentRepository] Found artifact 'httpcore-4.4.15.jar (org.apache.httpcomponents:httpcore:4.4.15)' in resolver cache: C:\Users\StesssQQy\.gradle\caches\modules-2\files-2.1\org.apache.httpcomponents\httpcore\4.4.15\7f2e0c573eaa7a74bac2e89b359e1f73d92a0a1d\httpcore-4.4.15.jar
2025-12-28T12:06:59.304+0800 [DEBUG] [org.gradle.api.internal.artifacts.ivyservice.ivyresolve.CachingModuleComponentRepository] Found artifact 'netty-codec-4.1.82.Final.jar (io.netty:netty-codec:4.1.82.Final)' in resolver cache: C:\Users\StesssQQy\.gradle\caches\modules-2\files-2.1\io.netty\netty-codec\4.1.82.Final\b77200379acb345a9ffdece1c605e591ac3e4e0a\netty-codec-4.1.82.Final.jar
2025-12-28T12:06:59.305+0800 [DEBUG] [org.gradle.api.internal.artifacts.ivyservice.ivyresolve.CachingModuleComponentRepository] Found artifact 'log4j-slf4j2-impl-2.19.0.jar (org.apache.logging.log4j:log4j-slf4j2-impl:2.19.0)' in resolver cache: C:\Users\StesssQQy\.gradle\caches\modules-2\files-2.1\org.apache.logging.log4j\log4j-slf4j2-impl\2.19.0\5c04bfdd63ce9dceb2e284b81e96b6a70010ee10\log4j-slf4j2-impl-2.19.0.jar
2025-12-28T12:06:59.306+0800 [DEBUG] [org.gradle.api.internal.artifacts.ivyservice.ivyresolve.CachingModuleComponentRepository] Found artifact 'log4j-api-2.19.0.jar (org.apache.logging.log4j:log4j-api:2.19.0)' in resolver cache: C:\Users\StesssQQy\.gradle\caches\modules-2\files-2.1\org.apache.logging.log4j\log4j-api\2.19.0\ea1b37f38c327596b216542bc636cfdc0b8036fa\log4j-api-2.19.0.jar
2025-12-28T12:06:59.307+0800 [DEBUG] [org.gradle.api.internal.artifacts.ivyservice.ivyresolve.CachingModuleComponentRepository] Found artifact 'joml-1.10.5.jar (org.joml:joml:1.10.5)' in resolver cache: C:\Users\StesssQQy\.gradle\caches\modules-2\files-2.1\org.joml\joml\1.10.5\22566d58af70ad3d72308bab63b8339906deb649\joml-1.10.5.jar
2025-12-28T12:06:59.308+0800 [DEBUG] [org.gradle.api.internal.artifacts.ivyservice.ivyresolve.CachingModuleComponentRepository] Found artifact 'log4j-core-2.19.0.jar (org.apache.logging.log4j:log4j-core:2.19.0)' in resolver cache: C:\Users\StesssQQy\.gradle\caches\modules-2\files-2.1\org.apache.logging.log4j\log4j-core\2.19.0\3b6eeb4de4c49c0fe38a4ee27188ff5fee44d0bb\log4j-core-2.19.0.jar
2025-12-28T12:06:59.309+0800 [DEBUG] [org.gradle.api.internal.artifacts.ivyservice.ivyresolve.CachingModuleComponentRepository] Found artifact 'netty-transport-classes-epoll-4.1.82.Final.jar (io.netty:netty-transport-classes-epoll:4.1.82.Final)' in resolver cache: C:\Users\StesssQQy\.gradle\caches\modules-2\files-2.1\io.netty\netty-transport-classes-epoll\4.1.82.Final\e7c7dd18deac93105797f30057c912651ea76521\netty-transport-classes-epoll-4.1.82.Final.jar
2025-12-28T12:06:59.310+0800 [DEBUG] [org.gradle.api.internal.artifacts.ivyservice.ivyresolve.CachingModuleComponentRepository] Found artifact 'lwjgl-glfw-3.3.1-natives-windows.jar (org.lwjgl:lwjgl-glfw:3.3.1)' in resolver cache: C:\Users\StesssQQy\.gradle\caches\modules-2\files-2.1\org.lwjgl\lwjgl-glfw\3.3.1\ed892f945cf7e79c8756796f32d00fa4ceaf573b\lwjgl-glfw-3.3.1-natives-windows.jar
2025-12-28T12:06:59.311+0800 [DEBUG] [org.gradle.api.internal.artifacts.ivyservice.ivyresolve.CachingModuleComponentRepository] Found artifact 'commons-lang3-3.12.0.jar (org.apache.commons:commons-lang3:3.12.0)' in resolver cache: C:\Users\StesssQQy\.gradle\caches\modules-2\files-2.1\org.apache.commons\commons-lang3\3.12.0\c6842c86792ff03b9f1d1fe2aab8dc23aa6c6f0e\commons-lang3-3.12.0.jar
2025-12-28T12:06:59.311+0800 [DEBUG] [org.gradle.internal.operations.DefaultBuildOperationRunner] Build operation 'Resolve commons-lang3-3.12.0.jar (org.apache.commons:commons-lang3:3.12.0)' completed
2025-12-28T12:06:59.312+0800 [DEBUG] [org.gradle.api.internal.artifacts.ivyservice.ivyresolve.CachingModuleComponentRepository] Found artifact 'netty-resolver-4.1.82.Final.jar (io.netty:netty-resolver:4.1.82.Final)' in resolver cache: C:\Users\StesssQQy\.gradle\caches\modules-2\files-2.1\io.netty\netty-resolver\4.1.82.Final\38f665ae8dcd29032eea31245ba7806bed2e0fa8\netty-resolver-4.1.82.Final.jar
2025-12-28T12:06:59.313+0800 [DEBUG] [org.gradle.api.internal.artifacts.ivyservice.ivyresolve.CachingModuleComponentRepository] Found artifact 'lwjgl-glfw-3.3.1-natives-windows-x86.jar (org.lwjgl:lwjgl-glfw:3.3.1)' in resolver cache: C:\Users\StesssQQy\.gradle\caches\modules-2\files-2.1\org.lwjgl\lwjgl-glfw\3.3.1\b997e3391d6ce8f05487e7335d95c606043884a1\lwjgl-glfw-3.3.1-natives-windows-x86.jar
2025-12-28T12:06:59.314+0800 [DEBUG] [org.gradle.api.internal.artifacts.ivyservice.ivyresolve.CachingModuleComponentRepository] Found artifact 'commons-compress-1.21.jar (org.apache.commons:commons-compress:1.21)' in resolver cache: C:\Users\StesssQQy\.gradle\caches\modules-2\files-2.1\org.apache.commons\commons-compress\1.21\4ec95b60d4e86b5c95a0e919cb172a0af98011ef\commons-compress-1.21.jar
2025-12-28T12:06:59.315+0800 [DEBUG] [org.gradle.api.internal.artifacts.ivyservice.ivyresolve.CachingModuleComponentRepository] Found artifact 'lwjgl-jemalloc-3.3.1-natives-windows-arm64.jar (org.lwjgl:lwjgl-jemalloc:3.3.1)' in resolver cache: C:\Users\StesssQQy\.gradle\caches\modules-2\files-2.1\org.lwjgl\lwjgl-jemalloc\3.3.1\cae85c4edb219c88b6a0c26a87955ad98dc9519d\lwjgl-jemalloc-3.3.1-natives-windows-arm64.jar
2025-12-28T12:06:59.317+0800 [DEBUG] [org.gradle.api.internal.artifacts.ivyservice.ivyresolve.CachingModuleComponentRepository] Found artifact 'lwjgl-glfw-3.3.1.jar (org.lwjgl:lwjgl-glfw:3.3.1)' in resolver cache: C:\Users\StesssQQy\.gradle\caches\modules-2\files-2.1\org.lwjgl\lwjgl-glfw\3.3.1\cbac1b8d30cb4795149c1ef540f912671a8616d0\lwjgl-glfw-3.3.1.jar
2025-12-28T12:06:59.318+0800 [DEBUG] [org.gradle.api.internal.artifacts.ivyservice.ivyresolve.CachingModuleComponentRepository] Found artifact 'lwjgl-glfw-3.3.1-natives-windows-arm64.jar (org.lwjgl:lwjgl-glfw:3.3.1)' in resolver cache: C:\Users\StesssQQy\.gradle\caches\modules-2\files-2.1\org.lwjgl\lwjgl-glfw\3.3.1\beda65ee503443e60aa196d58ed31f8d001dc22a\lwjgl-glfw-3.3.1-natives-windows-arm64.jar
2025-12-28T12:06:59.319+0800 [DEBUG] [org.gradle.api.internal.artifacts.ivyservice.ivyresolve.CachingModuleComponentRepository] Found artifact 'lwjgl-openal-3.3.1-natives-windows-arm64.jar (org.lwjgl:lwjgl-openal:3.3.1)' in resolver cache: C:\Users\StesssQQy\.gradle\caches\modules-2\files-2.1\org.lwjgl\lwjgl-openal\3.3.1\40d65f1a7368a2aa47336f9cb69f5a190cf9975a\lwjgl-openal-3.3.1-natives-windows-arm64.jar
2025-12-28T12:06:59.320+0800 [DEBUG] [org.gradle.api.internal.artifacts.ivyservice.ivyresolve.CachingModuleComponentRepository] Found artifact 'lwjgl-openal-3.3.1-natives-windows.jar (org.lwjgl:lwjgl-openal:3.3.1)' in resolver cache: C:\Users\StesssQQy\.gradle\caches\modules-2\files-2.1\org.lwjgl\lwjgl-openal\3.3.1\30a474d0e57193d7bc128849a3ab66bc9316fdb1\lwjgl-openal-3.3.1-natives-windows.jar
2025-12-28T12:06:59.321+0800 [DEBUG] [org.gradle.api.internal.artifacts.ivyservice.ivyresolve.CachingModuleComponentRepository] Found artifact 'lwjgl-jemalloc-3.3.1.jar (org.lwjgl:lwjgl-jemalloc:3.3.1)' in resolver cache: C:\Users\StesssQQy\.gradle\caches\modules-2\files-2.1\org.lwjgl\lwjgl-jemalloc\3.3.1\a817bcf213db49f710603677457567c37d53e103\lwjgl-jemalloc-3.3.1.jar
2025-12-28T12:06:59.322+0800 [DEBUG] [org.gradle.api.internal.artifacts.ivyservice.ivyresolve.CachingModuleComponentRepository] Found artifact 'lwjgl-openal-3.3.1-natives-windows-x86.jar (org.lwjgl:lwjgl-openal:3.3.1)' in resolver cache: C:\Users\StesssQQy\.gradle\caches\modules-2\files-2.1\org.lwjgl\lwjgl-openal\3.3.1\888349f7b1be6fbae58bf8edfb9ef12def04c4e3\lwjgl-openal-3.3.1-natives-windows-x86.jar
2025-12-28T12:06:59.323+0800 [DEBUG] [org.gradle.api.internal.artifacts.ivyservice.ivyresolve.CachingModuleComponentRepository] Found artifact 'lwjgl-opengl-3.3.1-natives-windows.jar (org.lwjgl:lwjgl-opengl:3.3.1)' in resolver cache: C:\Users\StesssQQy\.gradle\caches\modules-2\files-2.1\org.lwjgl\lwjgl-opengl\3.3.1\c1807e9bd571402787d7e37e3029776ae2513bb8\lwjgl-opengl-3.3.1-natives-windows.jar
2025-12-28T12:06:59.323+0800 [DEBUG] [org.gradle.api.internal.artifacts.ivyservice.ivyresolve.CachingModuleComponentRepository] Found artifact 'lwjgl-opengl-3.3.1-natives-windows-x86.jar (org.lwjgl:lwjgl-opengl:3.3.1)' in resolver cache: C:\Users\StesssQQy\.gradle\caches\modules-2\files-2.1\org.lwjgl\lwjgl-opengl\3.3.1\deef3eb9b178ff2ff3ce893cc72ae741c3a17974\lwjgl-opengl-3.3.1-natives-windows-x86.jar
2025-12-28T12:06:59.324+0800 [DEBUG] [org.gradle.api.internal.artifacts.ivyservice.ivyresolve.CachingModuleComponentRepository] Found artifact 'lwjgl-openal-3.3.1.jar (org.lwjgl:lwjgl-openal:3.3.1)' in resolver cache: C:\Users\StesssQQy\.gradle\caches\modules-2\files-2.1\org.lwjgl\lwjgl-openal\3.3.1\2623a6b8ae1dfcd880738656a9f0243d2e6840bd\lwjgl-openal-3.3.1.jar
2025-12-28T12:06:59.325+0800 [DEBUG] [org.gradle.api.internal.artifacts.ivyservice.ivyresolve.CachingModuleComponentRepository] Found artifact 'lwjgl-jemalloc-3.3.1-natives-windows.jar (org.lwjgl:lwjgl-jemalloc:3.3.1)' in resolver cache: C:\Users\StesssQQy\.gradle\caches\modules-2\files-2.1\org.lwjgl\lwjgl-jemalloc\3.3.1\948a89b76a16aa324b046ae9308891216ffce5f9\lwjgl-jemalloc-3.3.1-natives-windows.jar
2025-12-28T12:06:59.325+0800 [DEBUG] [org.gradle.internal.operations.DefaultBuildOperationRunner] Build operation 'Resolve lwjgl-jemalloc-3.3.1-natives-windows.jar (org.lwjgl:lwjgl-jemalloc:3.3.1)' completed
2025-12-28T12:06:59.325+0800 [DEBUG] [org.gradle.api.internal.artifacts.ivyservice.ivyresolve.CachingModuleComponentRepository] Found artifact 'lwjgl-jemalloc-3.3.1-natives-windows-x86.jar (org.lwjgl:lwjgl-jemalloc:3.3.1)' in resolver cache: C:\Users\StesssQQy\.gradle\caches\modules-2\files-2.1\org.lwjgl\lwjgl-jemalloc\3.3.1\fb476c8ec110e1c137ad3ce8a7f7bfe6b11c6324\lwjgl-jemalloc-3.3.1-natives-windows-x86.jar
2025-12-28T12:06:59.326+0800 [DEBUG] [org.gradle.api.internal.artifacts.ivyservice.ivyresolve.CachingModuleComponentRepository] Found artifact 'lwjgl-opengl-3.3.1.jar (org.lwjgl:lwjgl-opengl:3.3.1)' in resolver cache: C:\Users\StesssQQy\.gradle\caches\modules-2\files-2.1\org.lwjgl\lwjgl-opengl\3.3.1\831a5533a21a5f4f81bbc51bb13e9899319b5411\lwjgl-opengl-3.3.1.jar
2025-12-28T12:06:59.327+0800 [DEBUG] [org.gradle.api.internal.artifacts.ivyservice.ivyresolve.CachingModuleComponentRepository] Found artifact 'lwjgl-opengl-3.3.1-natives-windows-arm64.jar (org.lwjgl:lwjgl-opengl:3.3.1)' in resolver cache: C:\Users\StesssQQy\.gradle\caches\modules-2\files-2.1\org.lwjgl\lwjgl-opengl\3.3.1\527d78f1e9056aff3ed02ce93019c73c5e8f1721\lwjgl-opengl-3.3.1-natives-windows-arm64.jar
2025-12-28T12:06:59.328+0800 [DEBUG] [org.gradle.api.internal.artifacts.ivyservice.ivyresolve.CachingModuleComponentRepository] Found artifact 'lwjgl-tinyfd-3.3.1-natives-windows.jar (org.lwjgl:lwjgl-tinyfd:3.3.1)' in resolver cache: C:\Users\StesssQQy\.gradle\caches\modules-2\files-2.1\org.lwjgl\lwjgl-tinyfd\3.3.1\a5d830475ec0958d9fdba1559efa99aef211e6ff\lwjgl-tinyfd-3.3.1-natives-windows.jar
2025-12-28T12:06:59.328+0800 [DEBUG] [org.gradle.api.internal.artifacts.ivyservice.ivyresolve.CachingModuleComponentRepository] Found artifact 'lwjgl-tinyfd-3.3.1-natives-windows-arm64.jar (org.lwjgl:lwjgl-tinyfd:3.3.1)' in resolver cache: C:\Users\StesssQQy\.gradle\caches\modules-2\files-2.1\org.lwjgl\lwjgl-tinyfd\3.3.1\83a5e780df610829ff3a737822b4f931cffecd91\lwjgl-tinyfd-3.3.1-natives-windows-arm64.jar
2025-12-28T12:06:59.329+0800 [DEBUG] [org.gradle.api.internal.artifacts.ivyservice.ivyresolve.CachingModuleComponentRepository] Found artifact 'lwjgl-tinyfd-3.3.1.jar (org.lwjgl:lwjgl-tinyfd:3.3.1)' in resolver cache: C:\Users\StesssQQy\.gradle\caches\modules-2\files-2.1\org.lwjgl\lwjgl-tinyfd\3.3.1\ff1914111ef2e3e0110ef2dabc8d8cdaad82347\lwjgl-tinyfd-3.3.1.jar
2025-12-28T12:06:59.330+0800 [DEBUG] [org.gradle.api.internal.artifacts.ivyservice.ivyresolve.CachingModuleComponentRepository] Found artifact 'lwjgl-stb-3.3.1.jar (org.lwjgl:lwjgl-stb:3.3.1)' in resolver cache: C:\Users\StesssQQy\.gradle\caches\modules-2\files-2.1\org.lwjgl\lwjgl-stb\3.3.1\b119297cf8ed01f247abe8685857f8e7fcf5980f\lwjgl-stb-3.3.1.jar
2025-12-28T12:06:59.331+0800 [DEBUG] [org.gradle.api.internal.artifacts.ivyservice.ivyresolve.CachingModuleComponentRepository] Found artifact 'lwjgl-3.3.1-natives-windows.jar (org.lwjgl:lwjgl:3.3.1)' in resolver cache: C:\Users\StesssQQy\.gradle\caches\modules-2\files-2.1\org.lwjgl\lwjgl\3.3.1\36c37f16ab611b3aa11f3bcf80b1d509b4ce6b\lwjgl-3.3.1-natives-windows.jar
2025-12-28T12:06:59.331+0800 [DEBUG] [org.gradle.api.internal.artifacts.ivyservice.ivyresolve.CachingModuleComponentRepository] Found artifact 'lwjgl-stb-3.3.1-natives-windows.jar (org.lwjgl:lwjgl-stb:3.3.1)' in resolver cache: C:\Users\StesssQQy\.gradle\caches\modules-2\files-2.1\org.lwjgl\lwjgl-stb\3.3.1\86315914ac119efdb02dc9e8e978ade84f1702af\lwjgl-stb-3.3.1-natives-windows.jar
2025-12-28T12:06:59.332+0800 [DEBUG] [org.gradle.api.internal.artifacts.ivyservice.ivyresolve.CachingModuleComponentRepository] Found artifact 'lwjgl-tinyfd-3.3.1-natives-windows-x86.jar (org.lwjgl:lwjgl-tinyfd:3.3.1)' in resolver cache: C:\Users\StesssQQy\.gradle\caches\modules-2\files-2.1\org.lwjgl\lwjgl-tinyfd\3.3.1\842eedd876fae354abc308c98a263f6bbc9e8a4d\lwjgl-tinyfd-3.3.1-natives-windows-x86.jar
2025-12-28T12:06:59.333+0800 [DEBUG] [org.gradle.api.internal.artifacts.ivyservice.ivyresolve.CachingModuleComponentRepository] Found artifact 'lwjgl-stb-3.3.1-natives-windows-arm64.jar (org.lwjgl:lwjgl-stb:3.3.1)' in resolver cache: C:\Users\StesssQQy\.gradle\caches\modules-2\files-2.1\org.lwjgl\lwjgl-stb\3.3.1\fde63cdd2605c00636721a6c8b961e41d1f6b247\lwjgl-stb-3.3.1-natives-windows-arm64.jar
2025-12-28T12:06:59.333+0800 [DEBUG] [org.gradle.api.internal.artifacts.ivyservice.ivyresolve.CachingModuleComponentRepository] Found artifact 'slf4j-simple-1.7.30.jar (org.slf4j:slf4j-simple:1.7.30)' in resolver cache: C:\Users\StesssQQy\.gradle\caches\modules-2\files-2.1\org.slf4j\slf4j-simple\1.7.30\e606eac955f55ecf1d8edcccba04eb8ac98088dd\slf4j-simple-1.7.30.jar
2025-12-28T12:06:59.334+0800 [DEBUG] [org.gradle.api.internal.artifacts.ivyservice.ivyresolve.CachingModuleComponentRepository] Found artifact 'slf4j-api-2.0.1.jar (org.slf4j:slf4j-api:2.0.1)' in resolver cache: C:\Users\StesssQQy\.gradle\caches\modules-2\files-2.1\org.slf4j\slf4j-api\2.0.1\f48d81adce2abf5ad3cfe463df517952749e03bc\slf4j-api-2.0.1.jar
2025-12-28T12:06:59.334+0800 [DEBUG] [org.gradle.api.internal.artifacts.ivyservice.ivyresolve.CachingModuleComponentRepository] Found artifact 'lwjgl-stb-3.3.1-natives-windows-x86.jar (org.lwjgl:lwjgl-stb:3.3.1)' in resolver cache: C:\Users\StesssQQy\.gradle\caches\modules-2\files-2.1\org.lwjgl\lwjgl-stb\3.3.1\a8d41f419eecb430b7c91ea2ce2c5c451cae2091\lwjgl-stb-3.3.1-natives-windows-x86.jar
2025-12-28T12:06:59.335+0800 [DEBUG] [org.gradle.internal.operations.DefaultBuildOperationRunner] Build operation 'Resolve lwjgl-stb-3.3.1-natives-windows-x86.jar (org.lwjgl:lwjgl-stb:3.3.1)' completed
2025-12-28T12:06:59.335+0800 [DEBUG] [org.gradle.api.internal.artifacts.ivyservice.ivyresolve.CachingModuleComponentRepository] Found artifact 'org.gradle.internal.component.external.model.UrlBackedArtifactMetadata@1a37ded6' in resolver cache: C:\Users\StesssQQy\.gradle\caches\modules-2\files-2.1\net.minecraftforge\srgutils\0.4.15\ca408b131759478f164e010fae0d73997e125fb5\srgutils-0.4.15.jar
2025-12-28T12:06:59.336+0800 [DEBUG] [org.gradle.api.internal.artifacts.ivyservice.ivyresolve.CachingModuleComponentRepository] Found artifact 'lwjgl-3.3.1.jar (org.lwjgl:lwjgl:3.3.1)' in resolver cache: C:\Users\StesssQQy\.gradle\caches\modules-2\files-2.1\org.lwjgl\lwjgl\3.3.1\ae58664f88e18a9bb2c77b063833ca7aaec484cb\lwjgl-3.3.1.jar
2025-12-28T12:06:59.336+0800 [DEBUG] [org.gradle.api.internal.artifacts.ivyservice.ivyresolve.CachingModuleComponentRepository] Found artifact 'org.gradle.internal.component.external.model.UrlBackedArtifactMetadata@56100159' in resolver cache: C:\Users\StesssQQy\.gradle\caches\modules-2\files-2.1\org.checkerframework\checker-qual\3.12.0\d5692f0526415fcc6de94bb5bfbd3afd9dd3b3e5\checker-qual-3.12.0.jar
2025-12-28T12:06:59.340+0800 [DEBUG] [org.gradle.api.internal.artifacts.ivyservice.ivyresolve.CachingModuleComponentRepository] Found artifact 'lwjgl-3.3.1-natives-windows-arm64.jar (org.lwjgl:lwjgl:3.3.1)' in resolver cache: C:\Users\StesssQQy\.gradle\caches\modules-2\files-2.1\org.lwjgl\lwjgl\3.3.1\f46cadcf95675908fd3a550d63d9d709cb68998\lwjgl-3.3.1-natives-windows-arm64.jar
2025-12-28T12:06:59.341+0800 [DEBUG] [org.gradle.api.internal.artifacts.ivyservice.ivyresolve.CachingModuleComponentRepository] Found artifact 'lwjgl-3.3.1-natives-windows-x86.jar (org.lwjgl:lwjgl:3.3.1)' in resolver cache: C:\Users\StesssQQy\.gradle\caches\modules-2\files-2.1\org.lwjgl\lwjgl\3.3.1\3b14f4beae9dd39791ec9e12190a9380cd8a3ce6\lwjgl-3.3.1-natives-windows-x86.jar
2025-12-28T12:06:59.342+0800 [DEBUG] [org.gradle.api.internal.artifacts.ivyservice.ivyresolve.CachingModuleComponentRepository] Found artifact 'noexception-1.7.1.jar (com.machinezoo.noexception:noexception:1.7.1)' in resolver cache: C:\Users\StesssQQy\.gradle\caches\modules-2\files-2.1\com.machinezoo.noexception\noexception\1.7.1\b65330c98e38a1f915fa54a6e5eca496505e3f0a\noexception-1.7.1.jar
2025-12-28T12:06:59.343+0800 [DEBUG] [org.gradle.api.internal.artifacts.ivyservice.ivyresolve.CachingModuleComponentRepository] Found artifact 'plexus-utils-3.3.0.jar (org.codehaus.plexus:plexus-utils:3.3.0)' in resolver cache: C:\Users\StesssQQy\.gradle\caches\modules-2\files-2.1\org.codehaus.plexus\plexus-utils\3.3.0\cf43b5391de623b36fe066a21127baef82c64022\plexus-utils-3.3.0.jar
2025-12-28T12:06:59.344+0800 [DEBUG] [org.gradle.api.internal.artifacts.ivyservice.ivyresolve.CachingModuleComponentRepository] Found artifact 'antlr-runtime-3.5.2.jar (org.antlr:antlr-runtime:3.5.2)' in resolver cache: C:\Users\StesssQQy\.gradle\caches\modules-2\files-2.1\org.antlr\antlr-runtime\3.5.2\cd9cd41361c155f3af0f653009dcecb08d8b4afd\antlr-runtime-3.5.2.jar
2025-12-28T12:06:59.345+0800 [DEBUG] [org.gradle.api.internal.artifacts.ivyservice.ivyresolve.CachingModuleComponentRepository] Found artifact 'error_prone_annotations-2.11.0.jar (com.google.errorprone:error_prone_annotations:2.11.0)' in resolver cache: C:\Users\StesssQQy\.gradle\caches\modules-2\files-2.1\com.google.errorprone\error_prone_annotations\2.11.0\c5a0ace696d3f8b1c1d8cc036d8c03cc0cbe6b69\error_prone_annotations-2.11.0.jar
2025-12-28T12:06:59.346+0800 [DEBUG] [org.gradle.api.internal.artifacts.ivyservice.ivyresolve.CachingModuleComponentRepository] Found artifact 'ST4-4.3.jar (org.antlr:ST4:4.3)' in resolver cache: C:\Users\StesssQQy\.gradle\caches\modules-2\files-2.1\org.antlr\ST4\4.3\92f2c1ad8d84abcbeead6cf7f2c53a04166293c2\ST4-4.3.jar
2025-12-28T12:06:59.347+0800 [DEBUG] [org.gradle.api.internal.artifacts.ivyservice.ivyresolve.CachingModuleComponentRepository] Found artifact 'org.abego.treelayout.core-1.0.3.jar (org.abego.treelayout:org.abego.treelayout.core:1.0.3)' in resolver cache: C:\Users\StesssQQy\.gradle\caches\modules-2\files-2.1\org.abego.treelayout\org.abego.treelayout.core\1.0.3\457216e8e6578099ae63667bb1e4439235892028\org.abego.treelayout.core-1.0.3.jar
2025-12-28T12:06:59.348+0800 [DEBUG] [org.gradle.api.internal.artifacts.ivyservice.ivyresolve.CachingModuleComponentRepository] Found artifact 'javax.json-1.0.4.jar (org.glassfish:javax.json:1.0.4)' in resolver cache: C:\Users\StesssQQy\.gradle\caches\modules-2\files-2.1\org.glassfish\javax.json\1.0.4\3178f73569fd7a1e5ffc464e680f7a8cc784b85a\javax.json-1.0.4.jar
2025-12-28T12:06:59.349+0800 [DEBUG] [org.gradle.api.internal.artifacts.ivyservice.ivyresolve.CachingModuleComponentRepository] Found artifact 'listenablefuture-9999.0-empty-to-avoid-conflict-with-guava.jar (com.google.guava:listenablefuture:9999.0-empty-to-avoid-conflict-with-guava)' in resolver cache: C:\Users\StesssQQy\.gradle\caches\modules-2\files-2.1\com.google.guava\listenablefuture\9999.0-empty-to-avoid-conflict-with-guava\b421526c5f297295adef1c886e5246c39d4ac629\listenablefuture-9999.0-empty-to-avoid-conflict-with-guava.jar
2025-12-28T12:06:59.352+0800 [DEBUG] [org.gradle.internal.operations.DefaultBuildOperationRunner] Build operation 'Resolve listenablefuture-9999.0-empty-to-avoid-conflict-with-guava.jar (com.google.guava:listenablefuture:9999.0-empty-to-avoid-conflict-with-guava)' completed
2025-12-28T12:06:59.353+0800 [DEBUG] [org.gradle.api.internal.artifacts.ivyservice.ivyresolve.CachingModuleComponentRepository] Found artifact 'j2objc-annotations-1.3.jar (com.google.j2objc:j2objc-annotations:1.3)' in resolver cache: C:\Users\StesssQQy\.gradle\caches\modules-2\files-2.1\com.google.j2objc\j2objc-annotations\1.3\ba035118bc8bac37d7eff77700720999acd9986d\j2objc-annotations-1.3.jar
2025-12-28T12:06:59.353+0800 [DEBUG] [org.gradle.internal.resources.AbstractTrackedResourceLock] Daemon worker: released lock on state of build :
2025-12-28T12:06:59.353+0800 [DEBUG] [org.gradle.internal.resources.AbstractTrackedResourceLock] Daemon worker: released lock on worker lease
2025-12-28T12:06:59.399+0800 [DEBUG] [org.gradle.api.internal.artifacts.ivyservice.ivyresolve.CachingModuleComponentRepository] Downloaded artifact 'client-1.20.1-extra.jar (net.minecraft:client:1.20.1)' from resolver: BUNDELED_-444689664
2025-12-28T12:06:59.400+0800 [DEBUG] [org.gradle.internal.resources.AbstractTrackedResourceLock] Daemon worker: acquired lock on state of build :
2025-12-28T12:06:59.400+0800 [DEBUG] [org.gradle.internal.resources.AbstractTrackedResourceLock] Daemon worker: acquired lock on worker lease
2025-12-28T12:06:59.401+0800 [DEBUG] [org.gradle.internal.operations.DefaultBuildOperationRunner] Build operation 'Resolve files of configuration ':_compileJava_1'' completed
2025-12-28T12:06:59.429+0800 [DEBUG] [org.gradle.internal.operations.DefaultBuildOperationRunner] Build operation 'Realize task :reobfJar' completed
2025-12-28T12:06:59.450+0800 [DEBUG] [org.gradle.internal.operations.DefaultBuildOperationRunner] Build operation 'Execute container callback action' completed
2025-12-28T12:06:59.450+0800 [DEBUG] [org.gradle.internal.operations.DefaultBuildOperationRunner] Build operation 'Execute container callback action' completed
2025-12-28T12:06:59.452+0800 [DEBUG] [org.gradle.internal.operations.DefaultBuildOperationRunner] Build operation 'Execute container callback action' completed
2025-12-28T12:06:59.452+0800 [DEBUG] [org.gradle.internal.operations.DefaultBuildOperationRunner] Build operation 'Realize task :jarJar' completed
2025-12-28T12:06:59.453+0800 [INFO] [org.gradle.api.Project] Creating reobfuscation task for JarJar task: jarJar
2025-12-28T12:06:59.454+0800 [DEBUG] [org.gradle.internal.operations.DefaultBuildOperationRunner] Build operation 'Realize task :reobfJarJar' completed
2025-12-28T12:06:59.455+0800 [DEBUG] [org.gradle.internal.operations.DefaultBuildOperationRunner] Build operation 'Execute container callback action' completed
2025-12-28T12:06:59.461+0800 [DEBUG] [org.gradle.internal.operations.DefaultBuildOperationRunner] Build operation 'Execute container callback action' completed
2025-12-28T12:06:59.461+0800 [DEBUG] [org.gradle.internal.operations.DefaultBuildOperationRunner] Build operation 'Realize task :downloadMCMeta' completed
2025-12-28T12:06:59.493+0800 [DEBUG] [org.gradle.internal.operations.DefaultBuildOperationRunner] Build operation 'Register task :copyIntellijResources' completed
2025-12-28T12:06:59.495+0800 [DEBUG] [org.gradle.internal.operations.DefaultBuildOperationRunner] Build operation 'Register task :copyEclipseResources' completed
2025-12-28T12:06:59.497+0800 [DEBUG] [org.gradle.internal.operations.DefaultBuildOperationRunner] Build operation 'Register task :makeSrcDirs' completed
2025-12-28T12:06:59.498+0800 [DEBUG] [org.gradle.internal.operations.DefaultBuildOperationRunner] Build operation 'Register task :prepareRuns' completed
2025-12-28T12:06:59.500+0800 [DEBUG] [org.gradle.internal.operations.DefaultBuildOperationRunner] Build operation 'Execute Project.afterEvaluate listener' completed
2025-12-28T12:06:59.501+0800 [DEBUG] [org.gradle.internal.operations.DefaultBuildOperationRunner] Build operation 'Notify afterEvaluate listeners of :' completed
2025-12-28T12:06:59.502+0800 [DEBUG] [org.gradle.internal.resources.AbstractTrackedResourceLock] Daemon worker: released lock on state of build :
2025-12-28T12:06:59.502+0800 [DEBUG] [org.gradle.internal.operations.DefaultBuildOperationRunner] Completing Build operation 'Configure project :'
2025-12-28T12:06:59.502+0800 [DEBUG] [org.gradle.internal.operations.DefaultBuildOperationRunner] Build operation 'Configure project :' completed
2025-12-28T12:06:59.505+0800 [DEBUG] [org.gradle.internal.operations.DefaultBuildOperationRunner] Build operation 'Notify projectsEvaluated listeners' started
2025-12-28T12:06:59.506+0800 [INFO] [org.gradle.internal.buildevents.BuildLogger] All projects evaluated.
2025-12-28T12:06:59.506+0800 [DEBUG] [org.gradle.internal.operations.DefaultBuildOperationRunner] Build operation 'Execute Gradle.projectsEvaluated listener' started
2025-12-28T12:06:59.511+0800 [DEBUG] [org.gradle.internal.operations.DefaultBuildOperationRunner] Completing Build operation 'Execute Gradle.projectsEvaluated listener'
2025-12-28T12:06:59.511+0800 [DEBUG] [org.gradle.internal.operations.DefaultBuildOperationRunner] Build operation 'Execute Gradle.projectsEvaluated listener' completed
2025-12-28T12:06:59.512+0800 [DEBUG] [org.gradle.internal.operations.DefaultBuildOperationRunner] Build operation 'Execute Gradle.projectsEvaluated listener' started
2025-12-28T12:06:59.524+0800 [DEBUG] [org.gradle.internal.operations.DefaultBuildOperationRunner] Build operation 'Register task :prepareRunClient' started
2025-12-28T12:06:59.524+0800 [DEBUG] [org.gradle.internal.operations.DefaultBuildOperationRunner] Completing Build operation 'Register task :prepareRunClient'
2025-12-28T12:06:59.525+0800 [DEBUG] [org.gradle.internal.operations.DefaultBuildOperationRunner] Build operation 'Register task :prepareRunClient' completed
2025-12-28T12:06:59.525+0800 [DEBUG] [org.gradle.internal.operations.DefaultBuildOperationRunner] Build operation 'Register task :prepareRunClientCompile' started
2025-12-28T12:06:59.525+0800 [DEBUG] [org.gradle.internal.operations.DefaultBuildOperationRunner] Completing Build operation 'Register task :prepareRunClientCompile'
2025-12-28T12:06:59.526+0800 [DEBUG] [org.gradle.internal.operations.DefaultBuildOperationRunner] Build operation 'Register task :prepareRunClientCompile' completed
2025-12-28T12:06:59.529+0800 [DEBUG] [org.gradle.internal.operations.DefaultBuildOperationRunner] Build operation 'Register task :runClient' started
2025-12-28T12:06:59.529+0800 [DEBUG] [org.gradle.internal.operations.DefaultBuildOperationRunner] Completing Build operation 'Register task :runClient'
2025-12-28T12:06:59.529+0800 [DEBUG] [org.gradle.internal.operations.DefaultBuildOperationRunner] Build operation 'Register task :runClient' completed
2025-12-28T12:06:59.530+0800 [DEBUG] [org.gradle.internal.operations.DefaultBuildOperationRunner] Build operation 'Register task :prepareRunData' started
2025-12-28T12:06:59.530+0800 [DEBUG] [org.gradle.internal.operations.DefaultBuildOperationRunner] Completing Build operation 'Register task :prepareRunData'
2025-12-28T12:06:59.530+0800 [DEBUG] [org.gradle.internal.operations.DefaultBuildOperationRunner] Build operation 'Register task :prepareRunData' completed
2025-12-28T12:06:59.530+0800 [DEBUG] [org.gradle.internal.operations.DefaultBuildOperationRunner] Build operation 'Register task :prepareRunDataCompile' started
2025-12-28T12:06:59.530+0800 [DEBUG] [org.gradle.internal.operations.DefaultBuildOperationRunner] Completing Build operation 'Register task :prepareRunDataCompile'
2025-12-28T12:06:59.530+0800 [DEBUG] [org.gradle.internal.operations.DefaultBuildOperationRunner] Build operation 'Register task :prepareRunDataCompile' completed
2025-12-28T12:06:59.530+0800 [DEBUG] [org.gradle.internal.operations.DefaultBuildOperationRunner] Build operation 'Register task :runData' started
2025-12-28T12:06:59.530+0800 [DEBUG] [org.gradle.internal.operations.DefaultBuildOperationRunner] Completing Build operation 'Register task :runData'
2025-12-28T12:06:59.530+0800 [DEBUG] [org.gradle.internal.operations.DefaultBuildOperationRunner] Build operation 'Register task :runData' completed
2025-12-28T12:06:59.531+0800 [DEBUG] [org.gradle.internal.operations.DefaultBuildOperationRunner] Build operation 'Register task :prepareRunGameTestServer' started
2025-12-28T12:06:59.531+0800 [DEBUG] [org.gradle.internal.operations.DefaultBuildOperationRunner] Completing Build operation 'Register task :prepareRunGameTestServer'
2025-12-28T12:06:59.531+0800 [DEBUG] [org.gradle.internal.operations.DefaultBuildOperationRunner] Build operation 'Register task :prepareRunGameTestServer' completed
2025-12-28T12:06:59.531+0800 [DEBUG] [org.gradle.internal.operations.DefaultBuildOperationRunner] Build operation 'Register task :prepareRunGameTestServerCompile' started
2025-12-28T12:06:59.531+0800 [DEBUG] [org.gradle.internal.operations.DefaultBuildOperationRunner] Completing Build operation 'Register task :prepareRunGameTestServerCompile'
2025-12-28T12:06:59.531+0800 [DEBUG] [org.gradle.internal.operations.DefaultBuildOperationRunner] Build operation 'Register task :prepareRunGameTestServerCompile' completed
2025-12-28T12:06:59.531+0800 [DEBUG] [org.gradle.internal.operations.DefaultBuildOperationRunner] Build operation 'Register task :runGameTestServer' started
2025-12-28T12:06:59.531+0800 [DEBUG] [org.gradle.internal.operations.DefaultBuildOperationRunner] Completing Build operation 'Register task :runGameTestServer'
2025-12-28T12:06:59.531+0800 [DEBUG] [org.gradle.internal.operations.DefaultBuildOperationRunner] Build operation 'Register task :runGameTestServer' completed
2025-12-28T12:06:59.531+0800 [DEBUG] [org.gradle.internal.operations.DefaultBuildOperationRunner] Build operation 'Register task :prepareRunServer' started
2025-12-28T12:06:59.531+0800 [DEBUG] [org.gradle.internal.operations.DefaultBuildOperationRunner] Completing Build operation 'Register task :prepareRunServer'
2025-12-28T12:06:59.532+0800 [DEBUG] [org.gradle.internal.operations.DefaultBuildOperationRunner] Build operation 'Register task :prepareRunServer' completed
2025-12-28T12:06:59.532+0800 [DEBUG] [org.gradle.internal.operations.DefaultBuildOperationRunner] Build operation 'Register task :prepareRunServerCompile' started
2025-12-28T12:06:59.532+0800 [DEBUG] [org.gradle.internal.operations.DefaultBuildOperationRunner] Completing Build operation 'Register task :prepareRunServerCompile'
2025-12-28T12:06:59.532+0800 [DEBUG] [org.gradle.internal.operations.DefaultBuildOperationRunner] Build operation 'Register task :prepareRunServerCompile' completed
2025-12-28T12:06:59.532+0800 [DEBUG] [org.gradle.internal.operations.DefaultBuildOperationRunner] Build operation 'Register task :runServer' started
2025-12-28T12:06:59.532+0800 [DEBUG] [org.gradle.internal.operations.DefaultBuildOperationRunner] Completing Build operation 'Register task :runServer'
2025-12-28T12:06:59.532+0800 [DEBUG] [org.gradle.internal.operations.DefaultBuildOperationRunner] Build operation 'Register task :runServer' completed
2025-12-28T12:06:59.548+0800 [DEBUG] [org.gradle.internal.operations.DefaultBuildOperationRunner] Build operation 'Register task :genIntellijRuns' started
2025-12-28T12:06:59.548+0800 [DEBUG] [org.gradle.internal.operations.DefaultBuildOperationRunner] Completing Build operation 'Register task :genIntellijRuns'
2025-12-28T12:06:59.549+0800 [DEBUG] [org.gradle.internal.operations.DefaultBuildOperationRunner] Build operation 'Register task :genIntellijRuns' completed
2025-12-28T12:06:59.549+0800 [DEBUG] [org.gradle.internal.operations.DefaultBuildOperationRunner] Build operation 'Register task :genEclipseRuns' started
2025-12-28T12:06:59.549+0800 [DEBUG] [org.gradle.internal.operations.DefaultBuildOperationRunner] Completing Build operation 'Register task :genEclipseRuns'
2025-12-28T12:06:59.549+0800 [DEBUG] [org.gradle.internal.operations.DefaultBuildOperationRunner] Build operation 'Register task :genEclipseRuns' completed
2025-12-28T12:06:59.549+0800 [DEBUG] [org.gradle.internal.operations.DefaultBuildOperationRunner] Build operation 'Register task :genVSCodeRuns' started
2025-12-28T12:06:59.549+0800 [DEBUG] [org.gradle.internal.operations.DefaultBuildOperationRunner] Completing Build operation 'Register task :genVSCodeRuns'
2025-12-28T12:06:59.549+0800 [DEBUG] [org.gradle.internal.operations.DefaultBuildOperationRunner] Build operation 'Register task :genVSCodeRuns' completed
2025-12-28T12:06:59.549+0800 [DEBUG] [org.gradle.internal.operations.DefaultBuildOperationRunner] Completing Build operation 'Execute Gradle.projectsEvaluated listener'
2025-12-28T12:06:59.549+0800 [DEBUG] [org.gradle.internal.operations.DefaultBuildOperationRunner] Build operation 'Execute Gradle.projectsEvaluated listener' completed
2025-12-28T12:06:59.549+0800 [DEBUG] [org.gradle.internal.operations.DefaultBuildOperationRunner] Completing Build operation 'Notify projectsEvaluated listeners'
2025-12-28T12:06:59.550+0800 [DEBUG] [org.gradle.internal.operations.DefaultBuildOperationRunner] Build operation 'Notify projectsEvaluated listeners' completed
2025-12-28T12:06:59.550+0800 [DEBUG] [org.gradle.internal.operations.DefaultBuildOperationRunner] Completing Build operation 'Configure build'
2025-12-28T12:06:59.550+0800 [DEBUG] [org.gradle.internal.operations.DefaultBuildOperationRunner] Build operation 'Configure build' completed
2025-12-28T12:06:59.552+0800 [DEBUG] [org.gradle.internal.operations.DefaultBuildOperationRunner] Build operation 'Calculate build tree task graph' started
2025-12-28T12:06:59.568+0800 [DEBUG] [org.gradle.internal.operations.DefaultBuildOperationRunner] Build operation 'Calculate task graph' started
2025-12-28T12:06:59.570+0800 [DEBUG] [org.gradle.internal.resources.AbstractTrackedResourceLock] Daemon worker: acquired lock on All projects of :
2025-12-28T12:06:59.572+0800 [DEBUG] [org.gradle.internal.operations.DefaultBuildOperationRunner] Build operation 'Realize task :compileJava' started
2025-12-28T12:06:59.619+0800 [DEBUG] [org.gradle.internal.operations.DefaultBuildOperationRunner] Build operation 'Execute container callback action' started
2025-12-28T12:06:59.622+0800 [DEBUG] [org.gradle.internal.operations.DefaultBuildOperationRunner] Completing Build operation 'Execute container callback action'
2025-12-28T12:06:59.623+0800 [DEBUG] [org.gradle.internal.operations.DefaultBuildOperationRunner] Build operation 'Execute container callback action' completed
2025-12-28T12:06:59.623+0800 [DEBUG] [org.gradle.internal.operations.DefaultBuildOperationRunner] Build operation 'Execute container callback action' started
2025-12-28T12:06:59.627+0800 [DEBUG] [org.gradle.internal.operations.DefaultBuildOperationRunner] Completing Build operation 'Execute container callback action'
2025-12-28T12:06:59.627+0800 [DEBUG] [org.gradle.internal.operations.DefaultBuildOperationRunner] Build operation 'Execute container callback action' completed
2025-12-28T12:06:59.627+0800 [DEBUG] [org.gradle.internal.operations.DefaultBuildOperationRunner] Build operation 'Execute container callback action' started
2025-12-28T12:06:59.627+0800 [DEBUG] [org.gradle.internal.operations.DefaultBuildOperationRunner] Completing Build operation 'Execute container callback action'
2025-12-28T12:06:59.627+0800 [DEBUG] [org.gradle.internal.operations.DefaultBuildOperationRunner] Build operation 'Execute container callback action' completed
2025-12-28T12:06:59.628+0800 [DEBUG] [org.gradle.internal.operations.DefaultBuildOperationRunner] Build operation 'Execute container callback action' started
2025-12-28T12:06:59.663+0800 [DEBUG] [org.gradle.internal.operations.DefaultBuildOperationRunner] Completing Build operation 'Execute container callback action'
2025-12-28T12:06:59.663+0800 [DEBUG] [org.gradle.internal.operations.DefaultBuildOperationRunner] Build operation 'Execute container callback action' completed
2025-12-28T12:06:59.663+0800 [DEBUG] [org.gradle.internal.operations.DefaultBuildOperationRunner] Completing Build operation 'Realize task :compileJava'
2025-12-28T12:06:59.663+0800 [DEBUG] [org.gradle.internal.operations.DefaultBuildOperationRunner] Build operation 'Realize task :compileJava' completed
2025-12-28T12:06:59.664+0800 [INFO] [org.gradle.execution.DefaultTaskSelector] Task name matched 'compileJava'
2025-12-28T12:06:59.665+0800 [INFO] [org.gradle.execution.TaskNameResolvingBuildTaskScheduler] Selected primary task 'compileJava' from project :
2025-12-28T12:06:59.684+0800 [DEBUG] [org.gradle.internal.operations.DefaultBuildOperationRunner] Build operation 'Toolchain detection' started
2025-12-28T12:06:59.688+0800 [DEBUG] [org.gradle.internal.jvm.inspection.JavaInstallationRegistry] Discovering toolchains provided via SDKMAN!
2025-12-28T12:06:59.689+0800 [DEBUG] [org.gradle.internal.jvm.inspection.JavaInstallationRegistry] Discovering toolchains provided via Auto-provisioned by Gradle
2025-12-28T12:06:59.690+0800 [DEBUG] [org.gradle.internal.jvm.inspection.JavaInstallationRegistry] Discovering toolchains provided via Common Linux Locations
2025-12-28T12:06:59.690+0800 [DEBUG] [org.gradle.internal.jvm.inspection.JavaInstallationRegistry] Discovering toolchains provided via Gradle property 'org.gradle.java.installations.paths'
2025-12-28T12:06:59.690+0800 [DEBUG] [org.gradle.internal.jvm.inspection.JavaInstallationRegistry] Discovering toolchains provided via Windows Registry
2025-12-28T12:06:59.690+0800 [DEBUG] [org.gradle.internal.jvm.inspection.JavaInstallationRegistry] Discovering toolchains provided via environment variables from gradle property 'org.gradle.java.installations.fromEnv'
2025-12-28T12:06:59.690+0800 [DEBUG] [org.gradle.internal.jvm.inspection.JavaInstallationRegistry] Discovering toolchains provided via MacOS java_home
2025-12-28T12:06:59.691+0800 [DEBUG] [org.gradle.internal.jvm.inspection.JavaInstallationRegistry] Discovering toolchains provided via Jabba
2025-12-28T12:06:59.691+0800 [DEBUG] [org.gradle.internal.jvm.inspection.JavaInstallationRegistry] Discovering toolchains provided via Maven Toolchains
2025-12-28T12:06:59.691+0800 [DEBUG] [org.gradle.internal.jvm.inspection.JavaInstallationRegistry] Discovering toolchains provided via Current JVM
2025-12-28T12:06:59.692+0800 [DEBUG] [org.gradle.internal.jvm.inspection.JavaInstallationRegistry] Discovering toolchains provided via IntelliJ
2025-12-28T12:06:59.692+0800 [DEBUG] [org.gradle.internal.jvm.inspection.JavaInstallationRegistry] Discovering toolchains provided via asdf-vm
2025-12-28T12:06:59.703+0800 [DEBUG] [org.gradle.internal.operations.DefaultBuildOperationRunner] Completing Build operation 'Toolchain detection'
2025-12-28T12:06:59.704+0800 [DEBUG] [org.gradle.internal.operations.DefaultBuildOperationRunner] Build operation 'Toolchain detection' completed
2025-12-28T12:06:59.729+0800 [INFO] [org.gradle.process.internal.DefaultExecHandle] Starting process 'command 'D:\Program Files\Java\jdk-21\bin\java.exe''. Working directory: C:\Users\StesssQQy\.gradle\.tmp\tmp-jvm6455781294684598981probe Command: D:\Program Files\Java\jdk-21\bin\java.exe -Xmx32m -Xms32m -cp . JavaProbe
2025-12-28T12:06:59.729+0800 [DEBUG] [org.gradle.process.internal.DefaultExecHandle] Changing state to: STARTING
2025-12-28T12:06:59.732+0800 [DEBUG] [org.gradle.process.internal.DefaultExecHandle] Waiting until process started: command 'D:\Program Files\Java\jdk-21\bin\java.exe'.
2025-12-28T12:06:59.799+0800 [DEBUG] [org.gradle.process.internal.DefaultExecHandle] Changing state to: STARTED
2025-12-28T12:06:59.799+0800 [DEBUG] [org.gradle.process.internal.ExecHandleRunner] waiting until streams are handled...
2025-12-28T12:06:59.799+0800 [INFO] [org.gradle.process.internal.DefaultExecHandle] Successfully started process 'command 'D:\Program Files\Java\jdk-21\bin\java.exe''
2025-12-28T12:07:00.655+0800 [DEBUG] [org.gradle.process.internal.DefaultExecHandle] Changing state to: SUCCEEDED
2025-12-28T12:07:00.655+0800 [DEBUG] [org.gradle.process.internal.DefaultExecHandle] Process 'command 'D:\Program Files\Java\jdk-21\bin\java.exe'' finished with exit value 0 (state: SUCCEEDED)
2025-12-28T12:07:00.657+0800 [INFO] [org.gradle.internal.jvm.inspection.DefaultJvmMetadataDetector] Received JVM installation metadata from 'D:\Program Files\Java\jdk-21': {JAVA_HOME=D:\Program Files\Java\jdk-21, JAVA_VERSION=21.0.8, JAVA_VENDOR=Oracle Corporation, RUNTIME_NAME=Java(TM) SE Runtime Environment, RUNTIME_VERSION=21.0.8+12-LTS-250, VM_NAME=Java HotSpot(TM) 64-Bit Server VM, VM_VERSION=21.0.8+12-LTS-250, VM_VENDOR=Oracle Corporation, OS_ARCH=amd64}
2025-12-28T12:07:00.696+0800 [INFO] [org.gradle.process.internal.DefaultExecHandle] Starting process 'command 'D:\Program Files\Java\jdk-25\bin\java.exe''. Working directory: C:\Users\StesssQQy\.gradle\.tmp\tmp-jvm9127762130343985953probe Command: D:\Program Files\Java\jdk-25\bin\java.exe -Xmx32m -Xms32m -cp . JavaProbe
2025-12-28T12:07:00.696+0800 [DEBUG] [org.gradle.process.internal.DefaultExecHandle] Changing state to: STARTING
2025-12-28T12:07:00.697+0800 [DEBUG] [org.gradle.process.internal.DefaultExecHandle] Waiting until process started: command 'D:\Program Files\Java\jdk-25\bin\java.exe'.
2025-12-28T12:07:00.764+0800 [DEBUG] [org.gradle.process.internal.DefaultExecHandle] Changing state to: STARTED
2025-12-28T12:07:00.764+0800 [DEBUG] [org.gradle.process.internal.ExecHandleRunner] waiting until streams are handled...
2025-12-28T12:07:00.764+0800 [INFO] [org.gradle.process.internal.DefaultExecHandle] Successfully started process 'command 'D:\Program Files\Java\jdk-25\bin\java.exe''
2025-12-28T12:07:01.317+0800 [DEBUG] [org.gradle.process.internal.health.memory.DefaultMemoryManager] 744870297 physical memory requested, 439394304 free
2025-12-28T12:07:01.318+0800 [DEBUG] [org.gradle.workers.internal.WorkerDaemonExpiration] Will attempt to release 710 of memory
2025-12-28T12:07:01.320+0800 [DEBUG] [org.gradle.process.internal.health.memory.DefaultMemoryManager] 744870297 physical memory requested, 0 released, 439394304 free
2025-12-28T12:07:01.503+0800 [DEBUG] [org.gradle.process.internal.DefaultExecHandle] Changing state to: SUCCEEDED
2025-12-28T12:07:01.504+0800 [DEBUG] [org.gradle.process.internal.DefaultExecHandle] Process 'command 'D:\Program Files\Java\jdk-25\bin\java.exe'' finished with exit value 0 (state: SUCCEEDED)
2025-12-28T12:07:01.504+0800 [INFO] [org.gradle.internal.jvm.inspection.DefaultJvmMetadataDetector] Received JVM installation metadata from 'D:\Program Files\Java\jdk-25': {JAVA_HOME=D:\Program Files\Java\jdk-25, JAVA_VERSION=25.0.1, JAVA_VENDOR=Oracle Corporation, RUNTIME_NAME=Java(TM) SE Runtime Environment, RUNTIME_VERSION=25.0.1+8-LTS-27, VM_NAME=Java HotSpot(TM) 64-Bit Server VM, VM_VERSION=25.0.1+8-LTS-27, VM_VENDOR=Oracle Corporation, OS_ARCH=amd64}
2025-12-28T12:07:01.557+0800 [DEBUG] [org.gradle.api.internal.artifacts.ivyservice.resolveengine.graph.builder.DependencyGraphBuilder] Visiting configuration com.otaku.neoanomalousmight:Neo Anomalous Might:0.0.2-1.20.1(compileClasspath).
2025-12-28T12:07:01.557+0800 [DEBUG] [org.gradle.api.internal.artifacts.ivyservice.resolveengine.graph.builder.NodeState] dependency: net.minecraftforge:forge:1.20.1-47.4.10_mapped_official_1.20.1 to-conf: null is filtered.
2025-12-28T12:07:01.559+0800 [DEBUG] [org.gradle.internal.resources.AbstractTrackedResourceLock] Daemon worker: released lock on All projects of :
2025-12-28T12:07:01.595+0800 [DEBUG] [org.gradle.internal.operations.DefaultBuildOperationRunner] Completing Build operation 'Calculate task graph'
2025-12-28T12:07:01.595+0800 [DEBUG] [org.gradle.internal.operations.DefaultBuildOperationRunner] Build operation 'Calculate task graph' completed
2025-12-28T12:07:01.625+0800 [DEBUG] [org.gradle.internal.resources.AbstractTrackedResourceLock] Daemon worker: acquired lock on All projects of :
2025-12-28T12:07:01.630+0800 [DEBUG] [org.gradle.internal.operations.DefaultBuildOperationRunner] Build operation 'Notify task graph whenReady listeners' started
2025-12-28T12:07:01.630+0800 [INFO] [org.gradle.internal.buildevents.BuildLogger] Tasks to be executed: [task ':compileJava']
2025-12-28T12:07:01.630+0800 [INFO] [org.gradle.internal.buildevents.BuildLogger] Tasks that were excluded: []
2025-12-28T12:07:01.634+0800 [DEBUG] [org.gradle.internal.operations.DefaultBuildOperationRunner] Completing Build operation 'Notify task graph whenReady listeners'
2025-12-28T12:07:01.635+0800 [DEBUG] [org.gradle.internal.operations.DefaultBuildOperationRunner] Build operation 'Notify task graph whenReady listeners' completed
2025-12-28T12:07:01.635+0800 [DEBUG] [org.gradle.internal.resources.AbstractTrackedResourceLock] Daemon worker: released lock on All projects of :
2025-12-28T12:07:01.636+0800 [DEBUG] [org.gradle.internal.operations.DefaultBuildOperationRunner] Build operation 'Realize task :clean' started
2025-12-28T12:07:01.648+0800 [DEBUG] [org.gradle.internal.operations.DefaultBuildOperationRunner] Build operation 'Execute container callback action' started
2025-12-28T12:07:01.649+0800 [DEBUG] [org.gradle.internal.operations.DefaultBuildOperationRunner] Completing Build operation 'Execute container callback action'
2025-12-28T12:07:01.649+0800 [DEBUG] [org.gradle.internal.operations.DefaultBuildOperationRunner] Build operation 'Execute container callback action' completed
2025-12-28T12:07:01.649+0800 [DEBUG] [org.gradle.internal.operations.DefaultBuildOperationRunner] Completing Build operation 'Realize task :clean'
2025-12-28T12:07:01.650+0800 [DEBUG] [org.gradle.internal.operations.DefaultBuildOperationRunner] Build operation 'Realize task :clean' completed
2025-12-28T12:07:01.654+0800 [DEBUG] [org.gradle.internal.operations.DefaultBuildOperationRunner] Completing Build operation 'Calculate build tree task graph'
2025-12-28T12:07:01.654+0800 [DEBUG] [org.gradle.internal.operations.DefaultBuildOperationRunner] Build operation 'Calculate build tree task graph' completed
2025-12-28T12:07:01.655+0800 [DEBUG] [org.gradle.internal.operations.DefaultBuildOperationRunner] Build operation 'Run main tasks' started
2025-12-28T12:07:01.661+0800 [DEBUG] [org.gradle.internal.resources.AbstractTrackedResourceLock] Daemon worker: released lock on worker lease
2025-12-28T12:07:01.661+0800 [DEBUG] [org.gradle.internal.resources.AbstractTrackedResourceLock] included builds: acquired lock on worker lease
2025-12-28T12:07:01.665+0800 [DEBUG] [org.gradle.internal.operations.DefaultBuildOperationRunner] Build operation 'Run tasks' started
2025-12-28T12:07:01.673+0800 [DEBUG] [org.gradle.execution.plan.DefaultPlanExecutor] Using 8 parallel executor threads
2025-12-28T12:07:01.682+0800 [DEBUG] [org.gradle.internal.resources.AbstractTrackedResourceLock] included builds: acquired lock on state of build :
2025-12-28T12:07:01.682+0800 [DEBUG] [org.gradle.internal.resources.AbstractTrackedResourceLock] included builds: acquired lock on task execution for build :
2025-12-28T12:07:01.686+0800 [INFO] [org.gradle.execution.plan.DefaultPlanExecutor] Resolve mutations for :compileJava (Thread[included builds,5,main]) started.
2025-12-28T12:07:01.688+0800 [DEBUG] [org.gradle.internal.resources.AbstractTrackedResourceLock] Execution worker Thread 4: acquired lock on worker lease
2025-12-28T12:07:01.688+0800 [DEBUG] [org.gradle.internal.resources.AbstractTrackedResourceLock] Execution worker Thread 4: released lock on worker lease
2025-12-28T12:07:01.688+0800 [DEBUG] [org.gradle.internal.resources.AbstractTrackedResourceLock] Execution worker Thread 3: acquired lock on worker lease
2025-12-28T12:07:01.689+0800 [DEBUG] [org.gradle.internal.resources.AbstractTrackedResourceLock] Execution worker Thread 3: released lock on worker lease
2025-12-28T12:07:01.689+0800 [DEBUG] [org.gradle.internal.resources.AbstractTrackedResourceLock] Execution worker Thread 7: acquired lock on worker lease
2025-12-28T12:07:01.689+0800 [DEBUG] [org.gradle.internal.resources.AbstractTrackedResourceLock] Execution worker Thread 7: released lock on worker lease
2025-12-28T12:07:01.689+0800 [DEBUG] [org.gradle.internal.resources.AbstractTrackedResourceLock] Execution worker: acquired lock on worker lease
2025-12-28T12:07:01.690+0800 [DEBUG] [org.gradle.internal.resources.AbstractTrackedResourceLock] Execution worker: released lock on worker lease
2025-12-28T12:07:01.690+0800 [DEBUG] [org.gradle.internal.resources.AbstractTrackedResourceLock] Execution worker Thread 6: acquired lock on worker lease
2025-12-28T12:07:01.690+0800 [DEBUG] [org.gradle.internal.resources.AbstractTrackedResourceLock] Execution worker Thread 6: released lock on worker lease
2025-12-28T12:07:01.690+0800 [DEBUG] [org.gradle.internal.resources.AbstractTrackedResourceLock] Execution worker Thread 5: acquired lock on worker lease
2025-12-28T12:07:01.691+0800 [DEBUG] [org.gradle.internal.resources.AbstractTrackedResourceLock] Execution worker Thread 5: released lock on worker lease
2025-12-28T12:07:01.691+0800 [DEBUG] [org.gradle.internal.resources.AbstractTrackedResourceLock] Execution worker Thread 2: acquired lock on worker lease
2025-12-28T12:07:01.691+0800 [DEBUG] [org.gradle.internal.resources.AbstractTrackedResourceLock] Execution worker Thread 2: released lock on worker lease
2025-12-28T12:07:01.699+0800 [DEBUG] [org.gradle.internal.operations.DefaultBuildOperationRunner] Build operation 'Resolve mutations for task :compileJava' started
2025-12-28T12:07:01.758+0800 [DEBUG] [org.gradle.internal.operations.DefaultBuildOperationRunner] Completing Build operation 'Resolve mutations for task :compileJava'
2025-12-28T12:07:01.758+0800 [DEBUG] [org.gradle.internal.operations.DefaultBuildOperationRunner] Build operation 'Resolve mutations for task :compileJava' completed
2025-12-28T12:07:01.759+0800 [DEBUG] [org.gradle.execution.plan.DefaultFinalizedExecutionPlan] Node Resolve mutations for :compileJava completed, executed: true
2025-12-28T12:07:01.760+0800 [DEBUG] [org.gradle.execution.plan.DefaultFinalizedExecutionPlan] Node Resolve mutations for :compileJava finished executing
2025-12-28T12:07:01.761+0800 [DEBUG] [org.gradle.internal.resources.AbstractTrackedResourceLock] included builds: released lock on state of build :
2025-12-28T12:07:01.761+0800 [DEBUG] [org.gradle.internal.resources.AbstractTrackedResourceLock] included builds: released lock on task execution for build :
2025-12-28T12:07:01.762+0800 [DEBUG] [org.gradle.internal.resources.AbstractTrackedResourceLock] included builds: acquired lock on state of build :
2025-12-28T12:07:01.762+0800 [DEBUG] [org.gradle.internal.resources.AbstractTrackedResourceLock] included builds: acquired lock on task execution for build :
2025-12-28T12:07:01.769+0800 [INFO] [org.gradle.execution.plan.DefaultPlanExecutor] :compileJava (Thread[included builds,5,main]) started.
2025-12-28T12:07:01.770+0800 [DEBUG] [org.gradle.internal.resources.AbstractTrackedResourceLock] Execution worker Thread 4: acquired lock on worker lease
2025-12-28T12:07:01.770+0800 [DEBUG] [org.gradle.internal.resources.AbstractTrackedResourceLock] Execution worker Thread 4: released lock on worker lease
2025-12-28T12:07:01.770+0800 [DEBUG] [org.gradle.internal.resources.AbstractTrackedResourceLock] Execution worker Thread 2: acquired lock on worker lease
2025-12-28T12:07:01.770+0800 [DEBUG] [org.gradle.internal.resources.AbstractTrackedResourceLock] Execution worker Thread 2: released lock on worker lease
2025-12-28T12:07:01.770+0800 [DEBUG] [org.gradle.internal.resources.AbstractTrackedResourceLock] Execution worker Thread 5: acquired lock on worker lease
2025-12-28T12:07:01.771+0800 [DEBUG] [org.gradle.internal.resources.AbstractTrackedResourceLock] Execution worker Thread 5: released lock on worker lease
2025-12-28T12:07:01.771+0800 [DEBUG] [org.gradle.internal.resources.AbstractTrackedResourceLock] Execution worker Thread 6: acquired lock on worker lease
2025-12-28T12:07:01.771+0800 [DEBUG] [org.gradle.internal.resources.AbstractTrackedResourceLock] Execution worker Thread 6: released lock on worker lease
2025-12-28T12:07:01.771+0800 [DEBUG] [org.gradle.internal.resources.AbstractTrackedResourceLock] Execution worker: acquired lock on worker lease
2025-12-28T12:07:01.771+0800 [DEBUG] [org.gradle.internal.resources.AbstractTrackedResourceLock] Execution worker: released lock on worker lease
2025-12-28T12:07:01.773+0800 [DEBUG] [org.gradle.internal.resources.AbstractTrackedResourceLock] Execution worker Thread 7: acquired lock on worker lease
2025-12-28T12:07:01.773+0800 [DEBUG] [org.gradle.internal.resources.AbstractTrackedResourceLock] Execution worker Thread 7: released lock on worker lease
2025-12-28T12:07:01.774+0800 [DEBUG] [org.gradle.internal.resources.AbstractTrackedResourceLock] Execution worker Thread 3: acquired lock on worker lease
2025-12-28T12:07:01.774+0800 [DEBUG] [org.gradle.internal.resources.AbstractTrackedResourceLock] Execution worker Thread 3: released lock on worker lease
2025-12-28T12:07:01.801+0800 [DEBUG] [org.gradle.cache.internal.DefaultCacheCoordinator] Creating new cache for executionHistory, path E:\Workpace\MOD\Neo Anomalous Might\.gradle\8.13\executionHistory\executionHistory.bin, access org.gradle.cache.internal.DefaultCacheCoordinator@2ca4d77e
2025-12-28T12:07:01.802+0800 [DEBUG] [org.gradle.cache.internal.DefaultInMemoryCacheDecoratorFactory] Creating cache E:\Workpace\MOD\Neo Anomalous Might\.gradle\8.13\executionHistory\executionHistory.bin without in-memory store.
2025-12-28T12:07:01.802+0800 [DEBUG] [org.gradle.cache.internal.LockOnDemandCrossProcessCacheAccess] Acquiring file lock for execution history cache (E:\Workpace\MOD\Neo Anomalous Might\.gradle\8.13\executionHistory)
2025-12-28T12:07:01.827+0800 [DEBUG] [org.gradle.cache.internal.DefaultFileLockManager] Waiting to acquire exclusive lock on execution history cache (E:\Workpace\MOD\Neo Anomalous Might\.gradle\8.13\executionHistory).
2025-12-28T12:07:01.828+0800 [DEBUG] [org.gradle.cache.internal.DefaultFileLockManager] Lock acquired on execution history cache (E:\Workpace\MOD\Neo Anomalous Might\.gradle\8.13\executionHistory).
2025-12-28T12:07:01.880+0800 [DEBUG] [org.gradle.internal.operations.DefaultBuildOperationRunner] Build operation 'Task :compileJava' started
2025-12-28T12:07:01.897+0800 [DEBUG] [org.gradle.internal.operations.DefaultBuildOperationRunner] Build operation 'Identifying work' started
2025-12-28T12:07:01.898+0800 [DEBUG] [org.gradle.internal.operations.DefaultBuildOperationRunner] Completing Build operation 'Identifying work'
2025-12-28T12:07:01.910+0800 [DEBUG] [org.gradle.cache.internal.btree.BTreePersistentIndexedCache] Opening cache outputFiles.bin (E:\Workpace\MOD\Neo Anomalous Might\.gradle\buildOutputCleanup\outputFiles.bin)
2025-12-28T12:07:01.942+0800 [DEBUG] [org.gradle.cache.internal.btree.BTreePersistentIndexedCache] Opening cache executionHistory.bin (E:\Workpace\MOD\Neo Anomalous Might\.gradle\8.13\executionHistory\executionHistory.bin)
2025-12-28T12:07:01.987+0800 [DEBUG] [org.gradle.internal.operations.DefaultBuildOperationRunner] Build operation 'Snapshot task inputs for :compileJava' started
2025-12-28T12:07:02.026+0800 [DEBUG] [org.gradle.cache.internal.btree.BTreePersistentIndexedCache] Opening cache fileHashes.bin (E:\Workpace\MOD\Neo Anomalous Might\.gradle\8.13\fileHashes\fileHashes.bin)
2025-12-28T12:07:02.097+0800 [DEBUG] [org.gradle.internal.watch.registry.impl.DefaultFileWatcherProbeRegistry] Triggering watch probe for E:\Workpace\MOD\Neo Anomalous Might
2025-12-28T12:07:02.097+0800 [DEBUG] [org.gradle.internal.watch.registry.impl.DefaultFileWatcherProbeRegistry] Watch probe in state ARMED has been triggered for hierarchy: E:\Workpace\MOD\Neo Anomalous Might
2025-12-28T12:07:02.099+0800 [DEBUG] [org.gradle.cache.internal.btree.BTreePersistentIndexedCache] Opening cache resourceHashesCache.bin (E:\Workpace\MOD\Neo Anomalous Might\.gradle\8.13\fileHashes\resourceHashesCache.bin)
2025-12-28T12:07:02.108+0800 [DEBUG] [org.gradle.internal.watch.registry.impl.DefaultFileWatcherProbeRegistry] Triggering watch probe for E:\Workpace\MOD\Neo Anomalous Might
2025-12-28T12:07:02.142+0800 [DEBUG] [org.gradle.internal.operations.DefaultBuildOperationRunner] Build operation 'Snapshot inputs and outputs before executing task ':compileJava'' started
2025-12-28T12:07:02.166+0800 [DEBUG] [org.gradle.internal.operations.DefaultBuildOperationRunner] Build operation 'Resolve dependencies of :compileClasspath' started
2025-12-28T12:07:02.782+0800 [DEBUG] [org.gradle.internal.operations.DefaultBuildOperationRunner] Completing Build operation 'Resolve dependencies of :compileClasspath'
2025-12-28T12:07:02.875+0800 [DEBUG] [org.gradle.internal.operations.DefaultBuildOperationRunner] Build operation 'Resolve files of configuration ':compileClasspath'' started
2025-12-28T12:07:02.880+0800 [DEBUG] [org.gradle.internal.resources.AbstractTrackedResourceLock] Unconstrained build operations Thread 42: acquired lock on worker lease
2025-12-28T12:07:02.881+0800 [DEBUG] [org.gradle.internal.operations.DefaultBuildOperationRunner] Build operation 'Resolve mergetool-1.1.5-api.jar (net.minecraftforge:mergetool:1.1.5)' started
2025-12-28T12:07:02.882+0800 [DEBUG] [org.gradle.internal.operations.DefaultBuildOperationRunner] Completing Build operation 'Resolve mergetool-1.1.5-api.jar (net.minecraftforge:mergetool:1.1.5)'
2025-12-28T12:07:02.882+0800 [DEBUG] [org.gradle.internal.operations.DefaultBuildOperationRunner] Build operation 'Resolve mergetool-1.1.5-api.jar (net.minecraftforge:mergetool:1.1.5)' completed
2025-12-28T12:07:02.883+0800 [DEBUG] [org.gradle.internal.operations.DefaultBuildOperationRunner] Build operation 'Resolve mergetool-1.1.5-api.jar (net.minecraftforge:mergetool:1.1.5)' started
2025-12-28T12:07:02.883+0800 [DEBUG] [org.gradle.internal.operations.DefaultBuildOperationRunner] Completing Build operation 'Resolve mergetool-1.1.5-api.jar (net.minecraftforge:mergetool:1.1.5)'
2025-12-28T12:07:02.883+0800 [DEBUG] [org.gradle.internal.operations.DefaultBuildOperationRunner] Build operation 'Resolve mergetool-1.1.5-api.jar (net.minecraftforge:mergetool:1.1.5)' completed
2025-12-28T12:07:02.883+0800 [DEBUG] [org.gradle.internal.operations.DefaultBuildOperationRunner] Build operation 'Resolve mergetool-1.1.5-api.jar (net.minecraftforge:mergetool:1.1.5)' started
2025-12-28T12:07:02.882+0800 [DEBUG] [org.gradle.internal.resources.AbstractTrackedResourceLock] Unconstrained build operations Thread 43: acquired lock on worker lease
2025-12-28T12:07:02.884+0800 [DEBUG] [org.gradle.internal.operations.DefaultBuildOperationRunner] Build operation 'Resolve forge-1.20.1-47.4.10_mapped_official_1.20.1.jar (net.minecraftforge:forge:1.20.1-47.4.10_mapped_official_1.20.1)' started
2025-12-28T12:07:02.885+0800 [DEBUG] [org.gradle.internal.operations.DefaultBuildOperationRunner] Completing Build operation 'Resolve mergetool-1.1.5-api.jar (net.minecraftforge:mergetool:1.1.5)'
2025-12-28T12:07:02.885+0800 [DEBUG] [org.gradle.internal.operations.DefaultBuildOperationRunner] Build operation 'Resolve mergetool-1.1.5-api.jar (net.minecraftforge:mergetool:1.1.5)' completed
2025-12-28T12:07:02.886+0800 [DEBUG] [org.gradle.internal.resources.AbstractTrackedResourceLock] Unconstrained build operations Thread 42: released lock on worker lease
2025-12-28T12:07:02.889+0800 [DEBUG] [org.gradle.internal.resources.AbstractTrackedResourceLock] Execution worker Thread 4: acquired lock on worker lease
2025-12-28T12:07:02.889+0800 [DEBUG] [org.gradle.internal.resources.AbstractTrackedResourceLock] Execution worker Thread 4: released lock on worker lease
2025-12-28T12:07:02.891+0800 [DEBUG] [org.gradle.internal.resources.AbstractTrackedResourceLock] Execution worker Thread 3: acquired lock on worker lease
2025-12-28T12:07:02.891+0800 [DEBUG] [org.gradle.internal.resources.AbstractTrackedResourceLock] Execution worker Thread 3: released lock on worker lease
2025-12-28T12:07:02.894+0800 [DEBUG] [org.gradle.internal.resources.AbstractTrackedResourceLock] Execution worker Thread 7: acquired lock on worker lease
2025-12-28T12:07:02.894+0800 [DEBUG] [org.gradle.internal.resources.AbstractTrackedResourceLock] Execution worker Thread 7: released lock on worker lease
2025-12-28T12:07:02.895+0800 [DEBUG] [org.gradle.internal.resources.AbstractTrackedResourceLock] Execution worker: acquired lock on worker lease
2025-12-28T12:07:02.895+0800 [DEBUG] [org.gradle.internal.resources.AbstractTrackedResourceLock] Execution worker: released lock on worker lease
2025-12-28T12:07:02.895+0800 [DEBUG] [org.gradle.internal.resources.AbstractTrackedResourceLock] Execution worker Thread 6: acquired lock on worker lease
2025-12-28T12:07:02.895+0800 [DEBUG] [org.gradle.internal.resources.AbstractTrackedResourceLock] Execution worker Thread 6: released lock on worker lease
2025-12-28T12:07:02.895+0800 [DEBUG] [org.gradle.internal.resources.AbstractTrackedResourceLock] Execution worker Thread 5: acquired lock on worker lease
2025-12-28T12:07:02.896+0800 [DEBUG] [org.gradle.internal.resources.AbstractTrackedResourceLock] Execution worker Thread 5: released lock on worker lease
2025-12-28T12:07:02.896+0800 [DEBUG] [org.gradle.internal.resources.AbstractTrackedResourceLock] Execution worker Thread 2: acquired lock on worker lease
2025-12-28T12:07:02.896+0800 [DEBUG] [org.gradle.internal.resources.AbstractTrackedResourceLock] Execution worker Thread 2: released lock on worker lease
2025-12-28T12:07:03.001+0800 [DEBUG] [org.gradle.internal.operations.DefaultBuildOperationRunner] Completing Build operation 'Resolve forge-1.20.1-47.4.10_mapped_official_1.20.1.jar (net.minecraftforge:forge:1.20.1-47.4.10_mapped_official_1.20.1)'
2025-12-28T12:07:03.001+0800 [DEBUG] [org.gradle.internal.operations.DefaultBuildOperationRunner] Build operation 'Resolve forge-1.20.1-47.4.10_mapped_official_1.20.1.jar (net.minecraftforge:forge:1.20.1-47.4.10_mapped_official_1.20.1)' completed
2025-12-28T12:07:03.001+0800 [DEBUG] [org.gradle.internal.resources.AbstractTrackedResourceLock] Unconstrained build operations Thread 43: released lock on worker lease
2025-12-28T12:07:03.001+0800 [DEBUG] [org.gradle.internal.resources.AbstractTrackedResourceLock] Execution worker Thread 4: acquired lock on worker lease
2025-12-28T12:07:03.001+0800 [DEBUG] [org.gradle.internal.resources.AbstractTrackedResourceLock] Execution worker Thread 4: released lock on worker lease
2025-12-28T12:07:03.001+0800 [DEBUG] [org.gradle.internal.resources.AbstractTrackedResourceLock] Execution worker Thread 2: acquired lock on worker lease
2025-12-28T12:07:03.002+0800 [DEBUG] [org.gradle.internal.resources.AbstractTrackedResourceLock] Execution worker Thread 2: released lock on worker lease
2025-12-28T12:07:03.002+0800 [DEBUG] [org.gradle.internal.resources.AbstractTrackedResourceLock] Execution worker Thread 5: acquired lock on worker lease
2025-12-28T12:07:03.002+0800 [DEBUG] [org.gradle.internal.resources.AbstractTrackedResourceLock] Execution worker Thread 5: released lock on worker lease
2025-12-28T12:07:03.002+0800 [DEBUG] [org.gradle.internal.resources.AbstractTrackedResourceLock] Execution worker Thread 6: acquired lock on worker lease
2025-12-28T12:07:03.002+0800 [DEBUG] [org.gradle.internal.resources.AbstractTrackedResourceLock] Execution worker Thread 6: released lock on worker lease
2025-12-28T12:07:03.002+0800 [DEBUG] [org.gradle.internal.resources.AbstractTrackedResourceLock] Execution worker: acquired lock on worker lease
2025-12-28T12:07:03.003+0800 [DEBUG] [org.gradle.internal.resources.AbstractTrackedResourceLock] Execution worker: released lock on worker lease
2025-12-28T12:07:03.003+0800 [DEBUG] [org.gradle.internal.resources.AbstractTrackedResourceLock] Execution worker Thread 7: acquired lock on worker lease
2025-12-28T12:07:03.003+0800 [DEBUG] [org.gradle.internal.resources.AbstractTrackedResourceLock] Execution worker Thread 7: released lock on worker lease
2025-12-28T12:07:03.003+0800 [DEBUG] [org.gradle.internal.resources.AbstractTrackedResourceLock] Execution worker Thread 3: acquired lock on worker lease
2025-12-28T12:07:03.003+0800 [DEBUG] [org.gradle.internal.resources.AbstractTrackedResourceLock] Execution worker Thread 3: released lock on worker lease
2025-12-28T12:07:03.100+0800 [DEBUG] [org.gradle.internal.operations.DefaultBuildOperationRunner] Completing Build operation 'Resolve files of configuration ':compileClasspath''
2025-12-28T12:07:03.101+0800 [DEBUG] [org.gradle.internal.operations.DefaultBuildOperationRunner] Build operation 'Resolve dependencies of :annotationProcessor' started
2025-12-28T12:07:03.101+0800 [DEBUG] [org.gradle.internal.operations.DefaultBuildOperationRunner] Completing Build operation 'Resolve dependencies of :annotationProcessor'
2025-12-28T12:07:03.103+0800 [DEBUG] [org.gradle.internal.operations.DefaultBuildOperationRunner] Completing Build operation 'Snapshot inputs and outputs before executing task ':compileJava''
2025-12-28T12:07:03.108+0800 [DEBUG] [org.gradle.internal.operations.DefaultBuildOperationRunner] Build operation 'Resolve files of configuration ':compileClasspath'' started
2025-12-28T12:07:03.109+0800 [DEBUG] [org.gradle.internal.operations.DefaultBuildOperationRunner] Completing Build operation 'Resolve files of configuration ':compileClasspath''
2025-12-28T12:07:03.157+0800 [DEBUG] [org.gradle.internal.operations.DefaultBuildOperationRunner] Completing Build operation 'Snapshot task inputs for :compileJava'
2025-12-28T12:07:03.176+0800 [DEBUG] [org.gradle.internal.operations.DefaultBuildOperationRunner] Build operation 'Executing task ':compileJava'' started
2025-12-28T12:07:03.183+0800 [DEBUG] [org.gradle.internal.operations.DefaultBuildOperationRunner] Build operation 'Execute compile for :compileJava' started
2025-12-28T12:07:03.194+0800 [DEBUG] [org.gradle.internal.operations.DefaultBuildOperationRunner] Build operation 'Resolve files of configuration ':compileClasspath'' started
2025-12-28T12:07:03.194+0800 [DEBUG] [org.gradle.internal.operations.DefaultBuildOperationRunner] Completing Build operation 'Resolve files of configuration ':compileClasspath''
2025-12-28T12:07:03.223+0800 [DEBUG] [org.gradle.internal.operations.DefaultBuildOperationRunner] Build operation 'Compile Java for :compileJava' started
2025-12-28T12:07:01.880+0800 [LIFECYCLE] [class org.gradle.internal.buildevents.TaskExecutionLogger] 
2025-12-28T12:07:01.880+0800 [LIFECYCLE] [class org.gradle.internal.buildevents.TaskExecutionLogger] > Task :compileJava
2025-12-28T12:07:01.885+0800 [DEBUG] [org.gradle.api.internal.tasks.execution.ResolveTaskExecutionModeExecuter] Putting task artifact state for task ':compileJava' into context took 0.004 secs.
2025-12-28T12:07:01.898+0800 [DEBUG] [org.gradle.internal.operations.DefaultBuildOperationRunner] Build operation 'Identifying work' completed
2025-12-28T12:07:02.088+0800 [DEBUG] [org.gradle.internal.watch.registry.impl.HierarchicalFileWatcherUpdater] Watching 1 directory hierarchies to track changes
2025-12-28T12:07:02.092+0800 [DEBUG] [org.gradle.internal.watch.registry.impl.DefaultFileWatcherProbeRegistry] Watch probe has been armed for hierarchy: E:\Workpace\MOD\Neo Anomalous Might
2025-12-28T12:07:02.152+0800 [DEBUG] [org.gradle.internal.execution.steps.AbstractCaptureStateBeforeExecutionStep] Implementation for task ':compileJava': org.gradle.api.tasks.compile.JavaCompile_Decorated@498b642a236734e1bceed28f06e0ee83
2025-12-28T12:07:02.152+0800 [DEBUG] [org.gradle.internal.execution.steps.AbstractCaptureStateBeforeExecutionStep] Additional implementations for task ':compileJava': [org.gradle.api.tasks.compile.JavaCompile_Decorated@498b642a236734e1bceed28f06e0ee83]
2025-12-28T12:07:02.176+0800 [DEBUG] [org.gradle.api.internal.artifacts.ivyservice.modulecache.ResolvedArtifactCaches] Reusing in-memory cache for repo 'BUNDELED_-79667784' [28095ca7e524ce9b603906d1cb8a84c8].
2025-12-28T12:07:02.177+0800 [DEBUG] [org.gradle.api.internal.artifacts.ivyservice.modulecache.ResolvedArtifactCaches] Reusing in-memory cache for repo 'maven' [d428587f38ce0bdb35c7627ba43bd63d].
2025-12-28T12:07:02.179+0800 [DEBUG] [org.gradle.api.internal.artifacts.ivyservice.modulecache.ResolvedArtifactCaches] Reusing in-memory cache for repo 'BUNDELED_-444689664' [dc16bb502fb0dae96002ebb0a82aec10].
2025-12-28T12:07:02.180+0800 [DEBUG] [org.gradle.api.internal.artifacts.ivyservice.modulecache.ResolvedArtifactCaches] Reusing in-memory cache for repo 'maven2' [2908f01049577366a123dc97d8d6aea7].
2025-12-28T12:07:02.180+0800 [DEBUG] [org.gradle.api.internal.artifacts.ivyservice.modulecache.ResolvedArtifactCaches] Reusing in-memory cache for repo 'MavenRepo' [26c913274550a0b2221f47a0fe2d2358].
2025-12-28T12:07:02.182+0800 [DEBUG] [org.gradle.api.internal.artifacts.ivyservice.resolveengine.graph.builder.DependencyGraphBuilder] Visiting configuration com.otaku.neoanomalousmight:Neo Anomalous Might:0.0.2-1.20.1(compileClasspath).
2025-12-28T12:07:02.183+0800 [DEBUG] [org.gradle.api.internal.artifacts.ivyservice.ivyresolve.RepositoryChainComponentMetaDataResolver] Attempting to resolve component for net.minecraftforge:forge:1.20.1-47.4.10_mapped_official_1.20.1 using repositories [BUNDELED_-79667784, maven, BUNDELED_-444689664, maven2, MavenRepo]
2025-12-28T12:07:02.183+0800 [DEBUG] [org.gradle.api.internal.artifacts.repositories.resolver.DefaultExternalResourceArtifactResolver] Loading file:/C:/Users/StesssQQy/.gradle/caches/forge_gradle/bundeled_repo/net/minecraftforge/forge/1.20.1-47.4.10_mapped_official_1.20.1/forge-1.20.1-47.4.10_mapped_official_1.20.1.pom
2025-12-28T12:07:02.253+0800 [DEBUG] [org.gradle.api.internal.artifacts.repositories.resolver.DefaultExternalResourceArtifactResolver] Loading file:/C:/Users/StesssQQy/.gradle/caches/forge_gradle/bundeled_repo/net/minecraftforge/forge/1.20.1-47.4.10_mapped_official_1.20.1/forge-1.20.1-47.4.10_mapped_official_1.20.1.jar
2025-12-28T12:07:02.255+0800 [INFO] [org.gradle.api.Project] Downloading net.minecraft:mappings_official:1.20.1@zip
2025-12-28T12:07:02.256+0800 [INFO] [org.gradle.api.Project] Downloading net.minecraft:client:1.20.1:mappings@txt
2025-12-28T12:07:02.304+0800 [INFO] [org.gradle.api.Project] Downloading net.minecraft:server:1.20.1:mappings@txt
2025-12-28T12:07:02.351+0800 [INFO] [org.gradle.api.Project] Downloading de.oceanlabs.mcp:mcp_config:1.20.1@zip
2025-12-28T12:07:02.358+0800 [INFO] [org.gradle.api.Project] Downloading de.oceanlabs.mcp:mcp_config:1.20.1@zip
2025-12-28T12:07:02.462+0800 [INFO] [org.gradle.api.Project] Downloading net.minecraft:mappings_official:1.20.1@zip
2025-12-28T12:07:02.493+0800 [INFO] [org.gradle.api.Project] Downloading net.minecraft:mappings_official:1.20.1@zip
2025-12-28T12:07:02.531+0800 [DEBUG] [org.gradle.api.internal.artifacts.repositories.resolver.ExternalResourceResolver] Metadata file found for module 'net.minecraftforge:forge:1.20.1-47.4.10_mapped_official_1.20.1' in repository 'BUNDELED_-444689664'.
2025-12-28T12:07:02.532+0800 [DEBUG] [org.gradle.api.internal.artifacts.ivyservice.modulecache.PersistentModuleMetadataCache] Recording module descriptor in cache: net.minecraftforge:forge:1.20.1-47.4.10_mapped_official_1.20.1 [changing = false]
2025-12-28T12:07:02.532+0800 [DEBUG] [org.gradle.api.internal.artifacts.ivyservice.ivyresolve.RepositoryChainComponentMetaDataResolver] Using net.minecraftforge:forge:1.20.1-47.4.10_mapped_official_1.20.1 from org.gradle.api.internal.artifacts.ivyservice.ivyresolve.FilteredModuleComponentRepository@287841e9
2025-12-28T12:07:02.533+0800 [DEBUG] [org.gradle.internal.component.model.LoggingAttributeMatchingExplanationBuilder] Candidate {org.gradle.category=library, org.gradle.libraryelements=jar, org.gradle.status=release, org.gradle.usage=java-api} doesn't have attribute org.gradle.dependency.bundling
2025-12-28T12:07:02.533+0800 [DEBUG] [org.gradle.internal.component.model.LoggingAttributeMatchingExplanationBuilder] Candidate {org.gradle.category=library, org.gradle.libraryelements=jar, org.gradle.status=release, org.gradle.usage=java-api} doesn't have attribute org.gradle.jvm.environment
2025-12-28T12:07:02.533+0800 [DEBUG] [org.gradle.internal.component.model.LoggingAttributeMatchingExplanationBuilder] Candidate {org.gradle.category=library, org.gradle.libraryelements=jar, org.gradle.status=release, org.gradle.usage=java-api} doesn't have attribute org.gradle.jvm.version
2025-12-28T12:07:02.533+0800 [DEBUG] [org.gradle.internal.component.model.LoggingAttributeMatchingExplanationBuilder] Candidate {org.gradle.category=library, org.gradle.libraryelements=jar, org.gradle.status=release, org.gradle.usage=java-runtime} doesn't have attribute org.gradle.dependency.bundling
2025-12-28T12:07:02.533+0800 [DEBUG] [org.gradle.internal.component.model.LoggingAttributeMatchingExplanationBuilder] Candidate {org.gradle.category=library, org.gradle.libraryelements=jar, org.gradle.status=release, org.gradle.usage=java-runtime} doesn't have attribute org.gradle.jvm.environment
2025-12-28T12:07:02.534+0800 [DEBUG] [org.gradle.internal.component.model.LoggingAttributeMatchingExplanationBuilder] Candidate {org.gradle.category=library, org.gradle.libraryelements=jar, org.gradle.status=release, org.gradle.usage=java-runtime} doesn't have attribute org.gradle.jvm.version
2025-12-28T12:07:02.534+0800 [DEBUG] [org.gradle.internal.component.model.LoggingAttributeMatchingExplanationBuilder] Candidate {org.gradle.category=documentation, org.gradle.dependency.bundling=external, org.gradle.docstype=sources, org.gradle.status=release, org.gradle.usage=java-runtime} attribute org.gradle.category value {org.gradle.category=documentation, org.gradle.status=release} doesn't requested value library
2025-12-28T12:07:02.534+0800 [DEBUG] [org.gradle.internal.component.model.LoggingAttributeMatchingExplanationBuilder] Candidate {org.gradle.category=documentation, org.gradle.dependency.bundling=external, org.gradle.docstype=javadoc, org.gradle.status=release, org.gradle.usage=java-runtime} attribute org.gradle.category value {org.gradle.category=documentation, org.gradle.status=release} doesn't requested value library
2025-12-28T12:07:02.534+0800 [DEBUG] [org.gradle.internal.component.model.LoggingAttributeMatchingExplanationBuilder] Candidate {org.gradle.category=platform, org.gradle.status=release, org.gradle.usage=java-api} attribute org.gradle.category value {org.gradle.category=platform, org.gradle.status=release, org.gradle.usage=java-api} doesn't requested value library
2025-12-28T12:07:02.534+0800 [DEBUG] [org.gradle.internal.component.model.LoggingAttributeMatchingExplanationBuilder] Candidate {org.gradle.category=platform, org.gradle.status=release, org.gradle.usage=java-runtime} attribute org.gradle.category value {org.gradle.category=platform, org.gradle.status=release, org.gradle.usage=java-runtime} doesn't requested value library
2025-12-28T12:07:02.534+0800 [DEBUG] [org.gradle.internal.component.model.LoggingAttributeMatchingExplanationBuilder] Candidate {org.gradle.category=enforced-platform, org.gradle.status=release, org.gradle.usage=java-api} attribute org.gradle.category value {org.gradle.category=enforced-platform, org.gradle.status=release, org.gradle.usage=java-api} doesn't requested value library
2025-12-28T12:07:02.535+0800 [DEBUG] [org.gradle.internal.component.model.LoggingAttributeMatchingExplanationBuilder] Candidate {org.gradle.category=enforced-platform, org.gradle.status=release, org.gradle.usage=java-runtime} attribute org.gradle.category value {org.gradle.category=enforced-platform, org.gradle.status=release, org.gradle.usage=java-runtime} doesn't requested value library
2025-12-28T12:07:02.536+0800 [DEBUG] [org.gradle.api.internal.attributes.matching.DefaultAttributeMatcher] Selected matches [0] from candidates [{org.gradle.category=library, org.gradle.libraryelements=jar, org.gradle.status=release, org.gradle.usage=java-api}, {org.gradle.category=library, org.gradle.libraryelements=jar, org.gradle.status=release, org.gradle.usage=java-runtime}, {org.gradle.category=documentation, org.gradle.dependency.bundling=external, org.gradle.docstype=sources, org.gradle.status=release, org.gradle.usage=java-runtime}, {org.gradle.category=documentation, org.gradle.dependency.bundling=external, org.gradle.docstype=javadoc, org.gradle.status=release, org.gradle.usage=java-runtime}, {org.gradle.category=platform, org.gradle.status=release, org.gradle.usage=java-api}, {org.gradle.category=platform, org.gradle.status=release, org.gradle.usage=java-runtime}, {org.gradle.category=enforced-platform, org.gradle.status=release, org.gradle.usage=java-api}, {org.gradle.category=enforced-platform, org.gradle.status=release, org.gradle.usage=java-runtime}] for {org.gradle.category=library, org.gradle.dependency.bundling=external, org.gradle.jvm.environment=standard-jvm, org.gradle.jvm.version=17, org.gradle.libraryelements=classes, org.gradle.usage=java-api}
2025-12-28T12:07:02.536+0800 [DEBUG] [org.gradle.api.internal.artifacts.ivyservice.resolveengine.graph.builder.DependencyGraphBuilder] Visiting configuration net.minecraftforge:forge:1.20.1-47.4.10_mapped_official_1.20.1(compile).
2025-12-28T12:07:02.539+0800 [DEBUG] [org.gradle.api.internal.artifacts.ivyservice.ivyresolve.RepositoryChainComponentMetaDataResolver] Attempting to resolve component for net.minecraft:client:1.20.1 using repositories [BUNDELED_-79667784, maven, BUNDELED_-444689664, maven2, MavenRepo]
2025-12-28T12:07:02.539+0800 [DEBUG] [org.gradle.api.internal.artifacts.ivyservice.ivyresolve.CachingModuleComponentRepository] Detected non-existence of module 'net.minecraft:client:1.20.1' in resolver cache 'maven'
2025-12-28T12:07:02.540+0800 [DEBUG] [org.gradle.api.internal.artifacts.ivyservice.ivyresolve.CachingModuleComponentRepository] Using cached module metadata for module 'net.minecraft:client:1.20.1' in 'BUNDELED_-444689664'
2025-12-28T12:07:02.540+0800 [DEBUG] [org.gradle.api.internal.artifacts.ivyservice.ivyresolve.RepositoryChainComponentMetaDataResolver] Using net.minecraft:client:1.20.1 from org.gradle.api.internal.artifacts.ivyservice.ivyresolve.FilteredModuleComponentRepository@287841e9
2025-12-28T12:07:02.540+0800 [DEBUG] [org.gradle.api.internal.artifacts.ivyservice.ivyresolve.RepositoryChainComponentMetaDataResolver] Attempting to resolve component for com.google.code.findbugs:jsr305:3.0.2 using repositories [BUNDELED_-79667784, maven, BUNDELED_-444689664, maven2, MavenRepo]
2025-12-28T12:07:02.540+0800 [DEBUG] [org.gradle.api.internal.artifacts.ivyservice.ivyresolve.CachingModuleComponentRepository] Using cached module metadata for module 'com.google.code.findbugs:jsr305:3.0.2' in 'maven'
2025-12-28T12:07:02.541+0800 [DEBUG] [org.gradle.api.internal.artifacts.ivyservice.ivyresolve.RepositoryChainComponentMetaDataResolver] Using com.google.code.findbugs:jsr305:3.0.2 from org.gradle.api.internal.artifacts.ivyservice.ivyresolve.FilteredModuleComponentRepository@62415462
2025-12-28T12:07:02.541+0800 [DEBUG] [org.gradle.api.internal.artifacts.ivyservice.ivyresolve.RepositoryChainComponentMetaDataResolver] Attempting to resolve component for ca.weblite:java-objc-bridge:1.1 using repositories [BUNDELED_-79667784, maven, BUNDELED_-444689664, maven2, MavenRepo]
2025-12-28T12:07:02.541+0800 [DEBUG] [org.gradle.api.internal.artifacts.ivyservice.ivyresolve.CachingModuleComponentRepository] Using cached module metadata for module 'ca.weblite:java-objc-bridge:1.1' in 'maven'
2025-12-28T12:07:02.541+0800 [DEBUG] [org.gradle.api.internal.artifacts.ivyservice.ivyresolve.RepositoryChainComponentMetaDataResolver] Using ca.weblite:java-objc-bridge:1.1 from org.gradle.api.internal.artifacts.ivyservice.ivyresolve.FilteredModuleComponentRepository@62415462
2025-12-28T12:07:02.542+0800 [DEBUG] [org.gradle.api.internal.artifacts.ivyservice.ivyresolve.RepositoryChainComponentMetaDataResolver] Attempting to resolve component for net.minecraftforge:mergetool:1.1.5 using repositories [BUNDELED_-79667784, maven, BUNDELED_-444689664, maven2, MavenRepo]
2025-12-28T12:07:02.546+0800 [DEBUG] [org.gradle.api.internal.artifacts.ivyservice.ivyresolve.CachingModuleComponentRepository] Using cached module metadata for module 'net.minecraftforge:mergetool:1.1.5' in 'maven'
2025-12-28T12:07:02.546+0800 [DEBUG] [org.gradle.api.internal.artifacts.ivyservice.ivyresolve.RepositoryChainComponentMetaDataResolver] Using net.minecraftforge:mergetool:1.1.5 from org.gradle.api.internal.artifacts.ivyservice.ivyresolve.FilteredModuleComponentRepository@62415462
2025-12-28T12:07:02.547+0800 [DEBUG] [org.gradle.internal.component.model.LoggingAttributeMatchingExplanationBuilder] Candidate {org.gradle.category=library, org.gradle.dependency.bundling=external, org.gradle.jvm.version=8, org.gradle.libraryelements=jar, org.gradle.status=release, org.gradle.usage=java-api} doesn't have attribute org.gradle.jvm.environment
2025-12-28T12:07:02.547+0800 [DEBUG] [org.gradle.internal.component.model.LoggingAttributeMatchingExplanationBuilder] Candidate {org.gradle.category=library, org.gradle.dependency.bundling=external, org.gradle.jvm.version=8, org.gradle.libraryelements=jar, org.gradle.status=release, org.gradle.usage=java-runtime} doesn't have attribute org.gradle.jvm.environment
2025-12-28T12:07:02.547+0800 [DEBUG] [org.gradle.internal.component.model.LoggingAttributeMatchingExplanationBuilder] Candidate {org.gradle.category=library, org.gradle.dependency.bundling=shadowed, org.gradle.libraryelements=jar, org.gradle.status=release, org.gradle.usage=java-runtime} doesn't have attribute org.gradle.jvm.environment
2025-12-28T12:07:02.547+0800 [DEBUG] [org.gradle.internal.component.model.LoggingAttributeMatchingExplanationBuilder] Candidate {org.gradle.category=library, org.gradle.dependency.bundling=shadowed, org.gradle.libraryelements=jar, org.gradle.status=release, org.gradle.usage=java-runtime} doesn't have attribute org.gradle.jvm.version
2025-12-28T12:07:02.547+0800 [DEBUG] [org.gradle.internal.component.model.LoggingAttributeMatchingExplanationBuilder] Candidate {org.gradle.category=documentation, org.gradle.dependency.bundling=external, org.gradle.docstype=sources, org.gradle.status=release, org.gradle.usage=java-runtime} attribute org.gradle.category value {org.gradle.category=documentation} doesn't requested value library
2025-12-28T12:07:02.547+0800 [DEBUG] [org.gradle.api.internal.attributes.matching.DefaultAttributeMatcher] Selected matches [0] from candidates [{org.gradle.category=library, org.gradle.dependency.bundling=external, org.gradle.jvm.version=8, org.gradle.libraryelements=jar, org.gradle.status=release, org.gradle.usage=java-api}, {org.gradle.category=library, org.gradle.dependency.bundling=external, org.gradle.jvm.version=8, org.gradle.libraryelements=jar, org.gradle.status=release, org.gradle.usage=java-runtime}, {org.gradle.category=library, org.gradle.dependency.bundling=shadowed, org.gradle.libraryelements=jar, org.gradle.status=release, org.gradle.usage=java-runtime}, {org.gradle.category=documentation, org.gradle.dependency.bundling=external, org.gradle.docstype=sources, org.gradle.status=release, org.gradle.usage=java-runtime}] for {org.gradle.category=library, org.gradle.dependency.bundling=external, org.gradle.jvm.environment=standard-jvm, org.gradle.jvm.version=17, org.gradle.libraryelements=classes, org.gradle.usage=java-api}
2025-12-28T12:07:02.548+0800 [DEBUG] [org.gradle.api.internal.artifacts.ivyservice.ivyresolve.RepositoryChainComponentMetaDataResolver] Attempting to resolve component for org.jetbrains:annotations:24.0.1 using repositories [BUNDELED_-79667784, maven, BUNDELED_-444689664, maven2, MavenRepo]
2025-12-28T12:07:02.548+0800 [DEBUG] [org.gradle.api.internal.artifacts.ivyservice.ivyresolve.CachingModuleComponentRepository] Using cached module metadata for module 'org.jetbrains:annotations:24.0.1' in 'maven'
2025-12-28T12:07:02.548+0800 [DEBUG] [org.gradle.api.internal.artifacts.ivyservice.ivyresolve.RepositoryChainComponentMetaDataResolver] Using org.jetbrains:annotations:24.0.1 from org.gradle.api.internal.artifacts.ivyservice.ivyresolve.FilteredModuleComponentRepository@62415462
2025-12-28T12:07:02.549+0800 [DEBUG] [org.gradle.api.internal.artifacts.ivyservice.ivyresolve.RepositoryChainComponentMetaDataResolver] Attempting to resolve component for cpw.mods:securejarhandler:2.1.10 using repositories [BUNDELED_-79667784, maven, BUNDELED_-444689664, maven2, MavenRepo]
2025-12-28T12:07:02.549+0800 [DEBUG] [org.gradle.api.internal.artifacts.ivyservice.ivyresolve.CachingModuleComponentRepository] Using cached module metadata for module 'cpw.mods:securejarhandler:2.1.10' in 'maven'
2025-12-28T12:07:02.549+0800 [DEBUG] [org.gradle.api.internal.artifacts.ivyservice.ivyresolve.RepositoryChainComponentMetaDataResolver] Using cpw.mods:securejarhandler:2.1.10 from org.gradle.api.internal.artifacts.ivyservice.ivyresolve.FilteredModuleComponentRepository@62415462
2025-12-28T12:07:02.549+0800 [DEBUG] [org.gradle.internal.component.model.LoggingAttributeMatchingExplanationBuilder] Candidate {org.gradle.category=library, org.gradle.dependency.bundling=external, org.gradle.jvm.version=16, org.gradle.libraryelements=jar, org.gradle.status=release, org.gradle.usage=java-api} doesn't have attribute org.gradle.jvm.environment
2025-12-28T12:07:02.550+0800 [DEBUG] [org.gradle.internal.component.model.LoggingAttributeMatchingExplanationBuilder] Candidate {org.gradle.category=library, org.gradle.dependency.bundling=external, org.gradle.jvm.version=16, org.gradle.libraryelements=jar, org.gradle.status=release, org.gradle.usage=java-runtime} doesn't have attribute org.gradle.jvm.environment
2025-12-28T12:07:02.550+0800 [DEBUG] [org.gradle.api.internal.attributes.matching.DefaultAttributeMatcher] Selected matches [0] from candidates [{org.gradle.category=library, org.gradle.dependency.bundling=external, org.gradle.jvm.version=16, org.gradle.libraryelements=jar, org.gradle.status=release, org.gradle.usage=java-api}, {org.gradle.category=library, org.gradle.dependency.bundling=external, org.gradle.jvm.version=16, org.gradle.libraryelements=jar, org.gradle.status=release, org.gradle.usage=java-runtime}] for {org.gradle.category=library, org.gradle.dependency.bundling=external, org.gradle.jvm.environment=standard-jvm, org.gradle.jvm.version=17, org.gradle.libraryelements=classes, org.gradle.usage=java-api}
2025-12-28T12:07:02.550+0800 [DEBUG] [org.gradle.api.internal.artifacts.ivyservice.ivyresolve.RepositoryChainComponentMetaDataResolver] Attempting to resolve component for org.ow2.asm:asm:9.8 using repositories [BUNDELED_-79667784, maven, BUNDELED_-444689664, maven2, MavenRepo]
2025-12-28T12:07:02.551+0800 [DEBUG] [org.gradle.api.internal.artifacts.ivyservice.ivyresolve.CachingModuleComponentRepository] Using cached module metadata for module 'org.ow2.asm:asm:9.8' in 'maven'
2025-12-28T12:07:02.551+0800 [DEBUG] [org.gradle.api.internal.artifacts.ivyservice.ivyresolve.RepositoryChainComponentMetaDataResolver] Using org.ow2.asm:asm:9.8 from org.gradle.api.internal.artifacts.ivyservice.ivyresolve.FilteredModuleComponentRepository@62415462
2025-12-28T12:07:02.551+0800 [DEBUG] [org.gradle.api.internal.artifacts.ivyservice.ivyresolve.RepositoryChainComponentMetaDataResolver] Attempting to resolve component for org.ow2.asm:asm-commons:9.8 using repositories [BUNDELED_-79667784, maven, BUNDELED_-444689664, maven2, MavenRepo]
2025-12-28T12:07:02.551+0800 [DEBUG] [org.gradle.api.internal.artifacts.ivyservice.ivyresolve.CachingModuleComponentRepository] Using cached module metadata for module 'org.ow2.asm:asm-commons:9.8' in 'maven'
2025-12-28T12:07:02.552+0800 [DEBUG] [org.gradle.api.internal.artifacts.ivyservice.ivyresolve.RepositoryChainComponentMetaDataResolver] Using org.ow2.asm:asm-commons:9.8 from org.gradle.api.internal.artifacts.ivyservice.ivyresolve.FilteredModuleComponentRepository@62415462
2025-12-28T12:07:02.552+0800 [DEBUG] [org.gradle.api.internal.artifacts.ivyservice.ivyresolve.RepositoryChainComponentMetaDataResolver] Attempting to resolve component for org.ow2.asm:asm-tree:9.8 using repositories [BUNDELED_-79667784, maven, BUNDELED_-444689664, maven2, MavenRepo]
2025-12-28T12:07:02.552+0800 [DEBUG] [org.gradle.api.internal.artifacts.ivyservice.ivyresolve.CachingModuleComponentRepository] Using cached module metadata for module 'org.ow2.asm:asm-tree:9.8' in 'maven'
2025-12-28T12:07:02.552+0800 [DEBUG] [org.gradle.api.internal.artifacts.ivyservice.ivyresolve.RepositoryChainComponentMetaDataResolver] Using org.ow2.asm:asm-tree:9.8 from org.gradle.api.internal.artifacts.ivyservice.ivyresolve.FilteredModuleComponentRepository@62415462
2025-12-28T12:07:02.553+0800 [DEBUG] [org.gradle.api.internal.artifacts.ivyservice.ivyresolve.RepositoryChainComponentMetaDataResolver] Attempting to resolve component for org.ow2.asm:asm-util:9.8 using repositories [BUNDELED_-79667784, maven, BUNDELED_-444689664, maven2, MavenRepo]
2025-12-28T12:07:02.553+0800 [DEBUG] [org.gradle.api.internal.artifacts.ivyservice.ivyresolve.CachingModuleComponentRepository] Using cached module metadata for module 'org.ow2.asm:asm-util:9.8' in 'maven'
2025-12-28T12:07:02.553+0800 [DEBUG] [org.gradle.api.internal.artifacts.ivyservice.ivyresolve.RepositoryChainComponentMetaDataResolver] Using org.ow2.asm:asm-util:9.8 from org.gradle.api.internal.artifacts.ivyservice.ivyresolve.FilteredModuleComponentRepository@62415462
2025-12-28T12:07:02.554+0800 [DEBUG] [org.gradle.api.internal.artifacts.ivyservice.ivyresolve.RepositoryChainComponentMetaDataResolver] Attempting to resolve component for org.ow2.asm:asm-analysis:9.8 using repositories [BUNDELED_-79667784, maven, BUNDELED_-444689664, maven2, MavenRepo]
2025-12-28T12:07:02.554+0800 [DEBUG] [org.gradle.api.internal.artifacts.ivyservice.ivyresolve.CachingModuleComponentRepository] Using cached module metadata for module 'org.ow2.asm:asm-analysis:9.8' in 'maven'
2025-12-28T12:07:02.554+0800 [DEBUG] [org.gradle.api.internal.artifacts.ivyservice.ivyresolve.RepositoryChainComponentMetaDataResolver] Using org.ow2.asm:asm-analysis:9.8 from org.gradle.api.internal.artifacts.ivyservice.ivyresolve.FilteredModuleComponentRepository@62415462
2025-12-28T12:07:02.555+0800 [DEBUG] [org.gradle.api.internal.artifacts.ivyservice.ivyresolve.RepositoryChainComponentMetaDataResolver] Attempting to resolve component for net.minecraftforge:accesstransformers:8.0.4 using repositories [BUNDELED_-79667784, maven, BUNDELED_-444689664, maven2, MavenRepo]
2025-12-28T12:07:02.555+0800 [DEBUG] [org.gradle.api.internal.artifacts.ivyservice.ivyresolve.CachingModuleComponentRepository] Using cached module metadata for module 'net.minecraftforge:accesstransformers:8.0.4' in 'maven'
2025-12-28T12:07:02.555+0800 [DEBUG] [org.gradle.api.internal.artifacts.ivyservice.ivyresolve.RepositoryChainComponentMetaDataResolver] Using net.minecraftforge:accesstransformers:8.0.4 from org.gradle.api.internal.artifacts.ivyservice.ivyresolve.FilteredModuleComponentRepository@62415462
2025-12-28T12:07:02.556+0800 [DEBUG] [org.gradle.internal.component.model.LoggingAttributeMatchingExplanationBuilder] Candidate {org.gradle.category=library, org.gradle.dependency.bundling=external, org.gradle.jvm.version=16, org.gradle.libraryelements=jar, org.gradle.status=release, org.gradle.usage=java-api} doesn't have attribute org.gradle.jvm.environment
2025-12-28T12:07:02.556+0800 [DEBUG] [org.gradle.internal.component.model.LoggingAttributeMatchingExplanationBuilder] Candidate {org.gradle.category=library, org.gradle.dependency.bundling=external, org.gradle.jvm.version=16, org.gradle.libraryelements=jar, org.gradle.status=release, org.gradle.usage=java-runtime} doesn't have attribute org.gradle.jvm.environment
2025-12-28T12:07:02.556+0800 [DEBUG] [org.gradle.internal.component.model.LoggingAttributeMatchingExplanationBuilder] Candidate {org.gradle.category=library, org.gradle.dependency.bundling=shadowed, org.gradle.libraryelements=jar, org.gradle.status=release, org.gradle.usage=java-runtime} doesn't have attribute org.gradle.jvm.environment
2025-12-28T12:07:02.556+0800 [DEBUG] [org.gradle.internal.component.model.LoggingAttributeMatchingExplanationBuilder] Candidate {org.gradle.category=library, org.gradle.dependency.bundling=shadowed, org.gradle.libraryelements=jar, org.gradle.status=release, org.gradle.usage=java-runtime} doesn't have attribute org.gradle.jvm.version
2025-12-28T12:07:02.557+0800 [DEBUG] [org.gradle.api.internal.attributes.matching.DefaultAttributeMatcher] Selected matches [0] from candidates [{org.gradle.category=library, org.gradle.dependency.bundling=external, org.gradle.jvm.version=16, org.gradle.libraryelements=jar, org.gradle.status=release, org.gradle.usage=java-api}, {org.gradle.category=library, org.gradle.dependency.bundling=external, org.gradle.jvm.version=16, org.gradle.libraryelements=jar, org.gradle.status=release, org.gradle.usage=java-runtime}, {org.gradle.category=library, org.gradle.dependency.bundling=shadowed, org.gradle.libraryelements=jar, org.gradle.status=release, org.gradle.usage=java-runtime}] for {org.gradle.category=library, org.gradle.dependency.bundling=external, org.gradle.jvm.environment=standard-jvm, org.gradle.jvm.version=17, org.gradle.libraryelements=classes, org.gradle.usage=java-api}
2025-12-28T12:07:02.557+0800 [DEBUG] [org.gradle.api.internal.artifacts.ivyservice.ivyresolve.RepositoryChainComponentMetaDataResolver] Attempting to resolve component for org.antlr:antlr4-runtime:4.9.1 using repositories [BUNDELED_-79667784, maven, BUNDELED_-444689664, maven2, MavenRepo]
2025-12-28T12:07:02.557+0800 [DEBUG] [org.gradle.api.internal.artifacts.ivyservice.ivyresolve.CachingModuleComponentRepository] Using cached module metadata for module 'org.antlr:antlr4-runtime:4.9.1' in 'maven'
2025-12-28T12:07:02.558+0800 [DEBUG] [org.gradle.api.internal.artifacts.ivyservice.ivyresolve.RepositoryChainComponentMetaDataResolver] Using org.antlr:antlr4-runtime:4.9.1 from org.gradle.api.internal.artifacts.ivyservice.ivyresolve.FilteredModuleComponentRepository@62415462
2025-12-28T12:07:02.558+0800 [DEBUG] [org.gradle.api.internal.artifacts.ivyservice.ivyresolve.RepositoryChainComponentMetaDataResolver] Attempting to resolve component for net.minecraftforge:eventbus:6.0.5 using repositories [BUNDELED_-79667784, maven, BUNDELED_-444689664, maven2, MavenRepo]
2025-12-28T12:07:02.558+0800 [DEBUG] [org.gradle.api.internal.artifacts.ivyservice.ivyresolve.CachingModuleComponentRepository] Using cached module metadata for module 'net.minecraftforge:eventbus:6.0.5' in 'maven'
2025-12-28T12:07:02.558+0800 [DEBUG] [org.gradle.api.internal.artifacts.ivyservice.ivyresolve.RepositoryChainComponentMetaDataResolver] Using net.minecraftforge:eventbus:6.0.5 from org.gradle.api.internal.artifacts.ivyservice.ivyresolve.FilteredModuleComponentRepository@62415462
2025-12-28T12:07:02.559+0800 [DEBUG] [org.gradle.internal.component.model.LoggingAttributeMatchingExplanationBuilder] Candidate {org.gradle.category=library, org.gradle.dependency.bundling=external, org.gradle.jvm.version=16, org.gradle.libraryelements=jar, org.gradle.status=release, org.gradle.usage=java-api} doesn't have attribute org.gradle.jvm.environment
2025-12-28T12:07:02.559+0800 [DEBUG] [org.gradle.internal.component.model.LoggingAttributeMatchingExplanationBuilder] Candidate {org.gradle.category=library, org.gradle.dependency.bundling=external, org.gradle.jvm.version=16, org.gradle.libraryelements=jar, org.gradle.status=release, org.gradle.usage=java-runtime} doesn't have attribute org.gradle.jvm.environment
2025-12-28T12:07:02.559+0800 [DEBUG] [org.gradle.internal.component.model.LoggingAttributeMatchingExplanationBuilder] Candidate {org.gradle.category=documentation, org.gradle.dependency.bundling=external, org.gradle.docstype=sources, org.gradle.status=release, org.gradle.usage=java-runtime} attribute org.gradle.category value {org.gradle.category=documentation} doesn't requested value library
2025-12-28T12:07:02.560+0800 [DEBUG] [org.gradle.api.internal.attributes.matching.DefaultAttributeMatcher] Selected matches [0] from candidates [{org.gradle.category=library, org.gradle.dependency.bundling=external, org.gradle.jvm.version=16, org.gradle.libraryelements=jar, org.gradle.status=release, org.gradle.usage=java-api}, {org.gradle.category=library, org.gradle.dependency.bundling=external, org.gradle.jvm.version=16, org.gradle.libraryelements=jar, org.gradle.status=release, org.gradle.usage=java-runtime}, {org.gradle.category=documentation, org.gradle.dependency.bundling=external, org.gradle.docstype=sources, org.gradle.status=release, org.gradle.usage=java-runtime}] for {org.gradle.category=library, org.gradle.dependency.bundling=external, org.gradle.jvm.environment=standard-jvm, org.gradle.jvm.version=17, org.gradle.libraryelements=classes, org.gradle.usage=java-api}
2025-12-28T12:07:02.561+0800 [DEBUG] [org.gradle.api.internal.artifacts.ivyservice.ivyresolve.RepositoryChainComponentMetaDataResolver] Attempting to resolve component for net.minecraftforge:forgespi:7.0.1 using repositories [BUNDELED_-79667784, maven, BUNDELED_-444689664, maven2, MavenRepo]
2025-12-28T12:07:02.561+0800 [DEBUG] [org.gradle.api.internal.artifacts.ivyservice.ivyresolve.CachingModuleComponentRepository] Using cached module metadata for module 'net.minecraftforge:forgespi:7.0.1' in 'maven'
2025-12-28T12:07:02.562+0800 [DEBUG] [org.gradle.api.internal.artifacts.ivyservice.ivyresolve.RepositoryChainComponentMetaDataResolver] Using net.minecraftforge:forgespi:7.0.1 from org.gradle.api.internal.artifacts.ivyservice.ivyresolve.FilteredModuleComponentRepository@62415462
2025-12-28T12:07:02.562+0800 [DEBUG] [org.gradle.internal.component.model.LoggingAttributeMatchingExplanationBuilder] Candidate {org.gradle.category=library, org.gradle.dependency.bundling=external, org.gradle.jvm.version=17, org.gradle.libraryelements=jar, org.gradle.status=release, org.gradle.usage=java-api} doesn't have attribute org.gradle.jvm.environment
2025-12-28T12:07:02.562+0800 [DEBUG] [org.gradle.internal.component.model.LoggingAttributeMatchingExplanationBuilder] Candidate {org.gradle.category=library, org.gradle.dependency.bundling=external, org.gradle.jvm.version=17, org.gradle.libraryelements=jar, org.gradle.status=release, org.gradle.usage=java-runtime} doesn't have attribute org.gradle.jvm.environment
2025-12-28T12:07:02.563+0800 [DEBUG] [org.gradle.api.internal.attributes.matching.DefaultAttributeMatcher] Selected matches [0] from candidates [{org.gradle.category=library, org.gradle.dependency.bundling=external, org.gradle.jvm.version=17, org.gradle.libraryelements=jar, org.gradle.status=release, org.gradle.usage=java-api}, {org.gradle.category=library, org.gradle.dependency.bundling=external, org.gradle.jvm.version=17, org.gradle.libraryelements=jar, org.gradle.status=release, org.gradle.usage=java-runtime}] for {org.gradle.category=library, org.gradle.dependency.bundling=external, org.gradle.jvm.environment=standard-jvm, org.gradle.jvm.version=17, org.gradle.libraryelements=classes, org.gradle.usage=java-api}
2025-12-28T12:07:02.563+0800 [DEBUG] [org.gradle.api.internal.artifacts.ivyservice.ivyresolve.RepositoryChainComponentMetaDataResolver] Attempting to resolve component for net.minecraftforge:coremods:5.2.4 using repositories [BUNDELED_-79667784, maven, BUNDELED_-444689664, maven2, MavenRepo]
2025-12-28T12:07:02.563+0800 [DEBUG] [org.gradle.api.internal.artifacts.ivyservice.ivyresolve.CachingModuleComponentRepository] Using cached module metadata for module 'net.minecraftforge:coremods:5.2.4' in 'maven'
2025-12-28T12:07:02.564+0800 [DEBUG] [org.gradle.api.internal.artifacts.ivyservice.ivyresolve.RepositoryChainComponentMetaDataResolver] Using net.minecraftforge:coremods:5.2.4 from org.gradle.api.internal.artifacts.ivyservice.ivyresolve.FilteredModuleComponentRepository@62415462
2025-12-28T12:07:02.564+0800 [DEBUG] [org.gradle.internal.component.model.LoggingAttributeMatchingExplanationBuilder] Candidate {org.gradle.category=library, org.gradle.dependency.bundling=external, org.gradle.jvm.version=17, org.gradle.libraryelements=jar, org.gradle.status=release, org.gradle.usage=java-api} doesn't have attribute org.gradle.jvm.environment
2025-12-28T12:07:02.564+0800 [DEBUG] [org.gradle.internal.component.model.LoggingAttributeMatchingExplanationBuilder] Candidate {org.gradle.category=library, org.gradle.dependency.bundling=external, org.gradle.jvm.version=17, org.gradle.libraryelements=jar, org.gradle.status=release, org.gradle.usage=java-runtime} doesn't have attribute org.gradle.jvm.environment
2025-12-28T12:07:02.564+0800 [DEBUG] [org.gradle.internal.component.model.LoggingAttributeMatchingExplanationBuilder] Candidate {org.gradle.category=documentation, org.gradle.dependency.bundling=external, org.gradle.docstype=sources, org.gradle.status=release, org.gradle.usage=java-runtime} attribute org.gradle.category value {org.gradle.category=documentation} doesn't requested value library
2025-12-28T12:07:02.565+0800 [DEBUG] [org.gradle.api.internal.attributes.matching.DefaultAttributeMatcher] Selected matches [0] from candidates [{org.gradle.category=library, org.gradle.dependency.bundling=external, org.gradle.jvm.version=17, org.gradle.libraryelements=jar, org.gradle.status=release, org.gradle.usage=java-api}, {org.gradle.category=library, org.gradle.dependency.bundling=external, org.gradle.jvm.version=17, org.gradle.libraryelements=jar, org.gradle.status=release, org.gradle.usage=java-runtime}, {org.gradle.category=documentation, org.gradle.dependency.bundling=external, org.gradle.docstype=sources, org.gradle.status=release, org.gradle.usage=java-runtime}] for {org.gradle.category=library, org.gradle.dependency.bundling=external, org.gradle.jvm.environment=standard-jvm, org.gradle.jvm.version=17, org.gradle.libraryelements=classes, org.gradle.usage=java-api}
2025-12-28T12:07:02.565+0800 [DEBUG] [org.gradle.api.internal.artifacts.ivyservice.ivyresolve.RepositoryChainComponentMetaDataResolver] Attempting to resolve component for cpw.mods:modlauncher:10.0.9 using repositories [BUNDELED_-79667784, maven, BUNDELED_-444689664, maven2, MavenRepo]
2025-12-28T12:07:02.565+0800 [DEBUG] [org.gradle.api.internal.artifacts.ivyservice.ivyresolve.CachingModuleComponentRepository] Using cached module metadata for module 'cpw.mods:modlauncher:10.0.9' in 'maven'
2025-12-28T12:07:02.566+0800 [DEBUG] [org.gradle.api.internal.artifacts.ivyservice.ivyresolve.RepositoryChainComponentMetaDataResolver] Using cpw.mods:modlauncher:10.0.9 from org.gradle.api.internal.artifacts.ivyservice.ivyresolve.FilteredModuleComponentRepository@62415462
2025-12-28T12:07:02.566+0800 [DEBUG] [org.gradle.api.internal.artifacts.ivyservice.ivyresolve.RepositoryChainComponentMetaDataResolver] Attempting to resolve component for net.minecraftforge:unsafe:0.2.0 using repositories [BUNDELED_-79667784, maven, BUNDELED_-444689664, maven2, MavenRepo]
2025-12-28T12:07:02.566+0800 [DEBUG] [org.gradle.api.internal.artifacts.ivyservice.ivyresolve.CachingModuleComponentRepository] Using cached module metadata for module 'net.minecraftforge:unsafe:0.2.0' in 'maven'
2025-12-28T12:07:02.567+0800 [DEBUG] [org.gradle.api.internal.artifacts.ivyservice.ivyresolve.RepositoryChainComponentMetaDataResolver] Using net.minecraftforge:unsafe:0.2.0 from org.gradle.api.internal.artifacts.ivyservice.ivyresolve.FilteredModuleComponentRepository@62415462
2025-12-28T12:07:02.567+0800 [DEBUG] [org.gradle.api.internal.artifacts.ivyservice.ivyresolve.RepositoryChainComponentMetaDataResolver] Attempting to resolve component for com.electronwill.night-config:core:3.6.4 using repositories [BUNDELED_-79667784, maven, BUNDELED_-444689664, maven2, MavenRepo]
2025-12-28T12:07:02.568+0800 [DEBUG] [org.gradle.api.internal.artifacts.ivyservice.ivyresolve.CachingModuleComponentRepository] Using cached module metadata for module 'com.electronwill.night-config:core:3.6.4' in 'maven'
2025-12-28T12:07:02.568+0800 [DEBUG] [org.gradle.api.internal.artifacts.ivyservice.ivyresolve.RepositoryChainComponentMetaDataResolver] Using com.electronwill.night-config:core:3.6.4 from org.gradle.api.internal.artifacts.ivyservice.ivyresolve.FilteredModuleComponentRepository@62415462
2025-12-28T12:07:02.568+0800 [DEBUG] [org.gradle.api.internal.artifacts.ivyservice.ivyresolve.RepositoryChainComponentMetaDataResolver] Attempting to resolve component for com.electronwill.night-config:toml:3.6.4 using repositories [BUNDELED_-79667784, maven, BUNDELED_-444689664, maven2, MavenRepo]
2025-12-28T12:07:02.569+0800 [DEBUG] [org.gradle.api.internal.artifacts.ivyservice.ivyresolve.CachingModuleComponentRepository] Using cached module metadata for module 'com.electronwill.night-config:toml:3.6.4' in 'maven'
2025-12-28T12:07:02.569+0800 [DEBUG] [org.gradle.api.internal.artifacts.ivyservice.ivyresolve.RepositoryChainComponentMetaDataResolver] Using com.electronwill.night-config:toml:3.6.4 from org.gradle.api.internal.artifacts.ivyservice.ivyresolve.FilteredModuleComponentRepository@62415462
2025-12-28T12:07:02.569+0800 [DEBUG] [org.gradle.api.internal.artifacts.ivyservice.ivyresolve.RepositoryChainComponentMetaDataResolver] Attempting to resolve component for org.apache.maven:maven-artifact:3.8.5 using repositories [BUNDELED_-79667784, maven, BUNDELED_-444689664, maven2, MavenRepo]
2025-12-28T12:07:02.569+0800 [DEBUG] [org.gradle.api.internal.artifacts.ivyservice.ivyresolve.CachingModuleComponentRepository] Using cached module metadata for module 'org.apache.maven:maven-artifact:3.8.5' in 'maven'
2025-12-28T12:07:02.570+0800 [DEBUG] [org.gradle.api.internal.artifacts.ivyservice.ivyresolve.RepositoryChainComponentMetaDataResolver] Using org.apache.maven:maven-artifact:3.8.5 from org.gradle.api.internal.artifacts.ivyservice.ivyresolve.FilteredModuleComponentRepository@62415462
2025-12-28T12:07:02.570+0800 [DEBUG] [org.gradle.api.internal.artifacts.ivyservice.ivyresolve.RepositoryChainComponentMetaDataResolver] Attempting to resolve component for net.jodah:typetools:0.6.3 using repositories [BUNDELED_-79667784, maven, BUNDELED_-444689664, maven2, MavenRepo]
2025-12-28T12:07:02.570+0800 [DEBUG] [org.gradle.api.internal.artifacts.ivyservice.ivyresolve.CachingModuleComponentRepository] Using cached module metadata for module 'net.jodah:typetools:0.6.3' in 'maven'
2025-12-28T12:07:02.571+0800 [DEBUG] [org.gradle.api.internal.artifacts.ivyservice.ivyresolve.RepositoryChainComponentMetaDataResolver] Using net.jodah:typetools:0.6.3 from org.gradle.api.internal.artifacts.ivyservice.ivyresolve.FilteredModuleComponentRepository@62415462
2025-12-28T12:07:02.571+0800 [DEBUG] [org.gradle.api.internal.artifacts.ivyservice.ivyresolve.RepositoryChainComponentMetaDataResolver] Attempting to resolve component for net.minecrell:terminalconsoleappender:1.2.0 using repositories [BUNDELED_-79667784, maven, BUNDELED_-444689664, maven2, MavenRepo]
2025-12-28T12:07:02.571+0800 [DEBUG] [org.gradle.api.internal.artifacts.ivyservice.ivyresolve.CachingModuleComponentRepository] Using cached module metadata for module 'net.minecrell:terminalconsoleappender:1.2.0' in 'maven'
2025-12-28T12:07:02.572+0800 [DEBUG] [org.gradle.api.internal.artifacts.ivyservice.ivyresolve.RepositoryChainComponentMetaDataResolver] Using net.minecrell:terminalconsoleappender:1.2.0 from org.gradle.api.internal.artifacts.ivyservice.ivyresolve.FilteredModuleComponentRepository@62415462
2025-12-28T12:07:02.572+0800 [DEBUG] [org.gradle.api.internal.artifacts.ivyservice.ivyresolve.RepositoryChainComponentMetaDataResolver] Attempting to resolve component for org.jline:jline-reader:3.12.1 using repositories [BUNDELED_-79667784, maven, BUNDELED_-444689664, maven2, MavenRepo]
2025-12-28T12:07:02.572+0800 [DEBUG] [org.gradle.api.internal.artifacts.ivyservice.ivyresolve.CachingModuleComponentRepository] Using cached module metadata for module 'org.jline:jline-reader:3.12.1' in 'maven'
2025-12-28T12:07:02.573+0800 [DEBUG] [org.gradle.api.internal.artifacts.ivyservice.ivyresolve.RepositoryChainComponentMetaDataResolver] Using org.jline:jline-reader:3.12.1 from org.gradle.api.internal.artifacts.ivyservice.ivyresolve.FilteredModuleComponentRepository@62415462
2025-12-28T12:07:02.573+0800 [DEBUG] [org.gradle.api.internal.artifacts.ivyservice.ivyresolve.RepositoryChainComponentMetaDataResolver] Attempting to resolve component for org.jline:jline-terminal:3.12.1 using repositories [BUNDELED_-79667784, maven, BUNDELED_-444689664, maven2, MavenRepo]
2025-12-28T12:07:02.573+0800 [DEBUG] [org.gradle.api.internal.artifacts.ivyservice.ivyresolve.CachingModuleComponentRepository] Using cached module metadata for module 'org.jline:jline-terminal:3.12.1' in 'maven'
2025-12-28T12:07:02.573+0800 [DEBUG] [org.gradle.api.internal.artifacts.ivyservice.ivyresolve.RepositoryChainComponentMetaDataResolver] Using org.jline:jline-terminal:3.12.1 from org.gradle.api.internal.artifacts.ivyservice.ivyresolve.FilteredModuleComponentRepository@62415462
2025-12-28T12:07:02.574+0800 [DEBUG] [org.gradle.api.internal.artifacts.ivyservice.ivyresolve.RepositoryChainComponentMetaDataResolver] Attempting to resolve component for org.spongepowered:mixin:0.8.5 using repositories [BUNDELED_-79667784, maven, BUNDELED_-444689664, maven2, MavenRepo]
2025-12-28T12:07:02.574+0800 [DEBUG] [org.gradle.api.internal.artifacts.ivyservice.ivyresolve.CachingModuleComponentRepository] Using cached module metadata for module 'org.spongepowered:mixin:0.8.5' in 'maven'
2025-12-28T12:07:02.574+0800 [DEBUG] [org.gradle.api.internal.artifacts.ivyservice.ivyresolve.RepositoryChainComponentMetaDataResolver] Using org.spongepowered:mixin:0.8.5 from org.gradle.api.internal.artifacts.ivyservice.ivyresolve.FilteredModuleComponentRepository@62415462
2025-12-28T12:07:02.574+0800 [DEBUG] [org.gradle.api.internal.artifacts.ivyservice.ivyresolve.RepositoryChainComponentMetaDataResolver] Attempting to resolve component for org.openjdk.nashorn:nashorn-core:15.4 using repositories [BUNDELED_-79667784, maven, BUNDELED_-444689664, maven2, MavenRepo]
2025-12-28T12:07:02.575+0800 [DEBUG] [org.gradle.api.internal.artifacts.ivyservice.ivyresolve.CachingModuleComponentRepository] Using cached module metadata for module 'org.openjdk.nashorn:nashorn-core:15.4' in 'maven'
2025-12-28T12:07:02.575+0800 [DEBUG] [org.gradle.api.internal.artifacts.ivyservice.ivyresolve.RepositoryChainComponentMetaDataResolver] Using org.openjdk.nashorn:nashorn-core:15.4 from org.gradle.api.internal.artifacts.ivyservice.ivyresolve.FilteredModuleComponentRepository@62415462
2025-12-28T12:07:02.575+0800 [DEBUG] [org.gradle.api.internal.artifacts.ivyservice.ivyresolve.RepositoryChainComponentMetaDataResolver] Attempting to resolve component for net.minecraftforge:JarJarSelector:0.3.19 using repositories [BUNDELED_-79667784, maven, BUNDELED_-444689664, maven2, MavenRepo]
2025-12-28T12:07:02.576+0800 [DEBUG] [org.gradle.api.internal.artifacts.ivyservice.ivyresolve.CachingModuleComponentRepository] Using cached module metadata for module 'net.minecraftforge:JarJarSelector:0.3.19' in 'maven'
2025-12-28T12:07:02.576+0800 [DEBUG] [org.gradle.api.internal.artifacts.ivyservice.ivyresolve.RepositoryChainComponentMetaDataResolver] Using net.minecraftforge:JarJarSelector:0.3.19 from org.gradle.api.internal.artifacts.ivyservice.ivyresolve.FilteredModuleComponentRepository@62415462
2025-12-28T12:07:02.576+0800 [DEBUG] [org.gradle.internal.component.model.LoggingAttributeMatchingExplanationBuilder] Candidate {org.gradle.category=library, org.gradle.dependency.bundling=external, org.gradle.jvm.version=8, org.gradle.libraryelements=jar, org.gradle.status=release, org.gradle.usage=java-api} doesn't have attribute org.gradle.jvm.environment
2025-12-28T12:07:02.576+0800 [DEBUG] [org.gradle.internal.component.model.LoggingAttributeMatchingExplanationBuilder] Candidate {org.gradle.category=library, org.gradle.dependency.bundling=external, org.gradle.jvm.version=8, org.gradle.libraryelements=jar, org.gradle.status=release, org.gradle.usage=java-runtime} doesn't have attribute org.gradle.jvm.environment
2025-12-28T12:07:02.576+0800 [DEBUG] [org.gradle.internal.component.model.LoggingAttributeMatchingExplanationBuilder] Candidate {org.gradle.category=documentation, org.gradle.dependency.bundling=external, org.gradle.docstype=sources, org.gradle.status=release, org.gradle.usage=java-runtime} attribute org.gradle.category value {org.gradle.category=documentation} doesn't requested value library
2025-12-28T12:07:02.577+0800 [DEBUG] [org.gradle.api.internal.attributes.matching.DefaultAttributeMatcher] Selected matches [0] from candidates [{org.gradle.category=library, org.gradle.dependency.bundling=external, org.gradle.jvm.version=8, org.gradle.libraryelements=jar, org.gradle.status=release, org.gradle.usage=java-api}, {org.gradle.category=library, org.gradle.dependency.bundling=external, org.gradle.jvm.version=8, org.gradle.libraryelements=jar, org.gradle.status=release, org.gradle.usage=java-runtime}, {org.gradle.category=documentation, org.gradle.dependency.bundling=external, org.gradle.docstype=sources, org.gradle.status=release, org.gradle.usage=java-runtime}] for {org.gradle.category=library, org.gradle.dependency.bundling=external, org.gradle.jvm.environment=standard-jvm, org.gradle.jvm.version=17, org.gradle.libraryelements=classes, org.gradle.usage=java-api}
2025-12-28T12:07:02.577+0800 [DEBUG] [org.gradle.api.internal.artifacts.ivyservice.ivyresolve.RepositoryChainComponentMetaDataResolver] Attempting to resolve component for net.minecraftforge:JarJarMetadata:0.3.19 using repositories [BUNDELED_-79667784, maven, BUNDELED_-444689664, maven2, MavenRepo]
2025-12-28T12:07:02.577+0800 [DEBUG] [org.gradle.api.internal.artifacts.ivyservice.ivyresolve.CachingModuleComponentRepository] Using cached module metadata for module 'net.minecraftforge:JarJarMetadata:0.3.19' in 'maven'
2025-12-28T12:07:02.577+0800 [DEBUG] [org.gradle.api.internal.artifacts.ivyservice.ivyresolve.RepositoryChainComponentMetaDataResolver] Using net.minecraftforge:JarJarMetadata:0.3.19 from org.gradle.api.internal.artifacts.ivyservice.ivyresolve.FilteredModuleComponentRepository@62415462
2025-12-28T12:07:02.578+0800 [DEBUG] [org.gradle.api.internal.artifacts.ivyservice.ivyresolve.RepositoryChainComponentMetaDataResolver] Attempting to resolve component for cpw.mods:bootstraplauncher:1.1.2 using repositories [BUNDELED_-79667784, maven, BUNDELED_-444689664, maven2, MavenRepo]
2025-12-28T12:07:02.578+0800 [DEBUG] [org.gradle.api.internal.artifacts.ivyservice.ivyresolve.CachingModuleComponentRepository] Using cached module metadata for module 'cpw.mods:bootstraplauncher:1.1.2' in 'maven'
2025-12-28T12:07:02.578+0800 [DEBUG] [org.gradle.api.internal.artifacts.ivyservice.ivyresolve.RepositoryChainComponentMetaDataResolver] Using cpw.mods:bootstraplauncher:1.1.2 from org.gradle.api.internal.artifacts.ivyservice.ivyresolve.FilteredModuleComponentRepository@62415462
2025-12-28T12:07:02.578+0800 [DEBUG] [org.gradle.api.internal.artifacts.ivyservice.ivyresolve.RepositoryChainComponentMetaDataResolver] Attempting to resolve component for net.minecraftforge:JarJarFileSystems:0.3.19 using repositories [BUNDELED_-79667784, maven, BUNDELED_-444689664, maven2, MavenRepo]
2025-12-28T12:07:02.579+0800 [DEBUG] [org.gradle.api.internal.artifacts.ivyservice.ivyresolve.CachingModuleComponentRepository] Using cached module metadata for module 'net.minecraftforge:JarJarFileSystems:0.3.19' in 'maven'
2025-12-28T12:07:02.579+0800 [DEBUG] [org.gradle.api.internal.artifacts.ivyservice.ivyresolve.RepositoryChainComponentMetaDataResolver] Using net.minecraftforge:JarJarFileSystems:0.3.19 from org.gradle.api.internal.artifacts.ivyservice.ivyresolve.FilteredModuleComponentRepository@62415462
2025-12-28T12:07:02.579+0800 [DEBUG] [org.gradle.api.internal.artifacts.ivyservice.ivyresolve.RepositoryChainComponentMetaDataResolver] Attempting to resolve component for net.minecraftforge:fmlcore:1.20.1-47.4.10 using repositories [BUNDELED_-79667784, maven, BUNDELED_-444689664, maven2, MavenRepo]
2025-12-28T12:07:02.579+0800 [DEBUG] [org.gradle.api.internal.artifacts.ivyservice.ivyresolve.CachingModuleComponentRepository] Using cached module metadata for module 'net.minecraftforge:fmlcore:1.20.1-47.4.10' in 'maven'
2025-12-28T12:07:02.580+0800 [DEBUG] [org.gradle.api.internal.artifacts.ivyservice.ivyresolve.RepositoryChainComponentMetaDataResolver] Using net.minecraftforge:fmlcore:1.20.1-47.4.10 from org.gradle.api.internal.artifacts.ivyservice.ivyresolve.FilteredModuleComponentRepository@62415462
2025-12-28T12:07:02.580+0800 [DEBUG] [org.gradle.api.internal.artifacts.ivyservice.ivyresolve.RepositoryChainComponentMetaDataResolver] Attempting to resolve component for net.minecraftforge:fmlloader:1.20.1-47.4.10 using repositories [BUNDELED_-79667784, maven, BUNDELED_-444689664, maven2, MavenRepo]
2025-12-28T12:07:02.580+0800 [DEBUG] [org.gradle.api.internal.artifacts.ivyservice.ivyresolve.CachingModuleComponentRepository] Using cached module metadata for module 'net.minecraftforge:fmlloader:1.20.1-47.4.10' in 'maven'
2025-12-28T12:07:02.580+0800 [DEBUG] [org.gradle.api.internal.artifacts.ivyservice.ivyresolve.RepositoryChainComponentMetaDataResolver] Using net.minecraftforge:fmlloader:1.20.1-47.4.10 from org.gradle.api.internal.artifacts.ivyservice.ivyresolve.FilteredModuleComponentRepository@62415462
2025-12-28T12:07:02.581+0800 [DEBUG] [org.gradle.api.internal.artifacts.ivyservice.ivyresolve.RepositoryChainComponentMetaDataResolver] Attempting to resolve component for net.minecraftforge:fmlearlydisplay:1.20.1-47.4.10 using repositories [BUNDELED_-79667784, maven, BUNDELED_-444689664, maven2, MavenRepo]
2025-12-28T12:07:02.581+0800 [DEBUG] [org.gradle.api.internal.artifacts.ivyservice.ivyresolve.CachingModuleComponentRepository] Using cached module metadata for module 'net.minecraftforge:fmlearlydisplay:1.20.1-47.4.10' in 'maven'
2025-12-28T12:07:02.581+0800 [DEBUG] [org.gradle.api.internal.artifacts.ivyservice.ivyresolve.RepositoryChainComponentMetaDataResolver] Using net.minecraftforge:fmlearlydisplay:1.20.1-47.4.10 from org.gradle.api.internal.artifacts.ivyservice.ivyresolve.FilteredModuleComponentRepository@62415462
2025-12-28T12:07:02.582+0800 [DEBUG] [org.gradle.api.internal.artifacts.ivyservice.ivyresolve.RepositoryChainComponentMetaDataResolver] Attempting to resolve component for net.minecraftforge:javafmllanguage:1.20.1-47.4.10 using repositories [BUNDELED_-79667784, maven, BUNDELED_-444689664, maven2, MavenRepo]
2025-12-28T12:07:02.582+0800 [DEBUG] [org.gradle.api.internal.artifacts.ivyservice.ivyresolve.CachingModuleComponentRepository] Using cached module metadata for module 'net.minecraftforge:javafmllanguage:1.20.1-47.4.10' in 'maven'
2025-12-28T12:07:02.582+0800 [DEBUG] [org.gradle.api.internal.artifacts.ivyservice.ivyresolve.RepositoryChainComponentMetaDataResolver] Using net.minecraftforge:javafmllanguage:1.20.1-47.4.10 from org.gradle.api.internal.artifacts.ivyservice.ivyresolve.FilteredModuleComponentRepository@62415462
2025-12-28T12:07:02.582+0800 [DEBUG] [org.gradle.api.internal.artifacts.ivyservice.ivyresolve.RepositoryChainComponentMetaDataResolver] Attempting to resolve component for net.minecraftforge:lowcodelanguage:1.20.1-47.4.10 using repositories [BUNDELED_-79667784, maven, BUNDELED_-444689664, maven2, MavenRepo]
2025-12-28T12:07:02.583+0800 [DEBUG] [org.gradle.api.internal.artifacts.ivyservice.ivyresolve.CachingModuleComponentRepository] Using cached module metadata for module 'net.minecraftforge:lowcodelanguage:1.20.1-47.4.10' in 'maven'
2025-12-28T12:07:02.583+0800 [DEBUG] [org.gradle.api.internal.artifacts.ivyservice.ivyresolve.RepositoryChainComponentMetaDataResolver] Using net.minecraftforge:lowcodelanguage:1.20.1-47.4.10 from org.gradle.api.internal.artifacts.ivyservice.ivyresolve.FilteredModuleComponentRepository@62415462
2025-12-28T12:07:02.583+0800 [DEBUG] [org.gradle.api.internal.artifacts.ivyservice.ivyresolve.RepositoryChainComponentMetaDataResolver] Attempting to resolve component for net.minecraftforge:mclanguage:1.20.1-47.4.10 using repositories [BUNDELED_-79667784, maven, BUNDELED_-444689664, maven2, MavenRepo]
2025-12-28T12:07:02.584+0800 [DEBUG] [org.gradle.api.internal.artifacts.ivyservice.ivyresolve.CachingModuleComponentRepository] Using cached module metadata for module 'net.minecraftforge:mclanguage:1.20.1-47.4.10' in 'maven'
2025-12-28T12:07:02.584+0800 [DEBUG] [org.gradle.api.internal.artifacts.ivyservice.ivyresolve.RepositoryChainComponentMetaDataResolver] Using net.minecraftforge:mclanguage:1.20.1-47.4.10 from org.gradle.api.internal.artifacts.ivyservice.ivyresolve.FilteredModuleComponentRepository@62415462
2025-12-28T12:07:02.584+0800 [DEBUG] [org.gradle.api.internal.artifacts.ivyservice.resolveengine.graph.builder.DependencyGraphBuilder] Visiting configuration net.minecraft:client:1.20.1(compile).
2025-12-28T12:07:02.587+0800 [DEBUG] [org.gradle.api.internal.artifacts.ivyservice.ivyresolve.RepositoryChainComponentMetaDataResolver] Attempting to resolve component for com.github.oshi:oshi-core:6.2.2 using repositories [BUNDELED_-79667784, maven, BUNDELED_-444689664, maven2, MavenRepo]
2025-12-28T12:07:02.587+0800 [DEBUG] [org.gradle.api.internal.artifacts.ivyservice.ivyresolve.CachingModuleComponentRepository] Using cached module metadata for module 'com.github.oshi:oshi-core:6.2.2' in 'maven'
2025-12-28T12:07:02.587+0800 [DEBUG] [org.gradle.api.internal.artifacts.ivyservice.ivyresolve.RepositoryChainComponentMetaDataResolver] Using com.github.oshi:oshi-core:6.2.2 from org.gradle.api.internal.artifacts.ivyservice.ivyresolve.FilteredModuleComponentRepository@62415462
2025-12-28T12:07:02.587+0800 [DEBUG] [org.gradle.api.internal.artifacts.ivyservice.ivyresolve.RepositoryChainComponentMetaDataResolver] Attempting to resolve component for com.google.code.gson:gson:2.10 using repositories [BUNDELED_-79667784, maven, BUNDELED_-444689664, maven2, MavenRepo]
2025-12-28T12:07:02.588+0800 [DEBUG] [org.gradle.api.internal.artifacts.ivyservice.ivyresolve.CachingModuleComponentRepository] Using cached module metadata for module 'com.google.code.gson:gson:2.10' in 'maven'
2025-12-28T12:07:02.588+0800 [DEBUG] [org.gradle.api.internal.artifacts.ivyservice.ivyresolve.RepositoryChainComponentMetaDataResolver] Using com.google.code.gson:gson:2.10 from org.gradle.api.internal.artifacts.ivyservice.ivyresolve.FilteredModuleComponentRepository@62415462
2025-12-28T12:07:02.588+0800 [DEBUG] [org.gradle.api.internal.artifacts.ivyservice.ivyresolve.RepositoryChainComponentMetaDataResolver] Attempting to resolve component for com.google.guava:failureaccess:1.0.1 using repositories [BUNDELED_-79667784, maven, BUNDELED_-444689664, maven2, MavenRepo]
2025-12-28T12:07:02.588+0800 [DEBUG] [org.gradle.api.internal.artifacts.ivyservice.ivyresolve.CachingModuleComponentRepository] Using cached module metadata for module 'com.google.guava:failureaccess:1.0.1' in 'maven'
2025-12-28T12:07:02.588+0800 [DEBUG] [org.gradle.api.internal.artifacts.ivyservice.ivyresolve.RepositoryChainComponentMetaDataResolver] Using com.google.guava:failureaccess:1.0.1 from org.gradle.api.internal.artifacts.ivyservice.ivyresolve.FilteredModuleComponentRepository@62415462
2025-12-28T12:07:02.588+0800 [DEBUG] [org.gradle.api.internal.artifacts.ivyservice.ivyresolve.RepositoryChainComponentMetaDataResolver] Attempting to resolve component for com.google.guava:guava:31.1-jre using repositories [BUNDELED_-79667784, maven, BUNDELED_-444689664, maven2, MavenRepo]
2025-12-28T12:07:02.589+0800 [DEBUG] [org.gradle.api.internal.artifacts.ivyservice.ivyresolve.CachingModuleComponentRepository] Using cached module metadata for module 'com.google.guava:guava:31.1-jre' in 'maven'
2025-12-28T12:07:02.589+0800 [DEBUG] [org.gradle.api.internal.artifacts.ivyservice.ivyresolve.RepositoryChainComponentMetaDataResolver] Using com.google.guava:guava:31.1-jre from org.gradle.api.internal.artifacts.ivyservice.ivyresolve.FilteredModuleComponentRepository@62415462
2025-12-28T12:07:02.589+0800 [DEBUG] [org.gradle.api.internal.artifacts.ivyservice.ivyresolve.RepositoryChainComponentMetaDataResolver] Attempting to resolve component for com.ibm.icu:icu4j:71.1 using repositories [BUNDELED_-79667784, maven, BUNDELED_-444689664, maven2, MavenRepo]
2025-12-28T12:07:02.589+0800 [DEBUG] [org.gradle.api.internal.artifacts.ivyservice.ivyresolve.CachingModuleComponentRepository] Using cached module metadata for module 'com.ibm.icu:icu4j:71.1' in 'maven'
2025-12-28T12:07:02.589+0800 [DEBUG] [org.gradle.api.internal.artifacts.ivyservice.ivyresolve.RepositoryChainComponentMetaDataResolver] Using com.ibm.icu:icu4j:71.1 from org.gradle.api.internal.artifacts.ivyservice.ivyresolve.FilteredModuleComponentRepository@62415462
2025-12-28T12:07:02.589+0800 [DEBUG] [org.gradle.api.internal.artifacts.ivyservice.ivyresolve.RepositoryChainComponentMetaDataResolver] Attempting to resolve component for com.mojang:authlib:4.0.43 using repositories [BUNDELED_-79667784, maven, BUNDELED_-444689664, maven2, MavenRepo]
2025-12-28T12:07:02.590+0800 [DEBUG] [org.gradle.api.internal.artifacts.ivyservice.ivyresolve.CachingModuleComponentRepository] Detected non-existence of module 'com.mojang:authlib:4.0.43' in resolver cache 'maven'
2025-12-28T12:07:02.590+0800 [DEBUG] [org.gradle.api.internal.artifacts.ivyservice.ivyresolve.CachingModuleComponentRepository] Using cached module metadata for module 'com.mojang:authlib:4.0.43' in 'maven2'
2025-12-28T12:07:02.590+0800 [DEBUG] [org.gradle.api.internal.artifacts.ivyservice.ivyresolve.CachingModuleComponentRepository] Detected non-existence of module 'com.mojang:authlib:4.0.43' in resolver cache 'MavenRepo'
2025-12-28T12:07:02.590+0800 [DEBUG] [org.gradle.api.internal.artifacts.ivyservice.ivyresolve.RepositoryChainComponentMetaDataResolver] Using com.mojang:authlib:4.0.43 from org.gradle.api.internal.artifacts.ivyservice.ivyresolve.FilteredModuleComponentRepository@594fe56e
2025-12-28T12:07:02.590+0800 [DEBUG] [org.gradle.internal.component.model.LoggingAttributeMatchingExplanationBuilder] Candidate {org.gradle.category=library, org.gradle.libraryelements=jar, org.gradle.status=integration, org.gradle.usage=java-api} doesn't have attribute org.gradle.dependency.bundling
2025-12-28T12:07:02.590+0800 [DEBUG] [org.gradle.internal.component.model.LoggingAttributeMatchingExplanationBuilder] Candidate {org.gradle.category=library, org.gradle.libraryelements=jar, org.gradle.status=integration, org.gradle.usage=java-api} doesn't have attribute org.gradle.jvm.environment
2025-12-28T12:07:02.590+0800 [DEBUG] [org.gradle.internal.component.model.LoggingAttributeMatchingExplanationBuilder] Candidate {org.gradle.category=library, org.gradle.libraryelements=jar, org.gradle.status=integration, org.gradle.usage=java-api} doesn't have attribute org.gradle.jvm.version
2025-12-28T12:07:02.591+0800 [DEBUG] [org.gradle.internal.component.model.LoggingAttributeMatchingExplanationBuilder] Candidate {org.gradle.category=library, org.gradle.libraryelements=jar, org.gradle.status=integration, org.gradle.usage=java-runtime} doesn't have attribute org.gradle.dependency.bundling
2025-12-28T12:07:02.591+0800 [DEBUG] [org.gradle.internal.component.model.LoggingAttributeMatchingExplanationBuilder] Candidate {org.gradle.category=library, org.gradle.libraryelements=jar, org.gradle.status=integration, org.gradle.usage=java-runtime} doesn't have attribute org.gradle.jvm.environment
2025-12-28T12:07:02.591+0800 [DEBUG] [org.gradle.internal.component.model.LoggingAttributeMatchingExplanationBuilder] Candidate {org.gradle.category=library, org.gradle.libraryelements=jar, org.gradle.status=integration, org.gradle.usage=java-runtime} doesn't have attribute org.gradle.jvm.version
2025-12-28T12:07:02.591+0800 [DEBUG] [org.gradle.internal.component.model.LoggingAttributeMatchingExplanationBuilder] Candidate {org.gradle.category=documentation, org.gradle.dependency.bundling=external, org.gradle.docstype=sources, org.gradle.status=integration, org.gradle.usage=java-runtime} attribute org.gradle.category value {org.gradle.category=documentation, org.gradle.status=integration} doesn't requested value library
2025-12-28T12:07:02.591+0800 [DEBUG] [org.gradle.internal.component.model.LoggingAttributeMatchingExplanationBuilder] Candidate {org.gradle.category=documentation, org.gradle.dependency.bundling=external, org.gradle.docstype=javadoc, org.gradle.status=integration, org.gradle.usage=java-runtime} attribute org.gradle.category value {org.gradle.category=documentation, org.gradle.status=integration} doesn't requested value library
2025-12-28T12:07:02.592+0800 [DEBUG] [org.gradle.internal.component.model.LoggingAttributeMatchingExplanationBuilder] Candidate {org.gradle.category=platform, org.gradle.status=integration, org.gradle.usage=java-api} attribute org.gradle.category value {org.gradle.category=platform, org.gradle.status=integration, org.gradle.usage=java-api} doesn't requested value library
2025-12-28T12:07:02.592+0800 [DEBUG] [org.gradle.internal.component.model.LoggingAttributeMatchingExplanationBuilder] Candidate {org.gradle.category=platform, org.gradle.status=integration, org.gradle.usage=java-runtime} attribute org.gradle.category value {org.gradle.category=platform, org.gradle.status=integration, org.gradle.usage=java-runtime} doesn't requested value library
2025-12-28T12:07:02.592+0800 [DEBUG] [org.gradle.internal.component.model.LoggingAttributeMatchingExplanationBuilder] Candidate {org.gradle.category=enforced-platform, org.gradle.status=integration, org.gradle.usage=java-api} attribute org.gradle.category value {org.gradle.category=enforced-platform, org.gradle.status=integration, org.gradle.usage=java-api} doesn't requested value library
2025-12-28T12:07:02.592+0800 [DEBUG] [org.gradle.internal.component.model.LoggingAttributeMatchingExplanationBuilder] Candidate {org.gradle.category=enforced-platform, org.gradle.status=integration, org.gradle.usage=java-runtime} attribute org.gradle.category value {org.gradle.category=enforced-platform, org.gradle.status=integration, org.gradle.usage=java-runtime} doesn't requested value library
2025-12-28T12:07:02.593+0800 [DEBUG] [org.gradle.api.internal.attributes.matching.DefaultAttributeMatcher] Selected matches [0] from candidates [{org.gradle.category=library, org.gradle.libraryelements=jar, org.gradle.status=integration, org.gradle.usage=java-api}, {org.gradle.category=library, org.gradle.libraryelements=jar, org.gradle.status=integration, org.gradle.usage=java-runtime}, {org.gradle.category=documentation, org.gradle.dependency.bundling=external, org.gradle.docstype=sources, org.gradle.status=integration, org.gradle.usage=java-runtime}, {org.gradle.category=documentation, org.gradle.dependency.bundling=external, org.gradle.docstype=javadoc, org.gradle.status=integration, org.gradle.usage=java-runtime}, {org.gradle.category=platform, org.gradle.status=integration, org.gradle.usage=java-api}, {org.gradle.category=platform, org.gradle.status=integration, org.gradle.usage=java-runtime}, {org.gradle.category=enforced-platform, org.gradle.status=integration, org.gradle.usage=java-api}, {org.gradle.category=enforced-platform, org.gradle.status=integration, org.gradle.usage=java-runtime}] for {org.gradle.category=library, org.gradle.dependency.bundling=external, org.gradle.jvm.environment=standard-jvm, org.gradle.jvm.version=17, org.gradle.libraryelements=classes, org.gradle.usage=java-api}
2025-12-28T12:07:02.594+0800 [DEBUG] [org.gradle.api.internal.artifacts.ivyservice.ivyresolve.RepositoryChainComponentMetaDataResolver] Attempting to resolve component for com.mojang:blocklist:1.0.10 using repositories [BUNDELED_-79667784, maven, BUNDELED_-444689664, maven2, MavenRepo]
2025-12-28T12:07:02.594+0800 [DEBUG] [org.gradle.api.internal.artifacts.ivyservice.ivyresolve.CachingModuleComponentRepository] Detected non-existence of module 'com.mojang:blocklist:1.0.10' in resolver cache 'maven'
2025-12-28T12:07:02.595+0800 [DEBUG] [org.gradle.api.internal.artifacts.ivyservice.ivyresolve.CachingModuleComponentRepository] Using cached module metadata for module 'com.mojang:blocklist:1.0.10' in 'maven2'
2025-12-28T12:07:02.595+0800 [DEBUG] [org.gradle.api.internal.artifacts.ivyservice.ivyresolve.CachingModuleComponentRepository] Detected non-existence of module 'com.mojang:blocklist:1.0.10' in resolver cache 'MavenRepo'
2025-12-28T12:07:02.596+0800 [DEBUG] [org.gradle.api.internal.artifacts.ivyservice.ivyresolve.RepositoryChainComponentMetaDataResolver] Using com.mojang:blocklist:1.0.10 from org.gradle.api.internal.artifacts.ivyservice.ivyresolve.FilteredModuleComponentRepository@594fe56e
2025-12-28T12:07:02.596+0800 [DEBUG] [org.gradle.api.internal.artifacts.ivyservice.ivyresolve.RepositoryChainComponentMetaDataResolver] Attempting to resolve component for com.mojang:brigadier:1.1.8 using repositories [BUNDELED_-79667784, maven, BUNDELED_-444689664, maven2, MavenRepo]
2025-12-28T12:07:02.597+0800 [DEBUG] [org.gradle.api.internal.artifacts.ivyservice.ivyresolve.CachingModuleComponentRepository] Detected non-existence of module 'com.mojang:brigadier:1.1.8' in resolver cache 'maven'
2025-12-28T12:07:02.598+0800 [DEBUG] [org.gradle.api.internal.artifacts.ivyservice.ivyresolve.CachingModuleComponentRepository] Using cached module metadata for module 'com.mojang:brigadier:1.1.8' in 'maven2'
2025-12-28T12:07:02.598+0800 [DEBUG] [org.gradle.api.internal.artifacts.ivyservice.ivyresolve.CachingModuleComponentRepository] Detected non-existence of module 'com.mojang:brigadier:1.1.8' in resolver cache 'MavenRepo'
2025-12-28T12:07:02.598+0800 [DEBUG] [org.gradle.api.internal.artifacts.ivyservice.ivyresolve.RepositoryChainComponentMetaDataResolver] Using com.mojang:brigadier:1.1.8 from org.gradle.api.internal.artifacts.ivyservice.ivyresolve.FilteredModuleComponentRepository@594fe56e
2025-12-28T12:07:02.598+0800 [DEBUG] [org.gradle.api.internal.artifacts.ivyservice.ivyresolve.RepositoryChainComponentMetaDataResolver] Attempting to resolve component for com.mojang:datafixerupper:6.0.8 using repositories [BUNDELED_-79667784, maven, BUNDELED_-444689664, maven2, MavenRepo]
2025-12-28T12:07:02.599+0800 [DEBUG] [org.gradle.api.internal.artifacts.ivyservice.ivyresolve.CachingModuleComponentRepository] Detected non-existence of module 'com.mojang:datafixerupper:6.0.8' in resolver cache 'maven'
2025-12-28T12:07:02.599+0800 [DEBUG] [org.gradle.api.internal.artifacts.ivyservice.ivyresolve.CachingModuleComponentRepository] Using cached module metadata for module 'com.mojang:datafixerupper:6.0.8' in 'maven2'
2025-12-28T12:07:02.599+0800 [DEBUG] [org.gradle.api.internal.artifacts.ivyservice.ivyresolve.CachingModuleComponentRepository] Detected non-existence of module 'com.mojang:datafixerupper:6.0.8' in resolver cache 'MavenRepo'
2025-12-28T12:07:02.599+0800 [DEBUG] [org.gradle.api.internal.artifacts.ivyservice.ivyresolve.RepositoryChainComponentMetaDataResolver] Using com.mojang:datafixerupper:6.0.8 from org.gradle.api.internal.artifacts.ivyservice.ivyresolve.FilteredModuleComponentRepository@594fe56e
2025-12-28T12:07:02.600+0800 [DEBUG] [org.gradle.api.internal.artifacts.ivyservice.ivyresolve.RepositoryChainComponentMetaDataResolver] Attempting to resolve component for com.mojang:logging:1.1.1 using repositories [BUNDELED_-79667784, maven, BUNDELED_-444689664, maven2, MavenRepo]
2025-12-28T12:07:02.602+0800 [DEBUG] [org.gradle.api.internal.artifacts.ivyservice.ivyresolve.CachingModuleComponentRepository] Detected non-existence of module 'com.mojang:logging:1.1.1' in resolver cache 'maven'
2025-12-28T12:07:02.602+0800 [DEBUG] [org.gradle.api.internal.artifacts.ivyservice.ivyresolve.CachingModuleComponentRepository] Using cached module metadata for module 'com.mojang:logging:1.1.1' in 'maven2'
2025-12-28T12:07:02.602+0800 [DEBUG] [org.gradle.api.internal.artifacts.ivyservice.ivyresolve.CachingModuleComponentRepository] Detected non-existence of module 'com.mojang:logging:1.1.1' in resolver cache 'MavenRepo'
2025-12-28T12:07:02.603+0800 [DEBUG] [org.gradle.api.internal.artifacts.ivyservice.ivyresolve.RepositoryChainComponentMetaDataResolver] Using com.mojang:logging:1.1.1 from org.gradle.api.internal.artifacts.ivyservice.ivyresolve.FilteredModuleComponentRepository@594fe56e
2025-12-28T12:07:02.603+0800 [DEBUG] [org.gradle.api.internal.artifacts.ivyservice.ivyresolve.RepositoryChainComponentMetaDataResolver] Attempting to resolve component for com.mojang:patchy:2.2.10 using repositories [BUNDELED_-79667784, maven, BUNDELED_-444689664, maven2, MavenRepo]
2025-12-28T12:07:02.603+0800 [DEBUG] [org.gradle.api.internal.artifacts.ivyservice.ivyresolve.CachingModuleComponentRepository] Detected non-existence of module 'com.mojang:patchy:2.2.10' in resolver cache 'maven'
2025-12-28T12:07:02.603+0800 [DEBUG] [org.gradle.api.internal.artifacts.ivyservice.ivyresolve.CachingModuleComponentRepository] Using cached module metadata for module 'com.mojang:patchy:2.2.10' in 'maven2'
2025-12-28T12:07:02.604+0800 [DEBUG] [org.gradle.api.internal.artifacts.ivyservice.ivyresolve.CachingModuleComponentRepository] Detected non-existence of module 'com.mojang:patchy:2.2.10' in resolver cache 'MavenRepo'
2025-12-28T12:07:02.604+0800 [DEBUG] [org.gradle.api.internal.artifacts.ivyservice.ivyresolve.RepositoryChainComponentMetaDataResolver] Using com.mojang:patchy:2.2.10 from org.gradle.api.internal.artifacts.ivyservice.ivyresolve.FilteredModuleComponentRepository@594fe56e
2025-12-28T12:07:02.604+0800 [DEBUG] [org.gradle.api.internal.artifacts.ivyservice.ivyresolve.RepositoryChainComponentMetaDataResolver] Attempting to resolve component for com.mojang:text2speech:1.17.9 using repositories [BUNDELED_-79667784, maven, BUNDELED_-444689664, maven2, MavenRepo]
2025-12-28T12:07:02.604+0800 [DEBUG] [org.gradle.api.internal.artifacts.ivyservice.ivyresolve.CachingModuleComponentRepository] Detected non-existence of module 'com.mojang:text2speech:1.17.9' in resolver cache 'maven'
2025-12-28T12:07:02.605+0800 [DEBUG] [org.gradle.api.internal.artifacts.ivyservice.ivyresolve.CachingModuleComponentRepository] Using cached module metadata for module 'com.mojang:text2speech:1.17.9' in 'maven2'
2025-12-28T12:07:02.605+0800 [DEBUG] [org.gradle.api.internal.artifacts.ivyservice.ivyresolve.CachingModuleComponentRepository] Detected non-existence of module 'com.mojang:text2speech:1.17.9' in resolver cache 'MavenRepo'
2025-12-28T12:07:02.605+0800 [DEBUG] [org.gradle.api.internal.artifacts.ivyservice.ivyresolve.RepositoryChainComponentMetaDataResolver] Using com.mojang:text2speech:1.17.9 from org.gradle.api.internal.artifacts.ivyservice.ivyresolve.FilteredModuleComponentRepository@594fe56e
2025-12-28T12:07:02.605+0800 [DEBUG] [org.gradle.api.internal.artifacts.ivyservice.ivyresolve.RepositoryChainComponentMetaDataResolver] Attempting to resolve component for commons-codec:commons-codec:1.15 using repositories [BUNDELED_-79667784, maven, BUNDELED_-444689664, maven2, MavenRepo]
2025-12-28T12:07:02.606+0800 [DEBUG] [org.gradle.api.internal.artifacts.ivyservice.ivyresolve.CachingModuleComponentRepository] Using cached module metadata for module 'commons-codec:commons-codec:1.15' in 'maven'
2025-12-28T12:07:02.606+0800 [DEBUG] [org.gradle.api.internal.artifacts.ivyservice.ivyresolve.RepositoryChainComponentMetaDataResolver] Using commons-codec:commons-codec:1.15 from org.gradle.api.internal.artifacts.ivyservice.ivyresolve.FilteredModuleComponentRepository@62415462
2025-12-28T12:07:02.606+0800 [DEBUG] [org.gradle.api.internal.artifacts.ivyservice.ivyresolve.RepositoryChainComponentMetaDataResolver] Attempting to resolve component for commons-io:commons-io:2.11.0 using repositories [BUNDELED_-79667784, maven, BUNDELED_-444689664, maven2, MavenRepo]
2025-12-28T12:07:02.607+0800 [DEBUG] [org.gradle.api.internal.artifacts.ivyservice.ivyresolve.CachingModuleComponentRepository] Using cached module metadata for module 'commons-io:commons-io:2.11.0' in 'maven'
2025-12-28T12:07:02.607+0800 [DEBUG] [org.gradle.api.internal.artifacts.ivyservice.ivyresolve.RepositoryChainComponentMetaDataResolver] Using commons-io:commons-io:2.11.0 from org.gradle.api.internal.artifacts.ivyservice.ivyresolve.FilteredModuleComponentRepository@62415462
2025-12-28T12:07:02.607+0800 [DEBUG] [org.gradle.api.internal.artifacts.ivyservice.ivyresolve.RepositoryChainComponentMetaDataResolver] Attempting to resolve component for commons-logging:commons-logging:1.2 using repositories [BUNDELED_-79667784, maven, BUNDELED_-444689664, maven2, MavenRepo]
2025-12-28T12:07:02.608+0800 [DEBUG] [org.gradle.api.internal.artifacts.ivyservice.ivyresolve.CachingModuleComponentRepository] Using cached module metadata for module 'commons-logging:commons-logging:1.2' in 'maven'
2025-12-28T12:07:02.608+0800 [DEBUG] [org.gradle.api.internal.artifacts.ivyservice.ivyresolve.RepositoryChainComponentMetaDataResolver] Using commons-logging:commons-logging:1.2 from org.gradle.api.internal.artifacts.ivyservice.ivyresolve.FilteredModuleComponentRepository@62415462
2025-12-28T12:07:02.609+0800 [DEBUG] [org.gradle.api.internal.artifacts.ivyservice.ivyresolve.RepositoryChainComponentMetaDataResolver] Attempting to resolve component for io.netty:netty-buffer:4.1.82.Final using repositories [BUNDELED_-79667784, maven, BUNDELED_-444689664, maven2, MavenRepo]
2025-12-28T12:07:02.610+0800 [DEBUG] [org.gradle.api.internal.artifacts.ivyservice.ivyresolve.CachingModuleComponentRepository] Using cached module metadata for module 'io.netty:netty-buffer:4.1.82.Final' in 'maven'
2025-12-28T12:07:02.610+0800 [DEBUG] [org.gradle.api.internal.artifacts.ivyservice.ivyresolve.RepositoryChainComponentMetaDataResolver] Using io.netty:netty-buffer:4.1.82.Final from org.gradle.api.internal.artifacts.ivyservice.ivyresolve.FilteredModuleComponentRepository@62415462
2025-12-28T12:07:02.612+0800 [DEBUG] [org.gradle.api.internal.artifacts.ivyservice.ivyresolve.RepositoryChainComponentMetaDataResolver] Attempting to resolve component for io.netty:netty-codec:4.1.82.Final using repositories [BUNDELED_-79667784, maven, BUNDELED_-444689664, maven2, MavenRepo]
2025-12-28T12:07:02.612+0800 [DEBUG] [org.gradle.api.internal.artifacts.ivyservice.ivyresolve.CachingModuleComponentRepository] Using cached module metadata for module 'io.netty:netty-codec:4.1.82.Final' in 'maven'
2025-12-28T12:07:02.615+0800 [DEBUG] [org.gradle.api.internal.artifacts.ivyservice.ivyresolve.RepositoryChainComponentMetaDataResolver] Using io.netty:netty-codec:4.1.82.Final from org.gradle.api.internal.artifacts.ivyservice.ivyresolve.FilteredModuleComponentRepository@62415462
2025-12-28T12:07:02.617+0800 [DEBUG] [org.gradle.api.internal.artifacts.ivyservice.ivyresolve.RepositoryChainComponentMetaDataResolver] Attempting to resolve component for io.netty:netty-common:4.1.82.Final using repositories [BUNDELED_-79667784, maven, BUNDELED_-444689664, maven2, MavenRepo]
2025-12-28T12:07:02.618+0800 [DEBUG] [org.gradle.api.internal.artifacts.ivyservice.ivyresolve.CachingModuleComponentRepository] Using cached module metadata for module 'io.netty:netty-common:4.1.82.Final' in 'maven'
2025-12-28T12:07:02.618+0800 [DEBUG] [org.gradle.api.internal.artifacts.ivyservice.ivyresolve.RepositoryChainComponentMetaDataResolver] Using io.netty:netty-common:4.1.82.Final from org.gradle.api.internal.artifacts.ivyservice.ivyresolve.FilteredModuleComponentRepository@62415462
2025-12-28T12:07:02.619+0800 [DEBUG] [org.gradle.api.internal.artifacts.ivyservice.ivyresolve.RepositoryChainComponentMetaDataResolver] Attempting to resolve component for io.netty:netty-handler:4.1.82.Final using repositories [BUNDELED_-79667784, maven, BUNDELED_-444689664, maven2, MavenRepo]
2025-12-28T12:07:02.620+0800 [DEBUG] [org.gradle.api.internal.artifacts.ivyservice.ivyresolve.CachingModuleComponentRepository] Using cached module metadata for module 'io.netty:netty-handler:4.1.82.Final' in 'maven'
2025-12-28T12:07:02.620+0800 [DEBUG] [org.gradle.api.internal.artifacts.ivyservice.ivyresolve.RepositoryChainComponentMetaDataResolver] Using io.netty:netty-handler:4.1.82.Final from org.gradle.api.internal.artifacts.ivyservice.ivyresolve.FilteredModuleComponentRepository@62415462
2025-12-28T12:07:02.621+0800 [DEBUG] [org.gradle.api.internal.artifacts.ivyservice.ivyresolve.RepositoryChainComponentMetaDataResolver] Attempting to resolve component for io.netty:netty-resolver:4.1.82.Final using repositories [BUNDELED_-79667784, maven, BUNDELED_-444689664, maven2, MavenRepo]
2025-12-28T12:07:02.621+0800 [DEBUG] [org.gradle.api.internal.artifacts.ivyservice.ivyresolve.CachingModuleComponentRepository] Using cached module metadata for module 'io.netty:netty-resolver:4.1.82.Final' in 'maven'
2025-12-28T12:07:02.621+0800 [DEBUG] [org.gradle.api.internal.artifacts.ivyservice.ivyresolve.RepositoryChainComponentMetaDataResolver] Using io.netty:netty-resolver:4.1.82.Final from org.gradle.api.internal.artifacts.ivyservice.ivyresolve.FilteredModuleComponentRepository@62415462
2025-12-28T12:07:02.622+0800 [DEBUG] [org.gradle.api.internal.artifacts.ivyservice.ivyresolve.RepositoryChainComponentMetaDataResolver] Attempting to resolve component for io.netty:netty-transport-classes-epoll:4.1.82.Final using repositories [BUNDELED_-79667784, maven, BUNDELED_-444689664, maven2, MavenRepo]
2025-12-28T12:07:02.624+0800 [DEBUG] [org.gradle.api.internal.artifacts.ivyservice.ivyresolve.CachingModuleComponentRepository] Using cached module metadata for module 'io.netty:netty-transport-classes-epoll:4.1.82.Final' in 'maven'
2025-12-28T12:07:02.624+0800 [DEBUG] [org.gradle.api.internal.artifacts.ivyservice.ivyresolve.RepositoryChainComponentMetaDataResolver] Using io.netty:netty-transport-classes-epoll:4.1.82.Final from org.gradle.api.internal.artifacts.ivyservice.ivyresolve.FilteredModuleComponentRepository@62415462
2025-12-28T12:07:02.627+0800 [DEBUG] [org.gradle.api.internal.artifacts.ivyservice.ivyresolve.RepositoryChainComponentMetaDataResolver] Attempting to resolve component for io.netty:netty-transport-native-unix-common:4.1.82.Final using repositories [BUNDELED_-79667784, maven, BUNDELED_-444689664, maven2, MavenRepo]
2025-12-28T12:07:02.628+0800 [DEBUG] [org.gradle.api.internal.artifacts.ivyservice.ivyresolve.CachingModuleComponentRepository] Using cached module metadata for module 'io.netty:netty-transport-native-unix-common:4.1.82.Final' in 'maven'
2025-12-28T12:07:02.630+0800 [DEBUG] [org.gradle.api.internal.artifacts.ivyservice.ivyresolve.RepositoryChainComponentMetaDataResolver] Using io.netty:netty-transport-native-unix-common:4.1.82.Final from org.gradle.api.internal.artifacts.ivyservice.ivyresolve.FilteredModuleComponentRepository@62415462
2025-12-28T12:07:02.633+0800 [DEBUG] [org.gradle.api.internal.artifacts.ivyservice.ivyresolve.RepositoryChainComponentMetaDataResolver] Attempting to resolve component for io.netty:netty-transport:4.1.82.Final using repositories [BUNDELED_-79667784, maven, BUNDELED_-444689664, maven2, MavenRepo]
2025-12-28T12:07:02.636+0800 [DEBUG] [org.gradle.api.internal.artifacts.ivyservice.ivyresolve.CachingModuleComponentRepository] Using cached module metadata for module 'io.netty:netty-transport:4.1.82.Final' in 'maven'
2025-12-28T12:07:02.640+0800 [DEBUG] [org.gradle.api.internal.artifacts.ivyservice.ivyresolve.RepositoryChainComponentMetaDataResolver] Using io.netty:netty-transport:4.1.82.Final from org.gradle.api.internal.artifacts.ivyservice.ivyresolve.FilteredModuleComponentRepository@62415462
2025-12-28T12:07:02.640+0800 [DEBUG] [org.gradle.api.internal.artifacts.ivyservice.ivyresolve.RepositoryChainComponentMetaDataResolver] Attempting to resolve component for it.unimi.dsi:fastutil:8.5.9 using repositories [BUNDELED_-79667784, maven, BUNDELED_-444689664, maven2, MavenRepo]
2025-12-28T12:07:02.641+0800 [DEBUG] [org.gradle.api.internal.artifacts.ivyservice.ivyresolve.CachingModuleComponentRepository] Using cached module metadata for module 'it.unimi.dsi:fastutil:8.5.9' in 'maven'
2025-12-28T12:07:02.641+0800 [DEBUG] [org.gradle.api.internal.artifacts.ivyservice.ivyresolve.RepositoryChainComponentMetaDataResolver] Using it.unimi.dsi:fastutil:8.5.9 from org.gradle.api.internal.artifacts.ivyservice.ivyresolve.FilteredModuleComponentRepository@62415462
2025-12-28T12:07:02.641+0800 [DEBUG] [org.gradle.api.internal.artifacts.ivyservice.ivyresolve.RepositoryChainComponentMetaDataResolver] Attempting to resolve component for net.java.dev.jna:jna-platform:5.12.1 using repositories [BUNDELED_-79667784, maven, BUNDELED_-444689664, maven2, MavenRepo]
2025-12-28T12:07:02.642+0800 [DEBUG] [org.gradle.api.internal.artifacts.ivyservice.ivyresolve.CachingModuleComponentRepository] Using cached module metadata for module 'net.java.dev.jna:jna-platform:5.12.1' in 'maven'
2025-12-28T12:07:02.642+0800 [DEBUG] [org.gradle.api.internal.artifacts.ivyservice.ivyresolve.RepositoryChainComponentMetaDataResolver] Using net.java.dev.jna:jna-platform:5.12.1 from org.gradle.api.internal.artifacts.ivyservice.ivyresolve.FilteredModuleComponentRepository@62415462
2025-12-28T12:07:02.642+0800 [DEBUG] [org.gradle.api.internal.artifacts.ivyservice.ivyresolve.RepositoryChainComponentMetaDataResolver] Attempting to resolve component for net.java.dev.jna:jna:5.12.1 using repositories [BUNDELED_-79667784, maven, BUNDELED_-444689664, maven2, MavenRepo]
2025-12-28T12:07:02.643+0800 [DEBUG] [org.gradle.api.internal.artifacts.ivyservice.ivyresolve.CachingModuleComponentRepository] Using cached module metadata for module 'net.java.dev.jna:jna:5.12.1' in 'maven'
2025-12-28T12:07:02.643+0800 [DEBUG] [org.gradle.api.internal.artifacts.ivyservice.ivyresolve.RepositoryChainComponentMetaDataResolver] Using net.java.dev.jna:jna:5.12.1 from org.gradle.api.internal.artifacts.ivyservice.ivyresolve.FilteredModuleComponentRepository@62415462
2025-12-28T12:07:02.644+0800 [DEBUG] [org.gradle.api.internal.artifacts.ivyservice.ivyresolve.RepositoryChainComponentMetaDataResolver] Attempting to resolve component for net.sf.jopt-simple:jopt-simple:5.0.4 using repositories [BUNDELED_-79667784, maven, BUNDELED_-444689664, maven2, MavenRepo]
2025-12-28T12:07:02.644+0800 [DEBUG] [org.gradle.api.internal.artifacts.ivyservice.ivyresolve.CachingModuleComponentRepository] Using cached module metadata for module 'net.sf.jopt-simple:jopt-simple:5.0.4' in 'maven'
2025-12-28T12:07:02.644+0800 [DEBUG] [org.gradle.api.internal.artifacts.ivyservice.ivyresolve.RepositoryChainComponentMetaDataResolver] Using net.sf.jopt-simple:jopt-simple:5.0.4 from org.gradle.api.internal.artifacts.ivyservice.ivyresolve.FilteredModuleComponentRepository@62415462
2025-12-28T12:07:02.644+0800 [DEBUG] [org.gradle.api.internal.artifacts.ivyservice.ivyresolve.RepositoryChainComponentMetaDataResolver] Attempting to resolve component for org.apache.commons:commons-compress:1.21 using repositories [BUNDELED_-79667784, maven, BUNDELED_-444689664, maven2, MavenRepo]
2025-12-28T12:07:02.645+0800 [DEBUG] [org.gradle.api.internal.artifacts.ivyservice.ivyresolve.CachingModuleComponentRepository] Using cached module metadata for module 'org.apache.commons:commons-compress:1.21' in 'maven'
2025-12-28T12:07:02.645+0800 [DEBUG] [org.gradle.api.internal.artifacts.ivyservice.ivyresolve.RepositoryChainComponentMetaDataResolver] Using org.apache.commons:commons-compress:1.21 from org.gradle.api.internal.artifacts.ivyservice.ivyresolve.FilteredModuleComponentRepository@62415462
2025-12-28T12:07:02.645+0800 [DEBUG] [org.gradle.api.internal.artifacts.ivyservice.ivyresolve.RepositoryChainComponentMetaDataResolver] Attempting to resolve component for org.apache.commons:commons-lang3:3.12.0 using repositories [BUNDELED_-79667784, maven, BUNDELED_-444689664, maven2, MavenRepo]
2025-12-28T12:07:02.645+0800 [DEBUG] [org.gradle.api.internal.artifacts.ivyservice.ivyresolve.CachingModuleComponentRepository] Using cached module metadata for module 'org.apache.commons:commons-lang3:3.12.0' in 'maven'
2025-12-28T12:07:02.646+0800 [DEBUG] [org.gradle.api.internal.artifacts.ivyservice.ivyresolve.RepositoryChainComponentMetaDataResolver] Using org.apache.commons:commons-lang3:3.12.0 from org.gradle.api.internal.artifacts.ivyservice.ivyresolve.FilteredModuleComponentRepository@62415462
2025-12-28T12:07:02.646+0800 [DEBUG] [org.gradle.api.internal.artifacts.ivyservice.ivyresolve.RepositoryChainComponentMetaDataResolver] Attempting to resolve component for org.apache.httpcomponents:httpclient:4.5.13 using repositories [BUNDELED_-79667784, maven, BUNDELED_-444689664, maven2, MavenRepo]
2025-12-28T12:07:02.646+0800 [DEBUG] [org.gradle.api.internal.artifacts.ivyservice.ivyresolve.CachingModuleComponentRepository] Using cached module metadata for module 'org.apache.httpcomponents:httpclient:4.5.13' in 'maven'
2025-12-28T12:07:02.647+0800 [DEBUG] [org.gradle.api.internal.artifacts.ivyservice.ivyresolve.RepositoryChainComponentMetaDataResolver] Using org.apache.httpcomponents:httpclient:4.5.13 from org.gradle.api.internal.artifacts.ivyservice.ivyresolve.FilteredModuleComponentRepository@62415462
2025-12-28T12:07:02.647+0800 [DEBUG] [org.gradle.api.internal.artifacts.ivyservice.ivyresolve.RepositoryChainComponentMetaDataResolver] Attempting to resolve component for org.apache.httpcomponents:httpcore:4.4.15 using repositories [BUNDELED_-79667784, maven, BUNDELED_-444689664, maven2, MavenRepo]
2025-12-28T12:07:02.647+0800 [DEBUG] [org.gradle.api.internal.artifacts.ivyservice.ivyresolve.CachingModuleComponentRepository] Using cached module metadata for module 'org.apache.httpcomponents:httpcore:4.4.15' in 'maven'
2025-12-28T12:07:02.647+0800 [DEBUG] [org.gradle.api.internal.artifacts.ivyservice.ivyresolve.RepositoryChainComponentMetaDataResolver] Using org.apache.httpcomponents:httpcore:4.4.15 from org.gradle.api.internal.artifacts.ivyservice.ivyresolve.FilteredModuleComponentRepository@62415462
2025-12-28T12:07:02.648+0800 [DEBUG] [org.gradle.api.internal.artifacts.ivyservice.ivyresolve.RepositoryChainComponentMetaDataResolver] Attempting to resolve component for org.apache.logging.log4j:log4j-api:2.19.0 using repositories [BUNDELED_-79667784, maven, BUNDELED_-444689664, maven2, MavenRepo]
2025-12-28T12:07:02.648+0800 [DEBUG] [org.gradle.api.internal.artifacts.ivyservice.ivyresolve.CachingModuleComponentRepository] Using cached module metadata for module 'org.apache.logging.log4j:log4j-api:2.19.0' in 'maven'
2025-12-28T12:07:02.649+0800 [DEBUG] [org.gradle.api.internal.artifacts.ivyservice.ivyresolve.RepositoryChainComponentMetaDataResolver] Using org.apache.logging.log4j:log4j-api:2.19.0 from org.gradle.api.internal.artifacts.ivyservice.ivyresolve.FilteredModuleComponentRepository@62415462
2025-12-28T12:07:02.649+0800 [DEBUG] [org.gradle.api.internal.artifacts.ivyservice.ivyresolve.RepositoryChainComponentMetaDataResolver] Attempting to resolve component for org.apache.logging.log4j:log4j-core:2.19.0 using repositories [BUNDELED_-79667784, maven, BUNDELED_-444689664, maven2, MavenRepo]
2025-12-28T12:07:02.650+0800 [DEBUG] [org.gradle.api.internal.artifacts.ivyservice.ivyresolve.CachingModuleComponentRepository] Using cached module metadata for module 'org.apache.logging.log4j:log4j-core:2.19.0' in 'maven'
2025-12-28T12:07:02.650+0800 [DEBUG] [org.gradle.api.internal.artifacts.ivyservice.ivyresolve.RepositoryChainComponentMetaDataResolver] Using org.apache.logging.log4j:log4j-core:2.19.0 from org.gradle.api.internal.artifacts.ivyservice.ivyresolve.FilteredModuleComponentRepository@62415462
2025-12-28T12:07:02.650+0800 [DEBUG] [org.gradle.api.internal.artifacts.ivyservice.ivyresolve.RepositoryChainComponentMetaDataResolver] Attempting to resolve component for org.apache.logging.log4j:log4j-slf4j2-impl:2.19.0 using repositories [BUNDELED_-79667784, maven, BUNDELED_-444689664, maven2, MavenRepo]
2025-12-28T12:07:02.650+0800 [DEBUG] [org.gradle.api.internal.artifacts.ivyservice.ivyresolve.CachingModuleComponentRepository] Using cached module metadata for module 'org.apache.logging.log4j:log4j-slf4j2-impl:2.19.0' in 'maven'
2025-12-28T12:07:02.651+0800 [DEBUG] [org.gradle.api.internal.artifacts.ivyservice.ivyresolve.RepositoryChainComponentMetaDataResolver] Using org.apache.logging.log4j:log4j-slf4j2-impl:2.19.0 from org.gradle.api.internal.artifacts.ivyservice.ivyresolve.FilteredModuleComponentRepository@62415462
2025-12-28T12:07:02.651+0800 [DEBUG] [org.gradle.api.internal.artifacts.ivyservice.ivyresolve.RepositoryChainComponentMetaDataResolver] Attempting to resolve component for org.joml:joml:1.10.5 using repositories [BUNDELED_-79667784, maven, BUNDELED_-444689664, maven2, MavenRepo]
2025-12-28T12:07:02.651+0800 [DEBUG] [org.gradle.api.internal.artifacts.ivyservice.ivyresolve.CachingModuleComponentRepository] Using cached module metadata for module 'org.joml:joml:1.10.5' in 'maven'
2025-12-28T12:07:02.652+0800 [DEBUG] [org.gradle.api.internal.artifacts.ivyservice.ivyresolve.RepositoryChainComponentMetaDataResolver] Using org.joml:joml:1.10.5 from org.gradle.api.internal.artifacts.ivyservice.ivyresolve.FilteredModuleComponentRepository@62415462
2025-12-28T12:07:02.652+0800 [DEBUG] [org.gradle.api.internal.artifacts.ivyservice.ivyresolve.RepositoryChainComponentMetaDataResolver] Attempting to resolve component for org.lwjgl:lwjgl-glfw:3.3.1 using repositories [BUNDELED_-79667784, maven, BUNDELED_-444689664, maven2, MavenRepo]
2025-12-28T12:07:02.652+0800 [DEBUG] [org.gradle.api.internal.artifacts.ivyservice.ivyresolve.CachingModuleComponentRepository] Using cached module metadata for module 'org.lwjgl:lwjgl-glfw:3.3.1' in 'maven'
2025-12-28T12:07:02.652+0800 [DEBUG] [org.gradle.api.internal.artifacts.ivyservice.ivyresolve.RepositoryChainComponentMetaDataResolver] Using org.lwjgl:lwjgl-glfw:3.3.1 from org.gradle.api.internal.artifacts.ivyservice.ivyresolve.FilteredModuleComponentRepository@62415462
2025-12-28T12:07:02.653+0800 [DEBUG] [org.gradle.api.internal.artifacts.ivyservice.ivyresolve.RepositoryChainComponentMetaDataResolver] Attempting to resolve component for org.lwjgl:lwjgl-jemalloc:3.3.1 using repositories [BUNDELED_-79667784, maven, BUNDELED_-444689664, maven2, MavenRepo]
2025-12-28T12:07:02.653+0800 [DEBUG] [org.gradle.api.internal.artifacts.ivyservice.ivyresolve.CachingModuleComponentRepository] Using cached module metadata for module 'org.lwjgl:lwjgl-jemalloc:3.3.1' in 'maven'
2025-12-28T12:07:02.653+0800 [DEBUG] [org.gradle.api.internal.artifacts.ivyservice.ivyresolve.RepositoryChainComponentMetaDataResolver] Using org.lwjgl:lwjgl-jemalloc:3.3.1 from org.gradle.api.internal.artifacts.ivyservice.ivyresolve.FilteredModuleComponentRepository@62415462
2025-12-28T12:07:02.654+0800 [DEBUG] [org.gradle.api.internal.artifacts.ivyservice.ivyresolve.RepositoryChainComponentMetaDataResolver] Attempting to resolve component for org.lwjgl:lwjgl-openal:3.3.1 using repositories [BUNDELED_-79667784, maven, BUNDELED_-444689664, maven2, MavenRepo]
2025-12-28T12:07:02.654+0800 [DEBUG] [org.gradle.api.internal.artifacts.ivyservice.ivyresolve.CachingModuleComponentRepository] Using cached module metadata for module 'org.lwjgl:lwjgl-openal:3.3.1' in 'maven'
2025-12-28T12:07:02.654+0800 [DEBUG] [org.gradle.api.internal.artifacts.ivyservice.ivyresolve.RepositoryChainComponentMetaDataResolver] Using org.lwjgl:lwjgl-openal:3.3.1 from org.gradle.api.internal.artifacts.ivyservice.ivyresolve.FilteredModuleComponentRepository@62415462
2025-12-28T12:07:02.655+0800 [DEBUG] [org.gradle.api.internal.artifacts.ivyservice.ivyresolve.RepositoryChainComponentMetaDataResolver] Attempting to resolve component for org.lwjgl:lwjgl-opengl:3.3.1 using repositories [BUNDELED_-79667784, maven, BUNDELED_-444689664, maven2, MavenRepo]
2025-12-28T12:07:02.655+0800 [DEBUG] [org.gradle.api.internal.artifacts.ivyservice.ivyresolve.CachingModuleComponentRepository] Using cached module metadata for module 'org.lwjgl:lwjgl-opengl:3.3.1' in 'maven'
2025-12-28T12:07:02.656+0800 [DEBUG] [org.gradle.api.internal.artifacts.ivyservice.ivyresolve.RepositoryChainComponentMetaDataResolver] Using org.lwjgl:lwjgl-opengl:3.3.1 from org.gradle.api.internal.artifacts.ivyservice.ivyresolve.FilteredModuleComponentRepository@62415462
2025-12-28T12:07:02.658+0800 [DEBUG] [org.gradle.api.internal.artifacts.ivyservice.ivyresolve.RepositoryChainComponentMetaDataResolver] Attempting to resolve component for org.lwjgl:lwjgl-stb:3.3.1 using repositories [BUNDELED_-79667784, maven, BUNDELED_-444689664, maven2, MavenRepo]
2025-12-28T12:07:02.660+0800 [DEBUG] [org.gradle.api.internal.artifacts.ivyservice.ivyresolve.CachingModuleComponentRepository] Using cached module metadata for module 'org.lwjgl:lwjgl-stb:3.3.1' in 'maven'
2025-12-28T12:07:02.660+0800 [DEBUG] [org.gradle.api.internal.artifacts.ivyservice.ivyresolve.RepositoryChainComponentMetaDataResolver] Using org.lwjgl:lwjgl-stb:3.3.1 from org.gradle.api.internal.artifacts.ivyservice.ivyresolve.FilteredModuleComponentRepository@62415462
2025-12-28T12:07:02.660+0800 [DEBUG] [org.gradle.api.internal.artifacts.ivyservice.ivyresolve.RepositoryChainComponentMetaDataResolver] Attempting to resolve component for org.lwjgl:lwjgl-tinyfd:3.3.1 using repositories [BUNDELED_-79667784, maven, BUNDELED_-444689664, maven2, MavenRepo]
2025-12-28T12:07:02.661+0800 [DEBUG] [org.gradle.api.internal.artifacts.ivyservice.ivyresolve.CachingModuleComponentRepository] Using cached module metadata for module 'org.lwjgl:lwjgl-tinyfd:3.3.1' in 'maven'
2025-12-28T12:07:02.661+0800 [DEBUG] [org.gradle.api.internal.artifacts.ivyservice.ivyresolve.RepositoryChainComponentMetaDataResolver] Using org.lwjgl:lwjgl-tinyfd:3.3.1 from org.gradle.api.internal.artifacts.ivyservice.ivyresolve.FilteredModuleComponentRepository@62415462
2025-12-28T12:07:02.662+0800 [DEBUG] [org.gradle.api.internal.artifacts.ivyservice.ivyresolve.RepositoryChainComponentMetaDataResolver] Attempting to resolve component for org.lwjgl:lwjgl:3.3.1 using repositories [BUNDELED_-79667784, maven, BUNDELED_-444689664, maven2, MavenRepo]
2025-12-28T12:07:02.662+0800 [DEBUG] [org.gradle.api.internal.artifacts.ivyservice.ivyresolve.CachingModuleComponentRepository] Using cached module metadata for module 'org.lwjgl:lwjgl:3.3.1' in 'maven'
2025-12-28T12:07:02.662+0800 [DEBUG] [org.gradle.api.internal.artifacts.ivyservice.ivyresolve.RepositoryChainComponentMetaDataResolver] Using org.lwjgl:lwjgl:3.3.1 from org.gradle.api.internal.artifacts.ivyservice.ivyresolve.FilteredModuleComponentRepository@62415462
2025-12-28T12:07:02.663+0800 [DEBUG] [org.gradle.api.internal.artifacts.ivyservice.ivyresolve.RepositoryChainComponentMetaDataResolver] Attempting to resolve component for org.slf4j:slf4j-api:2.0.1 using repositories [BUNDELED_-79667784, maven, BUNDELED_-444689664, maven2, MavenRepo]
2025-12-28T12:07:02.663+0800 [DEBUG] [org.gradle.api.internal.artifacts.ivyservice.ivyresolve.CachingModuleComponentRepository] Using cached module metadata for module 'org.slf4j:slf4j-api:2.0.1' in 'maven'
2025-12-28T12:07:02.664+0800 [DEBUG] [org.gradle.api.internal.artifacts.ivyservice.ivyresolve.RepositoryChainComponentMetaDataResolver] Using org.slf4j:slf4j-api:2.0.1 from org.gradle.api.internal.artifacts.ivyservice.ivyresolve.FilteredModuleComponentRepository@62415462
2025-12-28T12:07:02.664+0800 [DEBUG] [org.gradle.api.internal.artifacts.ivyservice.resolveengine.graph.builder.DependencyGraphBuilder] Visiting configuration com.google.code.findbugs:jsr305:3.0.2(compile).
2025-12-28T12:07:02.664+0800 [DEBUG] [org.gradle.api.internal.artifacts.ivyservice.resolveengine.graph.builder.DependencyGraphBuilder] Visiting configuration ca.weblite:java-objc-bridge:1.1(compile).
2025-12-28T12:07:02.665+0800 [DEBUG] [org.gradle.api.internal.artifacts.ivyservice.resolveengine.graph.builder.DependencyGraphBuilder] Visiting configuration net.minecraftforge:mergetool:1.1.5(apiElements).
2025-12-28T12:07:02.666+0800 [DEBUG] [org.gradle.api.internal.artifacts.ivyservice.resolveengine.graph.builder.DependencyGraphBuilder] Visiting configuration org.jetbrains:annotations:24.0.1(compile).
2025-12-28T12:07:02.666+0800 [DEBUG] [org.gradle.api.internal.artifacts.ivyservice.resolveengine.graph.builder.DependencyGraphBuilder] Visiting configuration cpw.mods:securejarhandler:2.1.10(apiElements).
2025-12-28T12:07:02.667+0800 [DEBUG] [org.gradle.api.internal.artifacts.ivyservice.resolveengine.graph.builder.DependencyGraphBuilder] Visiting configuration org.ow2.asm:asm:9.8(compile).
2025-12-28T12:07:02.668+0800 [DEBUG] [org.gradle.api.internal.artifacts.ivyservice.resolveengine.graph.builder.DependencyGraphBuilder] Visiting configuration org.ow2.asm:asm-commons:9.8(compile).
2025-12-28T12:07:02.668+0800 [DEBUG] [org.gradle.api.internal.artifacts.ivyservice.resolveengine.graph.builder.DependencyGraphBuilder] Visiting configuration org.ow2.asm:asm-tree:9.8(compile).
2025-12-28T12:07:02.668+0800 [DEBUG] [org.gradle.api.internal.artifacts.ivyservice.resolveengine.graph.builder.DependencyGraphBuilder] Visiting configuration org.ow2.asm:asm-util:9.8(compile).
2025-12-28T12:07:02.669+0800 [DEBUG] [org.gradle.api.internal.artifacts.ivyservice.resolveengine.graph.builder.DependencyGraphBuilder] Visiting configuration org.ow2.asm:asm-analysis:9.8(compile).
2025-12-28T12:07:02.669+0800 [DEBUG] [org.gradle.api.internal.artifacts.ivyservice.resolveengine.graph.builder.DependencyGraphBuilder] Visiting configuration net.minecraftforge:accesstransformers:8.0.4(apiElements).
2025-12-28T12:07:02.670+0800 [DEBUG] [org.gradle.api.internal.artifacts.ivyservice.ivyresolve.RepositoryChainComponentMetaDataResolver] Attempting to resolve component for org.antlr:antlr4:4.9.1 using repositories [BUNDELED_-79667784, maven, BUNDELED_-444689664, maven2, MavenRepo]
2025-12-28T12:07:02.670+0800 [DEBUG] [org.gradle.api.internal.artifacts.ivyservice.ivyresolve.CachingModuleComponentRepository] Using cached module metadata for module 'org.antlr:antlr4:4.9.1' in 'maven'
2025-12-28T12:07:02.671+0800 [DEBUG] [org.gradle.api.internal.artifacts.ivyservice.ivyresolve.RepositoryChainComponentMetaDataResolver] Using org.antlr:antlr4:4.9.1 from org.gradle.api.internal.artifacts.ivyservice.ivyresolve.FilteredModuleComponentRepository@62415462
2025-12-28T12:07:02.671+0800 [DEBUG] [org.gradle.api.internal.artifacts.ivyservice.resolveengine.graph.builder.DependencyGraphBuilder] Visiting configuration org.antlr:antlr4-runtime:4.9.1(compile).
2025-12-28T12:07:02.672+0800 [DEBUG] [org.gradle.api.internal.artifacts.ivyservice.resolveengine.graph.builder.DependencyGraphBuilder] Visiting configuration net.minecraftforge:eventbus:6.0.5(apiElements).
2025-12-28T12:07:02.673+0800 [DEBUG] [org.gradle.api.internal.artifacts.ivyservice.ivyresolve.DynamicVersionResolver] Attempting to resolve version for net.jodah:typetools:0.6.+ using repositories [BUNDELED_-79667784, maven, BUNDELED_-444689664, maven2, MavenRepo]
2025-12-28T12:07:02.674+0800 [DEBUG] [org.gradle.api.internal.artifacts.ivyservice.ivyresolve.CachingModuleComponentRepository] Using cached module metadata for module 'net.jodah:typetools:0.6.3' in 'maven'
2025-12-28T12:07:02.674+0800 [DEBUG] [org.gradle.api.internal.artifacts.ivyservice.ivyresolve.CachingModuleComponentRepository] Using cached module metadata for module 'net.jodah:typetools:0.6.3' in 'MavenRepo'
2025-12-28T12:07:02.675+0800 [DEBUG] [org.gradle.api.internal.artifacts.ivyservice.ivyresolve.DynamicVersionResolver] Using net.jodah:typetools:0.6.3 from org.gradle.api.internal.artifacts.ivyservice.ivyresolve.FilteredModuleComponentRepository@62415462
2025-12-28T12:07:02.675+0800 [DEBUG] [org.gradle.api.internal.artifacts.ivyservice.resolveengine.graph.builder.DependencyGraphBuilder] Visiting configuration net.minecraftforge:forgespi:7.0.1(apiElements).
2025-12-28T12:07:02.675+0800 [DEBUG] [org.gradle.api.internal.artifacts.ivyservice.resolveengine.graph.builder.DependencyGraphBuilder] Visiting configuration net.minecraftforge:coremods:5.2.4(apiElements).
2025-12-28T12:07:02.676+0800 [DEBUG] [org.gradle.api.internal.artifacts.ivyservice.resolveengine.graph.builder.DependencyGraphBuilder] Visiting configuration cpw.mods:modlauncher:10.0.9(apiElements).
2025-12-28T12:07:02.677+0800 [DEBUG] [org.gradle.api.internal.artifacts.ivyservice.resolveengine.graph.builder.DependencyGraphBuilder] Visiting configuration net.minecraftforge:unsafe:0.2.0(compile).
2025-12-28T12:07:02.677+0800 [DEBUG] [org.gradle.api.internal.artifacts.ivyservice.resolveengine.graph.builder.DependencyGraphBuilder] Visiting configuration com.electronwill.night-config:core:3.6.4(compile).
2025-12-28T12:07:02.677+0800 [DEBUG] [org.gradle.api.internal.artifacts.ivyservice.resolveengine.graph.builder.DependencyGraphBuilder] Visiting configuration com.electronwill.night-config:toml:3.6.4(compile).
2025-12-28T12:07:02.678+0800 [DEBUG] [org.gradle.api.internal.artifacts.ivyservice.resolveengine.graph.builder.DependencyGraphBuilder] Visiting configuration org.apache.maven:maven-artifact:3.8.5(compile).
2025-12-28T12:07:02.679+0800 [DEBUG] [org.gradle.api.internal.artifacts.ivyservice.ivyresolve.RepositoryChainComponentMetaDataResolver] Attempting to resolve component for org.codehaus.plexus:plexus-utils:3.3.0 using repositories [BUNDELED_-79667784, maven, BUNDELED_-444689664, maven2, MavenRepo]
2025-12-28T12:07:02.680+0800 [DEBUG] [org.gradle.api.internal.artifacts.ivyservice.ivyresolve.CachingModuleComponentRepository] Using cached module metadata for module 'org.codehaus.plexus:plexus-utils:3.3.0' in 'maven'
2025-12-28T12:07:02.680+0800 [DEBUG] [org.gradle.api.internal.artifacts.ivyservice.ivyresolve.RepositoryChainComponentMetaDataResolver] Using org.codehaus.plexus:plexus-utils:3.3.0 from org.gradle.api.internal.artifacts.ivyservice.ivyresolve.FilteredModuleComponentRepository@62415462
2025-12-28T12:07:02.681+0800 [DEBUG] [org.gradle.api.internal.artifacts.ivyservice.resolveengine.graph.builder.DependencyGraphBuilder] Visiting configuration net.jodah:typetools:0.6.3(compile).
2025-12-28T12:07:02.681+0800 [DEBUG] [org.gradle.api.internal.artifacts.ivyservice.resolveengine.graph.builder.DependencyGraphBuilder] Visiting configuration net.minecrell:terminalconsoleappender:1.2.0(compile).
2025-12-28T12:07:02.682+0800 [DEBUG] [org.gradle.api.internal.artifacts.ivyservice.resolveengine.graph.builder.DependencyGraphBuilder] Visiting configuration org.jline:jline-reader:3.12.1(compile).
2025-12-28T12:07:02.682+0800 [DEBUG] [org.gradle.api.internal.artifacts.ivyservice.resolveengine.graph.builder.DependencyGraphBuilder] Visiting configuration org.jline:jline-terminal:3.12.1(compile).
2025-12-28T12:07:02.683+0800 [DEBUG] [org.gradle.api.internal.artifacts.ivyservice.resolveengine.graph.builder.DependencyGraphBuilder] Visiting configuration org.spongepowered:mixin:0.8.5(compile).
2025-12-28T12:07:02.683+0800 [DEBUG] [org.gradle.api.internal.artifacts.ivyservice.resolveengine.graph.builder.DependencyGraphBuilder] Visiting configuration org.openjdk.nashorn:nashorn-core:15.4(compile).
2025-12-28T12:07:02.684+0800 [DEBUG] [org.gradle.api.internal.artifacts.ivyservice.resolveengine.graph.builder.DependencyGraphBuilder] Visiting configuration net.minecraftforge:JarJarSelector:0.3.19(apiElements).
2025-12-28T12:07:02.686+0800 [DEBUG] [org.gradle.api.internal.artifacts.ivyservice.ivyresolve.RepositoryChainComponentMetaDataResolver] Attempting to resolve component for com.machinezoo.noexception:noexception:1.7.1 using repositories [BUNDELED_-79667784, maven, BUNDELED_-444689664, maven2, MavenRepo]
2025-12-28T12:07:02.686+0800 [DEBUG] [org.gradle.api.internal.artifacts.ivyservice.ivyresolve.CachingModuleComponentRepository] Using cached module metadata for module 'com.machinezoo.noexception:noexception:1.7.1' in 'maven'
2025-12-28T12:07:02.686+0800 [DEBUG] [org.gradle.api.internal.artifacts.ivyservice.ivyresolve.RepositoryChainComponentMetaDataResolver] Using com.machinezoo.noexception:noexception:1.7.1 from org.gradle.api.internal.artifacts.ivyservice.ivyresolve.FilteredModuleComponentRepository@62415462
2025-12-28T12:07:02.687+0800 [DEBUG] [org.gradle.api.internal.artifacts.ivyservice.resolveengine.graph.builder.DependencyGraphBuilder] Visiting configuration net.minecraftforge:JarJarMetadata:0.3.19(apiElements).
2025-12-28T12:07:02.688+0800 [DEBUG] [org.gradle.api.internal.artifacts.ivyservice.resolveengine.graph.builder.DependencyGraphBuilder] Visiting configuration cpw.mods:bootstraplauncher:1.1.2(apiElements).
2025-12-28T12:07:02.688+0800 [DEBUG] [org.gradle.api.internal.artifacts.ivyservice.resolveengine.graph.builder.DependencyGraphBuilder] Visiting configuration net.minecraftforge:JarJarFileSystems:0.3.19(apiElements).
2025-12-28T12:07:02.688+0800 [DEBUG] [org.gradle.api.internal.artifacts.ivyservice.resolveengine.graph.builder.DependencyGraphBuilder] Visiting configuration net.minecraftforge:fmlcore:1.20.1-47.4.10(apiElements).
2025-12-28T12:07:02.689+0800 [DEBUG] [org.gradle.api.internal.artifacts.ivyservice.resolveengine.graph.builder.DependencyGraphBuilder] Visiting configuration net.minecraftforge:fmlloader:1.20.1-47.4.10(apiElements).
2025-12-28T12:07:02.690+0800 [DEBUG] [org.gradle.api.internal.artifacts.ivyservice.resolveengine.graph.builder.DependencyGraphBuilder] Visiting configuration net.minecraftforge:fmlearlydisplay:1.20.1-47.4.10(apiElements).
2025-12-28T12:07:02.691+0800 [DEBUG] [org.gradle.api.internal.artifacts.ivyservice.resolveengine.graph.builder.DependencyGraphBuilder] Visiting configuration net.minecraftforge:javafmllanguage:1.20.1-47.4.10(apiElements).
2025-12-28T12:07:02.691+0800 [DEBUG] [org.gradle.api.internal.artifacts.ivyservice.resolveengine.graph.builder.DependencyGraphBuilder] Visiting configuration net.minecraftforge:lowcodelanguage:1.20.1-47.4.10(apiElements).
2025-12-28T12:07:02.691+0800 [DEBUG] [org.gradle.api.internal.artifacts.ivyservice.resolveengine.graph.builder.DependencyGraphBuilder] Visiting configuration net.minecraftforge:mclanguage:1.20.1-47.4.10(apiElements).
2025-12-28T12:07:02.691+0800 [DEBUG] [org.gradle.api.internal.artifacts.ivyservice.resolveengine.graph.builder.DependencyGraphBuilder] Visiting configuration com.github.oshi:oshi-core:6.2.2(compile).
2025-12-28T12:07:02.692+0800 [DEBUG] [org.gradle.api.internal.artifacts.ivyservice.resolveengine.graph.builder.DependencyGraphBuilder] Visiting configuration com.google.code.gson:gson:2.10(compile).
2025-12-28T12:07:02.692+0800 [DEBUG] [org.gradle.api.internal.artifacts.ivyservice.resolveengine.graph.builder.DependencyGraphBuilder] Visiting configuration com.google.guava:failureaccess:1.0.1(compile).
2025-12-28T12:07:02.692+0800 [DEBUG] [org.gradle.api.internal.artifacts.ivyservice.resolveengine.graph.builder.DependencyGraphBuilder] Visiting configuration com.google.guava:guava:31.1-jre(compile).
2025-12-28T12:07:02.693+0800 [DEBUG] [org.gradle.api.internal.artifacts.ivyservice.ivyresolve.RepositoryChainComponentMetaDataResolver] Attempting to resolve component for com.google.guava:listenablefuture:9999.0-empty-to-avoid-conflict-with-guava using repositories [BUNDELED_-79667784, maven, BUNDELED_-444689664, maven2, MavenRepo]
2025-12-28T12:07:02.694+0800 [DEBUG] [org.gradle.api.internal.artifacts.ivyservice.ivyresolve.CachingModuleComponentRepository] Using cached module metadata for module 'com.google.guava:listenablefuture:9999.0-empty-to-avoid-conflict-with-guava' in 'maven'
2025-12-28T12:07:02.694+0800 [DEBUG] [org.gradle.api.internal.artifacts.ivyservice.ivyresolve.RepositoryChainComponentMetaDataResolver] Using com.google.guava:listenablefuture:9999.0-empty-to-avoid-conflict-with-guava from org.gradle.api.internal.artifacts.ivyservice.ivyresolve.FilteredModuleComponentRepository@62415462
2025-12-28T12:07:02.694+0800 [DEBUG] [org.gradle.api.internal.artifacts.ivyservice.ivyresolve.RepositoryChainComponentMetaDataResolver] Attempting to resolve component for org.checkerframework:checker-qual:3.12.0 using repositories [BUNDELED_-79667784, maven, BUNDELED_-444689664, maven2, MavenRepo]
2025-12-28T12:07:02.695+0800 [DEBUG] [org.gradle.api.internal.artifacts.ivyservice.ivyresolve.CachingModuleComponentRepository] Using cached module metadata for module 'org.checkerframework:checker-qual:3.12.0' in 'maven'
2025-12-28T12:07:02.695+0800 [DEBUG] [org.gradle.api.internal.artifacts.ivyservice.ivyresolve.RepositoryChainComponentMetaDataResolver] Using org.checkerframework:checker-qual:3.12.0 from org.gradle.api.internal.artifacts.ivyservice.ivyresolve.FilteredModuleComponentRepository@62415462
2025-12-28T12:07:02.695+0800 [DEBUG] [org.gradle.internal.component.model.LoggingAttributeMatchingExplanationBuilder] Candidate {org.gradle.category=library, org.gradle.dependency.bundling=external, org.gradle.jvm.version=8, org.gradle.libraryelements=jar, org.gradle.status=release, org.gradle.usage=java-api} doesn't have attribute org.gradle.jvm.environment
2025-12-28T12:07:02.695+0800 [DEBUG] [org.gradle.internal.component.model.LoggingAttributeMatchingExplanationBuilder] Candidate {org.gradle.category=library, org.gradle.dependency.bundling=external, org.gradle.jvm.version=8, org.gradle.libraryelements=jar, org.gradle.status=release, org.gradle.usage=java-runtime} doesn't have attribute org.gradle.jvm.environment
2025-12-28T12:07:02.696+0800 [DEBUG] [org.gradle.internal.component.model.LoggingAttributeMatchingExplanationBuilder] Candidate {org.gradle.category=documentation, org.gradle.dependency.bundling=external, org.gradle.docstype=javadoc, org.gradle.status=release, org.gradle.usage=java-runtime} attribute org.gradle.category value {org.gradle.category=documentation} doesn't requested value library
2025-12-28T12:07:02.696+0800 [DEBUG] [org.gradle.internal.component.model.LoggingAttributeMatchingExplanationBuilder] Candidate {org.gradle.category=documentation, org.gradle.dependency.bundling=external, org.gradle.docstype=sources, org.gradle.status=release, org.gradle.usage=java-runtime} attribute org.gradle.category value {org.gradle.category=documentation} doesn't requested value library
2025-12-28T12:07:02.696+0800 [DEBUG] [org.gradle.api.internal.attributes.matching.DefaultAttributeMatcher] Selected matches [0] from candidates [{org.gradle.category=library, org.gradle.dependency.bundling=external, org.gradle.jvm.version=8, org.gradle.libraryelements=jar, org.gradle.status=release, org.gradle.usage=java-api}, {org.gradle.category=library, org.gradle.dependency.bundling=external, org.gradle.jvm.version=8, org.gradle.libraryelements=jar, org.gradle.status=release, org.gradle.usage=java-runtime}, {org.gradle.category=documentation, org.gradle.dependency.bundling=external, org.gradle.docstype=javadoc, org.gradle.status=release, org.gradle.usage=java-runtime}, {org.gradle.category=documentation, org.gradle.dependency.bundling=external, org.gradle.docstype=sources, org.gradle.status=release, org.gradle.usage=java-runtime}] for {org.gradle.category=library, org.gradle.dependency.bundling=external, org.gradle.jvm.environment=standard-jvm, org.gradle.jvm.version=17, org.gradle.libraryelements=classes, org.gradle.usage=java-api}
2025-12-28T12:07:02.697+0800 [DEBUG] [org.gradle.api.internal.artifacts.ivyservice.ivyresolve.RepositoryChainComponentMetaDataResolver] Attempting to resolve component for com.google.errorprone:error_prone_annotations:2.11.0 using repositories [BUNDELED_-79667784, maven, BUNDELED_-444689664, maven2, MavenRepo]
2025-12-28T12:07:02.697+0800 [DEBUG] [org.gradle.api.internal.artifacts.ivyservice.ivyresolve.CachingModuleComponentRepository] Using cached module metadata for module 'com.google.errorprone:error_prone_annotations:2.11.0' in 'maven'
2025-12-28T12:07:02.697+0800 [DEBUG] [org.gradle.api.internal.artifacts.ivyservice.ivyresolve.RepositoryChainComponentMetaDataResolver] Using com.google.errorprone:error_prone_annotations:2.11.0 from org.gradle.api.internal.artifacts.ivyservice.ivyresolve.FilteredModuleComponentRepository@62415462
2025-12-28T12:07:02.697+0800 [DEBUG] [org.gradle.api.internal.artifacts.ivyservice.ivyresolve.RepositoryChainComponentMetaDataResolver] Attempting to resolve component for com.google.j2objc:j2objc-annotations:1.3 using repositories [BUNDELED_-79667784, maven, BUNDELED_-444689664, maven2, MavenRepo]
2025-12-28T12:07:02.698+0800 [DEBUG] [org.gradle.api.internal.artifacts.ivyservice.ivyresolve.CachingModuleComponentRepository] Using cached module metadata for module 'com.google.j2objc:j2objc-annotations:1.3' in 'maven'
2025-12-28T12:07:02.698+0800 [DEBUG] [org.gradle.api.internal.artifacts.ivyservice.ivyresolve.RepositoryChainComponentMetaDataResolver] Using com.google.j2objc:j2objc-annotations:1.3 from org.gradle.api.internal.artifacts.ivyservice.ivyresolve.FilteredModuleComponentRepository@62415462
2025-12-28T12:07:02.698+0800 [DEBUG] [org.gradle.api.internal.artifacts.ivyservice.resolveengine.graph.builder.DependencyGraphBuilder] Visiting configuration com.ibm.icu:icu4j:71.1(compile).
2025-12-28T12:07:02.698+0800 [DEBUG] [org.gradle.api.internal.artifacts.ivyservice.resolveengine.graph.builder.DependencyGraphBuilder] Visiting configuration com.mojang:authlib:4.0.43(compile).
2025-12-28T12:07:02.698+0800 [DEBUG] [org.gradle.api.internal.artifacts.ivyservice.resolveengine.graph.builder.DependencyGraphBuilder] Visiting configuration com.mojang:blocklist:1.0.10(compile).
2025-12-28T12:07:02.699+0800 [DEBUG] [org.gradle.api.internal.artifacts.ivyservice.resolveengine.graph.builder.DependencyGraphBuilder] Visiting configuration com.mojang:brigadier:1.1.8(compile).
2025-12-28T12:07:02.699+0800 [DEBUG] [org.gradle.api.internal.artifacts.ivyservice.resolveengine.graph.builder.DependencyGraphBuilder] Visiting configuration com.mojang:datafixerupper:6.0.8(compile).
2025-12-28T12:07:02.699+0800 [DEBUG] [org.gradle.api.internal.artifacts.ivyservice.resolveengine.graph.builder.DependencyGraphBuilder] Visiting configuration com.mojang:logging:1.1.1(compile).
2025-12-28T12:07:02.699+0800 [DEBUG] [org.gradle.api.internal.artifacts.ivyservice.resolveengine.graph.builder.DependencyGraphBuilder] Visiting configuration com.mojang:patchy:2.2.10(compile).
2025-12-28T12:07:02.699+0800 [DEBUG] [org.gradle.api.internal.artifacts.ivyservice.resolveengine.graph.builder.DependencyGraphBuilder] Visiting configuration com.mojang:text2speech:1.17.9(compile).
2025-12-28T12:07:02.699+0800 [DEBUG] [org.gradle.api.internal.artifacts.ivyservice.resolveengine.graph.builder.DependencyGraphBuilder] Visiting configuration commons-codec:commons-codec:1.15(compile).
2025-12-28T12:07:02.699+0800 [DEBUG] [org.gradle.api.internal.artifacts.ivyservice.resolveengine.graph.builder.DependencyGraphBuilder] Visiting configuration commons-io:commons-io:2.11.0(compile).
2025-12-28T12:07:02.700+0800 [DEBUG] [org.gradle.api.internal.artifacts.ivyservice.resolveengine.graph.builder.DependencyGraphBuilder] Visiting configuration commons-logging:commons-logging:1.2(compile).
2025-12-28T12:07:02.700+0800 [DEBUG] [org.gradle.api.internal.artifacts.ivyservice.resolveengine.graph.builder.DependencyGraphBuilder] Visiting configuration io.netty:netty-buffer:4.1.82.Final(compile).
2025-12-28T12:07:02.700+0800 [DEBUG] [org.gradle.api.internal.artifacts.ivyservice.resolveengine.graph.builder.DependencyGraphBuilder] Visiting configuration io.netty:netty-codec:4.1.82.Final(compile).
2025-12-28T12:07:02.701+0800 [DEBUG] [org.gradle.api.internal.artifacts.ivyservice.resolveengine.graph.builder.DependencyGraphBuilder] Visiting configuration io.netty:netty-common:4.1.82.Final(compile).
2025-12-28T12:07:02.701+0800 [DEBUG] [org.gradle.api.internal.artifacts.ivyservice.resolveengine.graph.builder.DependencyGraphBuilder] Visiting configuration io.netty:netty-handler:4.1.82.Final(compile).
2025-12-28T12:07:02.702+0800 [DEBUG] [org.gradle.api.internal.artifacts.ivyservice.resolveengine.graph.builder.DependencyGraphBuilder] Visiting configuration io.netty:netty-resolver:4.1.82.Final(compile).
2025-12-28T12:07:02.702+0800 [DEBUG] [org.gradle.api.internal.artifacts.ivyservice.resolveengine.graph.builder.DependencyGraphBuilder] Visiting configuration io.netty:netty-transport-classes-epoll:4.1.82.Final(compile).
2025-12-28T12:07:02.703+0800 [DEBUG] [org.gradle.api.internal.artifacts.ivyservice.resolveengine.graph.builder.DependencyGraphBuilder] Visiting configuration io.netty:netty-transport-native-unix-common:4.1.82.Final(compile).
2025-12-28T12:07:02.704+0800 [DEBUG] [org.gradle.api.internal.artifacts.ivyservice.resolveengine.graph.builder.DependencyGraphBuilder] Visiting configuration io.netty:netty-transport:4.1.82.Final(compile).
2025-12-28T12:07:02.704+0800 [DEBUG] [org.gradle.api.internal.artifacts.ivyservice.resolveengine.graph.builder.DependencyGraphBuilder] Visiting configuration it.unimi.dsi:fastutil:8.5.9(compile).
2025-12-28T12:07:02.705+0800 [DEBUG] [org.gradle.api.internal.artifacts.ivyservice.resolveengine.graph.builder.DependencyGraphBuilder] Visiting configuration net.java.dev.jna:jna-platform:5.12.1(compile).
2025-12-28T12:07:02.705+0800 [DEBUG] [org.gradle.api.internal.artifacts.ivyservice.resolveengine.graph.builder.DependencyGraphBuilder] Visiting configuration net.java.dev.jna:jna:5.12.1(compile).
2025-12-28T12:07:02.706+0800 [DEBUG] [org.gradle.api.internal.artifacts.ivyservice.resolveengine.graph.builder.DependencyGraphBuilder] Visiting configuration net.sf.jopt-simple:jopt-simple:5.0.4(compile).
2025-12-28T12:07:02.706+0800 [DEBUG] [org.gradle.api.internal.artifacts.ivyservice.resolveengine.graph.builder.DependencyGraphBuilder] Visiting configuration org.apache.commons:commons-compress:1.21(compile).
2025-12-28T12:07:02.706+0800 [DEBUG] [org.gradle.api.internal.artifacts.ivyservice.resolveengine.graph.builder.DependencyGraphBuilder] Visiting configuration org.apache.commons:commons-lang3:3.12.0(compile).
2025-12-28T12:07:02.707+0800 [DEBUG] [org.gradle.api.internal.artifacts.ivyservice.resolveengine.graph.builder.DependencyGraphBuilder] Visiting configuration org.apache.httpcomponents:httpclient:4.5.13(compile).
2025-12-28T12:07:02.709+0800 [DEBUG] [org.gradle.api.internal.artifacts.ivyservice.resolveengine.graph.builder.DependencyGraphBuilder] Visiting configuration org.apache.httpcomponents:httpcore:4.4.15(compile).
2025-12-28T12:07:02.709+0800 [DEBUG] [org.gradle.api.internal.artifacts.ivyservice.resolveengine.graph.builder.DependencyGraphBuilder] Visiting configuration org.apache.logging.log4j:log4j-api:2.19.0(compile).
2025-12-28T12:07:02.709+0800 [DEBUG] [org.gradle.api.internal.artifacts.ivyservice.resolveengine.graph.builder.DependencyGraphBuilder] Visiting configuration org.apache.logging.log4j:log4j-core:2.19.0(compile).
2025-12-28T12:07:02.710+0800 [DEBUG] [org.gradle.api.internal.artifacts.ivyservice.resolveengine.graph.builder.DependencyGraphBuilder] Visiting configuration org.apache.logging.log4j:log4j-slf4j2-impl:2.19.0(compile).
2025-12-28T12:07:02.711+0800 [DEBUG] [org.gradle.api.internal.artifacts.ivyservice.resolveengine.graph.builder.DependencyGraphBuilder] Visiting configuration org.joml:joml:1.10.5(compile).
2025-12-28T12:07:02.711+0800 [DEBUG] [org.gradle.api.internal.artifacts.ivyservice.resolveengine.graph.builder.DependencyGraphBuilder] Visiting configuration org.lwjgl:lwjgl-glfw:3.3.1(compile).
2025-12-28T12:07:02.712+0800 [DEBUG] [org.gradle.api.internal.artifacts.ivyservice.resolveengine.graph.builder.DependencyGraphBuilder] Visiting configuration org.lwjgl:lwjgl-jemalloc:3.3.1(compile).
2025-12-28T12:07:02.713+0800 [DEBUG] [org.gradle.api.internal.artifacts.ivyservice.resolveengine.graph.builder.DependencyGraphBuilder] Visiting configuration org.lwjgl:lwjgl-openal:3.3.1(compile).
2025-12-28T12:07:02.713+0800 [DEBUG] [org.gradle.api.internal.artifacts.ivyservice.resolveengine.graph.builder.DependencyGraphBuilder] Visiting configuration org.lwjgl:lwjgl-opengl:3.3.1(compile).
2025-12-28T12:07:02.714+0800 [DEBUG] [org.gradle.api.internal.artifacts.ivyservice.resolveengine.graph.builder.DependencyGraphBuilder] Visiting configuration org.lwjgl:lwjgl-stb:3.3.1(compile).
2025-12-28T12:07:02.715+0800 [DEBUG] [org.gradle.api.internal.artifacts.ivyservice.resolveengine.graph.builder.DependencyGraphBuilder] Visiting configuration org.lwjgl:lwjgl-tinyfd:3.3.1(compile).
2025-12-28T12:07:02.716+0800 [DEBUG] [org.gradle.api.internal.artifacts.ivyservice.resolveengine.graph.builder.DependencyGraphBuilder] Visiting configuration org.lwjgl:lwjgl:3.3.1(compile).
2025-12-28T12:07:02.717+0800 [DEBUG] [org.gradle.api.internal.artifacts.ivyservice.resolveengine.graph.builder.DependencyGraphBuilder] Visiting configuration org.slf4j:slf4j-api:2.0.1(compile).
2025-12-28T12:07:02.718+0800 [DEBUG] [org.gradle.api.internal.artifacts.ivyservice.resolveengine.graph.builder.DependencyGraphBuilder] Visiting configuration org.ow2.asm:asm:9.8(compile).
2025-12-28T12:07:02.719+0800 [DEBUG] [org.gradle.api.internal.artifacts.ivyservice.resolveengine.graph.builder.NodeState] Changed edges for org.ow2.asm:asm:9.8(compile) selects same versions as previous traversal. ignoring
2025-12-28T12:07:02.719+0800 [DEBUG] [org.gradle.api.internal.artifacts.ivyservice.resolveengine.graph.builder.DependencyGraphBuilder] Visiting configuration org.ow2.asm:asm-tree:9.8(compile).
2025-12-28T12:07:02.720+0800 [DEBUG] [org.gradle.api.internal.artifacts.ivyservice.resolveengine.graph.builder.NodeState] Changed edges for org.ow2.asm:asm-tree:9.8(compile) selects same versions as previous traversal. ignoring
2025-12-28T12:07:02.723+0800 [DEBUG] [org.gradle.api.internal.artifacts.ivyservice.resolveengine.graph.builder.DependencyGraphBuilder] Visiting configuration org.antlr:antlr4:4.9.1(compile).
2025-12-28T12:07:02.726+0800 [DEBUG] [org.gradle.api.internal.artifacts.ivyservice.ivyresolve.RepositoryChainComponentMetaDataResolver] Attempting to resolve component for org.antlr:antlr-runtime:3.5.2 using repositories [BUNDELED_-79667784, maven, BUNDELED_-444689664, maven2, MavenRepo]
2025-12-28T12:07:02.726+0800 [DEBUG] [org.gradle.api.internal.artifacts.ivyservice.ivyresolve.CachingModuleComponentRepository] Using cached module metadata for module 'org.antlr:antlr-runtime:3.5.2' in 'maven'
2025-12-28T12:07:02.727+0800 [DEBUG] [org.gradle.api.internal.artifacts.ivyservice.ivyresolve.RepositoryChainComponentMetaDataResolver] Using org.antlr:antlr-runtime:3.5.2 from org.gradle.api.internal.artifacts.ivyservice.ivyresolve.FilteredModuleComponentRepository@62415462
2025-12-28T12:07:02.727+0800 [DEBUG] [org.gradle.api.internal.artifacts.ivyservice.ivyresolve.RepositoryChainComponentMetaDataResolver] Attempting to resolve component for org.antlr:ST4:4.3 using repositories [BUNDELED_-79667784, maven, BUNDELED_-444689664, maven2, MavenRepo]
2025-12-28T12:07:02.727+0800 [DEBUG] [org.gradle.api.internal.artifacts.ivyservice.ivyresolve.CachingModuleComponentRepository] Using cached module metadata for module 'org.antlr:ST4:4.3' in 'maven'
2025-12-28T12:07:02.727+0800 [DEBUG] [org.gradle.api.internal.artifacts.ivyservice.ivyresolve.RepositoryChainComponentMetaDataResolver] Using org.antlr:ST4:4.3 from org.gradle.api.internal.artifacts.ivyservice.ivyresolve.FilteredModuleComponentRepository@62415462
2025-12-28T12:07:02.728+0800 [DEBUG] [org.gradle.api.internal.artifacts.ivyservice.ivyresolve.RepositoryChainComponentMetaDataResolver] Attempting to resolve component for org.abego.treelayout:org.abego.treelayout.core:1.0.3 using repositories [BUNDELED_-79667784, maven, BUNDELED_-444689664, maven2, MavenRepo]
2025-12-28T12:07:02.730+0800 [DEBUG] [org.gradle.api.internal.artifacts.ivyservice.ivyresolve.CachingModuleComponentRepository] Using cached module metadata for module 'org.abego.treelayout:org.abego.treelayout.core:1.0.3' in 'maven'
2025-12-28T12:07:02.730+0800 [DEBUG] [org.gradle.api.internal.artifacts.ivyservice.ivyresolve.RepositoryChainComponentMetaDataResolver] Using org.abego.treelayout:org.abego.treelayout.core:1.0.3 from org.gradle.api.internal.artifacts.ivyservice.ivyresolve.FilteredModuleComponentRepository@62415462
2025-12-28T12:07:02.731+0800 [DEBUG] [org.gradle.api.internal.artifacts.ivyservice.ivyresolve.RepositoryChainComponentMetaDataResolver] Attempting to resolve component for org.glassfish:javax.json:1.0.4 using repositories [BUNDELED_-79667784, maven, BUNDELED_-444689664, maven2, MavenRepo]
2025-12-28T12:07:02.731+0800 [DEBUG] [org.gradle.api.internal.artifacts.ivyservice.ivyresolve.CachingModuleComponentRepository] Using cached module metadata for module 'org.glassfish:javax.json:1.0.4' in 'maven'
2025-12-28T12:07:02.732+0800 [DEBUG] [org.gradle.api.internal.artifacts.ivyservice.ivyresolve.RepositoryChainComponentMetaDataResolver] Using org.glassfish:javax.json:1.0.4 from org.gradle.api.internal.artifacts.ivyservice.ivyresolve.FilteredModuleComponentRepository@62415462
2025-12-28T12:07:02.733+0800 [DEBUG] [org.gradle.api.internal.artifacts.ivyservice.resolveengine.graph.builder.DependencyGraphBuilder] Visiting configuration net.minecraftforge:mergetool:1.1.5(apiElements).
2025-12-28T12:07:02.733+0800 [DEBUG] [org.gradle.api.internal.artifacts.ivyservice.resolveengine.graph.builder.NodeState] Changed edges for net.minecraftforge:mergetool:1.1.5(apiElements) selects same versions as previous traversal. ignoring
2025-12-28T12:07:02.734+0800 [DEBUG] [org.gradle.api.internal.artifacts.ivyservice.resolveengine.graph.builder.DependencyGraphBuilder] Visiting configuration org.ow2.asm:asm-commons:9.8(compile).
2025-12-28T12:07:02.735+0800 [DEBUG] [org.gradle.api.internal.artifacts.ivyservice.resolveengine.graph.builder.NodeState] Changed edges for org.ow2.asm:asm-commons:9.8(compile) selects same versions as previous traversal. ignoring
2025-12-28T12:07:02.735+0800 [DEBUG] [org.gradle.api.internal.artifacts.ivyservice.resolveengine.graph.builder.DependencyGraphBuilder] Visiting configuration com.electronwill.night-config:core:3.6.4(compile).
2025-12-28T12:07:02.737+0800 [DEBUG] [org.gradle.api.internal.artifacts.ivyservice.resolveengine.graph.builder.NodeState] Changed edges for com.electronwill.night-config:core:3.6.4(compile) selects same versions as previous traversal. ignoring
2025-12-28T12:07:02.737+0800 [DEBUG] [org.gradle.api.internal.artifacts.ivyservice.resolveengine.graph.builder.DependencyGraphBuilder] Visiting configuration org.codehaus.plexus:plexus-utils:3.3.0(compile).
2025-12-28T12:07:02.739+0800 [DEBUG] [org.gradle.api.internal.artifacts.ivyservice.resolveengine.graph.builder.DependencyGraphBuilder] Visiting configuration org.ow2.asm:asm-util:9.8(compile).
2025-12-28T12:07:02.740+0800 [DEBUG] [org.gradle.api.internal.artifacts.ivyservice.resolveengine.graph.builder.NodeState] Changed edges for org.ow2.asm:asm-util:9.8(compile) selects same versions as previous traversal. ignoring
2025-12-28T12:07:02.741+0800 [DEBUG] [org.gradle.api.internal.artifacts.ivyservice.resolveengine.graph.builder.DependencyGraphBuilder] Visiting configuration org.apache.maven:maven-artifact:3.8.5(compile).
2025-12-28T12:07:02.742+0800 [DEBUG] [org.gradle.api.internal.artifacts.ivyservice.resolveengine.graph.builder.NodeState] Changed edges for org.apache.maven:maven-artifact:3.8.5(compile) selects same versions as previous traversal. ignoring
2025-12-28T12:07:02.744+0800 [DEBUG] [org.gradle.api.internal.artifacts.ivyservice.resolveengine.graph.builder.DependencyGraphBuilder] Visiting configuration com.machinezoo.noexception:noexception:1.7.1(compile).
2025-12-28T12:07:02.745+0800 [DEBUG] [org.gradle.api.internal.artifacts.ivyservice.resolveengine.graph.builder.DependencyGraphBuilder] Visiting configuration net.minecraftforge:eventbus:6.0.5(apiElements).
2025-12-28T12:07:02.746+0800 [DEBUG] [org.gradle.api.internal.artifacts.ivyservice.resolveengine.graph.builder.NodeState] Changed edges for net.minecraftforge:eventbus:6.0.5(apiElements) selects same versions as previous traversal. ignoring
2025-12-28T12:07:02.746+0800 [DEBUG] [org.gradle.api.internal.artifacts.ivyservice.resolveengine.graph.builder.DependencyGraphBuilder] Visiting configuration net.minecraftforge:forgespi:7.0.1(apiElements).
2025-12-28T12:07:02.746+0800 [DEBUG] [org.gradle.api.internal.artifacts.ivyservice.resolveengine.graph.builder.NodeState] Changed edges for net.minecraftforge:forgespi:7.0.1(apiElements) selects same versions as previous traversal. ignoring
2025-12-28T12:07:02.747+0800 [DEBUG] [org.gradle.api.internal.artifacts.ivyservice.resolveengine.graph.builder.DependencyGraphBuilder] Visiting configuration com.electronwill.night-config:toml:3.6.4(compile).
2025-12-28T12:07:02.747+0800 [DEBUG] [org.gradle.api.internal.artifacts.ivyservice.resolveengine.graph.builder.NodeState] Changed edges for com.electronwill.night-config:toml:3.6.4(compile) selects same versions as previous traversal. ignoring
2025-12-28T12:07:02.747+0800 [DEBUG] [org.gradle.api.internal.artifacts.ivyservice.resolveengine.graph.builder.DependencyGraphBuilder] Visiting configuration cpw.mods:modlauncher:10.0.9(apiElements).
2025-12-28T12:07:02.747+0800 [DEBUG] [org.gradle.api.internal.artifacts.ivyservice.resolveengine.graph.builder.NodeState] Changed edges for cpw.mods:modlauncher:10.0.9(apiElements) selects same versions as previous traversal. ignoring
2025-12-28T12:07:02.747+0800 [DEBUG] [org.gradle.api.internal.artifacts.ivyservice.resolveengine.graph.builder.DependencyGraphBuilder] Visiting configuration net.minecraftforge:coremods:5.2.4(apiElements).
2025-12-28T12:07:02.747+0800 [DEBUG] [org.gradle.api.internal.artifacts.ivyservice.resolveengine.graph.builder.NodeState] Changed edges for net.minecraftforge:coremods:5.2.4(apiElements) selects same versions as previous traversal. ignoring
2025-12-28T12:07:02.748+0800 [DEBUG] [org.gradle.api.internal.artifacts.ivyservice.resolveengine.graph.builder.DependencyGraphBuilder] Visiting configuration net.minecraftforge:JarJarSelector:0.3.19(apiElements).
2025-12-28T12:07:02.748+0800 [DEBUG] [org.gradle.api.internal.artifacts.ivyservice.resolveengine.graph.builder.NodeState] Changed edges for net.minecraftforge:JarJarSelector:0.3.19(apiElements) selects same versions as previous traversal. ignoring
2025-12-28T12:07:02.748+0800 [DEBUG] [org.gradle.api.internal.artifacts.ivyservice.resolveengine.graph.builder.DependencyGraphBuilder] Visiting configuration net.minecraftforge:JarJarMetadata:0.3.19(apiElements).
2025-12-28T12:07:02.748+0800 [DEBUG] [org.gradle.api.internal.artifacts.ivyservice.resolveengine.graph.builder.NodeState] Changed edges for net.minecraftforge:JarJarMetadata:0.3.19(apiElements) selects same versions as previous traversal. ignoring
2025-12-28T12:07:02.748+0800 [DEBUG] [org.gradle.api.internal.artifacts.ivyservice.resolveengine.graph.builder.DependencyGraphBuilder] Visiting configuration com.google.guava:failureaccess:1.0.1(compile).
2025-12-28T12:07:02.748+0800 [DEBUG] [org.gradle.api.internal.artifacts.ivyservice.resolveengine.graph.builder.NodeState] Changed edges for com.google.guava:failureaccess:1.0.1(compile) selects same versions as previous traversal. ignoring
2025-12-28T12:07:02.748+0800 [DEBUG] [org.gradle.api.internal.artifacts.ivyservice.resolveengine.graph.builder.DependencyGraphBuilder] Visiting configuration com.google.guava:listenablefuture:9999.0-empty-to-avoid-conflict-with-guava(compile).
2025-12-28T12:07:02.749+0800 [DEBUG] [org.gradle.api.internal.artifacts.ivyservice.resolveengine.graph.builder.DependencyGraphBuilder] Visiting configuration com.google.code.findbugs:jsr305:3.0.2(compile).
2025-12-28T12:07:02.750+0800 [DEBUG] [org.gradle.api.internal.artifacts.ivyservice.resolveengine.graph.builder.NodeState] Changed edges for com.google.code.findbugs:jsr305:3.0.2(compile) selects same versions as previous traversal. ignoring
2025-12-28T12:07:02.750+0800 [DEBUG] [org.gradle.api.internal.artifacts.ivyservice.resolveengine.graph.builder.DependencyGraphBuilder] Visiting configuration org.checkerframework:checker-qual:3.12.0(apiElements).
2025-12-28T12:07:02.751+0800 [DEBUG] [org.gradle.api.internal.artifacts.ivyservice.resolveengine.graph.builder.DependencyGraphBuilder] Visiting configuration com.google.errorprone:error_prone_annotations:2.11.0(compile).
2025-12-28T12:07:02.751+0800 [DEBUG] [org.gradle.api.internal.artifacts.ivyservice.resolveengine.graph.builder.DependencyGraphBuilder] Visiting configuration com.google.j2objc:j2objc-annotations:1.3(compile).
2025-12-28T12:07:02.751+0800 [DEBUG] [org.gradle.api.internal.artifacts.ivyservice.resolveengine.graph.builder.DependencyGraphBuilder] Visiting configuration io.netty:netty-buffer:4.1.82.Final(compile).
2025-12-28T12:07:02.751+0800 [DEBUG] [org.gradle.api.internal.artifacts.ivyservice.resolveengine.graph.builder.NodeState] Changed edges for io.netty:netty-buffer:4.1.82.Final(compile) selects same versions as previous traversal. ignoring
2025-12-28T12:07:02.751+0800 [DEBUG] [org.gradle.api.internal.artifacts.ivyservice.resolveengine.graph.builder.DependencyGraphBuilder] Visiting configuration io.netty:netty-common:4.1.82.Final(compile).
2025-12-28T12:07:02.751+0800 [DEBUG] [org.gradle.api.internal.artifacts.ivyservice.resolveengine.graph.builder.NodeState] Changed edges for io.netty:netty-common:4.1.82.Final(compile) selects same versions as previous traversal. ignoring
2025-12-28T12:07:02.752+0800 [DEBUG] [org.gradle.api.internal.artifacts.ivyservice.resolveengine.graph.builder.DependencyGraphBuilder] Visiting configuration io.netty:netty-codec:4.1.82.Final(compile).
2025-12-28T12:07:02.752+0800 [DEBUG] [org.gradle.api.internal.artifacts.ivyservice.resolveengine.graph.builder.NodeState] Changed edges for io.netty:netty-codec:4.1.82.Final(compile) selects same versions as previous traversal. ignoring
2025-12-28T12:07:02.752+0800 [DEBUG] [org.gradle.api.internal.artifacts.ivyservice.resolveengine.graph.builder.DependencyGraphBuilder] Visiting configuration io.netty:netty-resolver:4.1.82.Final(compile).
2025-12-28T12:07:02.752+0800 [DEBUG] [org.gradle.api.internal.artifacts.ivyservice.resolveengine.graph.builder.NodeState] Changed edges for io.netty:netty-resolver:4.1.82.Final(compile) selects same versions as previous traversal. ignoring
2025-12-28T12:07:02.752+0800 [DEBUG] [org.gradle.api.internal.artifacts.ivyservice.resolveengine.graph.builder.DependencyGraphBuilder] Visiting configuration commons-logging:commons-logging:1.2(compile).
2025-12-28T12:07:02.752+0800 [DEBUG] [org.gradle.api.internal.artifacts.ivyservice.resolveengine.graph.builder.NodeState] Changed edges for commons-logging:commons-logging:1.2(compile) selects same versions as previous traversal. ignoring
2025-12-28T12:07:02.752+0800 [DEBUG] [org.gradle.api.internal.artifacts.ivyservice.resolveengine.graph.builder.DependencyGraphBuilder] Visiting configuration commons-codec:commons-codec:1.15(compile).
2025-12-28T12:07:02.752+0800 [DEBUG] [org.gradle.api.internal.artifacts.ivyservice.resolveengine.graph.builder.NodeState] Changed edges for commons-codec:commons-codec:1.15(compile) selects same versions as previous traversal. ignoring
2025-12-28T12:07:02.753+0800 [DEBUG] [org.gradle.api.internal.artifacts.ivyservice.resolveengine.graph.builder.DependencyGraphBuilder] Visiting configuration org.apache.logging.log4j:log4j-api:2.19.0(compile).
2025-12-28T12:07:02.753+0800 [DEBUG] [org.gradle.api.internal.artifacts.ivyservice.resolveengine.graph.builder.NodeState] Changed edges for org.apache.logging.log4j:log4j-api:2.19.0(compile) selects same versions as previous traversal. ignoring
2025-12-28T12:07:02.753+0800 [DEBUG] [org.gradle.api.internal.artifacts.ivyservice.resolveengine.graph.builder.DependencyGraphBuilder] Visiting configuration org.antlr:antlr4-runtime:4.9.1(compile).
2025-12-28T12:07:02.753+0800 [DEBUG] [org.gradle.api.internal.artifacts.ivyservice.resolveengine.graph.builder.NodeState] Changed edges for org.antlr:antlr4-runtime:4.9.1(compile) selects same versions as previous traversal. ignoring
2025-12-28T12:07:02.753+0800 [DEBUG] [org.gradle.api.internal.artifacts.ivyservice.resolveengine.graph.builder.DependencyGraphBuilder] Visiting configuration org.antlr:antlr-runtime:3.5.2(compile).
2025-12-28T12:07:02.753+0800 [DEBUG] [org.gradle.api.internal.artifacts.ivyservice.resolveengine.graph.builder.DependencyGraphBuilder] Visiting configuration org.antlr:ST4:4.3(compile).
2025-12-28T12:07:02.753+0800 [DEBUG] [org.gradle.api.internal.artifacts.ivyservice.resolveengine.graph.builder.DependencyGraphBuilder] Visiting configuration org.abego.treelayout:org.abego.treelayout.core:1.0.3(compile).
2025-12-28T12:07:02.754+0800 [DEBUG] [org.gradle.api.internal.artifacts.ivyservice.resolveengine.graph.builder.DependencyGraphBuilder] Visiting configuration org.glassfish:javax.json:1.0.4(compile).
2025-12-28T12:07:02.754+0800 [DEBUG] [org.gradle.api.internal.artifacts.ivyservice.resolveengine.graph.builder.DependencyGraphBuilder] Visiting configuration com.ibm.icu:icu4j:71.1(compile).
2025-12-28T12:07:02.754+0800 [DEBUG] [org.gradle.api.internal.artifacts.ivyservice.resolveengine.graph.builder.NodeState] Changed edges for com.ibm.icu:icu4j:71.1(compile) selects same versions as previous traversal. ignoring
2025-12-28T12:07:02.754+0800 [DEBUG] [org.gradle.api.internal.artifacts.ivyservice.resolveengine.graph.builder.DependencyGraphBuilder] Visiting configuration org.slf4j:slf4j-api:2.0.1(compile).
2025-12-28T12:07:02.754+0800 [DEBUG] [org.gradle.api.internal.artifacts.ivyservice.resolveengine.graph.builder.NodeState] Changed edges for org.slf4j:slf4j-api:2.0.1(compile) selects same versions as previous traversal. ignoring
2025-12-28T12:07:02.754+0800 [DEBUG] [org.gradle.api.internal.artifacts.ivyservice.resolveengine.graph.builder.DependencyGraphBuilder] Visiting configuration org.antlr:antlr-runtime:3.5.2(compile).
2025-12-28T12:07:02.755+0800 [DEBUG] [org.gradle.api.internal.artifacts.ivyservice.resolveengine.graph.builder.NodeState] Changed edges for org.antlr:antlr-runtime:3.5.2(compile) selects same versions as previous traversal. ignoring
2025-12-28T12:07:02.780+0800 [DEBUG] [org.gradle.api.internal.artifacts.ivyservice.resolveengine.oldresult.TransientConfigurationResultsBuilder] Flushing resolved configuration data in Binary store in C:\Users\StesssQQy\.gradle\.tmp\gradle4495892244218392932.bin. Wrote root 1571.
2025-12-28T12:07:02.783+0800 [DEBUG] [org.gradle.internal.operations.DefaultBuildOperationRunner] Build operation 'Resolve dependencies of :compileClasspath' completed
2025-12-28T12:07:02.783+0800 [DEBUG] [org.gradle.internal.component.model.LoggingAttributeMatchingExplanationBuilder] Selected match net.minecraftforge:forge:1.20.1-47.4.10_mapped_official_1.20.1 configuration compile from candidates [net.minecraftforge:forge:1.20.1-47.4.10_mapped_official_1.20.1 configuration compile] for {org.gradle.category=library, org.gradle.dependency.bundling=external, org.gradle.jvm.environment=standard-jvm, org.gradle.jvm.version=17, org.gradle.libraryelements=classes, org.gradle.usage=java-api}
2025-12-28T12:07:02.784+0800 [DEBUG] [org.gradle.internal.component.model.LoggingAttributeMatchingExplanationBuilder] Selected match adhoc variant for net.minecraft:client:1.20.1 from candidates [adhoc variant for net.minecraft:client:1.20.1] for {org.gradle.category=library, org.gradle.dependency.bundling=external, org.gradle.jvm.environment=standard-jvm, org.gradle.jvm.version=17, org.gradle.libraryelements=classes, org.gradle.usage=java-api}
2025-12-28T12:07:02.785+0800 [DEBUG] [org.gradle.internal.component.model.LoggingAttributeMatchingExplanationBuilder] Selected match net.minecraftforge:fmlloader:1.20.1-47.4.10 variant apiElements from candidates [net.minecraftforge:fmlloader:1.20.1-47.4.10 variant apiElements] for {org.gradle.category=library, org.gradle.dependency.bundling=external, org.gradle.jvm.environment=standard-jvm, org.gradle.jvm.version=17, org.gradle.libraryelements=classes, org.gradle.usage=java-api}
2025-12-28T12:07:02.785+0800 [DEBUG] [org.gradle.internal.component.model.LoggingAttributeMatchingExplanationBuilder] Selected match net.minecraftforge:JarJarSelector:0.3.19 variant apiElements from candidates [net.minecraftforge:JarJarSelector:0.3.19 variant apiElements] for {org.gradle.category=library, org.gradle.dependency.bundling=external, org.gradle.jvm.environment=standard-jvm, org.gradle.jvm.version=17, org.gradle.libraryelements=classes, org.gradle.usage=java-api}
2025-12-28T12:07:02.786+0800 [DEBUG] [org.gradle.internal.component.model.LoggingAttributeMatchingExplanationBuilder] Selected match net.minecraftforge:JarJarMetadata:0.3.19 variant apiElements from candidates [net.minecraftforge:JarJarMetadata:0.3.19 variant apiElements] for {org.gradle.category=library, org.gradle.dependency.bundling=external, org.gradle.jvm.environment=standard-jvm, org.gradle.jvm.version=17, org.gradle.libraryelements=classes, org.gradle.usage=java-api}
2025-12-28T12:07:02.787+0800 [DEBUG] [org.gradle.internal.component.model.LoggingAttributeMatchingExplanationBuilder] Selected match com.google.guava:guava:31.1-jre configuration compile from candidates [com.google.guava:guava:31.1-jre configuration compile] for {org.gradle.category=library, org.gradle.dependency.bundling=external, org.gradle.jvm.environment=standard-jvm, org.gradle.jvm.version=17, org.gradle.libraryelements=classes, org.gradle.usage=java-api}
2025-12-28T12:07:02.788+0800 [DEBUG] [org.gradle.internal.component.model.LoggingAttributeMatchingExplanationBuilder] Selected match com.google.code.findbugs:jsr305:3.0.2 configuration compile from candidates [com.google.code.findbugs:jsr305:3.0.2 configuration compile] for {org.gradle.category=library, org.gradle.dependency.bundling=external, org.gradle.jvm.environment=standard-jvm, org.gradle.jvm.version=17, org.gradle.libraryelements=classes, org.gradle.usage=java-api}
2025-12-28T12:07:02.789+0800 [DEBUG] [org.gradle.internal.component.model.LoggingAttributeMatchingExplanationBuilder] Selected match ca.weblite:java-objc-bridge:1.1 configuration compile from candidates [ca.weblite:java-objc-bridge:1.1 configuration compile] for {org.gradle.category=library, org.gradle.dependency.bundling=external, org.gradle.jvm.environment=standard-jvm, org.gradle.jvm.version=17, org.gradle.libraryelements=classes, org.gradle.usage=java-api}
2025-12-28T12:07:02.790+0800 [DEBUG] [org.gradle.internal.component.model.LoggingAttributeMatchingExplanationBuilder] Selected match net.minecraftforge:forgespi:7.0.1 variant apiElements from candidates [net.minecraftforge:forgespi:7.0.1 variant apiElements] for {org.gradle.category=library, org.gradle.dependency.bundling=external, org.gradle.jvm.environment=standard-jvm, org.gradle.jvm.version=17, org.gradle.libraryelements=classes, org.gradle.usage=java-api}
2025-12-28T12:07:02.790+0800 [DEBUG] [org.gradle.internal.component.model.LoggingAttributeMatchingExplanationBuilder] Selected match adhoc variant for net.minecraftforge:mergetool:1.1.5 from candidates [adhoc variant for net.minecraftforge:mergetool:1.1.5] for {org.gradle.category=library, org.gradle.dependency.bundling=external, org.gradle.jvm.environment=standard-jvm, org.gradle.jvm.version=17, org.gradle.libraryelements=classes, org.gradle.usage=java-api}
2025-12-28T12:07:02.791+0800 [DEBUG] [org.gradle.internal.component.model.LoggingAttributeMatchingExplanationBuilder] Selected match adhoc variant for net.minecraftforge:mergetool:1.1.5 from candidates [adhoc variant for net.minecraftforge:mergetool:1.1.5] for {org.gradle.category=library, org.gradle.dependency.bundling=external, org.gradle.jvm.environment=standard-jvm, org.gradle.jvm.version=17, org.gradle.libraryelements=classes, org.gradle.usage=java-api}
2025-12-28T12:07:02.791+0800 [DEBUG] [org.gradle.internal.component.model.LoggingAttributeMatchingExplanationBuilder] Selected match adhoc variant for net.minecraftforge:mergetool:1.1.5 from candidates [adhoc variant for net.minecraftforge:mergetool:1.1.5] for {org.gradle.category=library, org.gradle.dependency.bundling=external, org.gradle.jvm.environment=standard-jvm, org.gradle.jvm.version=17, org.gradle.libraryelements=classes, org.gradle.usage=java-api}
2025-12-28T12:07:02.792+0800 [DEBUG] [org.gradle.internal.component.model.LoggingAttributeMatchingExplanationBuilder] Selected match org.jetbrains:annotations:24.0.1 configuration compile from candidates [org.jetbrains:annotations:24.0.1 configuration compile] for {org.gradle.category=library, org.gradle.dependency.bundling=external, org.gradle.jvm.environment=standard-jvm, org.gradle.jvm.version=17, org.gradle.libraryelements=classes, org.gradle.usage=java-api}
2025-12-28T12:07:02.792+0800 [DEBUG] [org.gradle.internal.component.model.LoggingAttributeMatchingExplanationBuilder] Selected match cpw.mods:securejarhandler:2.1.10 variant apiElements from candidates [cpw.mods:securejarhandler:2.1.10 variant apiElements] for {org.gradle.category=library, org.gradle.dependency.bundling=external, org.gradle.jvm.environment=standard-jvm, org.gradle.jvm.version=17, org.gradle.libraryelements=classes, org.gradle.usage=java-api}
2025-12-28T12:07:02.793+0800 [DEBUG] [org.gradle.internal.component.model.LoggingAttributeMatchingExplanationBuilder] Selected match net.minecraftforge:coremods:5.2.4 variant apiElements from candidates [net.minecraftforge:coremods:5.2.4 variant apiElements] for {org.gradle.category=library, org.gradle.dependency.bundling=external, org.gradle.jvm.environment=standard-jvm, org.gradle.jvm.version=17, org.gradle.libraryelements=classes, org.gradle.usage=java-api}
2025-12-28T12:07:02.793+0800 [DEBUG] [org.gradle.internal.component.model.LoggingAttributeMatchingExplanationBuilder] Selected match cpw.mods:modlauncher:10.0.9 variant apiElements from candidates [cpw.mods:modlauncher:10.0.9 variant apiElements] for {org.gradle.category=library, org.gradle.dependency.bundling=external, org.gradle.jvm.environment=standard-jvm, org.gradle.jvm.version=17, org.gradle.libraryelements=classes, org.gradle.usage=java-api}
2025-12-28T12:07:02.793+0800 [DEBUG] [org.gradle.internal.component.model.LoggingAttributeMatchingExplanationBuilder] Selected match org.openjdk.nashorn:nashorn-core:15.4 configuration compile from candidates [org.openjdk.nashorn:nashorn-core:15.4 configuration compile] for {org.gradle.category=library, org.gradle.dependency.bundling=external, org.gradle.jvm.environment=standard-jvm, org.gradle.jvm.version=17, org.gradle.libraryelements=classes, org.gradle.usage=java-api}
2025-12-28T12:07:02.794+0800 [DEBUG] [org.gradle.internal.component.model.LoggingAttributeMatchingExplanationBuilder] Selected match org.ow2.asm:asm-commons:9.8 configuration compile from candidates [org.ow2.asm:asm-commons:9.8 configuration compile] for {org.gradle.category=library, org.gradle.dependency.bundling=external, org.gradle.jvm.environment=standard-jvm, org.gradle.jvm.version=17, org.gradle.libraryelements=classes, org.gradle.usage=java-api}
2025-12-28T12:07:02.794+0800 [DEBUG] [org.gradle.internal.component.model.LoggingAttributeMatchingExplanationBuilder] Selected match org.ow2.asm:asm-util:9.8 configuration compile from candidates [org.ow2.asm:asm-util:9.8 configuration compile] for {org.gradle.category=library, org.gradle.dependency.bundling=external, org.gradle.jvm.environment=standard-jvm, org.gradle.jvm.version=17, org.gradle.libraryelements=classes, org.gradle.usage=java-api}
2025-12-28T12:07:02.794+0800 [DEBUG] [org.gradle.internal.component.model.LoggingAttributeMatchingExplanationBuilder] Selected match org.ow2.asm:asm-analysis:9.8 configuration compile from candidates [org.ow2.asm:asm-analysis:9.8 configuration compile] for {org.gradle.category=library, org.gradle.dependency.bundling=external, org.gradle.jvm.environment=standard-jvm, org.gradle.jvm.version=17, org.gradle.libraryelements=classes, org.gradle.usage=java-api}
2025-12-28T12:07:02.795+0800 [DEBUG] [org.gradle.internal.component.model.LoggingAttributeMatchingExplanationBuilder] Selected match org.ow2.asm:asm-tree:9.8 configuration compile from candidates [org.ow2.asm:asm-tree:9.8 configuration compile] for {org.gradle.category=library, org.gradle.dependency.bundling=external, org.gradle.jvm.environment=standard-jvm, org.gradle.jvm.version=17, org.gradle.libraryelements=classes, org.gradle.usage=java-api}
2025-12-28T12:07:02.796+0800 [DEBUG] [org.gradle.internal.component.model.LoggingAttributeMatchingExplanationBuilder] Selected match org.ow2.asm:asm:9.8 configuration compile from candidates [org.ow2.asm:asm:9.8 configuration compile] for {org.gradle.category=library, org.gradle.dependency.bundling=external, org.gradle.jvm.environment=standard-jvm, org.gradle.jvm.version=17, org.gradle.libraryelements=classes, org.gradle.usage=java-api}
2025-12-28T12:07:02.796+0800 [DEBUG] [org.gradle.internal.component.model.LoggingAttributeMatchingExplanationBuilder] Selected match net.minecraftforge:accesstransformers:8.0.4 variant apiElements from candidates [net.minecraftforge:accesstransformers:8.0.4 variant apiElements] for {org.gradle.category=library, org.gradle.dependency.bundling=external, org.gradle.jvm.environment=standard-jvm, org.gradle.jvm.version=17, org.gradle.libraryelements=classes, org.gradle.usage=java-api}
2025-12-28T12:07:02.797+0800 [DEBUG] [org.gradle.internal.component.model.LoggingAttributeMatchingExplanationBuilder] Selected match org.antlr:antlr4:4.9.1 configuration compile from candidates [org.antlr:antlr4:4.9.1 configuration compile] for {org.gradle.category=library, org.gradle.dependency.bundling=external, org.gradle.jvm.environment=standard-jvm, org.gradle.jvm.version=17, org.gradle.libraryelements=classes, org.gradle.usage=java-api}
2025-12-28T12:07:02.797+0800 [DEBUG] [org.gradle.internal.component.model.LoggingAttributeMatchingExplanationBuilder] Selected match org.antlr:antlr4-runtime:4.9.1 configuration compile from candidates [org.antlr:antlr4-runtime:4.9.1 configuration compile] for {org.gradle.category=library, org.gradle.dependency.bundling=external, org.gradle.jvm.environment=standard-jvm, org.gradle.jvm.version=17, org.gradle.libraryelements=classes, org.gradle.usage=java-api}
2025-12-28T12:07:02.798+0800 [DEBUG] [org.gradle.internal.component.model.LoggingAttributeMatchingExplanationBuilder] Selected match net.minecraftforge:fmlcore:1.20.1-47.4.10 variant apiElements from candidates [net.minecraftforge:fmlcore:1.20.1-47.4.10 variant apiElements] for {org.gradle.category=library, org.gradle.dependency.bundling=external, org.gradle.jvm.environment=standard-jvm, org.gradle.jvm.version=17, org.gradle.libraryelements=classes, org.gradle.usage=java-api}
2025-12-28T12:07:02.798+0800 [DEBUG] [org.gradle.internal.component.model.LoggingAttributeMatchingExplanationBuilder] Selected match net.minecraftforge:eventbus:6.0.5 variant apiElements from candidates [net.minecraftforge:eventbus:6.0.5 variant apiElements] for {org.gradle.category=library, org.gradle.dependency.bundling=external, org.gradle.jvm.environment=standard-jvm, org.gradle.jvm.version=17, org.gradle.libraryelements=classes, org.gradle.usage=java-api}
2025-12-28T12:07:02.798+0800 [DEBUG] [org.gradle.internal.component.model.LoggingAttributeMatchingExplanationBuilder] Selected match net.minecraftforge:unsafe:0.2.0 configuration compile from candidates [net.minecraftforge:unsafe:0.2.0 configuration compile] for {org.gradle.category=library, org.gradle.dependency.bundling=external, org.gradle.jvm.environment=standard-jvm, org.gradle.jvm.version=17, org.gradle.libraryelements=classes, org.gradle.usage=java-api}
2025-12-28T12:07:02.799+0800 [DEBUG] [org.gradle.internal.component.model.LoggingAttributeMatchingExplanationBuilder] Selected match com.electronwill.night-config:toml:3.6.4 configuration compile from candidates [com.electronwill.night-config:toml:3.6.4 configuration compile] for {org.gradle.category=library, org.gradle.dependency.bundling=external, org.gradle.jvm.environment=standard-jvm, org.gradle.jvm.version=17, org.gradle.libraryelements=classes, org.gradle.usage=java-api}
2025-12-28T12:07:02.800+0800 [DEBUG] [org.gradle.internal.component.model.LoggingAttributeMatchingExplanationBuilder] Selected match com.electronwill.night-config:core:3.6.4 configuration compile from candidates [com.electronwill.night-config:core:3.6.4 configuration compile] for {org.gradle.category=library, org.gradle.dependency.bundling=external, org.gradle.jvm.environment=standard-jvm, org.gradle.jvm.version=17, org.gradle.libraryelements=classes, org.gradle.usage=java-api}
2025-12-28T12:07:02.800+0800 [DEBUG] [org.gradle.internal.component.model.LoggingAttributeMatchingExplanationBuilder] Selected match org.apache.maven:maven-artifact:3.8.5 configuration compile from candidates [org.apache.maven:maven-artifact:3.8.5 configuration compile] for {org.gradle.category=library, org.gradle.dependency.bundling=external, org.gradle.jvm.environment=standard-jvm, org.gradle.jvm.version=17, org.gradle.libraryelements=classes, org.gradle.usage=java-api}
2025-12-28T12:07:02.801+0800 [DEBUG] [org.gradle.internal.component.model.LoggingAttributeMatchingExplanationBuilder] Selected match net.jodah:typetools:0.6.3 configuration compile from candidates [net.jodah:typetools:0.6.3 configuration compile] for {org.gradle.category=library, org.gradle.dependency.bundling=external, org.gradle.jvm.environment=standard-jvm, org.gradle.jvm.version=17, org.gradle.libraryelements=classes, org.gradle.usage=java-api}
2025-12-28T12:07:02.801+0800 [DEBUG] [org.gradle.internal.component.model.LoggingAttributeMatchingExplanationBuilder] Selected match net.minecrell:terminalconsoleappender:1.2.0 configuration compile from candidates [net.minecrell:terminalconsoleappender:1.2.0 configuration compile] for {org.gradle.category=library, org.gradle.dependency.bundling=external, org.gradle.jvm.environment=standard-jvm, org.gradle.jvm.version=17, org.gradle.libraryelements=classes, org.gradle.usage=java-api}
2025-12-28T12:07:02.802+0800 [DEBUG] [org.gradle.internal.component.model.LoggingAttributeMatchingExplanationBuilder] Selected match org.jline:jline-reader:3.12.1 configuration compile from candidates [org.jline:jline-reader:3.12.1 configuration compile] for {org.gradle.category=library, org.gradle.dependency.bundling=external, org.gradle.jvm.environment=standard-jvm, org.gradle.jvm.version=17, org.gradle.libraryelements=classes, org.gradle.usage=java-api}
2025-12-28T12:07:02.802+0800 [DEBUG] [org.gradle.internal.component.model.LoggingAttributeMatchingExplanationBuilder] Selected match org.jline:jline-terminal:3.12.1 configuration compile from candidates [org.jline:jline-terminal:3.12.1 configuration compile] for {org.gradle.category=library, org.gradle.dependency.bundling=external, org.gradle.jvm.environment=standard-jvm, org.gradle.jvm.version=17, org.gradle.libraryelements=classes, org.gradle.usage=java-api}
2025-12-28T12:07:02.802+0800 [DEBUG] [org.gradle.internal.component.model.LoggingAttributeMatchingExplanationBuilder] Selected match org.spongepowered:mixin:0.8.5 configuration compile from candidates [org.spongepowered:mixin:0.8.5 configuration compile] for {org.gradle.category=library, org.gradle.dependency.bundling=external, org.gradle.jvm.environment=standard-jvm, org.gradle.jvm.version=17, org.gradle.libraryelements=classes, org.gradle.usage=java-api}
2025-12-28T12:07:02.803+0800 [DEBUG] [org.gradle.internal.component.model.LoggingAttributeMatchingExplanationBuilder] Selected match cpw.mods:bootstraplauncher:1.1.2 variant apiElements from candidates [cpw.mods:bootstraplauncher:1.1.2 variant apiElements] for {org.gradle.category=library, org.gradle.dependency.bundling=external, org.gradle.jvm.environment=standard-jvm, org.gradle.jvm.version=17, org.gradle.libraryelements=classes, org.gradle.usage=java-api}
2025-12-28T12:07:02.804+0800 [DEBUG] [org.gradle.internal.component.model.LoggingAttributeMatchingExplanationBuilder] Selected match net.minecraftforge:JarJarFileSystems:0.3.19 variant apiElements from candidates [net.minecraftforge:JarJarFileSystems:0.3.19 variant apiElements] for {org.gradle.category=library, org.gradle.dependency.bundling=external, org.gradle.jvm.environment=standard-jvm, org.gradle.jvm.version=17, org.gradle.libraryelements=classes, org.gradle.usage=java-api}
2025-12-28T12:07:02.804+0800 [DEBUG] [org.gradle.internal.component.model.LoggingAttributeMatchingExplanationBuilder] Selected match net.minecraftforge:fmlearlydisplay:1.20.1-47.4.10 variant apiElements from candidates [net.minecraftforge:fmlearlydisplay:1.20.1-47.4.10 variant apiElements] for {org.gradle.category=library, org.gradle.dependency.bundling=external, org.gradle.jvm.environment=standard-jvm, org.gradle.jvm.version=17, org.gradle.libraryelements=classes, org.gradle.usage=java-api}
2025-12-28T12:07:02.805+0800 [DEBUG] [org.gradle.internal.component.model.LoggingAttributeMatchingExplanationBuilder] Selected match net.minecraftforge:javafmllanguage:1.20.1-47.4.10 variant apiElements from candidates [net.minecraftforge:javafmllanguage:1.20.1-47.4.10 variant apiElements] for {org.gradle.category=library, org.gradle.dependency.bundling=external, org.gradle.jvm.environment=standard-jvm, org.gradle.jvm.version=17, org.gradle.libraryelements=classes, org.gradle.usage=java-api}
2025-12-28T12:07:02.805+0800 [DEBUG] [org.gradle.internal.component.model.LoggingAttributeMatchingExplanationBuilder] Selected match net.minecraftforge:lowcodelanguage:1.20.1-47.4.10 variant apiElements from candidates [net.minecraftforge:lowcodelanguage:1.20.1-47.4.10 variant apiElements] for {org.gradle.category=library, org.gradle.dependency.bundling=external, org.gradle.jvm.environment=standard-jvm, org.gradle.jvm.version=17, org.gradle.libraryelements=classes, org.gradle.usage=java-api}
2025-12-28T12:07:02.806+0800 [DEBUG] [org.gradle.internal.component.model.LoggingAttributeMatchingExplanationBuilder] Selected match net.minecraftforge:mclanguage:1.20.1-47.4.10 variant apiElements from candidates [net.minecraftforge:mclanguage:1.20.1-47.4.10 variant apiElements] for {org.gradle.category=library, org.gradle.dependency.bundling=external, org.gradle.jvm.environment=standard-jvm, org.gradle.jvm.version=17, org.gradle.libraryelements=classes, org.gradle.usage=java-api}
2025-12-28T12:07:02.806+0800 [DEBUG] [org.gradle.internal.component.model.LoggingAttributeMatchingExplanationBuilder] Selected match com.github.oshi:oshi-core:6.2.2 configuration compile from candidates [com.github.oshi:oshi-core:6.2.2 configuration compile] for {org.gradle.category=library, org.gradle.dependency.bundling=external, org.gradle.jvm.environment=standard-jvm, org.gradle.jvm.version=17, org.gradle.libraryelements=classes, org.gradle.usage=java-api}
2025-12-28T12:07:02.807+0800 [DEBUG] [org.gradle.internal.component.model.LoggingAttributeMatchingExplanationBuilder] Selected match com.google.code.gson:gson:2.10 configuration compile from candidates [com.google.code.gson:gson:2.10 configuration compile] for {org.gradle.category=library, org.gradle.dependency.bundling=external, org.gradle.jvm.environment=standard-jvm, org.gradle.jvm.version=17, org.gradle.libraryelements=classes, org.gradle.usage=java-api}
2025-12-28T12:07:02.808+0800 [DEBUG] [org.gradle.internal.component.model.LoggingAttributeMatchingExplanationBuilder] Selected match com.google.guava:failureaccess:1.0.1 configuration compile from candidates [com.google.guava:failureaccess:1.0.1 configuration compile] for {org.gradle.category=library, org.gradle.dependency.bundling=external, org.gradle.jvm.environment=standard-jvm, org.gradle.jvm.version=17, org.gradle.libraryelements=classes, org.gradle.usage=java-api}
2025-12-28T12:07:02.809+0800 [DEBUG] [org.gradle.internal.component.model.LoggingAttributeMatchingExplanationBuilder] Selected match com.ibm.icu:icu4j:71.1 configuration compile from candidates [com.ibm.icu:icu4j:71.1 configuration compile] for {org.gradle.category=library, org.gradle.dependency.bundling=external, org.gradle.jvm.environment=standard-jvm, org.gradle.jvm.version=17, org.gradle.libraryelements=classes, org.gradle.usage=java-api}
2025-12-28T12:07:02.809+0800 [DEBUG] [org.gradle.internal.component.model.LoggingAttributeMatchingExplanationBuilder] Selected match com.mojang:authlib:4.0.43 configuration compile from candidates [com.mojang:authlib:4.0.43 configuration compile] for {org.gradle.category=library, org.gradle.dependency.bundling=external, org.gradle.jvm.environment=standard-jvm, org.gradle.jvm.version=17, org.gradle.libraryelements=classes, org.gradle.usage=java-api}
2025-12-28T12:07:02.810+0800 [DEBUG] [org.gradle.internal.component.model.LoggingAttributeMatchingExplanationBuilder] Selected match com.mojang:blocklist:1.0.10 configuration compile from candidates [com.mojang:blocklist:1.0.10 configuration compile] for {org.gradle.category=library, org.gradle.dependency.bundling=external, org.gradle.jvm.environment=standard-jvm, org.gradle.jvm.version=17, org.gradle.libraryelements=classes, org.gradle.usage=java-api}
2025-12-28T12:07:02.810+0800 [DEBUG] [org.gradle.internal.component.model.LoggingAttributeMatchingExplanationBuilder] Selected match com.mojang:brigadier:1.1.8 configuration compile from candidates [com.mojang:brigadier:1.1.8 configuration compile] for {org.gradle.category=library, org.gradle.dependency.bundling=external, org.gradle.jvm.environment=standard-jvm, org.gradle.jvm.version=17, org.gradle.libraryelements=classes, org.gradle.usage=java-api}
2025-12-28T12:07:02.811+0800 [DEBUG] [org.gradle.internal.component.model.LoggingAttributeMatchingExplanationBuilder] Selected match com.mojang:datafixerupper:6.0.8 configuration compile from candidates [com.mojang:datafixerupper:6.0.8 configuration compile] for {org.gradle.category=library, org.gradle.dependency.bundling=external, org.gradle.jvm.environment=standard-jvm, org.gradle.jvm.version=17, org.gradle.libraryelements=classes, org.gradle.usage=java-api}
2025-12-28T12:07:02.811+0800 [DEBUG] [org.gradle.internal.component.model.LoggingAttributeMatchingExplanationBuilder] Selected match com.mojang:logging:1.1.1 configuration compile from candidates [com.mojang:logging:1.1.1 configuration compile] for {org.gradle.category=library, org.gradle.dependency.bundling=external, org.gradle.jvm.environment=standard-jvm, org.gradle.jvm.version=17, org.gradle.libraryelements=classes, org.gradle.usage=java-api}
2025-12-28T12:07:02.812+0800 [DEBUG] [org.gradle.internal.component.model.LoggingAttributeMatchingExplanationBuilder] Selected match com.mojang:patchy:2.2.10 configuration compile from candidates [com.mojang:patchy:2.2.10 configuration compile] for {org.gradle.category=library, org.gradle.dependency.bundling=external, org.gradle.jvm.environment=standard-jvm, org.gradle.jvm.version=17, org.gradle.libraryelements=classes, org.gradle.usage=java-api}
2025-12-28T12:07:02.813+0800 [DEBUG] [org.gradle.internal.component.model.LoggingAttributeMatchingExplanationBuilder] Selected match com.mojang:text2speech:1.17.9 configuration compile from candidates [com.mojang:text2speech:1.17.9 configuration compile] for {org.gradle.category=library, org.gradle.dependency.bundling=external, org.gradle.jvm.environment=standard-jvm, org.gradle.jvm.version=17, org.gradle.libraryelements=classes, org.gradle.usage=java-api}
2025-12-28T12:07:02.813+0800 [DEBUG] [org.gradle.internal.component.model.LoggingAttributeMatchingExplanationBuilder] Selected match org.apache.httpcomponents:httpclient:4.5.13 configuration compile from candidates [org.apache.httpcomponents:httpclient:4.5.13 configuration compile] for {org.gradle.category=library, org.gradle.dependency.bundling=external, org.gradle.jvm.environment=standard-jvm, org.gradle.jvm.version=17, org.gradle.libraryelements=classes, org.gradle.usage=java-api}
2025-12-28T12:07:02.814+0800 [DEBUG] [org.gradle.internal.component.model.LoggingAttributeMatchingExplanationBuilder] Selected match commons-codec:commons-codec:1.15 configuration compile from candidates [commons-codec:commons-codec:1.15 configuration compile] for {org.gradle.category=library, org.gradle.dependency.bundling=external, org.gradle.jvm.environment=standard-jvm, org.gradle.jvm.version=17, org.gradle.libraryelements=classes, org.gradle.usage=java-api}
2025-12-28T12:07:02.815+0800 [DEBUG] [org.gradle.internal.component.model.LoggingAttributeMatchingExplanationBuilder] Selected match commons-io:commons-io:2.11.0 configuration compile from candidates [commons-io:commons-io:2.11.0 configuration compile] for {org.gradle.category=library, org.gradle.dependency.bundling=external, org.gradle.jvm.environment=standard-jvm, org.gradle.jvm.version=17, org.gradle.libraryelements=classes, org.gradle.usage=java-api}
2025-12-28T12:07:02.815+0800 [DEBUG] [org.gradle.internal.component.model.LoggingAttributeMatchingExplanationBuilder] Selected match commons-logging:commons-logging:1.2 configuration compile from candidates [commons-logging:commons-logging:1.2 configuration compile] for {org.gradle.category=library, org.gradle.dependency.bundling=external, org.gradle.jvm.environment=standard-jvm, org.gradle.jvm.version=17, org.gradle.libraryelements=classes, org.gradle.usage=java-api}
2025-12-28T12:07:02.817+0800 [DEBUG] [org.gradle.internal.component.model.LoggingAttributeMatchingExplanationBuilder] Selected match io.netty:netty-handler:4.1.82.Final configuration compile from candidates [io.netty:netty-handler:4.1.82.Final configuration compile] for {org.gradle.category=library, org.gradle.dependency.bundling=external, org.gradle.jvm.environment=standard-jvm, org.gradle.jvm.version=17, org.gradle.libraryelements=classes, org.gradle.usage=java-api}
2025-12-28T12:07:02.818+0800 [DEBUG] [org.gradle.internal.component.model.LoggingAttributeMatchingExplanationBuilder] Selected match io.netty:netty-codec:4.1.82.Final configuration compile from candidates [io.netty:netty-codec:4.1.82.Final configuration compile] for {org.gradle.category=library, org.gradle.dependency.bundling=external, org.gradle.jvm.environment=standard-jvm, org.gradle.jvm.version=17, org.gradle.libraryelements=classes, org.gradle.usage=java-api}
2025-12-28T12:07:02.818+0800 [DEBUG] [org.gradle.internal.component.model.LoggingAttributeMatchingExplanationBuilder] Selected match io.netty:netty-transport-classes-epoll:4.1.82.Final configuration compile from candidates [io.netty:netty-transport-classes-epoll:4.1.82.Final configuration compile] for {org.gradle.category=library, org.gradle.dependency.bundling=external, org.gradle.jvm.environment=standard-jvm, org.gradle.jvm.version=17, org.gradle.libraryelements=classes, org.gradle.usage=java-api}
2025-12-28T12:07:02.818+0800 [DEBUG] [org.gradle.internal.component.model.LoggingAttributeMatchingExplanationBuilder] Selected match io.netty:netty-transport-native-unix-common:4.1.82.Final configuration compile from candidates [io.netty:netty-transport-native-unix-common:4.1.82.Final configuration compile] for {org.gradle.category=library, org.gradle.dependency.bundling=external, org.gradle.jvm.environment=standard-jvm, org.gradle.jvm.version=17, org.gradle.libraryelements=classes, org.gradle.usage=java-api}
2025-12-28T12:07:02.819+0800 [DEBUG] [org.gradle.internal.component.model.LoggingAttributeMatchingExplanationBuilder] Selected match io.netty:netty-transport:4.1.82.Final configuration compile from candidates [io.netty:netty-transport:4.1.82.Final configuration compile] for {org.gradle.category=library, org.gradle.dependency.bundling=external, org.gradle.jvm.environment=standard-jvm, org.gradle.jvm.version=17, org.gradle.libraryelements=classes, org.gradle.usage=java-api}
2025-12-28T12:07:02.820+0800 [DEBUG] [org.gradle.internal.component.model.LoggingAttributeMatchingExplanationBuilder] Selected match io.netty:netty-buffer:4.1.82.Final configuration compile from candidates [io.netty:netty-buffer:4.1.82.Final configuration compile] for {org.gradle.category=library, org.gradle.dependency.bundling=external, org.gradle.jvm.environment=standard-jvm, org.gradle.jvm.version=17, org.gradle.libraryelements=classes, org.gradle.usage=java-api}
2025-12-28T12:07:02.821+0800 [DEBUG] [org.gradle.internal.component.model.LoggingAttributeMatchingExplanationBuilder] Selected match io.netty:netty-resolver:4.1.82.Final configuration compile from candidates [io.netty:netty-resolver:4.1.82.Final configuration compile] for {org.gradle.category=library, org.gradle.dependency.bundling=external, org.gradle.jvm.environment=standard-jvm, org.gradle.jvm.version=17, org.gradle.libraryelements=classes, org.gradle.usage=java-api}
2025-12-28T12:07:02.822+0800 [DEBUG] [org.gradle.internal.component.model.LoggingAttributeMatchingExplanationBuilder] Selected match io.netty:netty-common:4.1.82.Final configuration compile from candidates [io.netty:netty-common:4.1.82.Final configuration compile] for {org.gradle.category=library, org.gradle.dependency.bundling=external, org.gradle.jvm.environment=standard-jvm, org.gradle.jvm.version=17, org.gradle.libraryelements=classes, org.gradle.usage=java-api}
2025-12-28T12:07:02.822+0800 [DEBUG] [org.gradle.internal.component.model.LoggingAttributeMatchingExplanationBuilder] Selected match it.unimi.dsi:fastutil:8.5.9 configuration compile from candidates [it.unimi.dsi:fastutil:8.5.9 configuration compile] for {org.gradle.category=library, org.gradle.dependency.bundling=external, org.gradle.jvm.environment=standard-jvm, org.gradle.jvm.version=17, org.gradle.libraryelements=classes, org.gradle.usage=java-api}
2025-12-28T12:07:02.822+0800 [DEBUG] [org.gradle.internal.component.model.LoggingAttributeMatchingExplanationBuilder] Selected match net.java.dev.jna:jna-platform:5.12.1 configuration compile from candidates [net.java.dev.jna:jna-platform:5.12.1 configuration compile] for {org.gradle.category=library, org.gradle.dependency.bundling=external, org.gradle.jvm.environment=standard-jvm, org.gradle.jvm.version=17, org.gradle.libraryelements=classes, org.gradle.usage=java-api}
2025-12-28T12:07:02.823+0800 [DEBUG] [org.gradle.internal.component.model.LoggingAttributeMatchingExplanationBuilder] Selected match net.java.dev.jna:jna:5.12.1 configuration compile from candidates [net.java.dev.jna:jna:5.12.1 configuration compile] for {org.gradle.category=library, org.gradle.dependency.bundling=external, org.gradle.jvm.environment=standard-jvm, org.gradle.jvm.version=17, org.gradle.libraryelements=classes, org.gradle.usage=java-api}
2025-12-28T12:07:02.823+0800 [DEBUG] [org.gradle.internal.component.model.LoggingAttributeMatchingExplanationBuilder] Selected match net.sf.jopt-simple:jopt-simple:5.0.4 configuration compile from candidates [net.sf.jopt-simple:jopt-simple:5.0.4 configuration compile] for {org.gradle.category=library, org.gradle.dependency.bundling=external, org.gradle.jvm.environment=standard-jvm, org.gradle.jvm.version=17, org.gradle.libraryelements=classes, org.gradle.usage=java-api}
2025-12-28T12:07:02.823+0800 [DEBUG] [org.gradle.internal.component.model.LoggingAttributeMatchingExplanationBuilder] Selected match org.apache.commons:commons-compress:1.21 configuration compile from candidates [org.apache.commons:commons-compress:1.21 configuration compile] for {org.gradle.category=library, org.gradle.dependency.bundling=external, org.gradle.jvm.environment=standard-jvm, org.gradle.jvm.version=17, org.gradle.libraryelements=classes, org.gradle.usage=java-api}
2025-12-28T12:07:02.823+0800 [DEBUG] [org.gradle.internal.component.model.LoggingAttributeMatchingExplanationBuilder] Selected match org.apache.commons:commons-lang3:3.12.0 configuration compile from candidates [org.apache.commons:commons-lang3:3.12.0 configuration compile] for {org.gradle.category=library, org.gradle.dependency.bundling=external, org.gradle.jvm.environment=standard-jvm, org.gradle.jvm.version=17, org.gradle.libraryelements=classes, org.gradle.usage=java-api}
2025-12-28T12:07:02.824+0800 [DEBUG] [org.gradle.internal.component.model.LoggingAttributeMatchingExplanationBuilder] Selected match org.apache.httpcomponents:httpcore:4.4.15 configuration compile from candidates [org.apache.httpcomponents:httpcore:4.4.15 configuration compile] for {org.gradle.category=library, org.gradle.dependency.bundling=external, org.gradle.jvm.environment=standard-jvm, org.gradle.jvm.version=17, org.gradle.libraryelements=classes, org.gradle.usage=java-api}
2025-12-28T12:07:02.824+0800 [DEBUG] [org.gradle.internal.component.model.LoggingAttributeMatchingExplanationBuilder] Selected match org.apache.logging.log4j:log4j-core:2.19.0 configuration compile from candidates [org.apache.logging.log4j:log4j-core:2.19.0 configuration compile] for {org.gradle.category=library, org.gradle.dependency.bundling=external, org.gradle.jvm.environment=standard-jvm, org.gradle.jvm.version=17, org.gradle.libraryelements=classes, org.gradle.usage=java-api}
2025-12-28T12:07:02.825+0800 [DEBUG] [org.gradle.internal.component.model.LoggingAttributeMatchingExplanationBuilder] Selected match org.apache.logging.log4j:log4j-slf4j2-impl:2.19.0 configuration compile from candidates [org.apache.logging.log4j:log4j-slf4j2-impl:2.19.0 configuration compile] for {org.gradle.category=library, org.gradle.dependency.bundling=external, org.gradle.jvm.environment=standard-jvm, org.gradle.jvm.version=17, org.gradle.libraryelements=classes, org.gradle.usage=java-api}
2025-12-28T12:07:02.825+0800 [DEBUG] [org.gradle.internal.component.model.LoggingAttributeMatchingExplanationBuilder] Selected match org.apache.logging.log4j:log4j-api:2.19.0 configuration compile from candidates [org.apache.logging.log4j:log4j-api:2.19.0 configuration compile] for {org.gradle.category=library, org.gradle.dependency.bundling=external, org.gradle.jvm.environment=standard-jvm, org.gradle.jvm.version=17, org.gradle.libraryelements=classes, org.gradle.usage=java-api}
2025-12-28T12:07:02.826+0800 [DEBUG] [org.gradle.internal.component.model.LoggingAttributeMatchingExplanationBuilder] Selected match org.joml:joml:1.10.5 configuration compile from candidates [org.joml:joml:1.10.5 configuration compile] for {org.gradle.category=library, org.gradle.dependency.bundling=external, org.gradle.jvm.environment=standard-jvm, org.gradle.jvm.version=17, org.gradle.libraryelements=classes, org.gradle.usage=java-api}
2025-12-28T12:07:02.826+0800 [DEBUG] [org.gradle.internal.component.model.LoggingAttributeMatchingExplanationBuilder] Selected match org.lwjgl:lwjgl-glfw:3.3.1 configuration compile from candidates [org.lwjgl:lwjgl-glfw:3.3.1 configuration compile] for {org.gradle.category=library, org.gradle.dependency.bundling=external, org.gradle.jvm.environment=standard-jvm, org.gradle.jvm.version=17, org.gradle.libraryelements=classes, org.gradle.usage=java-api}
2025-12-28T12:07:02.827+0800 [DEBUG] [org.gradle.internal.component.model.LoggingAttributeMatchingExplanationBuilder] Selected match adhoc variant for org.lwjgl:lwjgl-glfw:3.3.1 from candidates [adhoc variant for org.lwjgl:lwjgl-glfw:3.3.1] for {org.gradle.category=library, org.gradle.dependency.bundling=external, org.gradle.jvm.environment=standard-jvm, org.gradle.jvm.version=17, org.gradle.libraryelements=classes, org.gradle.usage=java-api}
2025-12-28T12:07:02.829+0800 [DEBUG] [org.gradle.internal.component.model.LoggingAttributeMatchingExplanationBuilder] Selected match adhoc variant for org.lwjgl:lwjgl-glfw:3.3.1 from candidates [adhoc variant for org.lwjgl:lwjgl-glfw:3.3.1] for {org.gradle.category=library, org.gradle.dependency.bundling=external, org.gradle.jvm.environment=standard-jvm, org.gradle.jvm.version=17, org.gradle.libraryelements=classes, org.gradle.usage=java-api}
2025-12-28T12:07:02.830+0800 [DEBUG] [org.gradle.internal.component.model.LoggingAttributeMatchingExplanationBuilder] Selected match adhoc variant for org.lwjgl:lwjgl-glfw:3.3.1 from candidates [adhoc variant for org.lwjgl:lwjgl-glfw:3.3.1] for {org.gradle.category=library, org.gradle.dependency.bundling=external, org.gradle.jvm.environment=standard-jvm, org.gradle.jvm.version=17, org.gradle.libraryelements=classes, org.gradle.usage=java-api}
2025-12-28T12:07:02.831+0800 [DEBUG] [org.gradle.internal.component.model.LoggingAttributeMatchingExplanationBuilder] Selected match org.lwjgl:lwjgl-jemalloc:3.3.1 configuration compile from candidates [org.lwjgl:lwjgl-jemalloc:3.3.1 configuration compile] for {org.gradle.category=library, org.gradle.dependency.bundling=external, org.gradle.jvm.environment=standard-jvm, org.gradle.jvm.version=17, org.gradle.libraryelements=classes, org.gradle.usage=java-api}
2025-12-28T12:07:02.832+0800 [DEBUG] [org.gradle.internal.component.model.LoggingAttributeMatchingExplanationBuilder] Selected match adhoc variant for org.lwjgl:lwjgl-jemalloc:3.3.1 from candidates [adhoc variant for org.lwjgl:lwjgl-jemalloc:3.3.1] for {org.gradle.category=library, org.gradle.dependency.bundling=external, org.gradle.jvm.environment=standard-jvm, org.gradle.jvm.version=17, org.gradle.libraryelements=classes, org.gradle.usage=java-api}
2025-12-28T12:07:02.832+0800 [DEBUG] [org.gradle.internal.component.model.LoggingAttributeMatchingExplanationBuilder] Selected match adhoc variant for org.lwjgl:lwjgl-jemalloc:3.3.1 from candidates [adhoc variant for org.lwjgl:lwjgl-jemalloc:3.3.1] for {org.gradle.category=library, org.gradle.dependency.bundling=external, org.gradle.jvm.environment=standard-jvm, org.gradle.jvm.version=17, org.gradle.libraryelements=classes, org.gradle.usage=java-api}
2025-12-28T12:07:02.833+0800 [DEBUG] [org.gradle.internal.component.model.LoggingAttributeMatchingExplanationBuilder] Selected match adhoc variant for org.lwjgl:lwjgl-jemalloc:3.3.1 from candidates [adhoc variant for org.lwjgl:lwjgl-jemalloc:3.3.1] for {org.gradle.category=library, org.gradle.dependency.bundling=external, org.gradle.jvm.environment=standard-jvm, org.gradle.jvm.version=17, org.gradle.libraryelements=classes, org.gradle.usage=java-api}
2025-12-28T12:07:02.834+0800 [DEBUG] [org.gradle.internal.component.model.LoggingAttributeMatchingExplanationBuilder] Selected match org.lwjgl:lwjgl-openal:3.3.1 configuration compile from candidates [org.lwjgl:lwjgl-openal:3.3.1 configuration compile] for {org.gradle.category=library, org.gradle.dependency.bundling=external, org.gradle.jvm.environment=standard-jvm, org.gradle.jvm.version=17, org.gradle.libraryelements=classes, org.gradle.usage=java-api}
2025-12-28T12:07:02.835+0800 [DEBUG] [org.gradle.internal.component.model.LoggingAttributeMatchingExplanationBuilder] Selected match adhoc variant for org.lwjgl:lwjgl-openal:3.3.1 from candidates [adhoc variant for org.lwjgl:lwjgl-openal:3.3.1] for {org.gradle.category=library, org.gradle.dependency.bundling=external, org.gradle.jvm.environment=standard-jvm, org.gradle.jvm.version=17, org.gradle.libraryelements=classes, org.gradle.usage=java-api}
2025-12-28T12:07:02.835+0800 [DEBUG] [org.gradle.internal.component.model.LoggingAttributeMatchingExplanationBuilder] Selected match adhoc variant for org.lwjgl:lwjgl-openal:3.3.1 from candidates [adhoc variant for org.lwjgl:lwjgl-openal:3.3.1] for {org.gradle.category=library, org.gradle.dependency.bundling=external, org.gradle.jvm.environment=standard-jvm, org.gradle.jvm.version=17, org.gradle.libraryelements=classes, org.gradle.usage=java-api}
2025-12-28T12:07:02.836+0800 [DEBUG] [org.gradle.internal.component.model.LoggingAttributeMatchingExplanationBuilder] Selected match adhoc variant for org.lwjgl:lwjgl-openal:3.3.1 from candidates [adhoc variant for org.lwjgl:lwjgl-openal:3.3.1] for {org.gradle.category=library, org.gradle.dependency.bundling=external, org.gradle.jvm.environment=standard-jvm, org.gradle.jvm.version=17, org.gradle.libraryelements=classes, org.gradle.usage=java-api}
2025-12-28T12:07:02.844+0800 [DEBUG] [org.gradle.internal.component.model.LoggingAttributeMatchingExplanationBuilder] Selected match org.lwjgl:lwjgl-opengl:3.3.1 configuration compile from candidates [org.lwjgl:lwjgl-opengl:3.3.1 configuration compile] for {org.gradle.category=library, org.gradle.dependency.bundling=external, org.gradle.jvm.environment=standard-jvm, org.gradle.jvm.version=17, org.gradle.libraryelements=classes, org.gradle.usage=java-api}
2025-12-28T12:07:02.845+0800 [DEBUG] [org.gradle.internal.component.model.LoggingAttributeMatchingExplanationBuilder] Selected match adhoc variant for org.lwjgl:lwjgl-opengl:3.3.1 from candidates [adhoc variant for org.lwjgl:lwjgl-opengl:3.3.1] for {org.gradle.category=library, org.gradle.dependency.bundling=external, org.gradle.jvm.environment=standard-jvm, org.gradle.jvm.version=17, org.gradle.libraryelements=classes, org.gradle.usage=java-api}
2025-12-28T12:07:02.846+0800 [DEBUG] [org.gradle.internal.component.model.LoggingAttributeMatchingExplanationBuilder] Selected match adhoc variant for org.lwjgl:lwjgl-opengl:3.3.1 from candidates [adhoc variant for org.lwjgl:lwjgl-opengl:3.3.1] for {org.gradle.category=library, org.gradle.dependency.bundling=external, org.gradle.jvm.environment=standard-jvm, org.gradle.jvm.version=17, org.gradle.libraryelements=classes, org.gradle.usage=java-api}
2025-12-28T12:07:02.847+0800 [DEBUG] [org.gradle.internal.component.model.LoggingAttributeMatchingExplanationBuilder] Selected match adhoc variant for org.lwjgl:lwjgl-opengl:3.3.1 from candidates [adhoc variant for org.lwjgl:lwjgl-opengl:3.3.1] for {org.gradle.category=library, org.gradle.dependency.bundling=external, org.gradle.jvm.environment=standard-jvm, org.gradle.jvm.version=17, org.gradle.libraryelements=classes, org.gradle.usage=java-api}
2025-12-28T12:07:02.847+0800 [DEBUG] [org.gradle.internal.component.model.LoggingAttributeMatchingExplanationBuilder] Selected match org.lwjgl:lwjgl-stb:3.3.1 configuration compile from candidates [org.lwjgl:lwjgl-stb:3.3.1 configuration compile] for {org.gradle.category=library, org.gradle.dependency.bundling=external, org.gradle.jvm.environment=standard-jvm, org.gradle.jvm.version=17, org.gradle.libraryelements=classes, org.gradle.usage=java-api}
2025-12-28T12:07:02.849+0800 [DEBUG] [org.gradle.internal.component.model.LoggingAttributeMatchingExplanationBuilder] Selected match adhoc variant for org.lwjgl:lwjgl-stb:3.3.1 from candidates [adhoc variant for org.lwjgl:lwjgl-stb:3.3.1] for {org.gradle.category=library, org.gradle.dependency.bundling=external, org.gradle.jvm.environment=standard-jvm, org.gradle.jvm.version=17, org.gradle.libraryelements=classes, org.gradle.usage=java-api}
2025-12-28T12:07:02.851+0800 [DEBUG] [org.gradle.internal.component.model.LoggingAttributeMatchingExplanationBuilder] Selected match adhoc variant for org.lwjgl:lwjgl-stb:3.3.1 from candidates [adhoc variant for org.lwjgl:lwjgl-stb:3.3.1] for {org.gradle.category=library, org.gradle.dependency.bundling=external, org.gradle.jvm.environment=standard-jvm, org.gradle.jvm.version=17, org.gradle.libraryelements=classes, org.gradle.usage=java-api}
2025-12-28T12:07:02.852+0800 [DEBUG] [org.gradle.internal.component.model.LoggingAttributeMatchingExplanationBuilder] Selected match adhoc variant for org.lwjgl:lwjgl-stb:3.3.1 from candidates [adhoc variant for org.lwjgl:lwjgl-stb:3.3.1] for {org.gradle.category=library, org.gradle.dependency.bundling=external, org.gradle.jvm.environment=standard-jvm, org.gradle.jvm.version=17, org.gradle.libraryelements=classes, org.gradle.usage=java-api}
2025-12-28T12:07:02.853+0800 [DEBUG] [org.gradle.internal.component.model.LoggingAttributeMatchingExplanationBuilder] Selected match org.lwjgl:lwjgl-tinyfd:3.3.1 configuration compile from candidates [org.lwjgl:lwjgl-tinyfd:3.3.1 configuration compile] for {org.gradle.category=library, org.gradle.dependency.bundling=external, org.gradle.jvm.environment=standard-jvm, org.gradle.jvm.version=17, org.gradle.libraryelements=classes, org.gradle.usage=java-api}
2025-12-28T12:07:02.854+0800 [DEBUG] [org.gradle.internal.component.model.LoggingAttributeMatchingExplanationBuilder] Selected match adhoc variant for org.lwjgl:lwjgl-tinyfd:3.3.1 from candidates [adhoc variant for org.lwjgl:lwjgl-tinyfd:3.3.1] for {org.gradle.category=library, org.gradle.dependency.bundling=external, org.gradle.jvm.environment=standard-jvm, org.gradle.jvm.version=17, org.gradle.libraryelements=classes, org.gradle.usage=java-api}
2025-12-28T12:07:02.855+0800 [DEBUG] [org.gradle.internal.component.model.LoggingAttributeMatchingExplanationBuilder] Selected match adhoc variant for org.lwjgl:lwjgl-tinyfd:3.3.1 from candidates [adhoc variant for org.lwjgl:lwjgl-tinyfd:3.3.1] for {org.gradle.category=library, org.gradle.dependency.bundling=external, org.gradle.jvm.environment=standard-jvm, org.gradle.jvm.version=17, org.gradle.libraryelements=classes, org.gradle.usage=java-api}
2025-12-28T12:07:02.855+0800 [DEBUG] [org.gradle.internal.component.model.LoggingAttributeMatchingExplanationBuilder] Selected match adhoc variant for org.lwjgl:lwjgl-tinyfd:3.3.1 from candidates [adhoc variant for org.lwjgl:lwjgl-tinyfd:3.3.1] for {org.gradle.category=library, org.gradle.dependency.bundling=external, org.gradle.jvm.environment=standard-jvm, org.gradle.jvm.version=17, org.gradle.libraryelements=classes, org.gradle.usage=java-api}
2025-12-28T12:07:02.856+0800 [DEBUG] [org.gradle.internal.component.model.LoggingAttributeMatchingExplanationBuilder] Selected match org.lwjgl:lwjgl:3.3.1 configuration compile from candidates [org.lwjgl:lwjgl:3.3.1 configuration compile] for {org.gradle.category=library, org.gradle.dependency.bundling=external, org.gradle.jvm.environment=standard-jvm, org.gradle.jvm.version=17, org.gradle.libraryelements=classes, org.gradle.usage=java-api}
2025-12-28T12:07:02.857+0800 [DEBUG] [org.gradle.internal.component.model.LoggingAttributeMatchingExplanationBuilder] Selected match adhoc variant for org.lwjgl:lwjgl:3.3.1 from candidates [adhoc variant for org.lwjgl:lwjgl:3.3.1] for {org.gradle.category=library, org.gradle.dependency.bundling=external, org.gradle.jvm.environment=standard-jvm, org.gradle.jvm.version=17, org.gradle.libraryelements=classes, org.gradle.usage=java-api}
2025-12-28T12:07:02.858+0800 [DEBUG] [org.gradle.internal.component.model.LoggingAttributeMatchingExplanationBuilder] Selected match adhoc variant for org.lwjgl:lwjgl:3.3.1 from candidates [adhoc variant for org.lwjgl:lwjgl:3.3.1] for {org.gradle.category=library, org.gradle.dependency.bundling=external, org.gradle.jvm.environment=standard-jvm, org.gradle.jvm.version=17, org.gradle.libraryelements=classes, org.gradle.usage=java-api}
2025-12-28T12:07:02.858+0800 [DEBUG] [org.gradle.internal.component.model.LoggingAttributeMatchingExplanationBuilder] Selected match adhoc variant for org.lwjgl:lwjgl:3.3.1 from candidates [adhoc variant for org.lwjgl:lwjgl:3.3.1] for {org.gradle.category=library, org.gradle.dependency.bundling=external, org.gradle.jvm.environment=standard-jvm, org.gradle.jvm.version=17, org.gradle.libraryelements=classes, org.gradle.usage=java-api}
2025-12-28T12:07:02.858+0800 [DEBUG] [org.gradle.internal.component.model.LoggingAttributeMatchingExplanationBuilder] Selected match com.machinezoo.noexception:noexception:1.7.1 configuration compile from candidates [com.machinezoo.noexception:noexception:1.7.1 configuration compile] for {org.gradle.category=library, org.gradle.dependency.bundling=external, org.gradle.jvm.environment=standard-jvm, org.gradle.jvm.version=17, org.gradle.libraryelements=classes, org.gradle.usage=java-api}
2025-12-28T12:07:02.859+0800 [DEBUG] [org.gradle.internal.component.model.LoggingAttributeMatchingExplanationBuilder] Selected match org.slf4j:slf4j-api:2.0.1 configuration compile from candidates [org.slf4j:slf4j-api:2.0.1 configuration compile] for {org.gradle.category=library, org.gradle.dependency.bundling=external, org.gradle.jvm.environment=standard-jvm, org.gradle.jvm.version=17, org.gradle.libraryelements=classes, org.gradle.usage=java-api}
2025-12-28T12:07:02.860+0800 [DEBUG] [org.gradle.internal.component.model.LoggingAttributeMatchingExplanationBuilder] Selected match org.codehaus.plexus:plexus-utils:3.3.0 configuration compile from candidates [org.codehaus.plexus:plexus-utils:3.3.0 configuration compile] for {org.gradle.category=library, org.gradle.dependency.bundling=external, org.gradle.jvm.environment=standard-jvm, org.gradle.jvm.version=17, org.gradle.libraryelements=classes, org.gradle.usage=java-api}
2025-12-28T12:07:02.862+0800 [DEBUG] [org.gradle.internal.component.model.LoggingAttributeMatchingExplanationBuilder] Selected match com.google.guava:listenablefuture:9999.0-empty-to-avoid-conflict-with-guava configuration compile from candidates [com.google.guava:listenablefuture:9999.0-empty-to-avoid-conflict-with-guava configuration compile] for {org.gradle.category=library, org.gradle.dependency.bundling=external, org.gradle.jvm.environment=standard-jvm, org.gradle.jvm.version=17, org.gradle.libraryelements=classes, org.gradle.usage=java-api}
2025-12-28T12:07:02.863+0800 [DEBUG] [org.gradle.internal.component.model.LoggingAttributeMatchingExplanationBuilder] Selected match org.checkerframework:checker-qual:3.12.0 variant apiElements from candidates [org.checkerframework:checker-qual:3.12.0 variant apiElements] for {org.gradle.category=library, org.gradle.dependency.bundling=external, org.gradle.jvm.environment=standard-jvm, org.gradle.jvm.version=17, org.gradle.libraryelements=classes, org.gradle.usage=java-api}
2025-12-28T12:07:02.864+0800 [DEBUG] [org.gradle.internal.component.model.LoggingAttributeMatchingExplanationBuilder] Selected match com.google.errorprone:error_prone_annotations:2.11.0 configuration compile from candidates [com.google.errorprone:error_prone_annotations:2.11.0 configuration compile] for {org.gradle.category=library, org.gradle.dependency.bundling=external, org.gradle.jvm.environment=standard-jvm, org.gradle.jvm.version=17, org.gradle.libraryelements=classes, org.gradle.usage=java-api}
2025-12-28T12:07:02.865+0800 [DEBUG] [org.gradle.internal.component.model.LoggingAttributeMatchingExplanationBuilder] Selected match com.google.j2objc:j2objc-annotations:1.3 configuration compile from candidates [com.google.j2objc:j2objc-annotations:1.3 configuration compile] for {org.gradle.category=library, org.gradle.dependency.bundling=external, org.gradle.jvm.environment=standard-jvm, org.gradle.jvm.version=17, org.gradle.libraryelements=classes, org.gradle.usage=java-api}
2025-12-28T12:07:02.868+0800 [DEBUG] [org.gradle.internal.component.model.LoggingAttributeMatchingExplanationBuilder] Selected match org.antlr:ST4:4.3 configuration compile from candidates [org.antlr:ST4:4.3 configuration compile] for {org.gradle.category=library, org.gradle.dependency.bundling=external, org.gradle.jvm.environment=standard-jvm, org.gradle.jvm.version=17, org.gradle.libraryelements=classes, org.gradle.usage=java-api}
2025-12-28T12:07:02.868+0800 [DEBUG] [org.gradle.internal.component.model.LoggingAttributeMatchingExplanationBuilder] Selected match org.antlr:antlr-runtime:3.5.2 configuration compile from candidates [org.antlr:antlr-runtime:3.5.2 configuration compile] for {org.gradle.category=library, org.gradle.dependency.bundling=external, org.gradle.jvm.environment=standard-jvm, org.gradle.jvm.version=17, org.gradle.libraryelements=classes, org.gradle.usage=java-api}
2025-12-28T12:07:02.869+0800 [DEBUG] [org.gradle.internal.component.model.LoggingAttributeMatchingExplanationBuilder] Selected match org.abego.treelayout:org.abego.treelayout.core:1.0.3 configuration compile from candidates [org.abego.treelayout:org.abego.treelayout.core:1.0.3 configuration compile] for {org.gradle.category=library, org.gradle.dependency.bundling=external, org.gradle.jvm.environment=standard-jvm, org.gradle.jvm.version=17, org.gradle.libraryelements=classes, org.gradle.usage=java-api}
2025-12-28T12:07:02.869+0800 [DEBUG] [org.gradle.internal.component.model.LoggingAttributeMatchingExplanationBuilder] Selected match org.glassfish:javax.json:1.0.4 configuration compile from candidates [org.glassfish:javax.json:1.0.4 configuration compile] for {org.gradle.category=library, org.gradle.dependency.bundling=external, org.gradle.jvm.environment=standard-jvm, org.gradle.jvm.version=17, org.gradle.libraryelements=classes, org.gradle.usage=java-api}
2025-12-28T12:07:02.882+0800 [DEBUG] [org.gradle.api.internal.artifacts.ivyservice.ivyresolve.CachingModuleComponentRepository] Found artifact 'mergetool-1.1.5-api.jar (net.minecraftforge:mergetool:1.1.5)' in resolver cache: C:\Users\StesssQQy\.gradle\caches\modules-2\files-2.1\net.minecraftforge\mergetool\1.1.5\f3da18e12c696d35a47c82cbb2cc8b5aa15e1154\mergetool-1.1.5-api.jar
2025-12-28T12:07:02.884+0800 [DEBUG] [org.gradle.api.internal.artifacts.repositories.resolver.DefaultExternalResourceArtifactResolver] Loading file:/C:/Users/StesssQQy/.gradle/caches/forge_gradle/bundeled_repo/net/minecraftforge/forge/1.20.1-47.4.10_mapped_official_1.20.1/forge-1.20.1-47.4.10_mapped_official_1.20.1.jar
2025-12-28T12:07:02.885+0800 [INFO] [org.gradle.api.Project] Downloading net.minecraft:mappings_official:1.20.1@zip
2025-12-28T12:07:02.887+0800 [DEBUG] [org.gradle.internal.resources.AbstractTrackedResourceLock] included builds: released lock on state of build :
2025-12-28T12:07:02.888+0800 [DEBUG] [org.gradle.internal.resources.AbstractTrackedResourceLock] included builds: released lock on worker lease
2025-12-28T12:07:02.951+0800 [INFO] [org.gradle.api.Project] Downloading net.minecraft:mappings_official:1.20.1@zip
2025-12-28T12:07:02.968+0800 [INFO] [org.gradle.api.Project] Downloading net.minecraft:mappings_official:1.20.1@zip
2025-12-28T12:07:03.000+0800 [DEBUG] [org.gradle.api.internal.artifacts.ivyservice.ivyresolve.CachingModuleComponentRepository] Downloaded artifact 'forge-1.20.1-47.4.10_mapped_official_1.20.1.jar (net.minecraftforge:forge:1.20.1-47.4.10_mapped_official_1.20.1)' from resolver: BUNDELED_-444689664
2025-12-28T12:07:03.001+0800 [DEBUG] [org.gradle.internal.resources.AbstractTrackedResourceLock] included builds: acquired lock on state of build :
2025-12-28T12:07:03.001+0800 [DEBUG] [org.gradle.internal.resources.AbstractTrackedResourceLock] included builds: acquired lock on worker lease
2025-12-28T12:07:03.100+0800 [DEBUG] [org.gradle.internal.operations.DefaultBuildOperationRunner] Build operation 'Resolve files of configuration ':compileClasspath'' completed
2025-12-28T12:07:03.102+0800 [DEBUG] [org.gradle.internal.operations.DefaultBuildOperationRunner] Build operation 'Resolve dependencies of :annotationProcessor' completed
2025-12-28T12:07:03.103+0800 [DEBUG] [org.gradle.internal.operations.DefaultBuildOperationRunner] Build operation 'Snapshot inputs and outputs before executing task ':compileJava'' completed
2025-12-28T12:07:03.109+0800 [DEBUG] [org.gradle.internal.operations.DefaultBuildOperationRunner] Build operation 'Resolve files of configuration ':compileClasspath'' completed
2025-12-28T12:07:03.154+0800 [INFO] [org.gradle.internal.execution.steps.AbstractResolveCachingStateStep] Caching disabled for task ':compileJava' because:
  Build cache is disabled
2025-12-28T12:07:03.157+0800 [DEBUG] [org.gradle.internal.operations.DefaultBuildOperationRunner] Build operation 'Snapshot task inputs for :compileJava' completed
2025-12-28T12:07:03.157+0800 [DEBUG] [org.gradle.internal.execution.steps.SkipUpToDateStep] Determining if task ':compileJava' is up-to-date
2025-12-28T12:07:03.158+0800 [INFO] [org.gradle.internal.execution.steps.SkipUpToDateStep] Task ':compileJava' is not up-to-date because:
  Task has failed previously.
2025-12-28T12:07:03.162+0800 [INFO] [org.gradle.internal.execution.steps.ResolveInputChangesStep] The input changes require a full rebuild for incremental task ':compileJava'.
2025-12-28T12:07:03.164+0800 [DEBUG] [org.gradle.internal.vfs.impl.AbstractVirtualFileSystem] Invalidating VFS paths: [E:\Workpace\MOD\Neo Anomalous Might\build\classes\java\main, E:\Workpace\MOD\Neo Anomalous Might\build\generated\sources\annotationProcessor\java\main, E:\Workpace\MOD\Neo Anomalous Might\build\generated\sources\headers\java\main, E:\Workpace\MOD\Neo Anomalous Might\build\tmp\compileJava\previous-compilation-data.bin]
2025-12-28T12:07:03.170+0800 [DEBUG] [org.gradle.internal.file.impl.DefaultDeleter] Deleting E:\Workpace\MOD\Neo Anomalous Might\build\classes\java\main
2025-12-28T12:07:03.171+0800 [DEBUG] [org.gradle.internal.file.impl.DefaultDeleter] Deleting E:\Workpace\MOD\Neo Anomalous Might\build\generated\sources\annotationProcessor\java\main
2025-12-28T12:07:03.172+0800 [DEBUG] [org.gradle.internal.file.impl.DefaultDeleter] Deleting E:\Workpace\MOD\Neo Anomalous Might\build\generated\sources\headers\java\main
2025-12-28T12:07:03.173+0800 [DEBUG] [org.gradle.internal.execution.steps.PreCreateOutputParentsStep] Ensuring directory exists for property destinationDirectory at E:\Workpace\MOD\Neo Anomalous Might\build\classes\java\main
2025-12-28T12:07:03.173+0800 [DEBUG] [org.gradle.internal.execution.steps.PreCreateOutputParentsStep] Ensuring directory exists for property options.generatedSourceOutputDirectory at E:\Workpace\MOD\Neo Anomalous Might\build\generated\sources\annotationProcessor\java\main
2025-12-28T12:07:03.174+0800 [DEBUG] [org.gradle.internal.execution.steps.PreCreateOutputParentsStep] Ensuring directory exists for property options.headerOutputDirectory at E:\Workpace\MOD\Neo Anomalous Might\build\generated\sources\headers\java\main
2025-12-28T12:07:03.174+0800 [DEBUG] [org.gradle.internal.execution.steps.PreCreateOutputParentsStep] Ensuring parent directory exists for property previousCompilationData at E:\Workpace\MOD\Neo Anomalous Might\build\tmp\compileJava\previous-compilation-data.bin
2025-12-28T12:07:03.179+0800 [DEBUG] [org.gradle.api.internal.tasks.execution.TaskExecution] Executing actions for task ':compileJava'.
2025-12-28T12:07:03.193+0800 [INFO] [org.gradle.api.internal.tasks.compile.AbstractJavaCompileSpecFactory] Compilation mode: in-process compilation
2025-12-28T12:07:03.194+0800 [DEBUG] [org.gradle.internal.operations.DefaultBuildOperationRunner] Build operation 'Resolve files of configuration ':compileClasspath'' completed
2025-12-28T12:07:03.203+0800 [DEBUG] [org.gradle.cache.internal.DefaultCacheCoordinator] Creating new cache for jarAnalysis, path C:\Users\StesssQQy\.gradle\caches\8.13\javaCompile\jarAnalysis.bin, access org.gradle.cache.internal.DefaultCacheCoordinator@7a85d3ce
2025-12-28T12:07:03.204+0800 [DEBUG] [org.gradle.cache.internal.DefaultInMemoryCacheDecoratorFactory] Creating in-memory store for cache C:\Users\StesssQQy\.gradle\caches\8.13\javaCompile\jarAnalysis.bin (max size: 76800)
2025-12-28T12:07:03.204+0800 [DEBUG] [org.gradle.cache.internal.LockOnDemandCrossProcessCacheAccess] Acquiring file lock for Java compile cache (C:\Users\StesssQQy\.gradle\caches\8.13\javaCompile)
2025-12-28T12:07:03.208+0800 [DEBUG] [org.gradle.cache.internal.DefaultFileLockManager] Waiting to acquire exclusive lock on Java compile cache (C:\Users\StesssQQy\.gradle\caches\8.13\javaCompile).
2025-12-28T12:07:03.209+0800 [DEBUG] [org.gradle.cache.internal.DefaultFileLockManager] Lock acquired on Java compile cache (C:\Users\StesssQQy\.gradle\caches\8.13\javaCompile).
2025-12-28T12:07:03.211+0800 [DEBUG] [org.gradle.cache.internal.DefaultCacheCoordinator] Creating new cache for classAnalysis, path C:\Users\StesssQQy\.gradle\caches\8.13\javaCompile\classAnalysis.bin, access org.gradle.cache.internal.DefaultCacheCoordinator@7a85d3ce
2025-12-28T12:07:03.211+0800 [DEBUG] [org.gradle.cache.internal.DefaultInMemoryCacheDecoratorFactory] Creating in-memory store for cache C:\Users\StesssQQy\.gradle\caches\8.13\javaCompile\classAnalysis.bin (max size: 1537800)
2025-12-28T12:07:03.223+0800 [INFO] [org.gradle.api.internal.tasks.compile.incremental.SelectiveCompiler] Full recompilation is required because no incremental change information is available. This is usually caused by clean builds or changing compiler arguments.
2025-12-28T12:07:03.227+0800 [INFO] [org.gradle.jvm.toolchain.internal.DefaultToolchainJavaCompiler] Compiling with toolchain 'D:\Program Files\Java\jdk-17'.
2025-12-28T12:07:03.291+0800 [DEBUG] [org.gradle.api.internal.tasks.compile.NormalizingJavaCompiler] Compiler arguments: -source 17 -target 17 -d E:\Workpace\MOD\Neo Anomalous Might\build\classes\java\main -encoding UTF-8 -h E:\Workpace\MOD\Neo Anomalous Might\build\generated\sources\headers\java\main -g -sourcepath "" -proc:none -s E:\Workpace\MOD\Neo Anomalous Might\build\generated\sources\annotationProcessor\java\main -XDuseUnsharedTable=true -classpath C:\Users\StesssQQy\.gradle\caches\forge_gradle\minecraft_user_repo\net\minecraftforge\forge\1.20.1-47.4.10_mapped_official_1.20.1\forge-1.20.1-47.4.10_mapped_official_1.20.1-recomp.jar;C:\Users\StesssQQy\.gradle\caches\forge_gradle\minecraft_repo\versions\1.20.1\client-extra.jar;C:\Users\StesssQQy\.gradle\caches\modules-2\files-2.1\net.minecraftforge\fmlloader\1.20.1-47.4.10\55c46d27e7cfc8b829af8a28e562a7d290fa38b6\fmlloader-1.20.1-47.4.10.jar;C:\Users\StesssQQy\.gradle\caches\modules-2\files-2.1\net.minecraftforge\JarJarSelector\0.3.19\376cc9c8ea60720cf027c01fc033de915699801c\JarJarSelector-0.3.19.jar;C:\Users\StesssQQy\.gradle\caches\modules-2\files-2.1\net.minecraftforge\JarJarMetadata\0.3.19\83feaa9b770e6ac0e96ee4fc23fa89325c5fe2\JarJarMetadata-0.3.19.jar;C:\Users\StesssQQy\.gradle\caches\modules-2\files-2.1\com.google.guava\guava\31.1-jre\60458f877d055d0c9114d9e1a2efb737b4bc282c\guava-31.1-jre.jar;C:\Users\StesssQQy\.gradle\caches\modules-2\files-2.1\com.google.code.findbugs\jsr305\3.0.2\25ea2e8b0c338a877313bd4672d3fe056ea78f0d\jsr305-3.0.2.jar;C:\Users\StesssQQy\.gradle\caches\modules-2\files-2.1\ca.weblite\java-objc-bridge\1.1\1227f9e0666314f9de41477e3ec277e542ed7f7b\java-objc-bridge-1.1.jar;C:\Users\StesssQQy\.gradle\caches\modules-2\files-2.1\net.minecraftforge\forgespi\7.0.1\3b4972a0cdb135853dba219be61a79b22cff1309\forgespi-7.0.1.jar;C:\Users\StesssQQy\.gradle\caches\modules-2\files-2.1\net.minecraftforge\mergetool\1.1.5\f3da18e12c696d35a47c82cbb2cc8b5aa15e1154\mergetool-1.1.5-api.jar;C:\Users\StesssQQy\.gradle\caches\modules-2\files-2.1\org.jetbrains\annotations\24.0.1\13c5c75c4206580aa4d683bffee658caae6c9f43\annotations-24.0.1.jar;C:\Users\StesssQQy\.gradle\caches\modules-2\files-2.1\cpw.mods\securejarhandler\2.1.10\51e6a22c6c716beb11e244bf5b8be480f51dd6b5\securejarhandler-2.1.10.jar;C:\Users\StesssQQy\.gradle\caches\modules-2\files-2.1\net.minecraftforge\coremods\5.2.4\e30bab269d896613e38396274711410b3a0e4b87\coremods-5.2.4.jar;C:\Users\StesssQQy\.gradle\caches\modules-2\files-2.1\cpw.mods\modlauncher\10.0.9\6d9443f56f50bb85cea383686ff9c867391458b\modlauncher-10.0.9.jar;C:\Users\StesssQQy\.gradle\caches\modules-2\files-2.1\org.openjdk.nashorn\nashorn-core\15.4\f67f5ffaa5f5130cf6fb9b133da00c7df3b532a5\nashorn-core-15.4.jar;C:\Users\StesssQQy\.gradle\caches\modules-2\files-2.1\org.ow2.asm\asm-commons\9.8\36e4d212970388e5bd2c5180292012502df461bb\asm-commons-9.8.jar;C:\Users\StesssQQy\.gradle\caches\modules-2\files-2.1\org.ow2.asm\asm-util\9.8\395f1c1f035258511f27bc9b2583d76e4b143f59\asm-util-9.8.jar;C:\Users\StesssQQy\.gradle\caches\modules-2\files-2.1\org.ow2.asm\asm-analysis\9.8\b9747a320844b6cb1eacd90d8ecfd260a16c01d3\asm-analysis-9.8.jar;C:\Users\StesssQQy\.gradle\caches\modules-2\files-2.1\org.ow2.asm\asm-tree\9.8\18419ca5b77a2f81097c741e7872e6ab8d2f40d\asm-tree-9.8.jar;C:\Users\StesssQQy\.gradle\caches\modules-2\files-2.1\org.ow2.asm\asm\9.8\dc19ecb3f7889b7860697215cae99c0f9b6f6b4b\asm-9.8.jar;C:\Users\StesssQQy\.gradle\caches\modules-2\files-2.1\net.minecraftforge\accesstransformers\8.0.4\272d240aa73f42195b2a68e2ebd8b701ecf41f63\accesstransformers-8.0.4.jar;C:\Users\StesssQQy\.gradle\caches\modules-2\files-2.1\org.antlr\antlr4\4.9.1\e92af8ab33e428461927b484e90bb155a4f3a052\antlr4-4.9.1.jar;C:\Users\StesssQQy\.gradle\caches\modules-2\files-2.1\org.antlr\antlr4-runtime\4.9.1\428664f05d2b7f7b7610204b5aa7c1763f62011a\antlr4-runtime-4.9.1.jar;C:\Users\StesssQQy\.gradle\caches\modules-2\files-2.1\net.minecraftforge\fmlcore\1.20.1-47.4.10\94dae566be650566ea9115a1414ab76bfcf5a804\fmlcore-1.20.1-47.4.10.jar;C:\Users\StesssQQy\.gradle\caches\modules-2\files-2.1\net.minecraftforge\eventbus\6.0.5\699143dd438431d06b57416944f7cedbe52e1475\eventbus-6.0.5.jar;C:\Users\StesssQQy\.gradle\caches\modules-2\files-2.1\net.minecraftforge\unsafe\0.2.0\54d7a0a5e8fdb71b973025caa46f341ae5904f39\unsafe-0.2.0.jar;C:\Users\StesssQQy\.gradle\caches\modules-2\files-2.1\com.electronwill.night-config\toml\3.6.4\51d6cefb2b55ee55ee26b16391212fb2c7dfb4f4\toml-3.6.4.jar;C:\Users\StesssQQy\.gradle\caches\modules-2\files-2.1\com.electronwill.night-config\core\3.6.4\510f174abbf1c947494db50ef2445683bd52c230\core-3.6.4.jar;C:\Users\StesssQQy\.gradle\caches\modules-2\files-2.1\org.apache.maven\maven-artifact\3.8.5\4433f50c07debefaed0553bd0068f4f48d449313\maven-artifact-3.8.5.jar;C:\Users\StesssQQy\.gradle\caches\modules-2\files-2.1\net.jodah\typetools\0.6.3\a01aaa6ddaea9ec07ec4f209487b7a46a526283a\typetools-0.6.3.jar;C:\Users\StesssQQy\.gradle\caches\modules-2\files-2.1\net.minecrell\terminalconsoleappender\1.2.0\96d02cd3b384ff015a8fef4223bcb4ccf1717c95\terminalconsoleappender-1.2.0.jar;C:\Users\StesssQQy\.gradle\caches\modules-2\files-2.1\org.jline\jline-reader\3.12.1\4382ab1382c7b6f379377ed5f665dc2f6e1218bc\jline-reader-3.12.1.jar;C:\Users\StesssQQy\.gradle\caches\modules-2\files-2.1\org.jline\jline-terminal\3.12.1\c777448314e050d980a6b697c140f3bfe9eb7416\jline-terminal-3.12.1.jar;C:\Users\StesssQQy\.gradle\caches\modules-2\files-2.1\org.spongepowered\mixin\0.8.5\9d1c0c3a304ae6697ecd477218fa61b850bf57fc\mixin-0.8.5.jar;C:\Users\StesssQQy\.gradle\caches\modules-2\files-2.1\cpw.mods\bootstraplauncher\1.1.2\c546e00443d8432cda6baa1c860346980742628\bootstraplauncher-1.1.2.jar;C:\Users\StesssQQy\.gradle\caches\modules-2\files-2.1\net.minecraftforge\JarJarFileSystems\0.3.19\2464eb7d6b9ddb9db36a82cf8a95193e5c6fe020\JarJarFileSystems-0.3.19.jar;C:\Users\StesssQQy\.gradle\caches\modules-2\files-2.1\net.minecraftforge\fmlearlydisplay\1.20.1-47.4.10\a262fa19e65f643aae210b4275b53bee053aa765\fmlearlydisplay-1.20.1-47.4.10.jar;C:\Users\StesssQQy\.gradle\caches\modules-2\files-2.1\net.minecraftforge\javafmllanguage\1.20.1-47.4.10\ccc533c7dd67e0983217197d7549c8b49e7ab453\javafmllanguage-1.20.1-47.4.10.jar;C:\Users\StesssQQy\.gradle\caches\modules-2\files-2.1\net.minecraftforge\lowcodelanguage\1.20.1-47.4.10\e9a2879fe3612ea34b9728ec2633304a1e67d480\lowcodelanguage-1.20.1-47.4.10.jar;C:\Users\StesssQQy\.gradle\caches\modules-2\files-2.1\net.minecraftforge\mclanguage\1.20.1-47.4.10\ec5cefbbc65c67302b8fac317010faab85fa14b9\mclanguage-1.20.1-47.4.10.jar;C:\Users\StesssQQy\.gradle\caches\modules-2\files-2.1\com.github.oshi\oshi-core\6.2.2\54f5efc19bca95d709d9a37d19ffcbba3d21c1a6\oshi-core-6.2.2.jar;C:\Users\StesssQQy\.gradle\caches\modules-2\files-2.1\com.google.code.gson\gson\2.10\dd9b193aef96e973d5a11ab13cd17430c2e4306b\gson-2.10.jar;C:\Users\StesssQQy\.gradle\caches\modules-2\files-2.1\com.google.guava\failureaccess\1.0.1\1dcf1de382a0bf95a3d8b0849546c88bac1292c9\failureaccess-1.0.1.jar;C:\Users\StesssQQy\.gradle\caches\modules-2\files-2.1\com.ibm.icu\icu4j\71.1\9e7d3304c23f9ba5cb71915f7cce23231a57a445\icu4j-71.1.jar;C:\Users\StesssQQy\.gradle\caches\modules-2\files-2.1\com.mojang\authlib\4.0.43\2ff9d747a77570a07a60d32ac77eb6162ad2a2d9\authlib-4.0.43.jar;C:\Users\StesssQQy\.gradle\caches\modules-2\files-2.1\com.mojang\blocklist\1.0.10\5c685c5ffa94c4cd39496c7184c1d122e515ecef\blocklist-1.0.10.jar;C:\Users\StesssQQy\.gradle\caches\modules-2\files-2.1\com.mojang\brigadier\1.1.8\5244ce82c3337bba4a196a3ce858bfaecc74404a\brigadier-1.1.8.jar;C:\Users\StesssQQy\.gradle\caches\modules-2\files-2.1\com.mojang\datafixerupper\6.0.8\3ba4a30557a9b057760af4011f909ba619fc5125\datafixerupper-6.0.8.jar;C:\Users\StesssQQy\.gradle\caches\modules-2\files-2.1\com.mojang\logging\1.1.1\832b8e6674a9b325a5175a3a6267dfaf34c85139\logging-1.1.1.jar;C:\Users\StesssQQy\.gradle\caches\modules-2\files-2.1\com.mojang\patchy\2.2.10\da05971b07cbb379d002cf7eaec6a2048211fefc\patchy-2.2.10.jar;C:\Users\StesssQQy\.gradle\caches\modules-2\files-2.1\com.mojang\text2speech\1.17.9\3cad216e3a7f0c19b4b394388bc9ffc446f13b14\text2speech-1.17.9.jar;C:\Users\StesssQQy\.gradle\caches\modules-2\files-2.1\org.apache.httpcomponents\httpclient\4.5.13\e5f6cae5ca7ecaac1ec2827a9e2d65ae2869cada\httpclient-4.5.13.jar;C:\Users\StesssQQy\.gradle\caches\modules-2\files-2.1\commons-codec\commons-codec\1.15\49d94806b6e3dc933dacbd8acb0fdbab8ebd1e5d\commons-codec-1.15.jar;C:\Users\StesssQQy\.gradle\caches\modules-2\files-2.1\commons-io\commons-io\2.11.0\a2503f302b11ebde7ebc3df41daebe0e4eea3689\commons-io-2.11.0.jar;C:\Users\StesssQQy\.gradle\caches\modules-2\files-2.1\commons-logging\commons-logging\1.2\4bfc12adfe4842bf07b657f0369c4cb522955686\commons-logging-1.2.jar;C:\Users\StesssQQy\.gradle\caches\modules-2\files-2.1\io.netty\netty-handler\4.1.82.Final\644041d1fa96a5d3130a29e8978630d716d76e38\netty-handler-4.1.82.Final.jar;C:\Users\StesssQQy\.gradle\caches\modules-2\files-2.1\io.netty\netty-codec\4.1.82.Final\b77200379acb345a9ffdece1c605e591ac3e4e0a\netty-codec-4.1.82.Final.jar;C:\Users\StesssQQy\.gradle\caches\modules-2\files-2.1\io.netty\netty-transport-classes-epoll\4.1.82.Final\e7c7dd18deac93105797f30057c912651ea76521\netty-transport-classes-epoll-4.1.82.Final.jar;C:\Users\StesssQQy\.gradle\caches\modules-2\files-2.1\io.netty\netty-transport-native-unix-common\4.1.82.Final\3e895b35ca1b8a0eca56cacff4c2dde5d2c6abce\netty-transport-native-unix-common-4.1.82.Final.jar;C:\Users\StesssQQy\.gradle\caches\modules-2\files-2.1\io.netty\netty-transport\4.1.82.Final\e431a218d91acb6476ccad5f5aafde50aa3945ca\netty-transport-4.1.82.Final.jar;C:\Users\StesssQQy\.gradle\caches\modules-2\files-2.1\io.netty\netty-buffer\4.1.82.Final\a544270cf1ae8b8077082f5036436a9a9971ea71\netty-buffer-4.1.82.Final.jar;C:\Users\StesssQQy\.gradle\caches\modules-2\files-2.1\io.netty\netty-resolver\4.1.82.Final\38f665ae8dcd29032eea31245ba7806bed2e0fa8\netty-resolver-4.1.82.Final.jar;C:\Users\StesssQQy\.gradle\caches\modules-2\files-2.1\io.netty\netty-common\4.1.82.Final\22d148e85c3f5ebdacc0ce1f5aabb1d420f73f3\netty-common-4.1.82.Final.jar;C:\Users\StesssQQy\.gradle\caches\modules-2\files-2.1\it.unimi.dsi\fastutil\8.5.9\bb7ea75ecdb216654237830b3a96d87ad91f8cc5\fastutil-8.5.9.jar;C:\Users\StesssQQy\.gradle\caches\modules-2\files-2.1\net.java.dev.jna\jna-platform\5.12.1\97406a297c852f4a41e688a176ec675f72e8329\jna-platform-5.12.1.jar;C:\Users\StesssQQy\.gradle\caches\modules-2\files-2.1\net.java.dev.jna\jna\5.12.1\b1e93a735caea94f503e95e6fe79bf9cdc1e985d\jna-5.12.1.jar;C:\Users\StesssQQy\.gradle\caches\modules-2\files-2.1\net.sf.jopt-simple\jopt-simple\5.0.4\4fdac2fbe92dfad86aa6e9301736f6b4342a3f5c\jopt-simple-5.0.4.jar;C:\Users\StesssQQy\.gradle\caches\modules-2\files-2.1\org.apache.commons\commons-compress\1.21\4ec95b60d4e86b5c95a0e919cb172a0af98011ef\commons-compress-1.21.jar;C:\Users\StesssQQy\.gradle\caches\modules-2\files-2.1\org.apache.commons\commons-lang3\3.12.0\c6842c86792ff03b9f1d1fe2aab8dc23aa6c6f0e\commons-lang3-3.12.0.jar;C:\Users\StesssQQy\.gradle\caches\modules-2\files-2.1\org.apache.httpcomponents\httpcore\4.4.15\7f2e0c573eaa7a74bac2e89b359e1f73d92a0a1d\httpcore-4.4.15.jar;C:\Users\StesssQQy\.gradle\caches\modules-2\files-2.1\org.apache.logging.log4j\log4j-core\2.19.0\3b6eeb4de4c49c0fe38a4ee27188ff5fee44d0bb\log4j-core-2.19.0.jar;C:\Users\StesssQQy\.gradle\caches\modules-2\files-2.1\org.apache.logging.log4j\log4j-slf4j2-impl\2.19.0\5c04bfdd63ce9dceb2e284b81e96b6a70010ee10\log4j-slf4j2-impl-2.19.0.jar;C:\Users\StesssQQy\.gradle\caches\modules-2\files-2.1\org.apache.logging.log4j\log4j-api\2.19.0\ea1b37f38c327596b216542bc636cfdc0b8036fa\log4j-api-2.19.0.jar;C:\Users\StesssQQy\.gradle\caches\modules-2\files-2.1\org.joml\joml\1.10.5\22566d58af70ad3d72308bab63b8339906deb649\joml-1.10.5.jar;C:\Users\StesssQQy\.gradle\caches\modules-2\files-2.1\org.lwjgl\lwjgl-glfw\3.3.1\cbac1b8d30cb4795149c1ef540f912671a8616d0\lwjgl-glfw-3.3.1.jar;C:\Users\StesssQQy\.gradle\caches\modules-2\files-2.1\org.lwjgl\lwjgl-glfw\3.3.1\ed892f945cf7e79c8756796f32d00fa4ceaf573b\lwjgl-glfw-3.3.1-natives-windows.jar;C:\Users\StesssQQy\.gradle\caches\modules-2\files-2.1\org.lwjgl\lwjgl-glfw\3.3.1\beda65ee503443e60aa196d58ed31f8d001dc22a\lwjgl-glfw-3.3.1-natives-windows-arm64.jar;C:\Users\StesssQQy\.gradle\caches\modules-2\files-2.1\org.lwjgl\lwjgl-glfw\3.3.1\b997e3391d6ce8f05487e7335d95c606043884a1\lwjgl-glfw-3.3.1-natives-windows-x86.jar;C:\Users\StesssQQy\.gradle\caches\modules-2\files-2.1\org.lwjgl\lwjgl-jemalloc\3.3.1\a817bcf213db49f710603677457567c37d53e103\lwjgl-jemalloc-3.3.1.jar;C:\Users\StesssQQy\.gradle\caches\modules-2\files-2.1\org.lwjgl\lwjgl-jemalloc\3.3.1\948a89b76a16aa324b046ae9308891216ffce5f9\lwjgl-jemalloc-3.3.1-natives-windows.jar;C:\Users\StesssQQy\.gradle\caches\modules-2\files-2.1\org.lwjgl\lwjgl-jemalloc\3.3.1\cae85c4edb219c88b6a0c26a87955ad98dc9519d\lwjgl-jemalloc-3.3.1-natives-windows-arm64.jar;C:\Users\StesssQQy\.gradle\caches\modules-2\files-2.1\org.lwjgl\lwjgl-jemalloc\3.3.1\fb476c8ec110e1c137ad3ce8a7f7bfe6b11c6324\lwjgl-jemalloc-3.3.1-natives-windows-x86.jar;C:\Users\StesssQQy\.gradle\caches\modules-2\files-2.1\org.lwjgl\lwjgl-openal\3.3.1\2623a6b8ae1dfcd880738656a9f0243d2e6840bd\lwjgl-openal-3.3.1.jar;C:\Users\StesssQQy\.gradle\caches\modules-2\files-2.1\org.lwjgl\lwjgl-openal\3.3.1\30a474d0e57193d7bc128849a3ab66bc9316fdb1\lwjgl-openal-3.3.1-natives-windows.jar;C:\Users\StesssQQy\.gradle\caches\modules-2\files-2.1\org.lwjgl\lwjgl-openal\3.3.1\40d65f1a7368a2aa47336f9cb69f5a190cf9975a\lwjgl-openal-3.3.1-natives-windows-arm64.jar;C:\Users\StesssQQy\.gradle\caches\modules-2\files-2.1\org.lwjgl\lwjgl-openal\3.3.1\888349f7b1be6fbae58bf8edfb9ef12def04c4e3\lwjgl-openal-3.3.1-natives-windows-x86.jar;C:\Users\StesssQQy\.gradle\caches\modules-2\files-2.1\org.lwjgl\lwjgl-opengl\3.3.1\831a5533a21a5f4f81bbc51bb13e9899319b5411\lwjgl-opengl-3.3.1.jar;C:\Users\StesssQQy\.gradle\caches\modules-2\files-2.1\org.lwjgl\lwjgl-opengl\3.3.1\c1807e9bd571402787d7e37e3029776ae2513bb8\lwjgl-opengl-3.3.1-natives-windows.jar;C:\Users\StesssQQy\.gradle\caches\modules-2\files-2.1\org.lwjgl\lwjgl-opengl\3.3.1\527d78f1e9056aff3ed02ce93019c73c5e8f1721\lwjgl-opengl-3.3.1-natives-windows-arm64.jar;C:\Users\StesssQQy\.gradle\caches\modules-2\files-2.1\org.lwjgl\lwjgl-opengl\3.3.1\deef3eb9b178ff2ff3ce893cc72ae741c3a17974\lwjgl-opengl-3.3.1-natives-windows-x86.jar;C:\Users\StesssQQy\.gradle\caches\modules-2\files-2.1\org.lwjgl\lwjgl-stb\3.3.1\b119297cf8ed01f247abe8685857f8e7fcf5980f\lwjgl-stb-3.3.1.jar;C:\Users\StesssQQy\.gradle\caches\modules-2\files-2.1\org.lwjgl\lwjgl-stb\3.3.1\86315914ac119efdb02dc9e8e978ade84f1702af\lwjgl-stb-3.3.1-natives-windows.jar;C:\Users\StesssQQy\.gradle\caches\modules-2\files-2.1\org.lwjgl\lwjgl-stb\3.3.1\fde63cdd2605c00636721a6c8b961e41d1f6b247\lwjgl-stb-3.3.1-natives-windows-arm64.jar;C:\Users\StesssQQy\.gradle\caches\modules-2\files-2.1\org.lwjgl\lwjgl-stb\3.3.1\a8d41f419eecb430b7c91ea2ce2c5c451cae2091\lwjgl-stb-3.3.1-natives-windows-x86.jar;C:\Users\StesssQQy\.gradle\caches\modules-2\files-2.1\org.lwjgl\lwjgl-tinyfd\3.3.1\ff1914111ef2e3e0110ef2dabc8d8cdaad82347\lwjgl-tinyfd-3.3.1.jar;C:\Users\StesssQQy\.gradle\caches\modules-2\files-2.1\org.lwjgl\lwjgl-tinyfd\3.3.1\a5d830475ec0958d9fdba1559efa99aef211e6ff\lwjgl-tinyfd-3.3.1-natives-windows.jar;C:\Users\StesssQQy\.gradle\caches\modules-2\files-2.1\org.lwjgl\lwjgl-tinyfd\3.3.1\83a5e780df610829ff3a737822b4f931cffecd91\lwjgl-tinyfd-3.3.1-natives-windows-arm64.jar;C:\Users\StesssQQy\.gradle\caches\modules-2\files-2.1\org.lwjgl\lwjgl-tinyfd\3.3.1\842eedd876fae354abc308c98a263f6bbc9e8a4d\lwjgl-tinyfd-3.3.1-natives-windows-x86.jar;C:\Users\StesssQQy\.gradle\caches\modules-2\files-2.1\org.lwjgl\lwjgl\3.3.1\ae58664f88e18a9bb2c77b063833ca7aaec484cb\lwjgl-3.3.1.jar;C:\Users\StesssQQy\.gradle\caches\modules-2\files-2.1\org.lwjgl\lwjgl\3.3.1\36c37f16ab611b3aa11f3bcf80b1d509b4ce6b\lwjgl-3.3.1-natives-windows.jar;C:\Users\StesssQQy\.gradle\caches\modules-2\files-2.1\org.lwjgl\lwjgl\3.3.1\f46cadcf95675908fd3a550d63d9d709cb68998\lwjgl-3.3.1-natives-windows-arm64.jar;C:\Users\StesssQQy\.gradle\caches\modules-2\files-2.1\org.lwjgl\lwjgl\3.3.1\3b14f4beae9dd39791ec9e12190a9380cd8a3ce6\lwjgl-3.3.1-natives-windows-x86.jar;C:\Users\StesssQQy\.gradle\caches\modules-2\files-2.1\com.machinezoo.noexception\noexception\1.7.1\b65330c98e38a1f915fa54a6e5eca496505e3f0a\noexception-1.7.1.jar;C:\Users\StesssQQy\.gradle\caches\modules-2\files-2.1\org.slf4j\slf4j-api\2.0.1\f48d81adce2abf5ad3cfe463df517952749e03bc\slf4j-api-2.0.1.jar;C:\Users\StesssQQy\.gradle\caches\modules-2\files-2.1\org.codehaus.plexus\plexus-utils\3.3.0\cf43b5391de623b36fe066a21127baef82c64022\plexus-utils-3.3.0.jar;C:\Users\StesssQQy\.gradle\caches\modules-2\files-2.1\com.google.guava\listenablefuture\9999.0-empty-to-avoid-conflict-with-guava\b421526c5f297295adef1c886e5246c39d4ac629\listenablefuture-9999.0-empty-to-avoid-conflict-with-guava.jar;C:\Users\StesssQQy\.gradle\caches\modules-2\files-2.1\org.checkerframework\checker-qual\3.12.0\d5692f0526415fcc6de94bb5bfbd3afd9dd3b3e5\checker-qual-3.12.0.jar;C:\Users\StesssQQy\.gradle\caches\modules-2\files-2.1\com.google.errorprone\error_prone_annotations\2.11.0\c5a0ace696d3f8b1c1d8cc036d8c03cc0cbe6b69\error_prone_annotations-2.11.0.jar;C:\Users\StesssQQy\.gradle\caches\modules-2\files-2.1\com.google.j2objc\j2objc-annotations\1.3\ba035118bc8bac37d7eff77700720999acd9986d\j2objc-annotations-1.3.jar;C:\Users\StesssQQy\.gradle\caches\modules-2\files-2.1\org.antlr\ST4\4.3\92f2c1ad8d84abcbeead6cf7f2c53a04166293c2\ST4-4.3.jar;C:\Users\StesssQQy\.gradle\caches\modules-2\files-2.1\org.antlr\antlr-runtime\3.5.2\cd9cd41361c155f3af0f653009dcecb08d8b4afd\antlr-runtime-3.5.2.jar;C:\Users\StesssQQy\.gradle\caches\modules-2\files-2.1\org.abego.treelayout\org.abego.treelayout.core\1.0.3\457216e8e6578099ae63667bb1e4439235892028\org.abego.treelayout.core-1.0.3.jar;C:\Users\StesssQQy\.gradle\caches\modules-2\files-2.1\org.glassfish\javax.json\1.0.4\3178f73569fd7a1e5ffc464e680f7a8cc784b85a\javax.json-1.0.4.jar E:\Workpace\MOD\Neo Anomalous Might\src\main\java\com\otaku\neoanomalousmight\capability\player\IPlayerRole.java E:\Workpace\MOD\Neo Anomalous Might\src\main\java\com\otaku\neoanomalousmight\capability\player\PlayerRole.java E:\Workpace\MOD\Neo Anomalous Might\src\main\java\com\otaku\neoanomalousmight\capability\player\PlayerRoleProvider.java E:\Workpace\MOD\Neo Anomalous Might\src\main\java\com\otaku\neoanomalousmight\client\commands\DebugRoleCommand.java E:\Workpace\MOD\Neo Anomalous Might\src\main\java\com\otaku\neoanomalousmight\client\gui\RoleSelectionScreen.java E:\Workpace\MOD\Neo Anomalous Might\src\main\java\com\otaku\neoanomalousmight\common\Config.java E:\Workpace\MOD\Neo Anomalous Might\src\main\java\com\otaku\neoanomalousmight\common\ModItem.java E:\Workpace\MOD\Neo Anomalous Might\src\main\java\com\otaku\neoanomalousmight\core\event\ForgeBusEvents.java E:\Workpace\MOD\Neo Anomalous Might\src\main\java\com\otaku\neoanomalousmight\core\event\ModForgeEvents.java E:\Workpace\MOD\Neo Anomalous Might\src\main\java\com\otaku\neoanomalousmight\core\event\PlayerAttributeEventHandler.java E:\Workpace\MOD\Neo Anomalous Might\src\main\java\com\otaku\neoanomalousmight\core\network\C2SChooseRolePacket.java E:\Workpace\MOD\Neo Anomalous Might\src\main\java\com\otaku\neoanomalousmight\core\network\NetworkHandler.java E:\Workpace\MOD\Neo Anomalous Might\src\main\java\com\otaku\neoanomalousmight\core\network\S2CSyncRolePacket.java E:\Workpace\MOD\Neo Anomalous Might\src\main\java\com\otaku\neoanomalousmight\core\util\HealthAttributeModifier.java E:\Workpace\MOD\Neo Anomalous Might\src\main\java\com\otaku\neoanomalousmight\element\ElementalAttributes.java E:\Workpace\MOD\Neo Anomalous Might\src\main\java\com\otaku\neoanomalousmight\element\ElementalInteraction.java E:\Workpace\MOD\Neo Anomalous Might\src\main\java\com\otaku\neoanomalousmight\element\Elements.java E:\Workpace\MOD\Neo Anomalous Might\src\main\java\com\otaku\neoanomalousmight\element\ElementType.java E:\Workpace\MOD\Neo Anomalous Might\src\main\java\com\otaku\neoanomalousmight\init\ModRegistration.java E:\Workpace\MOD\Neo Anomalous Might\src\main\java\com\otaku\neoanomalousmight\Neo_Anomalous_Might.java E:\Workpace\MOD\Neo Anomalous Might\src\main\java\com\otaku\neoanomalousmight\role\ModRoles.java E:\Workpace\MOD\Neo Anomalous Might\src\main\java\com\otaku\neoanomalousmight\role\Role.java E:\Workpace\MOD\Neo Anomalous Might\src\main\java\com\otaku\neoanomalousmight\role\RoleManager.java E:\Workpace\MOD\Neo Anomalous Might\src\main\java\com\otaku\neoanomalousmight\test\CapabilityTest.java
2025-12-28T12:07:03.291+0800 [INFO] [org.gradle.api.internal.tasks.compile.JdkJavaCompiler] Compiling with JDK Java compiler API.
2025-12-28T12:07:04.265+0800 [LIFECYCLE] [org.gradle.cache.internal.DefaultFileLockManager] 
2025-12-28T12:07:04.265+0800 [DEBUG] [org.gradle.cache.internal.DefaultFileLockManager] Waiting to acquire shared lock on daemon addresses registry.
2025-12-28T12:07:04.265+0800 [DEBUG] [org.gradle.cache.internal.DefaultFileLockManager] Lock acquired on daemon addresses registry.
2025-12-28T12:07:04.266+0800 [DEBUG] [org.gradle.cache.internal.DefaultFileLockManager] Releasing lock on daemon addresses registry.
2025-12-28T12:07:04.270+0800 [DEBUG] [org.gradle.cache.internal.DefaultFileLockManager] Waiting to acquire shared lock on daemon addresses registry.
2025-12-28T12:07:04.271+0800 [DEBUG] [org.gradle.cache.internal.DefaultFileLockManager] Lock acquired on daemon addresses registry.
2025-12-28T12:07:04.271+0800 [DEBUG] [org.gradle.cache.internal.DefaultFileLockManager] Releasing lock on daemon addresses registry.
2025-12-28T12:07:06.316+0800 [DEBUG] [org.gradle.process.internal.health.memory.DefaultMemoryManager] 744870297 physical memory requested, 276090880 free
2025-12-28T12:07:06.316+0800 [DEBUG] [org.gradle.workers.internal.WorkerDaemonExpiration] Will attempt to release 710 of memory
2025-12-28T12:07:06.317+0800 [DEBUG] [org.gradle.process.internal.health.memory.DefaultMemoryManager] 744870297 physical memory requested, 0 released, 276090880 free
2025-12-28T12:07:03.894+0800 [LIFECYCLE] [class org.gradle.internal.buildevents.TaskExecutionLogger] 
2025-12-28T12:07:03.894+0800 [LIFECYCLE] [class org.gradle.internal.buildevents.TaskExecutionLogger] > Task :compileJava
gradle : 2025-12-28T12:07:07.019+0800 [ERROR] [system.err] E:\Workpace\MOD\Neo Anomalous Might\src\main\java\com\otaku\neoanomalo
usmight\capability\player\PlayerRole.java:6: 错误: 程序包com.otaku.neoanomalousmight.role.roles不存在
所在位置 行:1 字符: 1
+ gradle compileJava --no-daemon --debug > compile.log 2>&1
+ ~~~~~~~~~~~~~~~~~~~~~~~~~~~~~~~~~~~~~~~~~~~~~~~~~~~~~~~~~
    + CategoryInfo          : NotSpecified: (2025-12-28T12:0...t.role.roles不存在:String) [], RemoteException
    + FullyQualifiedErrorId : NativeCommandError
 
2025-12-28T12:07:07.019+0800 [ERROR] [system.err] import com.otaku.neoanomalousmight.role.roles.MageRole;
2025-12-28T12:07:07.019+0800 [ERROR] [system.err]                                              ^
2025-12-28T12:07:07.028+0800 [ERROR] [system.err] E:\Workpace\MOD\Neo Anomalous Might\src\main\java\com\otaku\neoanomalousmight\c
apability\player\PlayerRole.java:7: 错误: 程序包com.otaku.neoanomalousmight.role.roles不存在
2025-12-28T12:07:07.028+0800 [ERROR] [system.err] import com.otaku.neoanomalousmight.role.roles.WarriorRole;
2025-12-28T12:07:07.029+0800 [ERROR] [system.err]                                              ^
2025-12-28T12:07:07.184+0800 [ERROR] [system.err] E:\Workpace\MOD\Neo Anomalous Might\src\main\java\com\otaku\neoanomalousmight\c
ore\event\ModForgeEvents.java:4: 错误: 程序包com.otaku.neoanomalousmight.capability.api不存在
2025-12-28T12:07:07.184+0800 [ERROR] [system.err] import com.otaku.neoanomalousmight.capability.api.IPlayerRole;
2025-12-28T12:07:07.184+0800 [ERROR] [system.err]                                                  ^
2025-12-28T12:07:07.197+0800 [ERROR] [system.err] E:\Workpace\MOD\Neo Anomalous Might\src\main\java\com\otaku\neoanomalousmight\c
ore\event\ModForgeEvents.java:5: 错误: 程序包com.otaku.neoanomalousmight.capability.implementation不存在
2025-12-28T12:07:07.197+0800 [ERROR] [system.err] import com.otaku.neoanomalousmight.capability.implementation.PlayerRoleProvider
;
2025-12-28T12:07:07.198+0800 [ERROR] [system.err]                                                             ^
2025-12-28T12:07:07.214+0800 [ERROR] [system.err] E:\Workpace\MOD\Neo Anomalous Might\src\main\java\com\otaku\neoanomalousmight\c
ore\network\C2SChooseRolePacket.java:4: 错误: 程序包com.otaku.neoanomalousmight.capability.implementation不存在
2025-12-28T12:07:07.214+0800 [ERROR] [system.err] import com.otaku.neoanomalousmight.capability.implementation.PlayerRoleProvider
;
2025-12-28T12:07:07.214+0800 [ERROR] [system.err]                                                             ^
2025-12-28T12:07:07.239+0800 [ERROR] [system.err] E:\Workpace\MOD\Neo Anomalous Might\src\main\java\com\otaku\neoanomalousmight\c
ore\network\S2CSyncRolePacket.java:3: 错误: 程序包com.otaku.neoanomalousmight.capability.api不存在
2025-12-28T12:07:07.240+0800 [ERROR] [system.err] import com.otaku.neoanomalousmight.capability.api.IPlayerRole;
2025-12-28T12:07:07.240+0800 [ERROR] [system.err]                                                  ^
2025-12-28T12:07:07.250+0800 [ERROR] [system.err] E:\Workpace\MOD\Neo Anomalous Might\src\main\java\com\otaku\neoanomalousmight\c
ore\network\S2CSyncRolePacket.java:4: 错误: 程序包com.otaku.neoanomalousmight.capability.implementation不存在
2025-12-28T12:07:07.250+0800 [ERROR] [system.err] import com.otaku.neoanomalousmight.capability.implementation.PlayerRoleProvider
;
2025-12-28T12:07:07.250+0800 [ERROR] [system.err]                                                             ^
2025-12-28T12:07:07.259+0800 [ERROR] [system.err] E:\Workpace\MOD\Neo Anomalous Might\src\main\java\com\otaku\neoanomalousmight\c
ore\network\S2CSyncRolePacket.java:25: 错误: 找不到符号
2025-12-28T12:07:07.259+0800 [ERROR] [system.err]     public S2CSyncRolePacket(IPlayerRole roleCapability) {
2025-12-28T12:07:07.259+0800 [ERROR] [system.err]                              ^
2025-12-28T12:07:07.259+0800 [ERROR] [system.err]   符号:   类 IPlayerRole
2025-12-28T12:07:07.260+0800 [ERROR] [system.err]   位置: 类 S2CSyncRolePacket
2025-12-28T12:07:07.408+0800 [ERROR] [system.err] E:\Workpace\MOD\Neo Anomalous Might\src\main\java\com\otaku\neoanomalousmight\c
apability\player\PlayerRole.java:42: 错误: 找不到符号
2025-12-28T12:07:07.408+0800 [ERROR] [system.err]             return new WarriorRole(); // 确保 WarriorRole 有无参构造
2025-12-28T12:07:07.408+0800 [ERROR] [system.err]                        ^
2025-12-28T12:07:07.409+0800 [ERROR] [system.err]   符号:   类 WarriorRole
2025-12-28T12:07:07.409+0800 [ERROR] [system.err]   位置: 类 PlayerRole
2025-12-28T12:07:07.412+0800 [ERROR] [system.err] E:\Workpace\MOD\Neo Anomalous Might\src\main\java\com\otaku\neoanomalousmight\c
apability\player\PlayerRole.java:44: 错误: 找不到符号
2025-12-28T12:07:07.413+0800 [ERROR] [system.err]             return new MageRole(); // 确保 MageRole 有无参构造
2025-12-28T12:07:07.413+0800 [ERROR] [system.err]                        ^
2025-12-28T12:07:07.413+0800 [ERROR] [system.err]   符号:   类 MageRole
2025-12-28T12:07:07.413+0800 [ERROR] [system.err]   位置: 类 PlayerRole
2025-12-28T12:07:07.872+0800 [ERROR] [system.err] E:\Workpace\MOD\Neo Anomalous Might\src\main\java\com\otaku\neoanomalousmight\c
ore\event\ForgeBusEvents.java:103: 错误: 找不到符号
2025-12-28T12:07:07.872+0800 [ERROR] [system.err]                 newRole.setSelectedRole(oldRole.getSelectedRole());
2025-12-28T12:07:07.872+0800 [ERROR] [system.err]                                                ^
2025-12-28T12:07:07.872+0800 [ERROR] [system.err]   符号:   方法 getSelectedRole()
2025-12-28T12:07:07.872+0800 [ERROR] [system.err]   位置: 类型为IPlayerRole的变量 oldRole
2025-12-28T12:07:07.874+0800 [ERROR] [system.err] E:\Workpace\MOD\Neo Anomalous Might\src\main\java\com\otaku\neoanomalousmight\c
ore\event\ForgeBusEvents.java:104: 错误: 找不到符号
2025-12-28T12:07:07.875+0800 [ERROR] [system.err]                 newRole.setLevel(oldRole.getLevel());
2025-12-28T12:07:07.875+0800 [ERROR] [system.err]                                         ^
2025-12-28T12:07:07.875+0800 [ERROR] [system.err]   符号:   方法 getLevel()
2025-12-28T12:07:07.875+0800 [ERROR] [system.err]   位置: 类型为IPlayerRole的变量 oldRole
2025-12-28T12:07:07.877+0800 [ERROR] [system.err] E:\Workpace\MOD\Neo Anomalous Might\src\main\java\com\otaku\neoanomalousmight\c
ore\event\ForgeBusEvents.java:105: 错误: 找不到符号
2025-12-28T12:07:07.877+0800 [ERROR] [system.err]                 newRole.setExperience(oldRole.getExperience());
2025-12-28T12:07:07.877+0800 [ERROR] [system.err]                                              ^
2025-12-28T12:07:07.877+0800 [ERROR] [system.err]   符号:   方法 getExperience()
2025-12-28T12:07:07.877+0800 [ERROR] [system.err]   位置: 类型为IPlayerRole的变量 oldRole
2025-12-28T12:07:07.882+0800 [ERROR] [system.err] E:\Workpace\MOD\Neo Anomalous Might\src\main\java\com\otaku\neoanomalousmight\c
ore\event\ForgeBusEvents.java:125: 错误: 找不到符号
2025-12-28T12:07:07.883+0800 [ERROR] [system.err]                     ElementalInteraction.applyElementalEffect(player, target, r
ole.getSelectedRole().getElementType(), com.otaku.neoanomalousmight.element.ElementType.NONE);
2025-12-28T12:07:07.883+0800 [ERROR] [system.err]                                                                                
   ^
2025-12-28T12:07:07.883+0800 [ERROR] [system.err]   符号:   方法 getSelectedRole()
2025-12-28T12:07:07.883+0800 [ERROR] [system.err]   位置: 类型为IPlayerRole的变量 role
2025-12-28T12:07:07.889+0800 [ERROR] [system.err] E:\Workpace\MOD\Neo Anomalous Might\src\main\java\com\otaku\neoanomalousmight\c
ore\event\ForgeBusEvents.java:147: 错误: 找不到符号
2025-12-28T12:07:07.889+0800 [ERROR] [system.err]                     float defense = role.getDefense();
2025-12-28T12:07:07.889+0800 [ERROR] [system.err]                                         ^
2025-12-28T12:07:07.889+0800 [ERROR] [system.err]   符号:   方法 getDefense()
2025-12-28T12:07:07.890+0800 [ERROR] [system.err]   位置: 类型为IPlayerRole的变量 role
2025-12-28T12:07:07.893+0800 [ERROR] [system.err] E:\Workpace\MOD\Neo Anomalous Might\src\main\java\com\otaku\neoanomalousmight\c
ore\event\ForgeBusEvents.java:153: 错误: 找不到符号
2025-12-28T12:07:07.893+0800 [ERROR] [system.err]                     float evasion = role.getEvasion();
2025-12-28T12:07:07.893+0800 [ERROR] [system.err]                                         ^
2025-12-28T12:07:07.893+0800 [ERROR] [system.err]   符号:   方法 getEvasion()
2025-12-28T12:07:07.893+0800 [ERROR] [system.err]   位置: 类型为IPlayerRole的变量 role
2025-12-28T12:07:07.899+0800 [ERROR] [system.err] E:\Workpace\MOD\Neo Anomalous Might\src\main\java\com\otaku\neoanomalousmight\c
ore\event\ForgeBusEvents.java:163: 错误: 找不到符号
2025-12-28T12:07:07.900+0800 [ERROR] [system.err]                                 float critChance = attackerRole.getCritChance()
;
2025-12-28T12:07:07.900+0800 [ERROR] [system.err]                                                                ^
2025-12-28T12:07:07.900+0800 [ERROR] [system.err]   符号:   方法 getCritChance()
2025-12-28T12:07:07.900+0800 [ERROR] [system.err]   位置: 类型为IPlayerRole的变量 attackerRole
2025-12-28T12:07:07.902+0800 [ERROR] [system.err] E:\Workpace\MOD\Neo Anomalous Might\src\main\java\com\otaku\neoanomalousmight\c
ore\event\ForgeBusEvents.java:165: 错误: 找不到符号
2025-12-28T12:07:07.903+0800 [ERROR] [system.err]                                     float critDamage = attackerRole.getCritDama
ge();
2025-12-28T12:07:07.903+0800 [ERROR] [system.err]                                                                    ^
2025-12-28T12:07:07.903+0800 [ERROR] [system.err]   符号:   方法 getCritDamage()
2025-12-28T12:07:07.903+0800 [ERROR] [system.err]   位置: 类型为IPlayerRole的变量 attackerRole
2025-12-28T12:07:07.915+0800 [ERROR] [system.err] E:\Workpace\MOD\Neo Anomalous Might\src\main\java\com\otaku\neoanomalousmight\c
ore\event\ModForgeEvents.java:66: 错误: 找不到符号
2025-12-28T12:07:07.916+0800 [ERROR] [system.err]         LazyOptional<IPlayerRole> roleOptional = player.getCapability(PlayerRol
eProvider.PLAYER_ROLE_CAPABILITY);
2025-12-28T12:07:07.916+0800 [ERROR] [system.err]                      ^
2025-12-28T12:07:07.917+0800 [ERROR] [system.err]   符号:   类 IPlayerRole
2025-12-28T12:07:07.917+0800 [ERROR] [system.err]   位置: 类 ModForgeEvents
2025-12-28T12:07:07.918+0800 [ERROR] [system.err] E:\Workpace\MOD\Neo Anomalous Might\src\main\java\com\otaku\neoanomalousmight\c
ore\event\ModForgeEvents.java:66: 错误: 找不到符号
2025-12-28T12:07:07.918+0800 [ERROR] [system.err]         LazyOptional<IPlayerRole> roleOptional = player.getCapability(PlayerRol
eProvider.PLAYER_ROLE_CAPABILITY);
2025-12-28T12:07:07.919+0800 [ERROR] [system.err]                                                                       ^
2025-12-28T12:07:07.919+0800 [ERROR] [system.err]   符号:   变量 PlayerRoleProvider
2025-12-28T12:07:07.919+0800 [ERROR] [system.err]   位置: 类 ModForgeEvents
2025-12-28T12:07:07.930+0800 [ERROR] [system.err] E:\Workpace\MOD\Neo Anomalous Might\src\main\java\com\otaku\neoanomalousmight\c
ore\event\ModForgeEvents.java:99: 错误: 找不到符号
2025-12-28T12:07:07.931+0800 [ERROR] [system.err]         originalPlayer.getCapability(PlayerRoleProvider.PLAYER_ROLE_CAPABILITY)
.ifPresent(oldRole -> {
2025-12-28T12:07:07.931+0800 [ERROR] [system.err]                                      ^
2025-12-28T12:07:07.931+0800 [ERROR] [system.err]   符号:   变量 PlayerRoleProvider
2025-12-28T12:07:07.931+0800 [ERROR] [system.err]   位置: 类 ModForgeEvents
2025-12-28T12:07:07.934+0800 [ERROR] [system.err] E:\Workpace\MOD\Neo Anomalous Might\src\main\java\com\otaku\neoanomalousmight\c
ore\event\ModForgeEvents.java:101: 错误: 找不到符号
2025-12-28T12:07:07.934+0800 [ERROR] [system.err]             newPlayer.getCapability(PlayerRoleProvider.PLAYER_ROLE_CAPABILITY).
ifPresent(newRole -> {
2025-12-28T12:07:07.934+0800 [ERROR] [system.err]                                     ^
2025-12-28T12:07:07.934+0800 [ERROR] [system.err]   符号:   变量 PlayerRoleProvider
2025-12-28T12:07:07.935+0800 [ERROR] [system.err]   位置: 类 ModForgeEvents
2025-12-28T12:07:07.938+0800 [ERROR] [system.err] E:\Workpace\MOD\Neo Anomalous Might\src\main\java\com\otaku\neoanomalousmight\c
ore\event\ModForgeEvents.java:123: 错误: 找不到符号
2025-12-28T12:07:07.939+0800 [ERROR] [system.err]             player.getCapability(PlayerRoleProvider.PLAYER_ROLE_CAPABILITY).ifP
resent(role -> {
2025-12-28T12:07:07.939+0800 [ERROR] [system.err]                                  ^
2025-12-28T12:07:07.939+0800 [ERROR] [system.err]   符号:   变量 PlayerRoleProvider
2025-12-28T12:07:07.939+0800 [ERROR] [system.err]   位置: 类 ModForgeEvents
2025-12-28T12:07:07.943+0800 [ERROR] [system.err] E:\Workpace\MOD\Neo Anomalous Might\src\main\java\com\otaku\neoanomalousmight\c
ore\event\ModForgeEvents.java:143: 错误: 找不到符号
2025-12-28T12:07:07.943+0800 [ERROR] [system.err]             player.getCapability(PlayerRoleProvider.PLAYER_ROLE_CAPABILITY).ifP
resent(role -> {
2025-12-28T12:07:07.943+0800 [ERROR] [system.err]                                  ^
2025-12-28T12:07:07.943+0800 [ERROR] [system.err]   符号:   变量 PlayerRoleProvider
2025-12-28T12:07:07.943+0800 [ERROR] [system.err]   位置: 类 ModForgeEvents
2025-12-28T12:07:07.951+0800 [ERROR] [system.err] E:\Workpace\MOD\Neo Anomalous Might\src\main\java\com\otaku\neoanomalousmight\c
ore\event\ModForgeEvents.java:161: 错误: 找不到符号
2025-12-28T12:07:07.951+0800 [ERROR] [system.err]                         attacker.getCapability(PlayerRoleProvider.PLAYER_ROLE_C
APABILITY).ifPresent(attackerRole -> {
2025-12-28T12:07:07.951+0800 [ERROR] [system.err]                                                ^
2025-12-28T12:07:07.951+0800 [ERROR] [system.err]   符号:   变量 PlayerRoleProvider
2025-12-28T12:07:07.952+0800 [ERROR] [system.err]   位置: 类 ModForgeEvents
2025-12-28T12:07:07.990+0800 [ERROR] [system.err] E:\Workpace\MOD\Neo Anomalous Might\src\main\java\com\otaku\neoanomalousmight\c
ore\network\C2SChooseRolePacket.java:77: 错误: 找不到符号
2025-12-28T12:07:07.991+0800 [ERROR] [system.err]             player.getCapability(PlayerRoleProvider.PLAYER_ROLE_CAPABILITY).ifP
resent(roleCapability -> {
2025-12-28T12:07:07.991+0800 [ERROR] [system.err]                                  ^
2025-12-28T12:07:07.991+0800 [ERROR] [system.err]   符号:   变量 PlayerRoleProvider
2025-12-28T12:07:07.991+0800 [ERROR] [system.err]   位置: 类 C2SChooseRolePacket
2025-12-28T12:07:08.005+0800 [ERROR] [system.err] E:\Workpace\MOD\Neo Anomalous Might\src\main\java\com\otaku\neoanomalousmight\c
ore\network\S2CSyncRolePacket.java:67: 错误: 找不到符号
2025-12-28T12:07:08.006+0800 [ERROR] [system.err]             player.getCapability(PlayerRoleProvider.PLAYER_ROLE_CAPABILITY).ifP
resent(roleCapability -> {
2025-12-28T12:07:08.006+0800 [ERROR] [system.err]                                  ^
2025-12-28T12:07:08.006+0800 [ERROR] [system.err]   符号:   变量 PlayerRoleProvider
2025-12-28T12:07:08.006+0800 [ERROR] [system.err]   位置: 类 S2CSyncRolePacket
2025-12-28T12:07:08.530+0800 [ERROR] [system.err] 27 个错误
2025-12-28T12:07:08.565+0800 [LIFECYCLE] [org.gradle.internal.operations.DefaultBuildOperationRunner] 
2025-12-28T12:07:08.565+0800 [DEBUG] [org.gradle.internal.operations.DefaultBuildOperationRunner] Completing Build operation 'Compile Java for :compileJava'
2025-12-28T12:07:08.568+0800 [DEBUG] [org.gradle.internal.operations.DefaultBuildOperationRunner] Completing Build operation 'Execute compile for :compileJava'
2025-12-28T12:07:08.570+0800 [DEBUG] [org.gradle.internal.operations.DefaultBuildOperationRunner] Completing Build operation 'Executing task ':compileJava''
2025-12-28T12:07:08.573+0800 [DEBUG] [org.gradle.internal.operations.DefaultBuildOperationRunner] Build operation 'Snapshot outputs after executing task ':compileJava'' started
2025-12-28T12:07:08.578+0800 [DEBUG] [org.gradle.internal.operations.DefaultBuildOperationRunner] Completing Build operation 'Snapshot outputs after executing task ':compileJava''
2025-12-28T12:07:08.508+0800 [LIFECYCLE] [class org.gradle.internal.buildevents.TaskExecutionLogger] 
2025-12-28T12:07:08.508+0800 [LIFECYCLE] [class org.gradle.internal.buildevents.TaskExecutionLogger] > Task :compileJava FAILED
2025-12-28T12:07:08.565+0800 [DEBUG] [org.gradle.internal.operations.DefaultBuildOperationRunner] Build operation 'Compile Java for :compileJava' completed
2025-12-28T12:07:08.569+0800 [DEBUG] [org.gradle.internal.operations.DefaultBuildOperationRunner] Build operation 'Execute compile for :compileJava' completed
2025-12-28T12:07:08.570+0800 [DEBUG] [org.gradle.internal.operations.DefaultBuildOperationRunner] Build operation 'Executing task ':compileJava'' completed
2025-12-28T12:07:08.570+0800 [DEBUG] [org.gradle.internal.vfs.impl.AbstractVirtualFileSystem] Invalidating VFS paths: [E:\Workpace\MOD\Neo Anomalous Might\build\classes\java\main, E:\Workpace\MOD\Neo Anomalous Might\build\generated\sources\annotationProcessor\java\main, E:\Workpace\MOD\Neo Anomalous Might\build\generated\sources\headers\java\main, E:\Workpace\MOD\Neo Anomalous Might\build\tmp\compileJava\previous-compilation-data.bin]
2025-12-28T12:07:08.578+0800 [DEBUG] [org.gradle.internal.operations.DefaultBuildOperationRunner] Build operation 'Snapshot outputs after executing task ':compileJava'' completed
2025-12-28T12:07:08.594+0800 [DEBUG] [org.gradle.api.internal.tasks.execution.ResolveTaskExecutionModeExecuter] Removed task artifact state for task ':compileJava' from context.
2025-12-28T12:07:08.597+0800 [DEBUG] [org.gradle.internal.operations.DefaultBuildOperationRunner] Completing Build operation 'Task :compileJava'
2025-12-28T12:07:08.597+0800 [DEBUG] [org.gradle.internal.operations.DefaultBuildOperationRunner] Build operation 'Task :compileJava' completed
2025-12-28T12:07:08.597+0800 [DEBUG] [org.gradle.execution.plan.DefaultFinalizedExecutionPlan] Node :compileJava completed, executed: true
2025-12-28T12:07:08.598+0800 [DEBUG] [org.gradle.execution.plan.DefaultFinalizedExecutionPlan] Node :compileJava failed
2025-12-28T12:07:08.598+0800 [DEBUG] [org.gradle.internal.resources.AbstractTrackedResourceLock] included builds: released lock on state of build :
2025-12-28T12:07:08.599+0800 [DEBUG] [org.gradle.internal.resources.AbstractTrackedResourceLock] included builds: released lock on task execution for build :
2025-12-28T12:07:08.599+0800 [DEBUG] [org.gradle.internal.resources.AbstractTrackedResourceLock] Execution worker Thread 4: acquired lock on worker lease
2025-12-28T12:07:08.599+0800 [DEBUG] [org.gradle.internal.resources.AbstractTrackedResourceLock] Execution worker Thread 4: released lock on worker lease
2025-12-28T12:07:08.599+0800 [DEBUG] [org.gradle.internal.resources.AbstractTrackedResourceLock] Execution worker Thread 3: acquired lock on worker lease
2025-12-28T12:07:08.599+0800 [DEBUG] [org.gradle.internal.resources.AbstractTrackedResourceLock] Execution worker Thread 3: released lock on worker lease
2025-12-28T12:07:08.600+0800 [DEBUG] [org.gradle.internal.resources.AbstractTrackedResourceLock] Execution worker Thread 7: acquired lock on worker lease
2025-12-28T12:07:08.600+0800 [DEBUG] [org.gradle.internal.resources.AbstractTrackedResourceLock] Execution worker Thread 7: released lock on worker lease
2025-12-28T12:07:08.600+0800 [DEBUG] [org.gradle.internal.resources.AbstractTrackedResourceLock] Execution worker: acquired lock on worker lease
2025-12-28T12:07:08.600+0800 [DEBUG] [org.gradle.internal.resources.AbstractTrackedResourceLock] Execution worker: released lock on worker lease
2025-12-28T12:07:08.601+0800 [DEBUG] [org.gradle.internal.resources.AbstractTrackedResourceLock] Execution worker Thread 6: acquired lock on worker lease
2025-12-28T12:07:08.601+0800 [DEBUG] [org.gradle.internal.resources.AbstractTrackedResourceLock] Execution worker Thread 6: released lock on worker lease
2025-12-28T12:07:08.601+0800 [DEBUG] [org.gradle.internal.resources.AbstractTrackedResourceLock] Execution worker Thread 5: acquired lock on worker lease
2025-12-28T12:07:08.601+0800 [DEBUG] [org.gradle.internal.resources.AbstractTrackedResourceLock] Execution worker Thread 5: released lock on worker lease
2025-12-28T12:07:08.602+0800 [DEBUG] [org.gradle.internal.resources.AbstractTrackedResourceLock] Execution worker Thread 2: acquired lock on worker lease
2025-12-28T12:07:08.602+0800 [DEBUG] [org.gradle.internal.resources.AbstractTrackedResourceLock] Execution worker Thread 2: released lock on worker lease
2025-12-28T12:07:08.608+0800 [DEBUG] [org.gradle.internal.operations.DefaultBuildOperationRunner] Completing Build operation 'Run tasks'
2025-12-28T12:07:08.608+0800 [DEBUG] [org.gradle.internal.operations.DefaultBuildOperationRunner] Build operation 'Run tasks' completed
2025-12-28T12:07:08.608+0800 [DEBUG] [org.gradle.internal.resources.AbstractTrackedResourceLock] included builds: released lock on worker lease
2025-12-28T12:07:08.609+0800 [DEBUG] [org.gradle.internal.resources.AbstractTrackedResourceLock] Execution worker Thread 4: acquired lock on worker lease
2025-12-28T12:07:08.609+0800 [DEBUG] [org.gradle.internal.resources.AbstractTrackedResourceLock] Execution worker Thread 4: released lock on worker lease
2025-12-28T12:07:08.609+0800 [DEBUG] [org.gradle.internal.resources.AbstractTrackedResourceLock] Daemon worker: acquired lock on worker lease
2025-12-28T12:07:08.609+0800 [DEBUG] [org.gradle.internal.resources.AbstractTrackedResourceLock] Execution worker Thread 2: acquired lock on worker lease
2025-12-28T12:07:08.610+0800 [DEBUG] [org.gradle.internal.operations.DefaultBuildOperationRunner] Completing Build operation 'Run main tasks'
2025-12-28T12:07:08.610+0800 [DEBUG] [org.gradle.internal.operations.DefaultBuildOperationRunner] Build operation 'Run main tasks' completed
2025-12-28T12:07:08.610+0800 [DEBUG] [org.gradle.internal.resources.AbstractTrackedResourceLock] Execution worker Thread 2: released lock on worker lease
2025-12-28T12:07:08.610+0800 [DEBUG] [org.gradle.internal.resources.AbstractTrackedResourceLock] Execution worker Thread 5: acquired lock on worker lease
2025-12-28T12:07:08.611+0800 [DEBUG] [org.gradle.internal.resources.AbstractTrackedResourceLock] Execution worker Thread 5: released lock on worker lease
2025-12-28T12:07:08.611+0800 [DEBUG] [org.gradle.internal.resources.AbstractTrackedResourceLock] Execution worker Thread 6: acquired lock on worker lease
2025-12-28T12:07:08.611+0800 [DEBUG] [org.gradle.internal.resources.AbstractTrackedResourceLock] Execution worker Thread 6: released lock on worker lease
2025-12-28T12:07:08.611+0800 [DEBUG] [org.gradle.internal.resources.AbstractTrackedResourceLock] Execution worker: acquired lock on worker lease
2025-12-28T12:07:08.611+0800 [DEBUG] [org.gradle.internal.resources.AbstractTrackedResourceLock] Execution worker: released lock on worker lease
2025-12-28T12:07:08.612+0800 [DEBUG] [org.gradle.internal.resources.AbstractTrackedResourceLock] Execution worker Thread 7: acquired lock on worker lease
2025-12-28T12:07:08.612+0800 [DEBUG] [org.gradle.internal.resources.AbstractTrackedResourceLock] Execution worker Thread 7: released lock on worker lease
2025-12-28T12:07:08.612+0800 [DEBUG] [org.gradle.internal.resources.AbstractTrackedResourceLock] Execution worker Thread 3: acquired lock on worker lease
2025-12-28T12:07:08.612+0800 [DEBUG] [org.gradle.internal.resources.AbstractTrackedResourceLock] Execution worker Thread 3: released lock on worker lease
2025-12-28T12:07:08.614+0800 [DEBUG] [org.gradle.internal.operations.DefaultBuildOperationRunner] Build operation 'Finish root build tree' started
2025-12-28T12:07:08.625+0800 [DEBUG] [org.gradle.internal.operations.DefaultBuildOperationRunner] Completing Build operation 'Finish root build tree'
2025-12-28T12:07:08.625+0800 [DEBUG] [org.gradle.internal.operations.DefaultBuildOperationRunner] Build operation 'Finish root build tree' completed
2025-12-28T12:07:08.655+0800 [WARN] [org.gradle.problems.internal.impl.DefaultProblemsReportCreator] 
[Incubating] Problems report is available at: file:///E:/Workpace/MOD/Neo%20Anomalous%20Might/build/reports/problems/problems-report.html
2025-12-28T12:07:08.675+0800 [ERROR] [org.gradle.internal.buildevents.BuildExceptionReporter] 
2025-12-28T12:07:08.675+0800 [ERROR] [org.gradle.internal.buildevents.BuildExceptionReporter] FAILURE: Build failed with an excep
tion.
2025-12-28T12:07:08.675+0800 [ERROR] [org.gradle.internal.buildevents.BuildExceptionReporter] 
2025-12-28T12:07:08.675+0800 [ERROR] [org.gradle.internal.buildevents.BuildExceptionReporter] * What went wrong:
2025-12-28T12:07:08.675+0800 [ERROR] [org.gradle.internal.buildevents.BuildExceptionReporter] Execution failed for task ':compile
Java'.
2025-12-28T12:07:08.676+0800 [ERROR] [org.gradle.internal.buildevents.BuildExceptionReporter] > Compilation failed; see the compi
ler output below.
2025-12-28T12:07:08.676+0800 [ERROR] [org.gradle.internal.buildevents.BuildExceptionReporter]   E:\Workpace\MOD\Neo Anomalous Mig
ht\src\main\java\com\otaku\neoanomalousmight\capability\player\PlayerRole.java:6: 错误: 程序包com.otaku.neoanomalousmight.role.roles不存
在
2025-12-28T12:07:08.676+0800 [ERROR] [org.gradle.internal.buildevents.BuildExceptionReporter]   import com.otaku.neoanomalousmigh
t.role.roles.MageRole;
2025-12-28T12:07:08.676+0800 [ERROR] [org.gradle.internal.buildevents.BuildExceptionReporter]                                    
            ^
2025-12-28T12:07:08.676+0800 [ERROR] [org.gradle.internal.buildevents.BuildExceptionReporter]   E:\Workpace\MOD\Neo Anomalous Mig
ht\src\main\java\com\otaku\neoanomalousmight\capability\player\PlayerRole.java:7: 错误: 程序包com.otaku.neoanomalousmight.role.roles不存
在
2025-12-28T12:07:08.677+0800 [ERROR] [org.gradle.internal.buildevents.BuildExceptionReporter]   import com.otaku.neoanomalousmigh
t.role.roles.WarriorRole;
2025-12-28T12:07:08.677+0800 [ERROR] [org.gradle.internal.buildevents.BuildExceptionReporter]                                    
            ^
2025-12-28T12:07:08.677+0800 [ERROR] [org.gradle.internal.buildevents.BuildExceptionReporter]   E:\Workpace\MOD\Neo Anomalous Mig
ht\src\main\java\com\otaku\neoanomalousmight\core\event\ModForgeEvents.java:4: 错误: 程序包com.otaku.neoanomalousmight.capability.api不
存在
2025-12-28T12:07:08.677+0800 [ERROR] [org.gradle.internal.buildevents.BuildExceptionReporter]   import com.otaku.neoanomalousmigh
t.capability.api.IPlayerRole;
2025-12-28T12:07:08.677+0800 [ERROR] [org.gradle.internal.buildevents.BuildExceptionReporter]                                    
                ^
2025-12-28T12:07:08.677+0800 [ERROR] [org.gradle.internal.buildevents.BuildExceptionReporter]   E:\Workpace\MOD\Neo Anomalous Mig
ht\src\main\java\com\otaku\neoanomalousmight\core\event\ModForgeEvents.java:5: 错误: 程序包com.otaku.neoanomalousmight.capability.impl
ementation不存在
2025-12-28T12:07:08.677+0800 [ERROR] [org.gradle.internal.buildevents.BuildExceptionReporter]   import com.otaku.neoanomalousmigh
t.capability.implementation.PlayerRoleProvider;
2025-12-28T12:07:08.677+0800 [ERROR] [org.gradle.internal.buildevents.BuildExceptionReporter]                                    
                           ^
2025-12-28T12:07:08.678+0800 [ERROR] [org.gradle.internal.buildevents.BuildExceptionReporter]   E:\Workpace\MOD\Neo Anomalous Mig
ht\src\main\java\com\otaku\neoanomalousmight\core\network\C2SChooseRolePacket.java:4: 错误: 程序包com.otaku.neoanomalousmight.capabili
ty.implementation不存在
2025-12-28T12:07:08.678+0800 [ERROR] [org.gradle.internal.buildevents.BuildExceptionReporter]   import com.otaku.neoanomalousmigh
t.capability.implementation.PlayerRoleProvider;
2025-12-28T12:07:08.678+0800 [ERROR] [org.gradle.internal.buildevents.BuildExceptionReporter]                                    
                           ^
2025-12-28T12:07:08.678+0800 [ERROR] [org.gradle.internal.buildevents.BuildExceptionReporter]   E:\Workpace\MOD\Neo Anomalous Mig
ht\src\main\java\com\otaku\neoanomalousmight\core\network\S2CSyncRolePacket.java:3: 错误: 程序包com.otaku.neoanomalousmight.capability
.api不存在
2025-12-28T12:07:08.678+0800 [ERROR] [org.gradle.internal.buildevents.BuildExceptionReporter]   import com.otaku.neoanomalousmigh
t.capability.api.IPlayerRole;
2025-12-28T12:07:08.678+0800 [ERROR] [org.gradle.internal.buildevents.BuildExceptionReporter]                                    
                ^
2025-12-28T12:07:08.678+0800 [ERROR] [org.gradle.internal.buildevents.BuildExceptionReporter]   E:\Workpace\MOD\Neo Anomalous Mig
ht\src\main\java\com\otaku\neoanomalousmight\core\network\S2CSyncRolePacket.java:4: 错误: 程序包com.otaku.neoanomalousmight.capability
.implementation不存在
2025-12-28T12:07:08.678+0800 [ERROR] [org.gradle.internal.buildevents.BuildExceptionReporter]   import com.otaku.neoanomalousmigh
t.capability.implementation.PlayerRoleProvider;
2025-12-28T12:07:08.678+0800 [ERROR] [org.gradle.internal.buildevents.BuildExceptionReporter]                                    
                           ^
2025-12-28T12:07:08.679+0800 [ERROR] [org.gradle.internal.buildevents.BuildExceptionReporter]   E:\Workpace\MOD\Neo Anomalous Mig
ht\src\main\java\com\otaku\neoanomalousmight\core\network\S2CSyncRolePacket.java:25: 错误: 找不到符号
2025-12-28T12:07:08.679+0800 [ERROR] [org.gradle.internal.buildevents.BuildExceptionReporter]       public S2CSyncRolePacket(IPla
yerRole roleCapability) {
2025-12-28T12:07:08.679+0800 [ERROR] [org.gradle.internal.buildevents.BuildExceptionReporter]                                ^
2025-12-28T12:07:08.679+0800 [ERROR] [org.gradle.internal.buildevents.BuildExceptionReporter]     符号:   类 IPlayerRole
2025-12-28T12:07:08.679+0800 [ERROR] [org.gradle.internal.buildevents.BuildExceptionReporter]     位置: 类 S2CSyncRolePacket
2025-12-28T12:07:08.679+0800 [ERROR] [org.gradle.internal.buildevents.BuildExceptionReporter]   E:\Workpace\MOD\Neo Anomalous Mig
ht\src\main\java\com\otaku\neoanomalousmight\capability\player\PlayerRole.java:42: 错误: 找不到符号
2025-12-28T12:07:08.679+0800 [ERROR] [org.gradle.internal.buildevents.BuildExceptionReporter]               return new WarriorRol
e(); // 确保 WarriorRole 有无参构造
2025-12-28T12:07:08.679+0800 [ERROR] [org.gradle.internal.buildevents.BuildExceptionReporter]                          ^
2025-12-28T12:07:08.679+0800 [ERROR] [org.gradle.internal.buildevents.BuildExceptionReporter]     符号:   类 WarriorRole
2025-12-28T12:07:08.680+0800 [ERROR] [org.gradle.internal.buildevents.BuildExceptionReporter]     位置: 类 PlayerRole
2025-12-28T12:07:08.680+0800 [ERROR] [org.gradle.internal.buildevents.BuildExceptionReporter]   E:\Workpace\MOD\Neo Anomalous Mig
ht\src\main\java\com\otaku\neoanomalousmight\capability\player\PlayerRole.java:44: 错误: 找不到符号
2025-12-28T12:07:08.680+0800 [ERROR] [org.gradle.internal.buildevents.BuildExceptionReporter]               return new MageRole()
; // 确保 MageRole 有无参构造
2025-12-28T12:07:08.680+0800 [ERROR] [org.gradle.internal.buildevents.BuildExceptionReporter]                          ^
2025-12-28T12:07:08.680+0800 [ERROR] [org.gradle.internal.buildevents.BuildExceptionReporter]     符号:   类 MageRole
2025-12-28T12:07:08.680+0800 [ERROR] [org.gradle.internal.buildevents.BuildExceptionReporter]     位置: 类 PlayerRole
2025-12-28T12:07:08.680+0800 [ERROR] [org.gradle.internal.buildevents.BuildExceptionReporter]   E:\Workpace\MOD\Neo Anomalous Mig
ht\src\main\java\com\otaku\neoanomalousmight\core\event\ForgeBusEvents.java:103: 错误: 找不到符号
2025-12-28T12:07:08.680+0800 [ERROR] [org.gradle.internal.buildevents.BuildExceptionReporter]                   newRole.setSelect
edRole(oldRole.getSelectedRole());
2025-12-28T12:07:08.680+0800 [ERROR] [org.gradle.internal.buildevents.BuildExceptionReporter]                                    
              ^
2025-12-28T12:07:08.681+0800 [ERROR] [org.gradle.internal.buildevents.BuildExceptionReporter]     符号:   方法 getSelectedRole()
2025-12-28T12:07:08.681+0800 [ERROR] [org.gradle.internal.buildevents.BuildExceptionReporter]     位置: 类型为IPlayerRole的变量 oldRole
2025-12-28T12:07:08.681+0800 [ERROR] [org.gradle.internal.buildevents.BuildExceptionReporter]   E:\Workpace\MOD\Neo Anomalous Mig
ht\src\main\java\com\otaku\neoanomalousmight\core\event\ForgeBusEvents.java:104: 错误: 找不到符号
2025-12-28T12:07:08.681+0800 [ERROR] [org.gradle.internal.buildevents.BuildExceptionReporter]                   newRole.setLevel(
oldRole.getLevel());
2025-12-28T12:07:08.681+0800 [ERROR] [org.gradle.internal.buildevents.BuildExceptionReporter]                                    
       ^
2025-12-28T12:07:08.681+0800 [ERROR] [org.gradle.internal.buildevents.BuildExceptionReporter]     符号:   方法 getLevel()
2025-12-28T12:07:08.681+0800 [ERROR] [org.gradle.internal.buildevents.BuildExceptionReporter]     位置: 类型为IPlayerRole的变量 oldRole
2025-12-28T12:07:08.681+0800 [ERROR] [org.gradle.internal.buildevents.BuildExceptionReporter]   E:\Workpace\MOD\Neo Anomalous Mig
ht\src\main\java\com\otaku\neoanomalousmight\core\event\ForgeBusEvents.java:105: 错误: 找不到符号
2025-12-28T12:07:08.681+0800 [ERROR] [org.gradle.internal.buildevents.BuildExceptionReporter]                   newRole.setExperi
ence(oldRole.getExperience());
2025-12-28T12:07:08.681+0800 [ERROR] [org.gradle.internal.buildevents.BuildExceptionReporter]                                    
            ^
2025-12-28T12:07:08.682+0800 [ERROR] [org.gradle.internal.buildevents.BuildExceptionReporter]     符号:   方法 getExperience()
2025-12-28T12:07:08.682+0800 [ERROR] [org.gradle.internal.buildevents.BuildExceptionReporter]     位置: 类型为IPlayerRole的变量 oldRole
2025-12-28T12:07:08.682+0800 [ERROR] [org.gradle.internal.buildevents.BuildExceptionReporter]   E:\Workpace\MOD\Neo Anomalous Mig
ht\src\main\java\com\otaku\neoanomalousmight\core\event\ForgeBusEvents.java:125: 错误: 找不到符号
2025-12-28T12:07:08.682+0800 [ERROR] [org.gradle.internal.buildevents.BuildExceptionReporter]                       ElementalInte
raction.applyElementalEffect(player, target, role.getSelectedRole().getElementType(), com.otaku.neoanomalousmight.element.Element
Type.NONE);
2025-12-28T12:07:08.682+0800 [ERROR] [org.gradle.internal.buildevents.BuildExceptionReporter]                                    
                                                 ^
2025-12-28T12:07:08.682+0800 [ERROR] [org.gradle.internal.buildevents.BuildExceptionReporter]     符号:   方法 getSelectedRole()
2025-12-28T12:07:08.682+0800 [ERROR] [org.gradle.internal.buildevents.BuildExceptionReporter]     位置: 类型为IPlayerRole的变量 role
2025-12-28T12:07:08.682+0800 [ERROR] [org.gradle.internal.buildevents.BuildExceptionReporter]   E:\Workpace\MOD\Neo Anomalous Mig
ht\src\main\java\com\otaku\neoanomalousmight\core\event\ForgeBusEvents.java:147: 错误: 找不到符号
2025-12-28T12:07:08.682+0800 [ERROR] [org.gradle.internal.buildevents.BuildExceptionReporter]                       float defense
 = role.getDefense();
2025-12-28T12:07:08.683+0800 [ERROR] [org.gradle.internal.buildevents.BuildExceptionReporter]                                    
       ^
2025-12-28T12:07:08.683+0800 [ERROR] [org.gradle.internal.buildevents.BuildExceptionReporter]     符号:   方法 getDefense()
2025-12-28T12:07:08.683+0800 [ERROR] [org.gradle.internal.buildevents.BuildExceptionReporter]     位置: 类型为IPlayerRole的变量 role
2025-12-28T12:07:08.683+0800 [ERROR] [org.gradle.internal.buildevents.BuildExceptionReporter]   E:\Workpace\MOD\Neo Anomalous Mig
ht\src\main\java\com\otaku\neoanomalousmight\core\event\ForgeBusEvents.java:153: 错误: 找不到符号
2025-12-28T12:07:08.683+0800 [ERROR] [org.gradle.internal.buildevents.BuildExceptionReporter]                       float evasion
 = role.getEvasion();
2025-12-28T12:07:08.683+0800 [ERROR] [org.gradle.internal.buildevents.BuildExceptionReporter]                                    
       ^
2025-12-28T12:07:08.683+0800 [ERROR] [org.gradle.internal.buildevents.BuildExceptionReporter]     符号:   方法 getEvasion()
2025-12-28T12:07:08.683+0800 [ERROR] [org.gradle.internal.buildevents.BuildExceptionReporter]     位置: 类型为IPlayerRole的变量 role
2025-12-28T12:07:08.683+0800 [ERROR] [org.gradle.internal.buildevents.BuildExceptionReporter]   E:\Workpace\MOD\Neo Anomalous Mig
ht\src\main\java\com\otaku\neoanomalousmight\core\event\ForgeBusEvents.java:163: 错误: 找不到符号
2025-12-28T12:07:08.683+0800 [ERROR] [org.gradle.internal.buildevents.BuildExceptionReporter]                                   f
loat critChance = attackerRole.getCritChance();
2025-12-28T12:07:08.684+0800 [ERROR] [org.gradle.internal.buildevents.BuildExceptionReporter]                                    
                              ^
2025-12-28T12:07:08.684+0800 [ERROR] [org.gradle.internal.buildevents.BuildExceptionReporter]     符号:   方法 getCritChance()
2025-12-28T12:07:08.684+0800 [ERROR] [org.gradle.internal.buildevents.BuildExceptionReporter]     位置: 类型为IPlayerRole的变量 attackerR
ole
2025-12-28T12:07:08.684+0800 [ERROR] [org.gradle.internal.buildevents.BuildExceptionReporter]   E:\Workpace\MOD\Neo Anomalous Mig
ht\src\main\java\com\otaku\neoanomalousmight\core\event\ForgeBusEvents.java:165: 错误: 找不到符号
2025-12-28T12:07:08.684+0800 [ERROR] [org.gradle.internal.buildevents.BuildExceptionReporter]                                    
   float critDamage = attackerRole.getCritDamage();
2025-12-28T12:07:08.684+0800 [ERROR] [org.gradle.internal.buildevents.BuildExceptionReporter]                                    
                                  ^
2025-12-28T12:07:08.684+0800 [ERROR] [org.gradle.internal.buildevents.BuildExceptionReporter]     符号:   方法 getCritDamage()
2025-12-28T12:07:08.684+0800 [ERROR] [org.gradle.internal.buildevents.BuildExceptionReporter]     位置: 类型为IPlayerRole的变量 attackerR
ole
2025-12-28T12:07:08.684+0800 [ERROR] [org.gradle.internal.buildevents.BuildExceptionReporter]   E:\Workpace\MOD\Neo Anomalous Mig
ht\src\main\java\com\otaku\neoanomalousmight\core\event\ModForgeEvents.java:66: 错误: 找不到符号
2025-12-28T12:07:08.685+0800 [ERROR] [org.gradle.internal.buildevents.BuildExceptionReporter]           LazyOptional<IPlayerRole>
 roleOptional = player.getCapability(PlayerRoleProvider.PLAYER_ROLE_CAPABILITY);
2025-12-28T12:07:08.685+0800 [ERROR] [org.gradle.internal.buildevents.BuildExceptionReporter]                        ^
2025-12-28T12:07:08.685+0800 [ERROR] [org.gradle.internal.buildevents.BuildExceptionReporter]     符号:   类 IPlayerRole
2025-12-28T12:07:08.685+0800 [ERROR] [org.gradle.internal.buildevents.BuildExceptionReporter]     位置: 类 ModForgeEvents
2025-12-28T12:07:08.685+0800 [ERROR] [org.gradle.internal.buildevents.BuildExceptionReporter]   E:\Workpace\MOD\Neo Anomalous Mig
ht\src\main\java\com\otaku\neoanomalousmight\core\event\ModForgeEvents.java:66: 错误: 找不到符号
2025-12-28T12:07:08.685+0800 [ERROR] [org.gradle.internal.buildevents.BuildExceptionReporter]           LazyOptional<IPlayerRole>
 roleOptional = player.getCapability(PlayerRoleProvider.PLAYER_ROLE_CAPABILITY);
2025-12-28T12:07:08.685+0800 [ERROR] [org.gradle.internal.buildevents.BuildExceptionReporter]                                    
                                     ^
2025-12-28T12:07:08.685+0800 [ERROR] [org.gradle.internal.buildevents.BuildExceptionReporter]     符号:   变量 PlayerRoleProvider
2025-12-28T12:07:08.685+0800 [ERROR] [org.gradle.internal.buildevents.BuildExceptionReporter]     位置: 类 ModForgeEvents
2025-12-28T12:07:08.686+0800 [ERROR] [org.gradle.internal.buildevents.BuildExceptionReporter]   E:\Workpace\MOD\Neo Anomalous Mig
ht\src\main\java\com\otaku\neoanomalousmight\core\event\ModForgeEvents.java:99: 错误: 找不到符号
2025-12-28T12:07:08.686+0800 [ERROR] [org.gradle.internal.buildevents.BuildExceptionReporter]           originalPlayer.getCapabil
ity(PlayerRoleProvider.PLAYER_ROLE_CAPABILITY).ifPresent(oldRole -> {
2025-12-28T12:07:08.686+0800 [ERROR] [org.gradle.internal.buildevents.BuildExceptionReporter]                                    
    ^
2025-12-28T12:07:08.686+0800 [ERROR] [org.gradle.internal.buildevents.BuildExceptionReporter]     符号:   变量 PlayerRoleProvider
2025-12-28T12:07:08.686+0800 [ERROR] [org.gradle.internal.buildevents.BuildExceptionReporter]     位置: 类 ModForgeEvents
2025-12-28T12:07:08.686+0800 [ERROR] [org.gradle.internal.buildevents.BuildExceptionReporter]   E:\Workpace\MOD\Neo Anomalous Mig
ht\src\main\java\com\otaku\neoanomalousmight\core\event\ModForgeEvents.java:101: 错误: 找不到符号
2025-12-28T12:07:08.686+0800 [ERROR] [org.gradle.internal.buildevents.BuildExceptionReporter]               newPlayer.getCapabili
ty(PlayerRoleProvider.PLAYER_ROLE_CAPABILITY).ifPresent(newRole -> {
2025-12-28T12:07:08.686+0800 [ERROR] [org.gradle.internal.buildevents.BuildExceptionReporter]                                    
   ^
2025-12-28T12:07:08.686+0800 [ERROR] [org.gradle.internal.buildevents.BuildExceptionReporter]     符号:   变量 PlayerRoleProvider
2025-12-28T12:07:08.687+0800 [ERROR] [org.gradle.internal.buildevents.BuildExceptionReporter]     位置: 类 ModForgeEvents
2025-12-28T12:07:08.687+0800 [ERROR] [org.gradle.internal.buildevents.BuildExceptionReporter]   E:\Workpace\MOD\Neo Anomalous Mig
ht\src\main\java\com\otaku\neoanomalousmight\core\event\ModForgeEvents.java:123: 错误: 找不到符号
2025-12-28T12:07:08.687+0800 [ERROR] [org.gradle.internal.buildevents.BuildExceptionReporter]               player.getCapability(
PlayerRoleProvider.PLAYER_ROLE_CAPABILITY).ifPresent(role -> {
2025-12-28T12:07:08.687+0800 [ERROR] [org.gradle.internal.buildevents.BuildExceptionReporter]                                    
^
2025-12-28T12:07:08.687+0800 [ERROR] [org.gradle.internal.buildevents.BuildExceptionReporter]     符号:   变量 PlayerRoleProvider
2025-12-28T12:07:08.687+0800 [ERROR] [org.gradle.internal.buildevents.BuildExceptionReporter]     位置: 类 ModForgeEvents
2025-12-28T12:07:08.687+0800 [ERROR] [org.gradle.internal.buildevents.BuildExceptionReporter]   E:\Workpace\MOD\Neo Anomalous Mig
ht\src\main\java\com\otaku\neoanomalousmight\core\event\ModForgeEvents.java:143: 错误: 找不到符号
2025-12-28T12:07:08.688+0800 [ERROR] [org.gradle.internal.buildevents.BuildExceptionReporter]               player.getCapability(
PlayerRoleProvider.PLAYER_ROLE_CAPABILITY).ifPresent(role -> {
2025-12-28T12:07:08.688+0800 [ERROR] [org.gradle.internal.buildevents.BuildExceptionReporter]                                    
^
2025-12-28T12:07:08.688+0800 [ERROR] [org.gradle.internal.buildevents.BuildExceptionReporter]     符号:   变量 PlayerRoleProvider
2025-12-28T12:07:08.688+0800 [ERROR] [org.gradle.internal.buildevents.BuildExceptionReporter]     位置: 类 ModForgeEvents
2025-12-28T12:07:08.688+0800 [ERROR] [org.gradle.internal.buildevents.BuildExceptionReporter]   E:\Workpace\MOD\Neo Anomalous Mig
ht\src\main\java\com\otaku\neoanomalousmight\core\event\ModForgeEvents.java:161: 错误: 找不到符号
2025-12-28T12:07:08.688+0800 [ERROR] [org.gradle.internal.buildevents.BuildExceptionReporter]                           attacker.
getCapability(PlayerRoleProvider.PLAYER_ROLE_CAPABILITY).ifPresent(attackerRole -> {
2025-12-28T12:07:08.688+0800 [ERROR] [org.gradle.internal.buildevents.BuildExceptionReporter]                                    
              ^
2025-12-28T12:07:08.688+0800 [ERROR] [org.gradle.internal.buildevents.BuildExceptionReporter]     符号:   变量 PlayerRoleProvider
2025-12-28T12:07:08.688+0800 [ERROR] [org.gradle.internal.buildevents.BuildExceptionReporter]     位置: 类 ModForgeEvents
2025-12-28T12:07:08.688+0800 [ERROR] [org.gradle.internal.buildevents.BuildExceptionReporter]   E:\Workpace\MOD\Neo Anomalous Mig
ht\src\main\java\com\otaku\neoanomalousmight\core\network\C2SChooseRolePacket.java:77: 错误: 找不到符号
2025-12-28T12:07:08.689+0800 [ERROR] [org.gradle.internal.buildevents.BuildExceptionReporter]               player.getCapability(
PlayerRoleProvider.PLAYER_ROLE_CAPABILITY).ifPresent(roleCapability -> {
2025-12-28T12:07:08.689+0800 [ERROR] [org.gradle.internal.buildevents.BuildExceptionReporter]                                    
^
2025-12-28T12:07:08.689+0800 [ERROR] [org.gradle.internal.buildevents.BuildExceptionReporter]     符号:   变量 PlayerRoleProvider
2025-12-28T12:07:08.689+0800 [ERROR] [org.gradle.internal.buildevents.BuildExceptionReporter]     位置: 类 C2SChooseRolePacket
2025-12-28T12:07:08.689+0800 [ERROR] [org.gradle.internal.buildevents.BuildExceptionReporter]   E:\Workpace\MOD\Neo Anomalous Mig
ht\src\main\java\com\otaku\neoanomalousmight\core\network\S2CSyncRolePacket.java:67: 错误: 找不到符号
2025-12-28T12:07:08.689+0800 [ERROR] [org.gradle.internal.buildevents.BuildExceptionReporter]               player.getCapability(
PlayerRoleProvider.PLAYER_ROLE_CAPABILITY).ifPresent(roleCapability -> {
2025-12-28T12:07:08.689+0800 [ERROR] [org.gradle.internal.buildevents.BuildExceptionReporter]                                    
^
2025-12-28T12:07:08.690+0800 [ERROR] [org.gradle.internal.buildevents.BuildExceptionReporter]     符号:   变量 PlayerRoleProvider
2025-12-28T12:07:08.690+0800 [ERROR] [org.gradle.internal.buildevents.BuildExceptionReporter]     位置: 类 S2CSyncRolePacket
2025-12-28T12:07:08.690+0800 [ERROR] [org.gradle.internal.buildevents.BuildExceptionReporter]   27 个错误
2025-12-28T12:07:08.690+0800 [ERROR] [org.gradle.internal.buildevents.BuildExceptionReporter] 
2025-12-28T12:07:08.690+0800 [ERROR] [org.gradle.internal.buildevents.BuildExceptionReporter] * Try:
2025-12-28T12:07:08.692+0800 [WARN] [org.gradle.internal.featurelifecycle.LoggingDeprecatedFeatureHandler] 
2025-12-28T12:07:08.691+0800 [ERROR] [org.gradle.internal.buildevents.BuildExceptionReporter] > Check your code and dependencies 
to fix the compilation error(s)
2025-12-28T12:07:08.691+0800 [ERROR] [org.gradle.internal.buildevents.BuildExceptionReporter] > Run with --scan to get full insig
hts.
Deprecated Gradle features were used in this build, making it incompatible with Gradle 9.0.

You can use '--warning-mode all' to show the individual deprecation warnings and determine if they come from your own scripts or plugins.

For more on this, please refer to https://docs.gradle.org/8.13/userguide/command_line_interface.html#sec:command_line_warnings in the Gradle documentation.
2025-12-28T12:07:08.692+0800 [ERROR] [org.gradle.internal.buildevents.BuildResultLogger] 
2025-12-28T12:07:08.693+0800 [ERROR] [org.gradle.internal.buildevents.BuildResultLogger] BUILD FAILED in 32s
2025-12-28T12:07:08.696+0800 [LIFECYCLE] [org.gradle.internal.buildevents.TaskExecutionStatisticsReporter] 1 actionable task: 1 executed
2025-12-28T12:07:08.699+0800 [DEBUG] [org.gradle.internal.operations.DefaultBuildOperationRunner] Build operation 'Build finished for file system watching' started
2025-12-28T12:07:08.710+0800 [INFO] [org.gradle.internal.watch.registry.impl.HierarchicalFileWatcherUpdater] Watched directory hierarchies: [E:\Workpace\MOD\Neo Anomalous Might]
2025-12-28T12:07:08.720+0800 [DEBUG] [org.gradle.internal.operations.DefaultBuildOperationRunner] Completing Build operation 'Build finished for file system watching'
2025-12-28T12:07:08.720+0800 [DEBUG] [org.gradle.internal.operations.DefaultBuildOperationRunner] Build operation 'Build finished for file system watching' completed
2025-12-28T12:07:08.730+0800 [DEBUG] [org.gradle.cache.internal.LockOnDemandCrossProcessCacheAccess] Releasing file lock for cache directory md-supplier (C:\Users\StesssQQy\.gradle\caches\8.13\md-supplier)
2025-12-28T12:07:08.731+0800 [DEBUG] [org.gradle.cache.internal.DefaultFileLockManager] Releasing lock on cache directory md-supplier (C:\Users\StesssQQy\.gradle\caches\8.13\md-supplier).
2025-12-28T12:07:08.734+0800 [DEBUG] [org.gradle.cache.internal.LockOnDemandCrossProcessCacheAccess] Releasing file lock for Build Output Cleanup Cache (E:\Workpace\MOD\Neo Anomalous Might\.gradle\buildOutputCleanup)
2025-12-28T12:07:08.734+0800 [DEBUG] [org.gradle.cache.internal.btree.BTreePersistentIndexedCache] Closing cache outputFiles.bin (E:\Workpace\MOD\Neo Anomalous Might\.gradle\buildOutputCleanup\outputFiles.bin)
2025-12-28T12:07:08.735+0800 [DEBUG] [org.gradle.cache.internal.DefaultFileLockManager] Releasing lock on Build Output Cleanup Cache (E:\Workpace\MOD\Neo Anomalous Might\.gradle\buildOutputCleanup).
2025-12-28T12:07:08.737+0800 [DEBUG] [org.gradle.cache.internal.LockOnDemandCrossProcessCacheAccess] Releasing file lock for execution history cache (E:\Workpace\MOD\Neo Anomalous Might\.gradle\8.13\executionHistory)
2025-12-28T12:07:08.737+0800 [DEBUG] [org.gradle.cache.internal.btree.BTreePersistentIndexedCache] Closing cache executionHistory.bin (E:\Workpace\MOD\Neo Anomalous Might\.gradle\8.13\executionHistory\executionHistory.bin)
2025-12-28T12:07:08.738+0800 [DEBUG] [org.gradle.cache.internal.DefaultFileLockManager] Releasing lock on execution history cache (E:\Workpace\MOD\Neo Anomalous Might\.gradle\8.13\executionHistory).
2025-12-28T12:07:08.740+0800 [DEBUG] [org.gradle.cache.internal.LockOnDemandCrossProcessCacheAccess] Releasing file lock for cache directory md-rule (C:\Users\StesssQQy\.gradle\caches\8.13\md-rule)
2025-12-28T12:07:08.740+0800 [DEBUG] [org.gradle.cache.internal.DefaultFileLockManager] Releasing lock on cache directory md-rule (C:\Users\StesssQQy\.gradle\caches\8.13\md-rule).
2025-12-28T12:07:08.747+0800 [DEBUG] [org.gradle.api.internal.artifacts.ivyservice.resolveengine.store.CachedStoreFactory] Resolution result cache closed. Cache reads: 0, disk reads: 0 (avg: 0.0 secs, total: 0.0 secs)
2025-12-28T12:07:08.749+0800 [DEBUG] [org.gradle.api.internal.artifacts.ivyservice.resolveengine.store.CachedStoreFactory] Resolution result cache closed. Cache reads: 0, disk reads: 0 (avg: 0.0 secs, total: 0.0 secs)
2025-12-28T12:07:08.753+0800 [DEBUG] [org.gradle.api.internal.artifacts.ivyservice.resolveengine.store.ResolutionResultsStoreFactory] Deleted 4 resolution results binary files in 0.007 secs
2025-12-28T12:07:08.754+0800 [DEBUG] [org.gradle.internal.operations.DefaultBuildOperationRunner] Completing Build operation 'Run build'
2025-12-28T12:07:08.754+0800 [DEBUG] [org.gradle.internal.operations.DefaultBuildOperationRunner] Build operation 'Run build' completed
2025-12-28T12:07:08.754+0800 [DEBUG] [org.gradle.internal.resources.AbstractTrackedResourceLock] Daemon worker: released lock on worker lease
2025-12-28T12:07:08.775+0800 [DEBUG] [org.gradle.launcher.daemon.client.DaemonClientConnection] thread 21: dispatching class org.gradle.launcher.daemon.protocol.ForwardInput
2025-12-28T12:07:08.776+0800 [DEBUG] [org.gradle.launcher.daemon.server.SynchronizedDispatchConnection] thread 22: received class org.gradle.launcher.daemon.protocol.ForwardInput
2025-12-28T12:07:08.776+0800 [DEBUG] [org.gradle.launcher.daemon.server.DefaultDaemonConnection] thread 22: Received IO message from client: org.gradle.launcher.daemon.protocol.ForwardInput@5950be1d
2025-12-28T12:07:08.777+0800 [DEBUG] [org.gradle.internal.daemon.clientinput.ClientInputForwarder] Writing forwarded input on this process' stdin.
2025-12-28T12:07:08.824+0800 [DEBUG] [org.gradle.deployment.internal.DefaultDeploymentRegistry] Stopping 0 deployment handles
2025-12-28T12:07:08.824+0800 [DEBUG] [org.gradle.deployment.internal.DefaultDeploymentRegistry] Stopped deployment handles
2025-12-28T12:07:08.825+0800 [DEBUG] [org.gradle.cache.internal.LockOnDemandCrossProcessCacheAccess] Releasing file lock for file hash cache (E:\Workpace\MOD\Neo Anomalous Might\.gradle\8.13\fileHashes)
2025-12-28T12:07:08.825+0800 [DEBUG] [org.gradle.cache.internal.btree.BTreePersistentIndexedCache] Closing cache fileHashes.bin (E:\Workpace\MOD\Neo Anomalous Might\.gradle\8.13\fileHashes\fileHashes.bin)
2025-12-28T12:07:08.825+0800 [DEBUG] [org.gradle.cache.internal.btree.BTreePersistentIndexedCache] Closing cache resourceHashesCache.bin (E:\Workpace\MOD\Neo Anomalous Might\.gradle\8.13\fileHashes\resourceHashesCache.bin)
2025-12-28T12:07:08.826+0800 [DEBUG] [org.gradle.cache.internal.DefaultFileLockManager] Releasing lock on file hash cache (E:\Workpace\MOD\Neo Anomalous Might\.gradle\8.13\fileHashes).
2025-12-28T12:07:08.827+0800 [DEBUG] [org.gradle.cache.internal.LockOnDemandCrossProcessCacheAccess] Releasing file lock for checksums cache (E:\Workpace\MOD\Neo Anomalous Might\.gradle\8.13\checksums)
2025-12-28T12:07:08.828+0800 [DEBUG] [org.gradle.cache.internal.btree.BTreePersistentIndexedCache] Closing cache md5-checksums.bin (E:\Workpace\MOD\Neo Anomalous Might\.gradle\8.13\checksums\md5-checksums.bin)
2025-12-28T12:07:08.828+0800 [DEBUG] [org.gradle.cache.internal.btree.BTreePersistentIndexedCache] Closing cache sha1-checksums.bin (E:\Workpace\MOD\Neo Anomalous Might\.gradle\8.13\checksums\sha1-checksums.bin)
2025-12-28T12:07:08.829+0800 [DEBUG] [org.gradle.cache.internal.DefaultFileLockManager] Releasing lock on checksums cache (E:\Workpace\MOD\Neo Anomalous Might\.gradle\8.13\checksums).
2025-12-28T12:07:08.830+0800 [DEBUG] [org.gradle.cache.internal.DefaultCacheCoordinator] Cache Compressed Files Expansion Cache (E:\Workpace\MOD\Neo Anomalous Might\.gradle\8.13\expanded) was closed 0 times.
2025-12-28T12:07:08.831+0800 [DEBUG] [org.gradle.cache.internal.DefaultCacheCleanupExecutor] VCS Checkout Cache (E:\Workpace\MOD\Neo Anomalous Might\.gradle\vcs-1) has last been fully cleaned up 14 hours ago
2025-12-28T12:07:08.832+0800 [DEBUG] [org.gradle.cache.internal.DefaultCacheCleanupExecutor] Skipping cleanup for VCS Checkout Cache (E:\Workpace\MOD\Neo Anomalous Might\.gradle\vcs-1) as it is not yet due
2025-12-28T12:07:08.832+0800 [DEBUG] [org.gradle.cache.internal.DefaultCacheCoordinator] Cache VCS Checkout Cache (E:\Workpace\MOD\Neo Anomalous Might\.gradle\vcs-1) was closed 0 times.
2025-12-28T12:07:08.832+0800 [DEBUG] [org.gradle.cache.internal.DefaultCacheCoordinator] Cache VCS metadata (E:\Workpace\MOD\Neo Anomalous Might\.gradle\8.13\vcsMetadata) was closed 0 times.
2025-12-28T12:07:08.835+0800 [DEBUG] [org.gradle.internal.operations.DefaultBuildOperationRunner] Build operation 'Deleting unused version-specific caches in E:\Workpace\MOD\Neo Anomalous Might\.gradle' started
2025-12-28T12:07:08.837+0800 [DEBUG] [org.gradle.internal.operations.DefaultBuildOperationRunner] Completing Build operation 'Deleting unused version-specific caches in E:\Workpace\MOD\Neo Anomalous Might\.gradle'
2025-12-28T12:07:08.837+0800 [DEBUG] [org.gradle.internal.operations.DefaultBuildOperationRunner] Build operation 'Deleting unused version-specific caches in E:\Workpace\MOD\Neo Anomalous Might\.gradle' completed
2025-12-28T12:07:08.839+0800 [DEBUG] [org.gradle.cache.internal.DefaultCacheCleanupExecutor] dependencies-accessors (C:\Users\StesssQQy\.gradle\caches\8.13\dependencies-accessors) has last been fully cleaned up 8 hours ago
2025-12-28T12:07:08.839+0800 [DEBUG] [org.gradle.cache.internal.DefaultCacheCleanupExecutor] Skipping cleanup for dependencies-accessors (C:\Users\StesssQQy\.gradle\caches\8.13\dependencies-accessors) as it is not yet due
2025-12-28T12:07:08.839+0800 [DEBUG] [org.gradle.cache.internal.DefaultCacheCoordinator] Cache dependencies-accessors (C:\Users\StesssQQy\.gradle\caches\8.13\dependencies-accessors) was closed 0 times.
2025-12-28T12:07:08.847+0800 [DEBUG] [org.gradle.launcher.daemon.server.exec.ExecuteBuild] The daemon has finished executing the build.
2025-12-28T12:07:08.946+0800 [DEBUG] [org.gradle.launcher.daemon.client.DaemonClientConnection] thread 1: dispatching class org.gradle.launcher.daemon.protocol.CloseInput
2025-12-28T12:07:08.947+0800 [DEBUG] [org.gradle.launcher.daemon.client.DaemonClient] Received result Success[value=org.gradle.launcher.exec.BuildActionResult@545de5a4] from daemon DaemonInfo{pid=1172, address=[53c410a0-4503-4438-90bb-6eac9001b783 port:7767, addresses:[/127.0.0.1]], state=Busy, lastBusy=1766894804221, context=DefaultDaemonContext[uid=6bc0ad30-c695-4e72-99a9-aeaa68e752ab,javaHome=D:\Program Files\Java\jdk-17,javaVersion=17,javaVendor=Oracle Corporation,daemonRegistryDir=C:\Users\StesssQQy\.gradle\daemon,pid=1172,idleTimeout=120000,priority=NORMAL,applyInstrumentationAgent=true,nativeServicesMode=ENABLED,daemonOpts=-Xmx3G,-Dfile.encoding=GBK,-Duser.country=CN,-Duser.language=zh,-Duser.variant]} (build should be done).
2025-12-28T12:07:08.947+0800 [DEBUG] [org.gradle.launcher.daemon.client.DaemonClientConnection] thread 1: dispatching class org.gradle.launcher.daemon.protocol.Finished
2025-12-28T12:07:08.951+0800 [DEBUG] [org.gradle.cache.internal.DefaultCacheCoordinator] Cache cache directory jvms (C:\Users\StesssQQy\.gradle\caches\8.13\jvms) was closed 0 times.
2025-12-28T12:07:08.952+0800 [LIFECYCLE] [org.gradle.launcher.cli.DebugLoggerWarningAction] 
#############################################################################
   WARNING WARNING WARNING WARNING WARNING WARNING WARNING WARNING WARNING

   Debug level logging will leak security sensitive information!

   For more details, please refer to https://docs.gradle.org/8.13/userguide/logging.html#sec:debug_security in the Gradle documentation.
#############################################################################

